 ConEmu64

 Timestamp is 5293b38d (Tue Nov 26 00:31:09 2013)

 Preferred load address is 0000000140000000

 Start         Length     Name                   Class
 0001:00000000 000fa25cH .text                   CODE
 0001:000fa260 000000b0H .text$00                CODE
 0001:000fa310 000026e5H .text$x                 CODE
 0001:000fca00 00000061H .text$yc                CODE
 0001:000fca70 00000053H .text$yd                CODE
 0002:00000000 00000f00H .idata$5                DATA
 0002:00000f00 00000008H .CRT$XCA                DATA
 0002:00000f08 00000010H .CRT$XCU                DATA
 0002:00000f18 00000008H .CRT$XCZ                DATA
 0002:00000f20 00000008H .CRT$XIA                DATA
 0002:00000f28 00000018H .CRT$XIC                DATA
 0002:00000f40 00000008H .CRT$XIY                DATA
 0002:00000f48 00000008H .CRT$XIZ                DATA
 0002:00000f50 00000008H .CRT$XPA                DATA
 0002:00000f58 00000008H .CRT$XPX                DATA
 0002:00000f60 00000008H .CRT$XPXA               DATA
 0002:00000f68 00000008H .CRT$XPZ                DATA
 0002:00000f70 00000008H .CRT$XTA                DATA
 0002:00000f78 00000008H .CRT$XTZ                DATA
 0002:00000f80 00030198H .rdata                  DATA
 0002:00031118 00000064H .rdata$debug            DATA
 0002:00031180 0000016cH .rdata$r                DATA
 0002:000312f0 00000008H .rtc$IAA                DATA
 0002:000312f8 00000008H .rtc$IZZ                DATA
 0002:00031300 00000008H .rtc$TAA                DATA
 0002:00031308 00000008H .rtc$TZZ                DATA
 0002:00031310 0000f960H .xdata                  DATA
 0002:00040c70 00000084H .xdata$x                DATA
 0002:00040cf4 00000104H .idata$2                DATA
 0002:00040df8 00000014H .idata$3                DATA
 0002:00040e10 00000f00H .idata$4                DATA
 0002:00041d10 000020e6H .idata$6                DATA
 0002:00043df6 00000000H .edata                  DATA
 0003:00000000 00003180H .data                   DATA
 0003:00003180 0004e8b0H .bss                    DATA
 0004:00000000 0000ab24H .pdata                  DATA
 0005:00000000 000019a8H .rsrc$01                DATA
 0005:000019b0 0002ac48H .rsrc$02                DATA

  Address         Publics by Value              Rva+Base               Lib:Object

 0000:00000000       ___safe_se_handler_count   0000000000000000     <absolute>
 0000:00000000       ___safe_se_handler_table   0000000000000000     <absolute>
 0000:00000000       __ImageBase                0000000140000000     <linker-defined>
 0001:00000000       ?fNtQueryInformationProcess@CProcessData@@KAJPEAXW4_PROCESSINFOCLASS@1@0KPEAK@Z 0000000140001000 f i Attach.obj
 0001:00000010       ?GetOpenProcessData@CProcessData@@IEAAXPEAXPEA_WK1K1K@Z 0000000140001010 f i Attach.obj
 0001:00000310       ?getcounter@CProcessData@@KAHPEA_W@Z 0000000140001310 f i Attach.obj
 0001:00000370       ?LoadPerfData@CProcessData@@IEAAXXZ 0000000140001370 f i Attach.obj
 0001:000005e0       ??0CProcessData@@QEAA@XZ   00000001400015e0 f i Attach.obj
 0001:000006e0       ?GetProcessName@CProcessData@@QEAA_NKPEA_WK0KPEAH@Z 00000001400016e0 f i Attach.obj
 0001:00000a10       ??0CAttachDlg@@QEAA@XZ     0000000140001a10 f   Attach.obj
 0001:00000a50       ?ConWnd@CRealConsole@@QEAAPEAUHWND__@@XZ 0000000140001a50 f   RealConsole.obj
 0001:00000a50       ?GetHWND@CAttachDlg@@QEAAPEAUHWND__@@XZ 0000000140001a50 f   Attach.obj
 0001:00000a60       ?StringCchCopyW@@YAJPEA_W_KPEB_W@Z 0000000140001a60 f i Attach.obj
 0001:00000ae0       ?StringCchCatW@@YAJPEA_W_KPEB_W@Z 0000000140001ae0 f i Attach.obj
 0001:00000bb0       ?Close@CAttachDlg@@QEAAXXZ 0000000140001bb0 f   Attach.obj
 0001:00000c40       ??$wcscpy_c@$0BA@@@YAHAEAY0BA@_WPEB_W@Z 0000000140001c40 f i Attach.obj
 0001:00000ca0       ??$wcscat_c@$0CA@@@YAHAEAY0CA@_WPEB_W@Z 0000000140001ca0 f i Attach.obj
 0001:00000d60       ??$wcscpy_c@$0EA@@@YAHAEAY0EA@_WPEB_W@Z 0000000140001d60 f i Attach.obj
 0001:00000dc0       ??$wcscat_c@$0BEE@@@YAHAEAY0BEE@_WPEB_W@Z 0000000140001dc0 f i Attach.obj
 0001:00000e80       ??$wcscpy_c@$0PP@@@YAHAEAY0PP@_WPEB_W@Z 0000000140001e80 f i Attach.obj
 0001:00000ee0       ??$wcscat_c@$0PP@@@YAHAEAY0PP@_WPEB_W@Z 0000000140001ee0 f i Attach.obj
 0001:00000fa0       ??1CAttachDlg@@QEAA@XZ     0000000140001fa0 f   Attach.obj
 0001:00000fb0       ?AttachDlgEnumWin@CAttachDlg@@SAHPEAUHWND__@@_J@Z 0000000140001fb0 f   Attach.obj
 0001:00001650       ?StartAttach@CAttachDlg@@KA_NPEAUHWND__@@KKW4AttachProcessType@@H@Z 0000000140002650 f   Attach.obj
 0001:00001ce0       ?StartAttachThread@CAttachDlg@@SAKPEAUAttachParm@@@Z 0000000140002ce0 f   Attach.obj
 0001:00001d40       ?OnStartAttach@CAttachDlg@@IEAA_NXZ 0000000140002d40 f   Attach.obj
 0001:000020b0       ?AttachDlgProc@CAttachDlg@@SA_JPEAUHWND__@@I_K_J@Z 00000001400030b0 f   Attach.obj
 0001:00002d70       ?AttachDlg@CAttachDlg@@QEAAXXZ 0000000140003d70 f   Attach.obj
 0001:00002e10       ?Release@CRefRelease@@QEAAHXZ 0000000140003e10 f i Background.obj
 0001:00002e50       ??0CBackground@@QEAA@XZ    0000000140003e50 f   Background.obj
 0001:00002eb0       ?NeedBackgroundUpdate@CBackground@@QEAAXXZ 0000000140003eb0 f   Background.obj
 0001:00002ec0       ?HasPluginBackgroundImage@CBackground@@QEAA_NPEAJ0@Z 0000000140003ec0 f   Background.obj
 0001:00002f10       ?BgImage@CBackgroundInfo@@QEAAPEB_WXZ 0000000140003f10 f   Background.obj
 0001:00002f30       ?GetBgImgData@CBackgroundInfo@@QEAAPEBUtagBITMAPFILEHEADER@@XZ 0000000140003f30 f   Background.obj
 0001:00002f40       ?LoadBackgroundFile@CBackgroundInfo@@QEAA_N_N@Z 0000000140003f40 f   Background.obj
 0001:000030b0       ?CreateField@CBackground@@QEAA_NHH@Z 00000001400040b0 f   Background.obj
 0001:00003250       ?FillBackground@CBackground@@QEAA_NPEBUtagBITMAPFILEHEADER@@JJJJW4BackgroundOp@@_N@Z 0000000140004250 f   Background.obj
 0001:00003830       ?SetPluginBackgroundImageData@CBackground@@QEAAHPEAUCESERVER_REQ_SETBACKGROUND@@AEA_N@Z 0000000140004830 f   Background.obj
 0001:00003aa0       ?PutPluginBackgroundImage@CBackground@@AEAA_NJJJJ@Z 0000000140004aa0 f   Background.obj
 0001:00003e20       ??1CBackgroundInfo@@MEAA@XZ 0000000140004e20 f   Background.obj
 0001:00003ef0       ?PollBackgroundFile@CBackgroundInfo@@QEAA_NXZ 0000000140004ef0 f   Background.obj
 0001:00004000       ??$wcscpy_c@$0BAE@@@YAHAEAY0BAE@_WPEB_W@Z 0000000140005000 f i Background.obj
 0001:00004060       ??1CBackground@@UEAA@XZ    0000000140005060 f   Background.obj
 0001:00004170       ?PrepareBackground@CBackground@@QEAA_NPEAVCVirtualConsole@@AEAPEAUHDC__@@AEAU_COORD@@@Z 0000000140005170 f   Background.obj
 0001:00004660       ??0CBackgroundInfo@@IEAA@PEB_W@Z 0000000140005660 f   Background.obj
 0001:00004780       ??_GCBackgroundInfo@@MEAAPEAXI@Z 0000000140005780 f i Background.obj
 0001:00004780       ??_ECBackgroundInfo@@MEAAPEAXI@Z 0000000140005780 f i Background.obj
 0001:000047b0       ??_ECBackground@@UEAAPEAXI@Z 00000001400057b0 f i Background.obj
 0001:000047b0       ??_GCBackground@@UEAAPEAXI@Z 00000001400057b0 f i Background.obj
 0001:000047e0       ?CreateBackgroundObject@CBackgroundInfo@@SAPEAV1@PEB_W_N@Z 00000001400057e0 f   Background.obj
 0001:00004950       ??1CBaseDropTarget@@QEAA@XZ 0000000140005950 f   BaseDragDrops.obj
 0001:00004960       ?QueryInterface@CBaseDropTarget@@UEAAJAEBU_GUID@@PEAPEAX@Z 0000000140005960 f   BaseDragDrops.obj
 0001:00004a00       ?AddRef@CBaseDropTarget@@UEAAKXZ 0000000140005a00 f   BaseDragDrops.obj
 0001:00004a00       ?AddRef@CEnumFormatEtc@@UEAAKXZ 0000000140005a00 f   BaseDragDrops.obj
 0001:00004a00       ?AddRef@CDataObject@@UEAAKXZ 0000000140005a00 f   BaseDragDrops.obj
 0001:00004a10       ?AddRef@CDropSource@@UEAAKXZ 0000000140005a10 f   BaseDragDrops.obj
 0001:00004a20       ?QueryInterface@CDropSource@@UEAAJAEBU_GUID@@PEAPEAX@Z 0000000140005a20 f   BaseDragDrops.obj
 0001:00004ac0       ?QueryContinueDrag@CDropSource@@UEAAJHK@Z 0000000140005ac0 f   BaseDragDrops.obj
 0001:00004b50       ?GiveFeedback@CDropSource@@UEAAJK@Z 0000000140005b50 f   BaseDragDrops.obj
 0001:00004c20       ?QueryInterface@CDataObject@@UEAAJAEBU_GUID@@PEAPEAX@Z 0000000140005c20 f   BaseDragDrops.obj
 0001:00004cc0       ?DupMem@@YAPEAXPEAX@Z      0000000140005cc0 f   BaseDragDrops.obj
 0001:00004d30       ?GetDataHere@CDataObject@@UEAAJPEAUtagFORMATETC@@PEAUtagSTGMEDIUM@@@Z 0000000140005d30 f   BaseDragDrops.obj
 0001:00004d40       ?GetCanonicalFormatEtc@CDataObject@@UEAAJPEAUtagFORMATETC@@0@Z 0000000140005d40 f   BaseDragDrops.obj
 0001:00004d50       ?SetDataInt@CDataObject@@QEAAJPEB_WPEBXK@Z 0000000140005d50 f   BaseDragDrops.obj
 0001:00004e00       ?DUnadvise@CDataObject@@UEAAJK@Z 0000000140005e00 f   BaseDragDrops.obj
 0001:00004e00       ?DAdvise@CDataObject@@UEAAJPEAUtagFORMATETC@@KPEAUIAdviseSink@@PEAK@Z 0000000140005e00 f   BaseDragDrops.obj
 0001:00004e00       ?EnumDAdvise@CDataObject@@UEAAJPEAPEAUIEnumSTATDATA@@@Z 0000000140005e00 f   BaseDragDrops.obj
 0001:00004e10       ??1CEnumFormatEtc@@QEAA@XZ 0000000140005e10 f   BaseDragDrops.obj
 0001:00004e90       ?QueryInterface@CEnumFormatEtc@@UEAAJAEBU_GUID@@PEAPEAX@Z 0000000140005e90 f   BaseDragDrops.obj
 0001:00004f30       ?Next@CEnumFormatEtc@@UEAAJKPEAUtagFORMATETC@@PEAK@Z 0000000140005f30 f   BaseDragDrops.obj
 0001:00005030       ?Skip@CEnumFormatEtc@@UEAAJK@Z 0000000140006030 f   BaseDragDrops.obj
 0001:00005040       ?Reset@CEnumFormatEtc@@UEAAJXZ 0000000140006040 f   BaseDragDrops.obj
 0001:00005050       ?Release@CBaseDropTarget@@UEAAKXZ 0000000140006050 f   BaseDragDrops.obj
 0001:00005080       ?Release@CDropSource@@UEAAKXZ 0000000140006080 f   BaseDragDrops.obj
 0001:000050b0       ?CreateDropSource@@YAJPEAPEAUIDropSource@@PEAVCDragDropData@@@Z 00000001400060b0 f   BaseDragDrops.obj
 0001:00005130       ?GetData@CDataObject@@UEAAJPEAUtagFORMATETC@@PEAUtagSTGMEDIUM@@@Z 0000000140006130 f   BaseDragDrops.obj
 0001:000052b0       ?QueryGetData@CDataObject@@UEAAJPEAUtagFORMATETC@@@Z 00000001400062b0 f   BaseDragDrops.obj
 0001:00005310       ??0CEnumFormatEtc@@QEAA@PEAUtagFORMATETC@@H@Z 0000000140006310 f   BaseDragDrops.obj
 0001:00005400       ?Release@CEnumFormatEtc@@UEAAKXZ 0000000140006400 f   BaseDragDrops.obj
 0001:00005430       ??$wcscat_c@$0IA@@@YAHAEAY0IA@_WPEB_W@Z 0000000140006430 f i BaseDragDrops.obj
 0001:000054f0       ??0CBaseDropTarget@@QEAA@XZ 00000001400064f0 f   BaseDragDrops.obj
 0001:00005500       ??0CDataObject@@QEAA@PEAUtagFORMATETC@@PEAUtagSTGMEDIUM@@H@Z 0000000140006500 f   BaseDragDrops.obj
 0001:00005640       ??1CDataObject@@QEAA@XZ    0000000140006640 f   BaseDragDrops.obj
 0001:00005710       ?SetData@CDataObject@@UEAAJPEAUtagFORMATETC@@PEAUtagSTGMEDIUM@@H@Z 0000000140006710 f   BaseDragDrops.obj
 0001:000058d0       ?CreateDataObject@@YAJPEAUtagFORMATETC@@PEAUtagSTGMEDIUM@@IPEAPEAVCDataObject@@@Z 00000001400068d0 f   BaseDragDrops.obj
 0001:00005960       ?CreateEnumFormatEtc@@YAJIPEAUtagFORMATETC@@PEAPEAUIEnumFORMATETC@@@Z 0000000140006960 f   BaseDragDrops.obj
 0001:000059f0       ?Clone@CEnumFormatEtc@@UEAAJPEAPEAUIEnumFORMATETC@@@Z 00000001400069f0 f   BaseDragDrops.obj
 0001:00005a30       ?Release@CDataObject@@UEAAKXZ 0000000140006a30 f   BaseDragDrops.obj
 0001:00005a60       ?EnumFormatEtc@CDataObject@@UEAAJKPEAPEAUIEnumFORMATETC@@@Z 0000000140006a60 f   BaseDragDrops.obj
 0001:00005b40       ??0MWow64Disable@@QEAA@XZ  0000000140006b40 f i CmdLine.obj
 0001:00005bd0       ??1MWow64Disable@@QEAA@XZ  0000000140006bd0 f i CmdLine.obj
 0001:00005c00       ?NextArg@@YAHPEAPEB_WAEAY0BAF@_W0@Z 0000000140006c00 f   CmdLine.obj
 0001:00005d90       ?SkipNonPrintable@@YAPEB_WPEB_W@Z 0000000140006d90 f   CmdLine.obj
 0001:00005dd0       ?GetDrive@@YAPEB_WPEB_WPEA_WH@Z 0000000140006dd0 f   CmdLine.obj
 0001:00005f60       ?IsFarExe@@YA_NPEB_W@Z     0000000140006f60 f   CmdLine.obj
 0001:00005fe0       ??$wcscpy_c@$0BAF@@@YAHAEAY0BAF@_WPEB_W@Z 0000000140006fe0 f i CmdLine.obj
 0001:00006040       ?PackInputRecord@@YAHPEBU_INPUT_RECORD@@PEAUMsgStr@MSG64@@@Z 0000000140007040 f   Common.obj
 0001:00006190       ?TranslateKeyPress@@YAXGK_WHPEAU_INPUT_RECORD@@1@Z 0000000140007190 f   Common.obj
 0001:000062e0       ?CommonShutdown@@YAXXZ     00000001400072e0 f   Common.obj
 0001:00006310       ??1DontEnable@@QEAA@XZ     0000000140007310 f i ConEmu.obj
 0001:00006320       ?Set@CESize@@QEAA_N_NW4CESizeStyle@@H@Z 0000000140007320 f i ConEmu.obj
 0001:000063a0       ?ReloadWheelScroll@<unnamed-type-mouse>@CConEmuMain@@QEAAXXZ 00000001400073a0 f i ConEmu.obj
 0001:00006400       ?SetSessionNotification@SessionInfo@CConEmuMain@@QEAAX_N@Z 0000000140007400 f i ConEmu.obj
 0001:000064f0       ?ParseGuiArgs@CommandTasks@Settings@@QEBAXPEAPEA_W0@Z 00000001400074f0 f i ConEmu.obj
 0001:00006640       ?LogPos@ConEmuMsgLogger@@YAXAEBUtagMSG@@W4Source@1@@Z 0000000140007640 f   ConEmu.obj
 0001:00006810       ?isMingwMode@CConEmuMain@@QEAA_NXZ 0000000140007810 f   ConEmu.obj
 0001:00006820       ?isUpdateAllowed@CConEmuMain@@QEAA_NXZ 0000000140007820 f   ConEmu.obj
 0001:00006830       ?isMSysStartup@CConEmuMain@@QEAA_NXZ 0000000140007830 f   ConEmu.obj
 0001:00006840       ?WorkDir@CConEmuMain@@QEAAPEB_WPEB_W@Z 0000000140007840 f   ConEmu.obj
 0001:00006870       ?CheckBaseDir@CConEmuMain@@AEAA_NXZ 0000000140007870 f   ConEmu.obj
 0001:00006920       ?IsResetBasicSettings@CConEmuMain@@QEAA_NXZ 0000000140007920 f   ConEmu.obj
 0001:00006930       ?IsFastSetupDisabled@CConEmuMain@@QEAA_NXZ 0000000140007930 f   ConEmu.obj
 0001:00006950       ?IsAllowSaveSettingsOnExit@CConEmuMain@@QEAA_NXZ 0000000140007950 f   ConEmu.obj
 0001:00006980       ?OnTaskbarCreated@CDragDropData@@QEAAXXZ 0000000140007980 f   DragDropData.obj
 0001:00006980       ?OnUseTheming@CConEmuMain@@MEAAX_N@Z 0000000140007980 f   ConEmu.obj
 0001:00006980       ?ShutdownGuiStep@@YAXPEB_WHHHH@Z 0000000140007980 f   ConEmuApp.obj
 0001:00006980       ?OnCopyingState@CConEmuMain@@QEAAXXZ 0000000140007980 f   ConEmu.obj
 0001:00006980       ?OnUseGlass@CConEmuMain@@MEAAX_N@Z 0000000140007980 f   ConEmu.obj
 0001:00006980       ?OnUseDwm@CConEmuMain@@MEAAX_N@Z 0000000140007980 f   ConEmu.obj
 0001:00006980       ?DragFeedBack@CBaseDropTarget@@UEAAXK@Z 0000000140007980 f   BaseDragDrops.obj
 0001:00006980       ?SyncWindowToConsole@CVConGroup@@SAXXZ 0000000140007980 f   VConGroup.obj
 0001:00006980       ?ExecuteProcessFinished@CConEmuMain@@IEAAX_N@Z 0000000140007980 f   ConEmu.obj
 0001:00006990       ?GetVirtualScreenRect@CConEmuMain@@QEAA?AUtagRECT@@H@Z 0000000140007990 f   ConEmu.obj
 0001:00006b10       ?SetWindowStyle@CConEmuMain@@QEAAXPEAUHWND__@@K@Z 0000000140007b10 f   ConEmu.obj
 0001:00006b20       ?FixWindowStyle@CConEmuMain@@QEAAKKW4ConEmuWindowMode@@@Z 0000000140007b20 f   ConEmu.obj
 0001:00006c20       ?GetWindowStyleEx@CConEmuMain@@QEAAKXZ 0000000140007c20 f   ConEmu.obj
 0001:00006c70       ?LogString@CConEmuMain@@QEAAXPEB_W_N1@Z 0000000140007c70 f   ConEmu.obj
 0001:00006ca0       ?LogString@CConEmuMain@@QEAAXPEBD_N1@Z 0000000140007ca0 f   ConEmu.obj
 0001:00006cd0       ?SetParent@CConEmuMain@@QEAA_NPEAUHWND__@@@Z 0000000140007cd0 f   ConEmu.obj
 0001:00006d40       ?FillConEmuMainFont@CConEmuMain@@AEAAXPEAUConEmuMainFont@@@Z 0000000140007d40 f   ConEmu.obj
 0001:00006e20       ?GetComSpecCopy@CConEmuMain@@QEAAXAEAUConEmuComspec@@@Z 0000000140007e20 f   ConEmu.obj
 0001:00006e40       ?Destroy@CConEmuMain@@QEAAXXZ 0000000140007e40 f   ConEmu.obj
 0001:00006f00       ?AddMargins@CConEmuMain@@SAXAEAUtagRECT@@AEBU2@H@Z 0000000140007f00 f   ConEmu.obj
 0001:00006f60       ?ShowWindow@CConEmuMain@@QEAAHHK@Z 0000000140007f60 f   ConEmu.obj
 0001:00007170       ?Save@QuakePrevSize@CConEmuMain@@QEAAXAEBTCESize@@0AEBH1AEBEAEBW4ConEmuWindowMode@@AEBUIdealRectInfo@2@@Z 0000000140008170 f   ConEmu.obj
 0001:00007220       ?Restore@QuakePrevSize@CConEmuMain@@QEAA?AW4ConEmuWindowMode@@AEATCESize@@0AEAH1AEAEAEAUIdealRectInfo@2@@Z 0000000140008220 f   ConEmu.obj
 0001:000072c0       ?GetWindowMode@CConEmuMain@@QEAA?AW4ConEmuWindowMode@@XZ 00000001400082c0 f   ConEmu.obj
 0001:000072e0       ?IsSizePosFree@CConEmuMain@@QEAA_NW4ConEmuWindowMode@@@Z 00000001400082e0 f   ConEmu.obj
 0001:00007320       ?isIconic@CConEmuMain@@QEAA_N_N@Z 0000000140008320 f   ConEmu.obj
 0001:000073a0       ?isWindowNormal@CConEmuMain@@QEAA_NXZ 00000001400083a0 f   ConEmu.obj
 0001:000073f0       ?isZoomed@CConEmuMain@@QEAA_NXZ 00000001400083f0 f   ConEmu.obj
 0001:00007420       ?isFullScreen@CConEmuMain@@QEAA_NXZ 0000000140008420 f   ConEmu.obj
 0001:00007450       ?OnAlwaysShowScrollbar@CConEmuMain@@QEAAX_N@Z 0000000140008450 f   ConEmu.obj
 0001:00007460       ?Activate@CConEmuMain@@QEAAHPEAVCVirtualConsole@@@Z 0000000140008460 f   ConEmu.obj
 0001:00007480       ?MoveActiveTab@CConEmuMain@@QEAAXPEAVCVirtualConsole@@_N@Z 0000000140008480 f   ConEmu.obj
 0001:00007490       ?ActiveConNum@CConEmuMain@@QEAAHXZ 0000000140008490 f   ConEmu.obj
 0001:000074a0       ?GetConCount@CConEmuMain@@QEAAHXZ 00000001400084a0 f   ConEmu.obj
 0001:000074b0       ?AttachToDialog@CConEmuMain@@QEAAXXZ 00000001400084b0 f   ConEmu.obj
 0001:00007510       ?AttachRequested@CConEmuMain@@QEAAHPEAUHWND__@@PEBUCESERVER_REQ_STARTSTOP@@PEAUCESERVER_REQ_STARTSTOPRET@@@Z 0000000140008510 f   ConEmu.obj
 0001:00007530       ?ConActivateNext@CConEmuMain@@QEAA_NH@Z 0000000140008530 f   ConEmu.obj
 0001:00007540       ?ConActivate@CConEmuMain@@QEAA_NH@Z 0000000140008540 f   ConEmu.obj
 0001:00007550       ?PostCreateCon@CConEmuMain@@QEAAXPEAURConStartArgs@@@Z 0000000140008550 f   ConEmu.obj
 0001:00007570       ?ParseScriptLineOptions@CConEmuMain@@QEAAPEB_WPEB_WPEA_N1_KPEA_W@Z 0000000140008570 f   ConEmu.obj
 0001:000075c0       ?CreateGhostVCon@CConEmuMain@@QEAAXPEAVCVirtualConsole@@@Z 00000001400085c0 f   ConEmu.obj
 0001:000075e0       ?UpdateActiveGhost@CConEmuMain@@QEAAXPEAVCVirtualConsole@@@Z 00000001400085e0 f   ConEmu.obj
 0001:00007660       ?UpdateFarSettings@CConEmuMain@@QEAAXXZ 0000000140008660 f   ConEmu.obj
 0001:00007670       ?UpdateTextColorSettings@CConEmuMain@@QEAAXHH@Z 0000000140008670 f   ConEmu.obj
 0001:00007680       ?GetActiveKeyboardLayout@CConEmuMain@@QEAA_KXZ 0000000140008680 f   ConEmu.obj
 0001:00007690       ?GetDefaultTitle@CConEmuMain@@QEAAPEB_WXZ 0000000140008690 f   ConEmu.obj
 0001:000076a0       ?SetTitleTemplate@CConEmuMain@@QEAAXPEB_W@Z 00000001400086a0 f   ConEmu.obj
 0001:000076d0       ?DontHookJumps@ConEmuHotKey@@SA_NPEBU1@@Z 00000001400086d0 f   Hotkeys.obj
 0001:000076d0       ?ExecuteProcessPrepare@CConEmuMain@@IEAA_NXZ 00000001400086d0 f   ConEmu.obj
 0001:000076e0       ?PostAutoSizeFont@CConEmuMain@@QEAAXHH@Z 00000001400086e0 f   ConEmu.obj
 0001:00007700       ?PostMacroFontSetName@CConEmuMain@@QEAAXPEA_WGGH@Z 0000000140008700 f   ConEmu.obj
 0001:00007790       ?PostDisplayRConError@CConEmuMain@@QEAAXPEAVCRealConsole@@PEA_W@Z 0000000140008790 f   ConEmu.obj
 0001:000077f0       ?PtDiffTest@CConEmuMain@@QEAA_NUtagPOINT@@HHI@Z 00000001400087f0 f   ConEmu.obj
 0001:00007820       ?RegisterGlobalHotKeys@CConEmuMain@@IEAAX_N@Z 0000000140008820 f   ConEmu.obj
 0001:00007a40       ?LoadConEmuCD@CConEmuMain@@IEAAPEAUHINSTANCE__@@XZ 0000000140008a40 f   ConEmu.obj
 0001:00007ad0       ?UnRegisterHooks@CConEmuMain@@QEAAXH@Z 0000000140008ad0 f   ConEmu.obj
 0001:00007b70       ?DeleteVConMainThread@CConEmuMain@@QEAAXPEAVCVirtualConsole@@@Z 0000000140008b70 f   ConEmu.obj
 0001:00007b90       ?RecreateDlg@CConEmuMain@@QEAAHPEAURConStartArgs@@@Z 0000000140008b90 f   ConEmu.obj
 0001:00007c00       ?StartDebugLogConsole@CConEmuMain@@QEAA_NXZ 0000000140008c00 f   ConEmu.obj
 0001:00007d60       ?StartDebugActiveProcess@CConEmuMain@@QEAA_NXZ 0000000140008d60 f   ConEmu.obj
 0001:00007f90       ?MemoryDumpActiveProcess@CConEmuMain@@QEAA_NXZ 0000000140008f90 f   ConEmu.obj
 0001:00008180       ?InitInactiveDC@CConEmuMain@@QEAAXPEAVCVirtualConsole@@@Z 0000000140009180 f   ConEmu.obj
 0001:000081a0       ?Invalidate@CConEmuMain@@QEAAXPEAVCVirtualConsole@@@Z 00000001400091a0 f   ConEmu.obj
 0001:000081d0       ?InvalidateAll@CConEmuMain@@QEAAXXZ 00000001400091d0 f   ConEmu.obj
 0001:00008220       ?UpdateWindowChild@CConEmuMain@@QEAAXPEAVCVirtualConsole@@@Z 0000000140009220 f   ConEmu.obj
 0001:00008230       ?isRightClickingPaint@CConEmuMain@@QEAA_NXZ 0000000140009230 f   ConEmu.obj
 0001:00008240       ?RightClickingProc@CConEmuMain@@KA_JPEAUHWND__@@I_K_J@Z 0000000140009240 f   ConEmu.obj
 0001:000082a0       ?InvalidateGaps@CConEmuMain@@QEAAXXZ 00000001400092a0 f   ConEmu.obj
 0001:00008300       ?Update@CConEmuMain@@QEAAX_N@Z 0000000140009300 f   ConEmu.obj
 0001:00008310       ?GetFarPID@CConEmuMain@@QEAAKH@Z 0000000140009310 f   ConEmu.obj
 0001:00008320       ?GetLastTitle@CConEmuMain@@QEAAPEB_W_N@Z 0000000140009320 f   ConEmu.obj
 0001:00008340       ?GetActiveVCon@CConEmuMain@@QEAAHPEAVCVConGuard@@PEAH@Z 0000000140009340 f   ConEmu.obj
 0001:00008350       ?IsActiveConAdmin@CConEmuMain@@QEAA_NXZ 0000000140009350 f   ConEmu.obj
 0001:000083c0       ?GetVCon@CConEmuMain@@QEAAPEAVCVirtualConsole@@H_N@Z 00000001400093c0 f   ConEmu.obj
 0001:00008420       ?isVConValid@CConEmuMain@@QEAAHPEAVCVirtualConsole@@@Z 0000000140009420 f   ConEmu.obj
 0001:00008440       ?GetVConFromPoint@CConEmuMain@@QEAAPEAVCVirtualConsole@@UtagPOINT@@@Z 0000000140009440 f   ConEmu.obj
 0001:000084a0       ?isActive@CConEmuMain@@QEAA_NPEAVCVirtualConsole@@_N@Z 00000001400094a0 f   ConEmu.obj
 0001:000084b0       ?isDragging@CConEmuMain@@QEAA_NXZ 00000001400094b0 f   ConEmu.obj
 0001:000084f0       ?isMainThread@CConEmuMain@@QEAA_NXZ 00000001400094f0 f   ConEmu.obj
 0001:00008510       ?isMeForeground@CConEmuMain@@QEAA_N_N0PEAPEAUHWND__@@@Z 0000000140009510 f   ConEmu.obj
 0001:00008680       ?isNtvdm@CConEmuMain@@QEAA_NH@Z 0000000140009680 f   ConEmu.obj
 0001:00008690       ?isOurConsoleWindow@CConEmuMain@@QEAA_NPEAUHWND__@@@Z 0000000140009690 f   ConEmu.obj
 0001:000086a0       ?isValid@CConEmuMain@@QEAA_NPEAVCRealConsole@@@Z 00000001400096a0 f   ConEmu.obj
 0001:000086b0       ?isValid@CConEmuMain@@QEAA_NPEAVCVirtualConsole@@@Z 00000001400096b0 f   ConEmu.obj
 0001:000086c0       ?isVConExists@CConEmuMain@@QEAA_NH@Z 00000001400096c0 f   ConEmu.obj
 0001:000086d0       ?isVisible@CConEmuMain@@QEAA_NPEAVCVirtualConsole@@@Z 00000001400096d0 f   ConEmu.obj
 0001:000086e0       ?isPictureView@CConEmuMain@@QEAA_NXZ 00000001400096e0 f   ConEmu.obj
 0001:000086f0       ?isProcessCreated@CConEmuMain@@QEAA_NXZ 00000001400096f0 f   ConEmu.obj
 0001:00008700       ?SwitchKeyboardLayout@CConEmuMain@@QEAAX_K@Z 0000000140009700 f   ConEmu.obj
 0001:00008910       ?OnScClose@CConEmuMain@@QEAA_NXZ 0000000140009910 f   ConEmu.obj
 0001:00008970       ?SetScClosePending@CConEmuMain@@QEAAX_N@Z 0000000140009970 f   ConEmu.obj
 0001:00008980       ?isCloseConfirmed@CConEmuMain@@QEAA_NXZ 0000000140009980 f   ConEmu.obj
 0001:000089a0       ?PostCreateView@CConEmuMain@@QEAAPEAUHWND__@@PEAVCConEmuChild@@@Z 00000001400099a0 f   ConEmu.obj
 0001:00008a00       ?setFocus@CConEmuMain@@QEAAXXZ 0000000140009a00 f   ConEmu.obj
 0001:00008a10       ?SetSkipOnFocus@CConEmuMain@@QEAA_N_N@Z 0000000140009a10 f   ConEmu.obj
 0001:00008a20       ?OnOurDialogOpened@CConEmuMain@@QEAAXXZ 0000000140009a20 f   ConEmu.obj
 0001:00008a30       ?CanSetChildFocus@CConEmuMain@@QEAA_NXZ 0000000140009a30 f   ConEmu.obj
 0001:00008a50       ?CheckAllowAutoChildFocus@CConEmuMain@@QEAAXK@Z 0000000140009a50 f   ConEmu.obj
 0001:00008b30       ?StorePreMinimizeMonitor@CConEmuMain@@QEAAXXZ 0000000140009b30 f   ConEmu.obj
 0001:00008bb0       ?GetPrimaryMonitor@CConEmuMain@@QEAAPEAUHMONITOR__@@PEAUtagMONITORINFO@@@Z 0000000140009bb0 f   ConEmu.obj
 0001:00008ce0       ?OnTaskbarCreated@CConEmuMain@@QEAAXXZ 0000000140009ce0 f   ConEmu.obj
 0001:00008d40       ?OnDefaultTermChanged@CConEmuMain@@QEAAXXZ 0000000140009d40 f   ConEmu.obj
 0001:00008d60       ?DoMaximizeWidthHeight@CConEmuMain@@QEAA_N_N0@Z 0000000140009d60 f   ConEmu.obj
 0001:00008f60       ?InCreateWindow@CConEmuMain@@QEAA_NXZ 0000000140009f60 f   ConEmu.obj
 0001:00008f70       ?InQuakeAnimation@CConEmuMain@@QEAA_NXZ 0000000140009f70 f   ConEmu.obj
 0001:00008f80       ?EnumWindowsOverQuake@CConEmuMain@@KAHPEAUHWND__@@_J@Z 0000000140009f80 f   ConEmu.obj
 0001:000090d0       ?IsQuakeVisible@CConEmuMain@@QEAAIXZ 000000014000a0d0 f   ConEmu.obj
 0001:000092d0       ?OnSwitchGuiFocus@CConEmuMain@@QEAAXW4SwitchGuiFocusOp@@@Z 000000014000a2d0 f   ConEmu.obj
 0001:000093e0       ?OnKeyboardHook@CConEmuMain@@QEAA_JK@Z 000000014000a3e0 f   ConEmu.obj
 0001:000094a0       ?isInImeComposition@CConEmuMain@@QEAA_NXZ 000000014000a4a0 f   ConEmu.obj
 0001:000094b0       ?UpdateImeComposition@CConEmuMain@@IEAAXXZ 000000014000a4b0 f   ConEmu.obj
 0001:00009710       ?OnKeyboardIme@CConEmuMain@@QEAA_JPEAUHWND__@@I_K_J@Z 000000014000a710 f   ConEmu.obj
 0001:000099f0       ?StoreLayoutName@CConEmuMain@@IEAAXHKPEAUHKL__@@@Z 000000014000a9f0 f   ConEmu.obj
 0001:00009be0       ?OnLangChange@CConEmuMain@@QEAA_JI_K_J@Z 000000014000abe0 f   ConEmu.obj
 0001:00009dd0       ?OnLangChangeConsole@CConEmuMain@@QEAA_JPEAVCVirtualConsole@@K@Z 000000014000add0 f   ConEmu.obj
 0001:0000a520       ?SetSkipMouseEvent@CConEmuMain@@QEAAXIII@Z 000000014000b520 f   ConEmu.obj
 0001:0000a540       ?PatchMouseEvent@CConEmuMain@@IEAA_NIAEAUtagPOINT@@0_KAEA_N@Z 000000014000b540 f   ConEmu.obj
 0001:0000a8c0       ?OnMouse_NCBtnDblClk@CConEmuMain@@QEAAHPEAUHWND__@@AEAI_K_J@Z 000000014000b8c0 f   ConEmu.obj
 0001:0000a940       ?CheckFocus@CConEmuMain@@QEAAXPEB_W@Z 000000014000b940 f   ConEmu.obj
 0001:0000ac20       ?CheckUpdates@CConEmuMain@@QEAAXH@Z 000000014000bc20 f   ConEmu.obj
 0001:0000ac90       ?ReportUpdateConfirmation@CConEmuMain@@QEAA_NXZ 000000014000bc90 f   ConEmu.obj
 0001:0000acf0       ?ReportUpdateError@CConEmuMain@@QEAAXXZ 000000014000bcf0 f   ConEmu.obj
 0001:0000ad40       ?RequestPostUpdateTabs@CConEmuMain@@QEAAXXZ 000000014000bd40 f   ConEmu.obj
 0001:0000ad60       ?CheckPanelDrag@CConEmuMain@@QEAA?AW4DragPanelBorder@@U_COORD@@@Z 000000014000bd60 f   ConEmu.obj
 0001:0000afb0       ?OnAlwaysOnTop@CConEmuMain@@QEAAXXZ 000000014000bfb0 f   ConEmu.obj
 0001:0000b090       ?OnInfo_Help@CConEmuMain@@QEAAXXZ 000000014000c090 f   ConEmu.obj
 0001:0000b130       ?OnInfo_HomePage@CConEmuMain@@QEAAXXZ 000000014000c130 f   ConEmu.obj
 0001:0000b190       ?OnInfo_ReportBug@CConEmuMain@@QEAAXXZ 000000014000c190 f   ConEmu.obj
 0001:0000b1f0       ?OnInfo_ReportCrash@CConEmuMain@@QEAAXPEB_W@Z 000000014000c1f0 f   ConEmu.obj
 0001:0000b2c0       ?OnInfo_ThrowTrapException@CConEmuMain@@QEAAX_N@Z 000000014000c2c0 f   ConEmu.obj
 0001:0000b370       ?SetKillTimer@CConEmuMain@@QEAA_K_NII@Z 000000014000c370 f   ConEmu.obj
 0001:0000b3b0       ?SetRunQueueTimer@CConEmuMain@@IEAAX_NI@Z 000000014000c3b0 f   ConEmu.obj
 0001:0000b410       ?OnTimer_ConRedraw@CConEmuMain@@QEAAXPEAVCVirtualConsole@@@Z 000000014000c410 f   ConEmu.obj
 0001:0000b490       ?OnTimer_AdmShield@CConEmuMain@@QEAAXXZ 000000014000c490 f   ConEmu.obj
 0001:0000b500       ?OnUpdateScrollInfo@CConEmuMain@@QEAA_JH@Z 000000014000c500 f   ConEmu.obj
 0001:0000b540       ?OnVConCreated@CConEmuMain@@QEAAXPEAVCVirtualConsole@@PEBURConStartArgs@@@Z 000000014000c540 f   ConEmu.obj
 0001:0000b580       ?isDestroyOnClose@CConEmuMain@@QEAA_N_N@Z 000000014000c580 f   ConEmu.obj
 0001:0000b690       ?OnRConStartedSuccess@CConEmuMain@@QEAAXPEAVCRealConsole@@@Z 000000014000c690 f   ConEmu.obj
 0001:0000b6b0       ?isDialogMessage@CConEmuMain@@QEAAHAEAUtagMSG@@@Z 000000014000c6b0 f   ConEmu.obj
 0001:0000b790       ?Set@?$MMap@IPEBD@@QEAA_NAEBIAEBQEBD@Z 000000014000c790 f i ConEmu.obj
 0001:0000b8e0       ?LogFocusInfo@@YAXPEB_WH@Z 000000014000c8e0 f   ConEmu.obj
 0001:0000b930       ?SetWindowStyleEx@CConEmuMain@@QEAAXPEAUHWND__@@K@Z 000000014000c930 f   ConEmu.obj
 0001:0000b9f0       ?UpdateGuiInfoMappingActive@CConEmuMain@@AEAAX_N@Z 000000014000c9f0 f   ConEmu.obj
 0001:0000bb50       ?AskChangeBufferHeight@CConEmuMain@@QEAAXXZ 000000014000cb50 f   ConEmu.obj
 0001:0000bcb0       ?AskChangeAlternative@CConEmuMain@@QEAAXXZ 000000014000ccb0 f   ConEmu.obj
 0001:0000bd80       ?CalcMargins@CConEmuMain@@QEAA?AUtagRECT@@KW4ConEmuWindowMode@@@Z 000000014000cd80 f   ConEmu.obj
 0001:0000c070       ?CalcRect@CConEmuMain@@QEAA?AUtagRECT@@W4ConEmuRect@@AEBU2@0PEAVCVirtualConsole@@W4ConEmuMargins@@@Z 000000014000d070 f   ConEmu.obj
 0001:0000c7f0       ?AutoSizeFont@CConEmuMain@@QEAAXUtagRECT@@W4ConEmuRect@@@Z 000000014000d7f0 f   ConEmu.obj
 0001:0000ca10       ?GetTileMode@CConEmuMain@@QEAA?AW4ConEmuWindowCommand@@_NPEAUtagMONITORINFO@@@Z 000000014000da10 f   ConEmu.obj
 0001:0000ce50       ?TrackMouse@CConEmuMain@@QEAAHXZ 000000014000de50 f   ConEmu.obj
 0001:0000ceb0       ?OnMoving@CConEmuMain@@QEAA_JPEAUtagRECT@@_N@Z 000000014000deb0 f   ConEmu.obj
 0001:0000d2a0       ?CheckTopMostState@CConEmuMain@@IEAAXXZ 000000014000e2a0 f   ConEmu.obj
 0001:0000d3f0       ?OnSizePanels@CConEmuMain@@QEAAXU_COORD@@@Z 000000014000e3f0 f   ConEmu.obj
 0001:0000d830       ?OnActiveConWndStore@CConEmuMain@@QEAAXPEAUHWND__@@@Z 000000014000e830 f   ConEmu.obj
 0001:0000d8a0       ?CreateWnd@CConEmuMain@@QEAA_NPEAURConStartArgs@@@Z 000000014000e8a0 f   ConEmu.obj
 0001:0000dbb0       ?CreateCon@CConEmuMain@@QEAAPEAVCVirtualConsole@@PEAURConStartArgs@@_N1@Z 000000014000ebb0 f   ConEmu.obj
 0001:0000dc10       ?CreateConGroup@CConEmuMain@@QEAAPEAVCVirtualConsole@@PEB_W_N0PEBURConStartArgs@@@Z 000000014000ec10 f   ConEmu.obj
 0001:0000e210       ?UpdateInsideRect@CConEmuMain@@QEAAXUtagRECT@@@Z 000000014000f210 f   ConEmu.obj
 0001:0000e2c0       ?PostDragCopy@CConEmuMain@@QEAAXHH@Z 000000014000f2c0 f   ConEmu.obj
 0001:0000e340       ?PostMacro@CConEmuMain@@QEAAXPEB_W@Z 000000014000f340 f   ConEmu.obj
 0001:0000e3b0       ?GlobalHotKeyChanged@CConEmuMain@@QEAAXXZ 000000014000f3b0 f   ConEmu.obj
 0001:0000e420       ?UpdateWinHookSettings@CConEmuMain@@QEAAXXZ 000000014000f420 f   ConEmu.obj
 0001:0000e490       ?RegisterHooks@CConEmuMain@@QEAAXXZ 000000014000f490 f   ConEmu.obj
 0001:0000e7d0       ?CtrlWinAltSpace@CConEmuMain@@QEAAXXZ 000000014000f7d0 f   ConEmu.obj
 0001:0000e840       ?RecreateAction@CConEmuMain@@QEAAXW4RecreateActionParm@@HH@Z 000000014000f840 f   ConEmu.obj
 0001:0000ec40       ?ReportOldCmdVersion@CConEmuMain@@QEAAXKKHK_KK@Z 000000014000fc40 f   ConEmu.obj
 0001:0000f090       ?UpdateCursorInfo@CConEmuMain@@QEAAXPEBU_CONSOLE_SCREEN_BUFFER_INFO@@U_COORD@@U_CONSOLE_CURSOR_INFO@@@Z 0000000140010090 f   ConEmu.obj
 0001:0000f1d0       ?UpdateSizes@CConEmuMain@@QEAAXXZ 00000001400101d0 f   ConEmu.obj
 0001:0000f3e0       ?UpdateProgress@CConEmuMain@@QEAAXXZ 00000001400103e0 f   ConEmu.obj
 0001:0000f750       ?StartRightClickingPaint@CConEmuMain@@IEAAXXZ 0000000140010750 f   ConEmu.obj
 0001:0000f7b0       ?StopRightClickingPaint@CConEmuMain@@IEAAXXZ 00000001400107b0 f   ConEmu.obj
 0001:0000f820       ?OnBufferHeight@CConEmuMain@@QEAAXXZ 0000000140010820 f   ConEmu.obj
 0001:0000f960       ?setWindowPos@CConEmuMain@@QEAAHPEAUHWND__@@HHHHI@Z 0000000140010960 f   ConEmu.obj
 0001:0000fa70       ?LoadConsoleBatch_File@CConEmuMain@@AEAAPEA_WPEB_W@Z 0000000140010a70 f   ConEmu.obj
 0001:0000fdb0       ?LoadConsoleBatch_Drops@CConEmuMain@@AEAAPEA_WPEB_W@Z 0000000140010db0 f   ConEmu.obj
 0001:00010240       ?OnOurDialogClosed@CConEmuMain@@QEAAXXZ 0000000140011240 f   ConEmu.obj
 0001:000102d0       ?OnMouse_LBtnDown@CConEmuMain@@QEAA_JPEAVCVirtualConsole@@PEAUHWND__@@I_K_JUtagPOINT@@U_COORD@@@Z 00000001400112d0 f   ConEmu.obj
 0001:00010580       ?OnMouse_LBtnUp@CConEmuMain@@QEAA_JPEAVCVirtualConsole@@PEAUHWND__@@I_K_JUtagPOINT@@U_COORD@@@Z 0000000140011580 f   ConEmu.obj
 0001:00010660       ?OnMouse_LBtnDblClk@CConEmuMain@@QEAA_JPEAVCVirtualConsole@@PEAUHWND__@@AEAI_K_JUtagPOINT@@U_COORD@@@Z 0000000140011660 f   ConEmu.obj
 0001:00010810       ?OnMouse_RBtnDown@CConEmuMain@@QEAA_JPEAVCVirtualConsole@@PEAUHWND__@@I_K_JUtagPOINT@@U_COORD@@@Z 0000000140011810 f   ConEmu.obj
 0001:00010b10       ?RequestExitUpdate@CConEmuMain@@QEAAXXZ 0000000140011b10 f   ConEmu.obj
 0001:00010b80       ?aboutProc@CConEmuMain@@KA_JPEAUHWND__@@I_K_J@Z 0000000140011b80 f   ConEmu.obj
 0001:00010fd0       ?OnInfo_Donate@CConEmuMain@@QEAAXXZ 0000000140011fd0 f   ConEmu.obj
 0001:00011050       ?OnInfo_About@CConEmuMain@@QEAAXPEB_W@Z 0000000140012050 f   ConEmu.obj
 0001:000111e0       ?SetTransparent@CConEmuMain@@QEAA_NPEAUHWND__@@I_NK1@Z 00000001400121e0 f   ConEmu.obj
 0001:00011540       ?LogMessage@CConEmuMain@@QEAAXPEAUHWND__@@I_K_J@Z 0000000140012540 f   ConEmu.obj
 0001:00011d30       ?WorkWndProc@CConEmuMain@@SA_JPEAUHWND__@@I_K_J@Z 0000000140012d30 f   ConEmu.obj
 0001:00011eb0       ?RegisterMessage@CConEmuMain@@QEAAIPEBDPEB_W@Z 0000000140012eb0 f   ConEmu.obj
 0001:00011f10       ?GetRegisteredMessage@CConEmuMain@@QEAAIPEBD@Z 0000000140012f10 f   ConEmu.obj
 0001:00012050       ??$wcscpy_c@$0CA@@@YAHAEAY0CA@_WPEB_W@Z 0000000140013050 f i ConEmu.obj
 0001:000120b0       ??$wcscat_c@$0BAF@@@YAHAEAY0BAF@_WPEB_W@Z 00000001400130b0 f i ConEmu.obj
 0001:00012170       ??$wcscpy_c@$0BBA@@@YAHAEAY0BBA@_WPEB_W@Z 0000000140013170 f i ConEmu.obj
 0001:000121d0       ??$wcscat_c@$0BBA@@@YAHAEAY0BBA@_WPEB_W@Z 00000001400131d0 f i ConEmu.obj
 0001:00012290       ??$wcscat_c@$0BCE@@@YAHAEAY0BCE@_WPEB_W@Z 0000000140013290 f i ConEmu.obj
 0001:00012350       ??$wcscpy_c@$0CAI@@@YAHAEAY0CAI@_WPEB_W@Z 0000000140013350 f i ConEmu.obj
 0001:000123b0       ??$wcscat_c@$0CAI@@@YAHAEAY0CAI@_WPEB_W@Z 00000001400133b0 f i ConEmu.obj
 0001:00012470       ??$wcscat_c@$0BAE@@@YAHAEAY0BAE@_WPEB_W@Z 0000000140013470 f i ConEmu.obj
 0001:00012530       ?StoreWorkDir@CConEmuMain@@QEAAXPEB_W@Z 0000000140013530 f   ConEmu.obj
 0001:00012630       ?CheckRequiredFiles@CConEmuMain@@QEAA_NXZ 0000000140013630 f   ConEmu.obj
 0001:00012d20       ?SetConfigFile@CConEmuMain@@QEAA_NPEB_W_N@Z 0000000140013d20 f   ConEmu.obj
 0001:00013030       ?ConEmuXml@CConEmuMain@@QEAAPEA_WXZ 0000000140014030 f   ConEmu.obj
 0001:00013190       ?ConEmuIni@CConEmuMain@@QEAAPEA_WXZ 0000000140014190 f   ConEmu.obj
 0001:000132a0       ?ConEmuCExeFull@CConEmuMain@@QEAAPEB_WPEB_W@Z 00000001400142a0 f   ConEmu.obj
 0001:00013720       ?GetDefaultSize@CConEmuMain@@QEAA?AUtagSIZE@@_NPEBTCESize@@1PEAUHMONITOR__@@@Z 0000000140014720 f   ConEmu.obj
 0001:00013c50       ?GetDefaultRect@CConEmuMain@@QEAA?AUtagRECT@@XZ 0000000140014c50 f   ConEmu.obj
 0001:00014400       ?CreateLog@CConEmuMain@@QEAA_NXZ 0000000140015400 f   ConEmu.obj
 0001:00014580       ?CheckDosBoxExists@CConEmuMain@@AEAAHXZ 0000000140015580 f   ConEmu.obj
 0001:00014700       ?InitComSpecStr@CConEmuMain@@QEAAXAEAUConEmuComspec@@@Z 0000000140015700 f   ConEmu.obj
 0001:000147c0       ?CreateWindowRgn@CConEmuMain@@QEAAPEAUHRGN__@@_N0HHHH@Z 00000001400157c0 f   ConEmu.obj
 0001:00014ab0       ??1CConEmuMain@@UEAA@XZ    0000000140015ab0 f   ConEmu.obj
 0001:00014df0       ??_ECConEmuMain@@WBFA@EAAPEAXI@Z 0000000140015df0 f i ConEmu.obj
 0001:00014e00       ??_ECConEmuMain@@WBJA@EAAPEAXI@Z 0000000140015e00 f i ConEmu.obj
 0001:00014e10       ??_ECConEmuMain@@WBNA@EAAPEAXI@Z 0000000140015e10 f i ConEmu.obj
 0001:00014e20       ??_ECConEmuMain@@WBBI@EAAPEAXI@Z 0000000140015e20 f i ConEmu.obj
 0001:00014e30       ?CalcRect@CConEmuMain@@QEAA?AUtagRECT@@W4ConEmuRect@@PEAVCVirtualConsole@@@Z 0000000140015e30 f   ConEmu.obj
 0001:00015140       ?StoreIdealRect@CConEmuMain@@QEAAXXZ 0000000140016140 f   ConEmu.obj
 0001:000151a0       ?GetIdealRect@CConEmuMain@@QEAA?AUtagRECT@@XZ 00000001400161a0 f   ConEmu.obj
 0001:00015210       ?StoreNormalRect@CConEmuMain@@IEAAXPEAUtagRECT@@@Z 0000000140016210 f   ConEmu.obj
 0001:00015600       ?AttachRequestedGui@CConEmuMain@@QEAAPEAVCRealConsole@@PEB_WK@Z 0000000140016600 f   ConEmu.obj
 0001:000157a0       ?LoadIcons@CConEmuMain@@QEAAXXZ 00000001400167a0 f   ConEmu.obj
 0001:00015ae0       ?RegisterHotKeys@CConEmuMain@@IEAAXXZ 0000000140016ae0 f   ConEmu.obj
 0001:00015bc0       ?RunSingleInstance@CConEmuMain@@QEAAHPEAUHWND__@@PEB_W@Z 0000000140016bc0 f   ConEmu.obj
 0001:00015f70       ?UpdateProcessDisplay@CConEmuMain@@QEAAXH@Z 0000000140016f70 f   ConEmu.obj
 0001:000161d0       ?UpdateTitle@CConEmuMain@@QEAAXXZ 00000001400171d0 f   ConEmu.obj
 0001:00016320       ?RightClickingPaint@CConEmuMain@@QEAAXPEAUHDC__@@PEAVCVirtualConsole@@@Z 0000000140017320 f   ConEmu.obj
 0001:00016820       ?isFirstInstance@CConEmuMain@@QEAA_N_N@Z 0000000140017820 f   ConEmu.obj
 0001:00016b20       ?EndSizing@CConEmuMain@@QEAAXI@Z 0000000140017b20 f   ConEmu.obj
 0001:00016dd0       ?GetNearestMonitor@CConEmuMain@@QEAAPEAUHMONITOR__@@PEAUtagMONITORINFO@@PEBUtagRECT@@@Z 0000000140017dd0 f   ConEmu.obj
 0001:00016fa0       ?OnGetMinMaxInfo@CConEmuMain@@QEAA_JPEAUtagMINMAXINFO@@@Z 0000000140017fa0 f   ConEmu.obj
 0001:000175a0       ?OnTaskbarButtonCreated@CConEmuMain@@QEAAXXZ 00000001400185a0 f   ConEmu.obj
 0001:00017650       ?OnKeyboard@CConEmuMain@@QEAA_JPEAUHWND__@@I_K_J@Z 0000000140018650 f   ConEmu.obj
 0001:00017e70       ?CheckActiveLayoutName@CConEmuMain@@IEAAXXZ 0000000140018e70 f   ConEmu.obj
 0001:000181b0       ?OnInfo_WhatsNew@CConEmuMain@@QEAAX_N@Z 00000001400191b0 f   ConEmu.obj
 0001:00018380       ?OnGhostCreated@CConEmuMain@@QEAAXPEAVCVirtualConsole@@PEAUHWND__@@@Z 0000000140019380 f   ConEmu.obj
 0001:00018450       ?OnAllGhostClosed@CConEmuMain@@QEAAXXZ 0000000140019450 f   ConEmu.obj
 0001:00018500       ?LogWindowPos@CConEmuMain@@QEAAXPEB_W@Z 0000000140019500 f   ConEmu.obj
 0001:00018710       ?InternalOpenCreate@?$MFileMapping@UConEmuGuiMapping@@@@IEAAPEAUConEmuGuiMapping@@HHH@Z 0000000140019710 f i ConEmu.obj
 0001:00018910       ??0CConEmuMain@@QEAA@XZ    0000000140019910 f   ConEmu.obj
 0001:0001a690       ??_GCConEmuMain@@UEAAPEAXI@Z 000000014001b690 f i ConEmu.obj
 0001:0001a690       ??_ECConEmuMain@@UEAAPEAXI@Z 000000014001b690 f i ConEmu.obj
 0001:0001a6c0       ?Init@CConEmuMain@@QEAAHXZ 000000014001b6c0 f   ConEmu.obj
 0001:0001a7a0       ?SizeWindow@CConEmuMain@@QEAA_NTCESize@@0@Z 000000014001b7a0 f   ConEmu.obj
 0001:0001a980       ?GetGuiClientRect@CConEmuMain@@QEAA?AUtagRECT@@XZ 000000014001b980 f   ConEmu.obj
 0001:0001a9a0       ?CreateWorkWindow@CConEmuMain@@QEAAHXZ 000000014001b9a0 f   ConEmu.obj
 0001:0001aa60       ?OnTabbarActivated@CConEmuMain@@QEAAX_N@Z 000000014001ba60 f   ConEmu.obj
 0001:0001aa90       ?JumpNextMonitor@CConEmuMain@@QEAA_NPEAUHWND__@@PEAUHMONITOR__@@_NUtagRECT@@@Z 000000014001ba90 f   ConEmu.obj
 0001:0001b080       ?OnSizing@CConEmuMain@@QEAA_J_K_J@Z 000000014001c080 f   ConEmu.obj
 0001:0001b500       ?DebugStep@CConEmuMain@@QEAAXPEB_WH@Z 000000014001c500 f   ConEmu.obj
 0001:0001b600       ?SetWindowIcon@CConEmuMain@@QEAAXPEB_W@Z 000000014001c600 f   ConEmu.obj
 0001:0001b740       ?RegisterMinRestore@CConEmuMain@@QEAAX_N@Z 000000014001c740 f   ConEmu.obj
 0001:0001bad0       ?CheckNeedUpdateTitle@CConEmuMain@@QEAAXPEB_W@Z 000000014001cad0 f   ConEmu.obj
 0001:0001bb20       ?isSizing@CConEmuMain@@QEAA_NI@Z 000000014001cb20 f   ConEmu.obj
 0001:0001bb80       ?LoadConsoleBatch_Task@CConEmuMain@@AEAAPEA_WPEB_WPEAPEA_W@Z 000000014001cb80 f   ConEmu.obj
 0001:0001be50       ?OnDestroy@CConEmuMain@@QEAA_JPEAUHWND__@@@Z 000000014001ce50 f   ConEmu.obj
 0001:0001c0b0       ?OnTaskbarSettingsChanged@CConEmuMain@@QEAAXXZ 000000014001d0b0 f   ConEmu.obj
 0001:0001c190       ?OnMouse_Move@CConEmuMain@@QEAA_JPEAVCVirtualConsole@@PEAUHWND__@@I_K_JUtagPOINT@@U_COORD@@@Z 000000014001d190 f   ConEmu.obj
 0001:0001c860       ?OnMouse_RBtnUp@CConEmuMain@@QEAA_JPEAVCVirtualConsole@@PEAUHWND__@@I_K_JUtagPOINT@@U_COORD@@@Z 000000014001d860 f   ConEmu.obj
 0001:0001d010       ?OnSetCursor@CConEmuMain@@QEAA_J_K_J@Z 000000014001e010 f   ConEmu.obj
 0001:0001d490       ?OnTransparent@CConEmuMain@@QEAAX_N0@Z 000000014001e490 f   ConEmu.obj
 0001:0001d5e0       ?OnAllVConClosed@CConEmuMain@@QEAAXXZ 000000014001e5e0 f   ConEmu.obj
 0001:0001d740       ?CreateGuiAttachMapping@CConEmuMain@@QEAAXK@Z 000000014001e740 f   ConEmu.obj
 0001:0001d820       ?UpdateGuiInfoMapping@CConEmuMain@@AEAAXXZ 000000014001e820 f   ConEmu.obj
 0001:0001e110       ?JumpNextMonitor@CConEmuMain@@QEAA_N_N@Z 000000014001f110 f   ConEmu.obj
 0001:0001e2e0       ?OnConsoleResize@CConEmuMain@@QEAAXH@Z 000000014001f2e0 f   ConEmu.obj
 0001:0001e540       ?OnWindowPosChanged@CConEmuMain@@UEAA_JPEAUHWND__@@I_K_J@Z 000000014001f540 f   ConEmu.obj
 0001:0001e990       ?isMouseOverFrame@CConEmuMain@@QEAA_N_N@Z 000000014001f990 f   ConEmu.obj
 0001:0001eb30       ?LoadConsoleBatch@CConEmuMain@@QEAAPEA_WPEB_WPEAPEA_W@Z 000000014001fb30 f   ConEmu.obj
 0001:0001ebd0       ?OnGlobalSettingsChanged@CConEmuMain@@QEAAXXZ 000000014001fbd0 f   ConEmu.obj
 0001:0001ec00       ?OnPanelViewSettingsChanged@CConEmuMain@@QEAAXH@Z 000000014001fc00 f   ConEmu.obj
 0001:0001ed50       ?OnMouse@CConEmuMain@@QEAA_JPEAUHWND__@@I_K_J@Z 000000014001fd50 f   ConEmu.obj
 0001:0001fc50       ?SetDragCursor@CConEmuMain@@QEAAXPEAUHICON__@@@Z 0000000140020c50 f   ConEmu.obj
 0001:0001fc80       ?OnTransparentSeparate@CConEmuMain@@QEAAX_N@Z 0000000140020c80 f   ConEmu.obj
 0001:0001fce0       ?OnTransparent@CConEmuMain@@QEAAXXZ 0000000140020ce0 f   ConEmu.obj
 0001:0001fd20       ?CreateWindowRgn@CConEmuMain@@QEAAPEAUHRGN__@@_N@Z 0000000140020d20 f   ConEmu.obj
 0001:00020300       ?UpdateWindowRgn@CConEmuMain@@QEAAXHHHH@Z 0000000140021300 f   ConEmu.obj
 0001:000204c0       ?ForceShowTabs@CConEmuMain@@QEAAXH@Z 00000001400214c0 f   ConEmu.obj
 0001:000205b0       ?OnSize@CConEmuMain@@QEAA_J_N_KGG@Z 00000001400215b0 f   ConEmu.obj
 0001:000208a0       ?SyncNtvdm@CConEmuMain@@QEAAXXZ 00000001400218a0 f   ConEmu.obj
 0001:000208c0       ?ReSize@CConEmuMain@@QEAAXH@Z 00000001400218c0 f   ConEmu.obj
 0001:00020d50       ?OnCreate@CConEmuMain@@QEAA_JPEAUHWND__@@PEAUtagCREATESTRUCTW@@@Z 0000000140021d50 f   ConEmu.obj
 0001:00021060       ?OnHideCaption@CConEmuMain@@QEAAXXZ 0000000140022060 f   ConEmu.obj
 0001:00021910       ?SetWindowMode@CConEmuMain@@QEAA_NW4ConEmuWindowMode@@HH@Z 0000000140022910 f   ConEmu.obj
 0001:00022990       ?OnWindowPosChanging@CConEmuMain@@QEAA_JPEAUHWND__@@I_K_J@Z 0000000140023990 f   ConEmu.obj
 0001:00023380       ?StartForceShowFrame@CConEmuMain@@IEAAXXZ 0000000140024380 f   ConEmu.obj
 0001:000233d0       ?StopForceShowFrame@CConEmuMain@@IEAAXXZ 00000001400243d0 f   ConEmu.obj
 0001:00023420       ?BeginSizing@CConEmuMain@@QEAAX_N@Z 0000000140024420 f   ConEmu.obj
 0001:000234c0       ?DoFullScreen@CConEmuMain@@QEAAXXZ 00000001400244c0 f   ConEmu.obj
 0001:00023550       ?DoMaximizeRestore@CConEmuMain@@QEAAXXZ 0000000140024550 f   ConEmu.obj
 0001:000235b0       ?DoMinimizeRestore@CConEmuMain@@QEAAXW4SingleInstanceShowHideType@@@Z 00000001400245b0 f   ConEmu.obj
 0001:000243c0       ?DoForcedFullScreen@CConEmuMain@@QEAAX_N@Z 00000001400253c0 f   ConEmu.obj
 0001:000245d0       ?OnTimer_FrameAppearDisappear@CConEmuMain@@QEAAX_K@Z 00000001400255d0 f   ConEmu.obj
 0001:00024670       ?SetQuakeMode@CConEmuMain@@QEAA_NEW4ConEmuWindowMode@@_N@Z 0000000140025670 f   ConEmu.obj
 0001:00024b00       ?SetTileMode@CConEmuMain@@QEAA_NW4ConEmuWindowCommand@@@Z 0000000140025b00 f   ConEmu.obj
 0001:000255d0       ?OnWmHotkey@CConEmuMain@@QEAAX_K@Z 00000001400265d0 f   ConEmu.obj
 0001:00025710       ?OnFocus@CConEmuMain@@QEAA_JPEAUHWND__@@I_K_JPEB_WH@Z 0000000140026710 f   ConEmu.obj
 0001:00026510       ?OnShellHook@CConEmuMain@@QEAA_J_K_J@Z 0000000140027510 f   ConEmu.obj
 0001:00026640       ?OnDesktopMode@CConEmuMain@@QEAAXXZ 0000000140027640 f   ConEmu.obj
 0001:000269f0       ?OnTimer_Main@CConEmuMain@@QEAAXPEAVCVirtualConsole@@@Z 00000001400279f0 f   ConEmu.obj
 0001:00027140       ?OnTimer_QuakeFocus@CConEmuMain@@QEAAXXZ 0000000140028140 f   ConEmu.obj
 0001:00027250       ?PostCreate@CConEmuMain@@QEAAXH@Z 0000000140028250 f   ConEmu.obj
 0001:00027ae0       ?OnTimer@CConEmuMain@@QEAA_J_K_J@Z 0000000140028ae0 f   ConEmu.obj
 0001:00027c10       ?WndProc@CConEmuMain@@QEAA_JPEAUHWND__@@I_K_J@Z 0000000140028c10 f   ConEmu.obj
 0001:00029210       ?MainWndProc@CConEmuMain@@SA_JPEAUHWND__@@I_K_J@Z 000000014002a210 f   ConEmu.obj
 0001:00029260       ?CreateMainWindow@CConEmuMain@@QEAAHXZ 000000014002a260 f   ConEmu.obj
 0001:000298a0       ?LogString@@YAXPEB_W_N1@Z  000000014002a8a0 f   ConEmuApp.obj
 0001:000298c0       ?MakeCoord@@YA?AU_COORD@@HH@Z 000000014002a8c0 f   ConEmuApp.obj
 0001:000298d0       ?MakePoint@@YA?AUtagPOINT@@HH@Z 000000014002a8d0 f   ConEmuApp.obj
 0001:000298e0       ?MakeRect@@YA?AUtagRECT@@HH@Z 000000014002a8e0 f   ConEmuApp.obj
 0001:00029900       ?MakeRect@@YA?AUtagRECT@@HHHH@Z 000000014002a900 f   ConEmuApp.obj
 0001:00029920       ?CoordInRect@@YAHAEBU_COORD@@AEBUtagRECT@@@Z 000000014002a920 f   ConEmuApp.obj
 0001:00029950       ?IntersectSmallRect@@YAHAEAUtagRECT@@AEAU_SMALL_RECT@@@Z 000000014002a950 f   ConEmuApp.obj
 0001:00029990       ?MyGetDlgItemText@@YA_KPEAUHWND__@@GAEA_KAEAPEA_W@Z 000000014002a990 f   ConEmuApp.obj
 0001:00029a70       ?EscapeChar@@YAX_NAEAPEB_WAEAPEA_W@Z 000000014002aa70 f   ConEmuApp.obj
 0001:00029e60       ?MySetDlgItemText@@YAHPEAUHWND__@@HPEB_W@Z 000000014002ae60 f   ConEmuApp.obj
 0001:00029e70       ?GetColorRef@@YA_NPEB_WPEAK@Z 000000014002ae70 f   ConEmuApp.obj
 0001:0002a0b0       ?DupCygwinPath@@YAPEA_WPEB_W_N@Z 000000014002b0b0 f   ConEmuApp.obj
 0001:0002a1e0       ?CreateProcessRestricted@@YAHPEB_WPEA_WPEAU_SECURITY_ATTRIBUTES@@2HKPEAX0PEAU_STARTUPINFOW@@PEAU_PROCESS_INFORMATION@@PEAK@Z 000000014002b1e0 f   ConEmuApp.obj
 0001:0002a3c0       ?isKey@@YA_NKK@Z           000000014002b3c0 f   ConEmuApp.obj
 0001:0002a410       ?isConsoleService@@YA_NPEB_W@Z 000000014002b410 f   ConEmuApp.obj
 0001:0002a520       ?AppWndProc@@YA_JPEAUHWND__@@I_K_J@Z 000000014002b520 f   ConEmuApp.obj
 0001:0002a5e0       ?getForegroundWindow@@YAPEAUHWND__@@XZ 000000014002b5e0 f   ConEmuApp.obj
 0001:0002a650       ?SkipShowWindowProc@@YA_JPEAUHWND__@@I_K_J@Z 000000014002b650 f   ConEmuApp.obj
 0001:0002a6d0       ?SkipOneShowWindow@@YAXXZ  000000014002b6d0 f   ConEmuApp.obj
 0001:0002a960       ?MessageBoxW@@YAHPEB_WI0PEAUHWND__@@@Z 000000014002b960 f   ConEmuApp.obj
 0001:0002aa00       ?DisplayLastError@@YAHPEB_WKK0PEAUHWND__@@@Z 000000014002ba00 f   ConEmuApp.obj
 0001:0002ab70       ?CenterInParent@@YA?AUtagRECT@@U1@PEAUHWND__@@@Z 000000014002bb70 f   ConEmuApp.obj
 0001:0002aca0       ?MessageLoop@@YAXXZ        000000014002bca0 f   ConEmuApp.obj
 0001:0002adf0       ?SplitCommandLine@@YAXPEA_WPEAI@Z 000000014002bdf0 f   ConEmuApp.obj
 0001:0002ae90       ?PrepareCommandLine@@YAHAEAPEA_W0AEA_NAEAI@Z 000000014002be90 f   ConEmuApp.obj
 0001:0002b1b0       ?ResetConman@@YAXXZ        000000014002c1b0 f   ConEmuApp.obj
 0001:0002b240       ?RaiseTestException@@YAXXZ 000000014002c240 f   ConEmuApp.obj
 0001:0002b250       ?LoadStartupEnv@@YAPEAUCEStartupEnv@@XZ 000000014002c250 f   ConEmuApp.obj
 0001:0002ba60       ?GetDlgItemTextW@@YAPEA_WPEAUHWND__@@G@Z 000000014002ca60 f   ConEmuApp.obj
 0001:0002bb10       ?CheckCreateAppWindow@@YAHXZ 000000014002cb10 f   ConEmuApp.obj
 0001:0002bd70       ?_CreateShellLink@@YAJPEB_W00PEAPEAUIShellLinkW@@@Z 000000014002cd70 f   ConEmuApp.obj
 0001:0002c3f0       ?_CreateSeparatorLink@@YAJPEAPEAUIShellLinkW@@@Z 000000014002d3f0 f   ConEmuApp.obj
 0001:0002c4b0       ?UpdateWin7TaskList@@YA_N_N0@Z 000000014002d4b0 f   ConEmuApp.obj
 0001:0002cbc0       ??$wcscat_c@$0BAO@@@YAHAEAY0BAO@_WPEB_W@Z 000000014002dbc0 f i ConEmuApp.obj
 0001:0002cc80       ??$wcscat_c@$0EAA@@@YAHAEAY0EAA@_WPEB_W@Z 000000014002dc80 f i ConEmuApp.obj
 0001:0002cd40       ?SelectFolder@@YAPEA_WPEB_W0PEAUHWND__@@_N2@Z 000000014002dd40 f   ConEmuApp.obj
 0001:0002cf60       ?SelectFile@@YAPEA_WPEB_W0PEAUHWND__@@0_N22@Z 000000014002df60 f   ConEmuApp.obj
 0001:0002d140       ?CreateDumpForReport@@YAKPEAU_EXCEPTION_POINTERS@@AEAY0EAA@_WPEA_W@Z 000000014002e140 f   ConEmuApp.obj
 0001:0002d6f0       ?AssertBox@@YAXPEB_W0IPEAU_EXCEPTION_POINTERS@@@Z 000000014002e6f0 f   ConEmuApp.obj
 0001:0002d9a0       ?CreateDumpOnException@@YAJPEAU_EXCEPTION_POINTERS@@@Z 000000014002e9a0 f   ConEmuApp.obj
 0001:0002db10       ?CreateProcessDemoted@@YAHPEB_WPEA_WPEAU_SECURITY_ATTRIBUTES@@2HKPEAX0PEAU_STARTUPINFOW@@PEAU_PROCESS_INFORMATION@@PEAK@Z 000000014002eb10 f   ConEmuApp.obj
 0001:0002e740       WinMain                    000000014002f740 f   ConEmuApp.obj
 0001:00030c10       ?ExecutePrepareCmd@@YAXPEAUCESERVER_REQ_HDR@@K_K@Z 0000000140031c10 f   ConEmuCheck.obj
 0001:00030c90       ?ExecuteFreeResult@@YAXAEAPEAUCESERVER_REQ@@@Z 0000000140031c90 f   ConEmuCheck.obj
 0001:00030cb0       ?myGetConsoleWindow@@YAPEAUHWND__@@XZ 0000000140031cb0 f   ConEmuCheck.obj
 0001:00030d20       ?ExecutePrepareCmd@@YAXPEAUCESERVER_REQ@@K_K@Z 0000000140031d20 f   ConEmuCheck.obj
 0001:00030d60       ?ExecuteNewCmd@@YAPEAUCESERVER_REQ@@K_K@Z 0000000140031d60 f   ConEmuCheck.obj
 0001:00030df0       ?ExecuteNewCmd@@YAHAEAPEAUCESERVER_REQ@@AEAKK_K@Z 0000000140031df0 f   ConEmuCheck.obj
 0001:00030eb0       ?ModuleName@@YAPEB_WPEB_W@Z 0000000140031eb0 f   ConEmuCheck.obj
 0001:00030fc0       ?ExecuteOpenPipe@@YAPEAXPEB_WAEAY0CAI@_W0KKHPEAX@Z 0000000140031fc0 f   ConEmuCheck.obj
 0001:000311e0       ?ExecuteCmd@@YAPEAUCESERVER_REQ@@PEB_WPEAU1@KPEAUHWND__@@HK@Z 00000001400321e0 f   ConEmuCheck.obj
 0001:00031400       ?GuiMessageBox@@YAHPEAUHWND__@@PEB_W1H@Z 0000000140032400 f   ConEmuCheck.obj
 0001:00031620       ?InternalOpenCreate@?$MFileMapping@UCESERVER_CONSOLE_MAPPING_HDR@@@@IEAAPEAUCESERVER_CONSOLE_MAPPING_HDR@@HHH@Z 0000000140032620 f i ConEmuCheck.obj
 0001:00031820       ?ExecuteGuiCmd@@YAPEAUCESERVER_REQ@@PEAUHWND__@@PEAU1@0H@Z 0000000140032820 f   ConEmuCheck.obj
 0001:000318d0       ?ExecuteSrvCmd@@YAPEAUCESERVER_REQ@@KPEAU1@PEAUHWND__@@HK@Z 00000001400328d0 f   ConEmuCheck.obj
 0001:00031980       ?ExecuteHkCmd@@YAPEAUCESERVER_REQ@@KPEAU1@PEAUHWND__@@H@Z 0000000140032980 f   ConEmuCheck.obj
 0001:00031a30       ?LoadSrvMapping@@YAHPEAUHWND__@@AEAUCESERVER_CONSOLE_MAPPING_HDR@@@Z 0000000140032a30 f   ConEmuCheck.obj
 0001:00031b90       ??0CConEmuCtrl@@QEAA@XZ    0000000140032b90 f   ConEmuCtrl.obj
 0001:00031bf0       ??1CConEmuCtrl@@UEAA@XZ    0000000140032bf0 f   ConEmuCtrl.obj
 0001:00031c00       ?UpdateControlKeyState@CConEmuCtrl@@QEAAXXZ 0000000140032c00 f   ConEmuCtrl.obj
 0001:00031d90       ?GetControlKeyState@CConEmuCtrl@@QEAAK_J@Z 0000000140032d90 f   ConEmuCtrl.obj
 0001:00031da0       ?VkModFromVk@CConEmuCtrl@@QEAAKK@Z 0000000140032da0 f   ConEmuCtrl.obj
 0001:00031e20       ?FixSingleModifier@CConEmuCtrl@@QEAAXKPEAVCRealConsole@@@Z 0000000140032e20 f   ConEmuCtrl.obj
 0001:00031e90       ?key_MinimizeRestore@CConEmuCtrl@@SA_NK_NPEBUConEmuHotKey@@PEAVCRealConsole@@@Z 0000000140032e90 f   ConEmuCtrl.obj
 0001:00031eb0       ?key_MinimizeByEsc@CConEmuCtrl@@SA_NK_NPEBUConEmuHotKey@@PEAVCRealConsole@@@Z 0000000140032eb0 f   ConEmuCtrl.obj
 0001:00031f30       ?key_GlobalRestore@CConEmuCtrl@@SA_NK_NPEBUConEmuHotKey@@PEAVCRealConsole@@@Z 0000000140032f30 f   ConEmuCtrl.obj
 0001:00031f50       ?key_MultiNew@CConEmuCtrl@@SA_NK_NPEBUConEmuHotKey@@PEAVCRealConsole@@@Z 0000000140032f50 f   ConEmuCtrl.obj
 0001:00031fa0       ?key_MultiNewShift@CConEmuCtrl@@SA_NK_NPEBUConEmuHotKey@@PEAVCRealConsole@@@Z 0000000140032fa0 f   ConEmuCtrl.obj
 0001:00031fd0       ?key_MultiNewPopupMenu@CConEmuCtrl@@SA_NK_NPEBUConEmuHotKey@@PEAVCRealConsole@@@Z 0000000140032fd0 f   ConEmuCtrl.obj
 0001:00032000       ?key_MultiNewPopupMenu2@CConEmuCtrl@@SA_NK_NPEBUConEmuHotKey@@PEAVCRealConsole@@@Z 0000000140033000 f   ConEmuCtrl.obj
 0001:00032030       ?key_MultiNewWindow@CConEmuCtrl@@SA_NK_NPEBUConEmuHotKey@@PEAVCRealConsole@@@Z 0000000140033030 f   ConEmuCtrl.obj
 0001:00032060       ?key_MultiNewAttach@CConEmuCtrl@@SA_NK_NPEBUConEmuHotKey@@PEAVCRealConsole@@@Z 0000000140033060 f   ConEmuCtrl.obj
 0001:000320a0       ?key_MultiNext@CConEmuCtrl@@SA_NK_NPEBUConEmuHotKey@@PEAVCRealConsole@@@Z 00000001400330a0 f   ConEmuCtrl.obj
 0001:000320c0       ?key_MultiNextShift@CConEmuCtrl@@SA_NK_NPEBUConEmuHotKey@@PEAVCRealConsole@@@Z 00000001400330c0 f   ConEmuCtrl.obj
 0001:000320e0       ?key_MultiRecreate@CConEmuCtrl@@SA_NK_NPEBUConEmuHotKey@@PEAVCRealConsole@@@Z 00000001400330e0 f   ConEmuCtrl.obj
 0001:00032110       ?key_AlternativeBuffer@CConEmuCtrl@@SA_NK_NPEBUConEmuHotKey@@PEAVCRealConsole@@@Z 0000000140033110 f   ConEmuCtrl.obj
 0001:00032130       ?key_MultiBuffer@CConEmuCtrl@@SA_NK_NPEBUConEmuHotKey@@PEAVCRealConsole@@@Z 0000000140033130 f   ConEmuCtrl.obj
 0001:00032150       ?key_MultiClose@CConEmuCtrl@@SA_NK_NPEBUConEmuHotKey@@PEAVCRealConsole@@@Z 0000000140033150 f   ConEmuCtrl.obj
 0001:00032180       ?key_TerminateProcess@CConEmuCtrl@@SA_NK_NPEBUConEmuHotKey@@PEAVCRealConsole@@@Z 0000000140033180 f   ConEmuCtrl.obj
 0001:000321b0       ?key_DuplicateRoot@CConEmuCtrl@@SA_NK_NPEBUConEmuHotKey@@PEAVCRealConsole@@@Z 00000001400331b0 f   ConEmuCtrl.obj
 0001:000321f0       ?key_MultiCmd@CConEmuCtrl@@SA_NK_NPEBUConEmuHotKey@@PEAVCRealConsole@@@Z 00000001400331f0 f   ConEmuCtrl.obj
 0001:00032260       ?key_CTSVkBlockStart@CConEmuCtrl@@SA_NK_NPEBUConEmuHotKey@@PEAVCRealConsole@@@Z 0000000140033260 f   ConEmuCtrl.obj
 0001:000322a0       ?key_CTSVkTextStart@CConEmuCtrl@@SA_NK_NPEBUConEmuHotKey@@PEAVCRealConsole@@@Z 00000001400332a0 f   ConEmuCtrl.obj
 0001:000322e0       ?key_About@CConEmuCtrl@@SA_NK_NPEBUConEmuHotKey@@PEAVCRealConsole@@@Z 00000001400332e0 f   ConEmuCtrl.obj
 0001:00032300       ?key_Hotkeys@CConEmuCtrl@@SA_NK_NPEBUConEmuHotKey@@PEAVCRealConsole@@@Z 0000000140033300 f   ConEmuCtrl.obj
 0001:00032320       ?key_Settings@CConEmuCtrl@@SA_NK_NPEBUConEmuHotKey@@PEAVCRealConsole@@@Z 0000000140033320 f   ConEmuCtrl.obj
 0001:00032360       ?key_SystemMenu@CConEmuCtrl@@SA_NK_NPEBUConEmuHotKey@@PEAVCRealConsole@@@Z 0000000140033360 f   ConEmuCtrl.obj
 0001:000323d0       ?key_TabMenu@CConEmuCtrl@@SA_NK_NPEBUConEmuHotKey@@PEAVCRealConsole@@@Z 00000001400333d0 f   ConEmuCtrl.obj
 0001:000324a0       ?key_ShowRealConsole@CConEmuCtrl@@SA_NK_NPEBUConEmuHotKey@@PEAVCRealConsole@@@Z 00000001400334a0 f   ConEmuCtrl.obj
 0001:000324d0       ?key_ForcedFullScreen@CConEmuCtrl@@SA_NK_NPEBUConEmuHotKey@@PEAVCRealConsole@@@Z 00000001400334d0 f   ConEmuCtrl.obj
 0001:000324f0       ?key_SwitchGuiFocus@CConEmuCtrl@@SA_NK_NPEBUConEmuHotKey@@PEAVCRealConsole@@@Z 00000001400334f0 f   ConEmuCtrl.obj
 0001:00032570       ?key_ChildSystemMenu@CConEmuCtrl@@SA_NK_NPEBUConEmuHotKey@@PEAVCRealConsole@@@Z 0000000140033570 f   ConEmuCtrl.obj
 0001:000325e0       ?key_BufferScroll@CConEmuCtrl@@SA_N_NEPEAVCRealConsole@@@Z 00000001400335e0 f   ConEmuCtrl.obj
 0001:000326e0       ?key_BufferScrollUp@CConEmuCtrl@@SA_NK_NPEBUConEmuHotKey@@PEAVCRealConsole@@@Z 00000001400336e0 f   ConEmuCtrl.obj
 0001:00032700       ?key_BufferScrollDown@CConEmuCtrl@@SA_NK_NPEBUConEmuHotKey@@PEAVCRealConsole@@@Z 0000000140033700 f   ConEmuCtrl.obj
 0001:00032720       ?key_BufferScrollPgUp@CConEmuCtrl@@SA_NK_NPEBUConEmuHotKey@@PEAVCRealConsole@@@Z 0000000140033720 f   ConEmuCtrl.obj
 0001:00032740       ?key_BufferScrollPgDn@CConEmuCtrl@@SA_NK_NPEBUConEmuHotKey@@PEAVCRealConsole@@@Z 0000000140033740 f   ConEmuCtrl.obj
 0001:00032760       ?key_CtrlTab@CConEmuCtrl@@SA_NK_NPEBUConEmuHotKey@@PEAVCRealConsole@@@Z 0000000140033760 f   ConEmuCtrl.obj
 0001:00032760       ?key_CtrlShiftTab@CConEmuCtrl@@SA_NK_NPEBUConEmuHotKey@@PEAVCRealConsole@@@Z 0000000140033760 f   ConEmuCtrl.obj
 0001:000327d0       ?key_CtrlTab_Next@CConEmuCtrl@@SA_NK_NPEBUConEmuHotKey@@PEAVCRealConsole@@@Z 00000001400337d0 f   ConEmuCtrl.obj
 0001:000327d0       ?key_CtrlTab_Prev@CConEmuCtrl@@SA_NK_NPEBUConEmuHotKey@@PEAVCRealConsole@@@Z 00000001400337d0 f   ConEmuCtrl.obj
 0001:00032860       ?key_WinSize@CConEmuCtrl@@SA_NE@Z 0000000140033860 f   ConEmuCtrl.obj
 0001:00032a10       ?key_WinWidthDec@CConEmuCtrl@@SA_NK_NPEBUConEmuHotKey@@PEAVCRealConsole@@@Z 0000000140033a10 f   ConEmuCtrl.obj
 0001:00032a20       ?key_WinWidthInc@CConEmuCtrl@@SA_NK_NPEBUConEmuHotKey@@PEAVCRealConsole@@@Z 0000000140033a20 f   ConEmuCtrl.obj
 0001:00032a30       ?key_WinHeightDec@CConEmuCtrl@@SA_NK_NPEBUConEmuHotKey@@PEAVCRealConsole@@@Z 0000000140033a30 f   ConEmuCtrl.obj
 0001:00032a40       ?key_WinHeightInc@CConEmuCtrl@@SA_NK_NPEBUConEmuHotKey@@PEAVCRealConsole@@@Z 0000000140033a40 f   ConEmuCtrl.obj
 0001:00032a50       ?PreparePortableReg@CConEmuMain@@QEAA_NXZ 0000000140033a50 f   ConEmu.obj
 0001:00032a50       ?key_WinDragStart@CConEmuCtrl@@SA_NK_NPEBUConEmuHotKey@@PEAVCRealConsole@@@Z 0000000140033a50 f   ConEmuCtrl.obj
 0001:00032a60       ?key_ConsoleNum@CConEmuCtrl@@SA_NK_NPEBUConEmuHotKey@@PEAVCRealConsole@@@Z 0000000140033a60 f   ConEmuCtrl.obj
 0001:00032b50       ?key_PicViewSlideshow@CConEmuCtrl@@SA_NK_NPEBUConEmuHotKey@@PEAVCRealConsole@@@Z 0000000140033b50 f   ConEmuCtrl.obj
 0001:00032d10       ?key_GuiMacro@CConEmuCtrl@@SA_NK_NPEBUConEmuHotKey@@PEAVCRealConsole@@@Z 0000000140033d10 f   ConEmuCtrl.obj
 0001:00032d80       ?ChooseTabFromMenu@CConEmuCtrl@@SAXHUtagPOINT@@K@Z 0000000140033d80 f   ConEmuCtrl.obj
 0001:00032e90       ?key_ShowTabsList@CConEmuCtrl@@SA_NK_NPEBUConEmuHotKey@@PEAVCRealConsole@@@Z 0000000140033e90 f   ConEmuCtrl.obj
 0001:00032f70       ?key_RenameTab@CConEmuCtrl@@SA_NK_NPEBUConEmuHotKey@@PEAVCRealConsole@@@Z 0000000140033f70 f   ConEmuCtrl.obj
 0001:00032f90       ?key_MoveTabLeft@CConEmuCtrl@@SA_NK_NPEBUConEmuHotKey@@PEAVCRealConsole@@@Z 0000000140033f90 f   ConEmuCtrl.obj
 0001:00032fd0       ?key_MoveTabRight@CConEmuCtrl@@SA_NK_NPEBUConEmuHotKey@@PEAVCRealConsole@@@Z 0000000140033fd0 f   ConEmuCtrl.obj
 0001:00033010       ?key_ShowCaption@CConEmuCtrl@@SA_NK_NPEBUConEmuHotKey@@PEAVCRealConsole@@@Z 0000000140034010 f   ConEmuCtrl.obj
 0001:00033090       ?key_AlwaysOnTop@CConEmuCtrl@@SA_NK_NPEBUConEmuHotKey@@PEAVCRealConsole@@@Z 0000000140034090 f   ConEmuCtrl.obj
 0001:000330d0       ?key_PasteTextAllApp@CConEmuCtrl@@SA_NK_NPEBUConEmuHotKey@@PEAVCRealConsole@@@Z 00000001400340d0 f   ConEmuCtrl.obj
 0001:00033170       ?key_PasteFirstLineAllApp@CConEmuCtrl@@SA_NK_NPEBUConEmuHotKey@@PEAVCRealConsole@@@Z 0000000140034170 f   ConEmuCtrl.obj
 0001:00033210       ?StatusCommand@CConEmuCtrl@@SAXW4ConEmuStatusCommand@@HPEB_WPEAVCRealConsole@@@Z 0000000140034210 f   ConEmuCtrl.obj
 0001:00033300       ?TabCommand@CConEmuCtrl@@SAXW4ConEmuTabCommand@@@Z 0000000140034300 f   ConEmuCtrl.obj
 0001:00033400       ?key_DeleteWordToLeft@CConEmuCtrl@@SA_NK_NPEBUConEmuHotKey@@PEAVCRealConsole@@@Z 0000000140034400 f   ConEmuCtrl.obj
 0001:00033460       ?key_RunTask@CConEmuCtrl@@SA_NK_NPEBUConEmuHotKey@@PEAVCRealConsole@@@Z 0000000140034460 f   ConEmuCtrl.obj
 0001:000334e0       ?key_FindTextDlg@CConEmuCtrl@@SA_NK_NPEBUConEmuHotKey@@PEAVCRealConsole@@@Z 00000001400344e0 f   ConEmuCtrl.obj
 0001:00033540       ?DoFindText@CConEmuCtrl@@SAXHPEAVCRealConsole@@@Z 0000000140034540 f   ConEmuCtrl.obj
 0001:000335c0       ?DoEndFindText@CConEmuCtrl@@SAXPEAVCRealConsole@@@Z 00000001400345c0 f   ConEmuCtrl.obj
 0001:00033640       ?SkipOneAppsReleaseHook@CConEmuCtrl@@CA_JH_K_J@Z 0000000140034640 f   ConEmuCtrl.obj
 0001:00033690       ?MakeScreenshot@CConEmuCtrl@@SAX_N@Z 0000000140034690 f   ConEmuCtrl.obj
 0001:00033900       ??_ECConEmuCtrl@@UEAAPEAXI@Z 0000000140034900 f i ConEmuCtrl.obj
 0001:00033900       ??_GCConEmuCtrl@@UEAAPEAXI@Z 0000000140034900 f i ConEmuCtrl.obj
 0001:00033930       ?key_ShowStatusBar@CConEmuCtrl@@SA_NK_NPEBUConEmuHotKey@@PEAVCRealConsole@@@Z 0000000140034930 f   ConEmuCtrl.obj
 0001:000339c0       ?key_ShowTabBar@CConEmuCtrl@@SA_NK_NPEBUConEmuHotKey@@PEAVCRealConsole@@@Z 00000001400349c0 f   ConEmuCtrl.obj
 0001:00033a50       ?key_PasteText@CConEmuCtrl@@SA_NK_NPEBUConEmuHotKey@@PEAVCRealConsole@@@Z 0000000140034a50 f   ConEmuCtrl.obj
 0001:00033ab0       ?key_PasteFirstLine@CConEmuCtrl@@SA_NK_NPEBUConEmuHotKey@@PEAVCRealConsole@@@Z 0000000140034ab0 f   ConEmuCtrl.obj
 0001:00033b10       ?SkipOneAppsRelease@CConEmuCtrl@@QEAAX_N@Z 0000000140034b10 f   ConEmuCtrl.obj
 0001:00033ba0       ?key_Screenshot@CConEmuCtrl@@SA_NK_NPEBUConEmuHotKey@@PEAVCRealConsole@@@Z 0000000140034ba0 f   ConEmuCtrl.obj
 0001:00033bc0       ?key_ScreenshotFull@CConEmuCtrl@@SA_NK_NPEBUConEmuHotKey@@PEAVCRealConsole@@@Z 0000000140034bc0 f   ConEmuCtrl.obj
 0001:00033be0       ?ProcessHotKey@CConEmuCtrl@@QEAAPEBUConEmuHotKey@@K_NPEB_WPEAVCRealConsole@@@Z 0000000140034be0 f   ConEmuCtrl.obj
 0001:00033e40       ?ProcessHotKeyMsg@CConEmuCtrl@@QEAA_NI_K_JPEB_WPEAVCRealConsole@@@Z 0000000140034e40 f   ConEmuCtrl.obj
 0001:000342a0       ?GetOpenedTabs@CConEmuCtrl@@SA_KAEAPEAUTabInfo@CESERVER_REQ_GETALLTABS@@@Z 00000001400352a0 f   ConEmuCtrl.obj
 0001:00034650       ??0CConEmuPipe@@QEAA@KK@Z  0000000140035650 f   ConEmuPipe.obj
 0001:000346c0       ?Close@CConEmuPipe@@QEAAXXZ 00000001400356c0 f   ConEmuPipe.obj
 0001:00034730       ?Init@CConEmuPipe@@QEAAHPEB_WH@Z 0000000140035730 f   ConEmuPipe.obj
 0001:000347b0       ?Execute@CConEmuPipe@@QEAAHHPEBXI@Z 00000001400357b0 f   ConEmuPipe.obj
 0001:00034b30       ?GetPtr@CConEmuPipe@@QEAAPEAEPEAK@Z 0000000140035b30 f   ConEmuPipe.obj
 0001:00034b70       ?Read@CConEmuPipe@@QEAAHPEAXKPEAK@Z 0000000140035b70 f   ConEmuPipe.obj
 0001:00034c30       ??1CConEmuPipe@@QEAA@XZ    0000000140035c30 f   ConEmuPipe.obj
 0001:00034c90       ??$wcscat_c@$0CAA@@@YAHAEAY0CAA@_WPEB_W@Z 0000000140035c90 f i ConfirmDlg.obj
 0001:00034d50       ?ConfirmCloseConsoles@@YAHAEBUConfirmCloseParam@@@Z 0000000140035d50 f   ConfirmDlg.obj
 0001:000354d0       ??1CustomFont@@UEAA@XZ     00000001400364d0 f i CustomFonts.obj
 0001:000354e0       ??_ECustomFont@@UEAAPEAXI@Z 00000001400364e0 f i CustomFonts.obj
 0001:000354e0       ??_GCustomFont@@UEAAPEAXI@Z 00000001400364e0 f i CustomFonts.obj
 0001:00035510       ??9@YA_NAEBUCEFONT@@0@Z    0000000140036510 f   CustomFonts.obj
 0001:00035540       ?CreateBitmap@BDFFont@@AEAAXXZ 0000000140036540 f i CustomFonts.obj
 0001:00035690       ?LoadBuffer@BDFFont@@SAPEADPEB_WAEAPEAD1@Z 0000000140036690 f i CustomFonts.obj
 0001:00035790       ?GetFamilyName@BDFFont@@SA_NPEB_WAEAY0CA@_W@Z 0000000140036790 f i CustomFonts.obj
 0001:000359b0       ?BDF_GetFamilyName@@YAHPEB_WAEAY0CA@_W@Z 00000001400369b0 f   CustomFonts.obj
 0001:00035a00       ??1CachedSolidBrush@@QEAA@XZ 0000000140036a00 f   CustomFonts.obj
 0001:00035a20       ?Get@CachedSolidBrush@@QEAAPEAUHBRUSH__@@K@Z 0000000140036a20 f   CustomFonts.obj
 0001:00035a70       ?DeleteDC@CEDC@@QEAAXXZ    0000000140036a70 f   CustomFonts.obj
 0001:00035b00       ?CreateDCW@CEDC@@QEAA_NII@Z 0000000140036b00 f   CustomFonts.obj
 0001:00035d10       ?SelectObject@CEDC@@QEAA?AUCEFONT@@U2@@Z 0000000140036d10 f   CustomFonts.obj
 0001:00035dc0       ?SetTextColor@CEDC@@QEAAXK@Z 0000000140036dc0 f   CustomFonts.obj
 0001:00035e00       ?SetBkColor@CEDC@@QEAAXK@Z 0000000140036e00 f   CustomFonts.obj
 0001:00035e40       ?SetBkMode@CEDC@@QEAAXH@Z  0000000140036e40 f   CustomFonts.obj
 0001:00035e80       ?ExtTextOutW@CEDC@@QEAAHHHIPEBUtagRECT@@PEB_WIPEBH@Z 0000000140036e80 f   CustomFonts.obj
 0001:00036060       ?ExtTextOutA@CEDC@@QEAAHHHIPEBUtagRECT@@PEBDIPEBH@Z 0000000140037060 f   CustomFonts.obj
 0001:000361a0       ?GetTextExtentPoint32W@CEDC@@QEAAHPEB_WHPEAUtagSIZE@@@Z 00000001400371a0 f   CustomFonts.obj
 0001:000361f0       ?GetFont@CustomFontFamily@@QEAAPEAVCustomFont@@HHHH@Z 00000001400371f0 f   CustomFonts.obj
 0001:00036330       ?IsMonospace@BDFFont@@UEAAHXZ 0000000140037330 f i CustomFonts.obj
 0001:00036340       ?HasUnicode@BDFFont@@UEAAHXZ 0000000140037340 f i CustomFonts.obj
 0001:00036350       ?GetSize@BDFFont@@UEAAHXZ  0000000140037350 f i CustomFonts.obj
 0001:00036370       ?GetTrackMenuPlace@CConEmuMenu@@QEAA?AW4TrackMenuPlace@@XZ 0000000140037370 f i Menu.obj
 0001:00036370       ?IsBold@BDFFont@@UEAAHXZ   0000000140037370 f i CustomFonts.obj
 0001:00036380       ?IsItalic@BDFFont@@UEAAHXZ 0000000140037380 f i CustomFonts.obj
 0001:00036380       ?IsUnderline@BDFFont@@UEAAHXZ 0000000140037380 f i CustomFonts.obj
 0001:00036380       ?DragEnter@CBaseDropTarget@@UEAAJPEAUIDataObject@@KU_POINTL@@PEAK@Z 0000000140037380 f i BaseDragDrops.obj
 0001:00036380       ?Drop@CBaseDropTarget@@UEAAJPEAUIDataObject@@KU_POINTL@@PEAK@Z 0000000140037380 f i BaseDragDrops.obj
 0001:00036380       ?DragOver@CBaseDropTarget@@UEAAJKU_POINTL@@PEAK@Z 0000000140037380 f i BaseDragDrops.obj
 0001:00036380       ?DragLeave@CBaseDropTarget@@UEAAJXZ 0000000140037380 f i BaseDragDrops.obj
 0001:00036390       ?GetBoundingBox@BDFFont@@UEAAXPEAJ0@Z 0000000140037390 f i CustomFonts.obj
 0001:000363a0       ?DrawTextW@BDFFont@@UEAAXPEAUHDC__@@HHPEB_WI@Z 00000001400373a0 f i CustomFonts.obj
 0001:00036460       ?DrawTextW@BDFFont@@UEAAXPEAK_KKKPEB_WI@Z 0000000140037460 f i CustomFonts.obj
 0001:000365d0       ??_GBDFFont@@UEAAPEAXI@Z   00000001400375d0 f i CustomFonts.obj
 0001:000365d0       ??_EBDFFont@@UEAAPEAXI@Z   00000001400375d0 f i CustomFonts.obj
 0001:00036650       ?Load@BDFFont@@SAPEAV1@PEB_W@Z 0000000140037650 f i CustomFonts.obj
 0001:00036d10       ?BDF_Load@@YAPEAVCustomFont@@PEB_W@Z 0000000140037d10 f   CustomFonts.obj
 0001:00036d20       ??0CEDC@@QEAA@PEAUHDC__@@@Z 0000000140037d20 f   CustomFonts.obj
 0001:00036d90       ?AddFont@CustomFontFamily@@QEAAXPEAVCustomFont@@@Z 0000000140037d90 f   CustomFonts.obj
 0001:00036e30       ??1CustomFontFamily@@QEAA@XZ 0000000140037e30 f   CustomFonts.obj
 0001:00036e80       ?StartDefTermHooker@@YAHKAEAPEAXAEAKPEB_W1@Z 0000000140037e80 f   DefaultTerm.obj
 0001:00037030       ?IsRegisteredOsStartup@CDefaultTerminal@@QEAA_NPEA_WKPEA_N@Z 0000000140038030 f   DefaultTerm.obj
 0001:00037140       ?CheckRegisterOsStartup@CDefaultTerminal@@QEAAXXZ 0000000140038140 f   DefaultTerm.obj
 0001:00037330       ?PostCheckThread@CDefaultTerminal@@CAKPEAX@Z 0000000140038330 f   DefaultTerm.obj
 0001:00037380       ?ClearThreads@CDefaultTerminal@@AEAAX_N@Z 0000000140038380 f   DefaultTerm.obj
 0001:00037470       ?ClearProcessed@CDefaultTerminal@@AEAAX_N@Z 0000000140038470 f   DefaultTerm.obj
 0001:000375a0       ?push_back@?$MArray@PEAX@@QEAA_JAEBQEAX@Z 00000001400385a0 f i DefaultTerm.obj
 0001:000375a0       ?push_back@?$MArray@PEAVCVConGuard@@@@QEAA_JAEBQEAVCVConGuard@@@Z 00000001400385a0 f i VConGroup.obj
 0001:00037620       ??0CDefaultTerminal@@QEAA@XZ 0000000140038620 f   DefaultTerm.obj
 0001:000376a0       ??1CDefaultTerminal@@QEAA@XZ 00000001400386a0 f   DefaultTerm.obj
 0001:000377d0       ?CheckForeground@CDefaultTerminal@@QEAA_NPEAUHWND__@@K_N@Z 00000001400387d0 f   DefaultTerm.obj
 0001:00037ba0       ?CheckShellWindow@CDefaultTerminal@@AEAA_NXZ 0000000140038ba0 f   DefaultTerm.obj
 0001:00037d00       ?OnHookedListChanged@CDefaultTerminal@@QEAAXXZ 0000000140038d00 f   DefaultTerm.obj
 0001:00037e30       ?PostCreatedThread@CDefaultTerminal@@CAKPEAX@Z 0000000140038e30 f   DefaultTerm.obj
 0001:00037e70       ?PostCreated@CDefaultTerminal@@QEAAX_N0@Z 0000000140038e70 f   DefaultTerm.obj
 0001:00038070       ?FileCreateName@CDragDrop@@IEAAPEA_WHHPEB_W0@Z 0000000140039070 f   DragDrop.obj
 0001:000385e0       ?FileStart@CDragDrop@@IEAAPEAXPEB_W@Z 00000001400395e0 f   DragDrop.obj
 0001:00038700       ?FileWrite@CDragDrop@@IEAAJPEAXK0@Z 0000000140039700 f   DragDrop.obj
 0001:00038840       ?DragOverInt@CDragDrop@@IEAAJKU_POINTL@@PEAK@Z 0000000140039840 f   DragDrop.obj
 0001:00038ba0       ?DragEnter@CDragDrop@@UEAAJPEAUIDataObject@@KU_POINTL@@PEAK@Z 0000000140039ba0 f   DragDrop.obj
 0001:00038cd0       ?DragLeave@CDragDrop@@UEAAJXZ 0000000140039cd0 f   DragDrop.obj
 0001:00038d10       ?CreateLink@CDragDrop@@QEAAJPEB_W00@Z 0000000140039d10 f   DragDrop.obj
 0001:00038de0       ?ReportUnknownData@CDragDrop@@IEAAXPEAUIDataObject@@PEB_W@Z 0000000140039de0 f   DragDrop.obj
 0001:00038fb0       ?DropNames@CDragDrop@@IEAAJPEAUHDROP__@@HH@Z 0000000140039fb0 f   DragDrop.obj
 0001:00039650       ?DropLinks@CDragDrop@@IEAAJPEAUHDROP__@@HH@Z 000000014003a650 f   DragDrop.obj
 0001:00039850       ?ShellOpThreadProc@CDragDrop@@KAKPEAX@Z 000000014003a850 f   DragDrop.obj
 0001:000399f0       ?DragOver@CDragDrop@@UEAAJKU_POINTL@@PEAK@Z 000000014003a9f0 f   DragDrop.obj
 0001:00039a80       ?push_back@?$MArray@UProcessInfo@CDefaultTerminal@@@@QEAA_JAEBUProcessInfo@CDefaultTerminal@@@Z 000000014003aa80 f i DefaultTerm.obj
 0001:00039a80       ?push_back@?$MArray@U_ThInfo@CDragDrop@@@@QEAA_JAEBU_ThInfo@CDragDrop@@@Z 000000014003aa80 f i DragDrop.obj
 0001:00039b00       ??0CDragDrop@@QEAA@XZ      000000014003ab00 f   DragDrop.obj
 0001:00039bb0       ??1CDragDrop@@QEAA@XZ      000000014003abb0 f   DragDrop.obj
 0001:00039e00       ?Drag@CDragDrop@@QEAAXHU_COORD@@@Z 000000014003ae00 f   DragDrop.obj
 0001:0003a020       ?DropFromStream@CDragDrop@@IEAAJPEAUIDataObject@@H@Z 000000014003b020 f   DragDrop.obj
 0001:0003a9f0       ?Drop@CDragDrop@@UEAAJPEAUIDataObject@@KU_POINTL@@PEAK@Z 000000014003b9f0 f   DragDrop.obj
 0001:0003b1b0       ?Register@CDragDropData@@QEAAHXZ 000000014003c1b0 f   DragDropData.obj
 0001:0003b220       ?UseTargetHelper@CDragDropData@@IEAA_N_N@Z 000000014003c220 f   DragDropData.obj
 0001:0003b300       ?UseSourceHelper@CDragDropData@@IEAA_NXZ 000000014003c300 f   DragDropData.obj
 0001:0003b3e0       ?AddFmt_SHELLIDLIST@CDragDropData@@AEAAHPEA_WIH@Z 000000014003c3e0 f   DragDropData.obj
 0001:0003b6e0       ?AddFmt_PREFERREDDROPEFFECT@CDragDropData@@AEAAHPEA_WIH@Z 000000014003c6e0 f   DragDropData.obj
 0001:0003b750       ?AddFmt_HDROP@CDragDropData@@AEAAHPEA_WIH@Z 000000014003c750 f   DragDropData.obj
 0001:0003b860       ?CheckIsUpdatePackage@CDragDropData@@IEAA_NPEAUIDataObject@@@Z 000000014003c860 f   DragDropData.obj
 0001:0003b980       ?NeedRefreshToInfo@CDragDropData@@QEAA_NU_POINTL@@@Z 000000014003c980 f   DragDropData.obj
 0001:0003ba50       ?DrawImageBits@CDragDropData@@IEAAHPEAUHDC__@@PEA_WPEAHH2@Z 000000014003ca50 f   DragDropData.obj
 0001:0003bc90       ?InDragDrop@CDragDropData@@QEAAHXZ 000000014003cc90 f   DragDropData.obj
 0001:0003bcb0       ?DragFeedBack@CDragDropData@@QEAAXK@Z 000000014003ccb0 f   DragDropData.obj
 0001:0003bd40       ??$PidlDump@PEFBU_ITEMIDLIST@@@@YAXPEFBU_ITEMIDLIST@@PEAX@Z 000000014003cd40 f i DragDropData.obj
 0001:0003bf20       ?StringCbCopyW@@YAJPEA_W_KPEB_W@Z 000000014003cf20 f i DragDropData.obj
 0001:0003bfb0       ?PaintDragImageBits@CDragDropData@@IEAAHPEA_WAEAPEAUHDC__@@AEAPEAUHBITMAP__@@2HHPEAH3PEAUtagPOINT@@_NK@Z 000000014003cfb0 f   DragDropData.obj
 0001:0003c4b0       ?IsDragStarting@CDragDropData@@QEAAHXZ 000000014003d4b0 f   DragDropData.obj
 0001:0003c510       ?ForwardMessage@CDragDropData@@QEAAHI_K_J@Z 000000014003d510 f   DragDropData.obj
 0001:0003c5a0       ?TerminateDrag@CDragDropData@@IEAAXXZ 000000014003d5a0 f   DragDropData.obj
 0001:0003c6e0       ??0CDragDropData@@QEAA@XZ  000000014003d6e0 f   DragDropData.obj
 0001:0003c760       ??1CDragDropData@@QEAA@XZ  000000014003d760 f   DragDropData.obj
 0001:0003c810       ?AddFmt_DragImageBits@CDragDropData@@AEAAHPEA_WIH@Z 000000014003d810 f   DragDropData.obj
 0001:0003ca10       ?EnumDragFormats@CDragDropData@@IEAAXPEAUIDataObject@@PEAX@Z 000000014003da10 f   DragDropData.obj
 0001:0003d4d0       ?SetDragToInfo@CDragDropData@@QEAAXPEBUForwardedPanelInfo@@_KPEAVCRealConsole@@@Z 000000014003e4d0 f   DragDropData.obj
 0001:0003d6f0       ?RetrieveDragToInfo@CDragDropData@@QEAAXU_POINTL@@@Z 000000014003e6f0 f   DragDropData.obj
 0001:0003daa0       ?RetrieveDragFromInfo@CDragDropData@@AEAAHHU_COORD@@PEAPEA_WPEAI@Z 000000014003eaa0 f   DragDropData.obj
 0001:0003dfa0       ?PrepareDrag@CDragDropData@@QEAAHHU_COORD@@PEAK@Z 000000014003efa0 f   DragDropData.obj
 0001:0003e2b0       ??1CDwmHelper@@UEAA@XZ     000000014003f2b0 f   DwmHelper.obj
 0001:0003e3b0       ?InitDwm@CDwmHelper@@AEAAXXZ 000000014003f3b0 f   DwmHelper.obj
 0001:0003e810       ?IsDwm@CDwmHelper@@QEAA_NXZ 000000014003f810 f   DwmHelper.obj
 0001:0003e850       ?IsGlass@CDwmHelper@@QEAA_NXZ 000000014003f850 f   DwmHelper.obj
 0001:0003e880       ?IsThemed@CDwmHelper@@QEAA_NXZ 000000014003f880 f   DwmHelper.obj
 0001:0003e8c0       ?DwmDefWindowProc@CDwmHelper@@QEAAHPEAUHWND__@@I_K_JPEA_J@Z 000000014003f8c0 f   DwmHelper.obj
 0001:0003e910       ?DwmGetWindowAttribute@CDwmHelper@@QEAAJPEAUHWND__@@KPEAXK@Z 000000014003f910 f   DwmHelper.obj
 0001:0003e950       ?GetDwmClientRectTopOffset@CDwmHelper@@QEAAHXZ 000000014003f950 f   DwmHelper.obj
 0001:0003e9d0       ?BeginBufferedPaint@CDwmHelper@@QEAAPEAXPEAUHDC__@@AEBUtagRECT@@AEAUPaintDC@@@Z 000000014003f9d0 f   DwmHelper.obj
 0001:0003eb70       ?EndBufferedPaint@CDwmHelper@@QEAAJAEAUPaintDC@@H@Z 000000014003fb70 f   DwmHelper.obj
 0001:0003ec40       ?ForceSetIconic@CDwmHelper@@QEAAXPEAUHWND__@@@Z 000000014003fc40 f   DwmHelper.obj
 0001:0003ecb0       ?DwmSetIconicThumbnail@CDwmHelper@@QEAAJPEAUHWND__@@PEAUHBITMAP__@@@Z 000000014003fcb0 f   DwmHelper.obj
 0001:0003ece0       ?DwmSetIconicLivePreviewBitmap@CDwmHelper@@QEAAJPEAUHWND__@@PEAUHBITMAP__@@PEAUtagPOINT@@@Z 000000014003fce0 f   DwmHelper.obj
 0001:0003ed20       ?DwmInvalidateIconicBitmaps@CDwmHelper@@QEAAJPEAUHWND__@@@Z 000000014003fd20 f   DwmHelper.obj
 0001:0003ed40       ??_ECDwmHelper@@UEAAPEAXI@Z 000000014003fd40 f i DwmHelper.obj
 0001:0003ed40       ??_GCDwmHelper@@UEAAPEAXI@Z 000000014003fd40 f i DwmHelper.obj
 0001:0003ed70       ?DrawType@CDwmHelper@@QEAA?AW4FrameDrawStyle@@XZ 000000014003fd70 f   DwmHelper.obj
 0001:0003ee00       ?ExtendWindowFrame@CDwmHelper@@QEAA_NXZ 000000014003fe00 f   DwmHelper.obj
 0001:0003ee70       ??0CDwmHelper@@QEAA@XZ     000000014003fe70 f   DwmHelper.obj
 0001:0003eeb0       ?GetImageSubsystem@@YA_NPEB_WAEAK11@Z 000000014003feb0 f   Execute.obj
 0001:0003f1b0       ?UpdateFindDlgAlpha@CEFindDlg@@QEAAX_N@Z 00000001400401b0 f   FindDlg.obj
 0001:0003f280       ?findTextProc@CEFindDlg@@SA_JPEAUHWND__@@I_K_J@Z 0000000140040280 f   FindDlg.obj
 0001:0003f7c0       ?FindTextDialog@CEFindDlg@@QEAAXXZ 00000001400407c0 f   FindDlg.obj
 0001:0003f8f0       ??0CFrameHolder@@QEAA@XZ   00000001400408f0 f   FrameHolder.obj
 0001:0003f920       ??1CFrameHolder@@UEAA@XZ   0000000140040920 f   FrameHolder.obj
 0001:0003f940       ?PostScClose@CFrameHolder@@QEAAXXZ 0000000140040940 f   FrameHolder.obj
 0001:0003f960       ?RedrawFrame@CFrameHolder@@QEAAXXZ 0000000140040960 f   FrameHolder.obj
 0001:0003f9d0       ?NC_Wrapper@CFrameHolder@@IEAA_JPEAUHWND__@@I_K_J@Z 00000001400409d0 f   FrameHolder.obj
 0001:0003fa60       ?SetDontPreserveClient@CFrameHolder@@QEAA_N_N@Z 0000000140040a60 f   FrameHolder.obj
 0001:0003fa70       ?SetAllowPreserveClient@CFrameHolder@@QEAA_N_N@Z 0000000140040a70 f   FrameHolder.obj
 0001:0003fa80       ?OnNcHitTest@CFrameHolder@@IEAA_JPEAUHWND__@@I_K_J@Z 0000000140040a80 f   FrameHolder.obj
 0001:0003fcc0       ?GetFrameHeight@CFrameHolder@@QEAAHXZ 0000000140040cc0 f   FrameHolder.obj
 0001:0003fcd0       ?GetTabsHeight@CFrameHolder@@QEAAHXZ 0000000140040cd0 f   FrameHolder.obj
 0001:0003fd20       ?GetCaptionDragHeight@CFrameHolder@@QEAAHXZ 0000000140040d20 f   FrameHolder.obj
 0001:0003fd30       ??_ECFrameHolder@@UEAAPEAXI@Z 0000000140040d30 f i FrameHolder.obj
 0001:0003fd30       ??_GCFrameHolder@@UEAAPEAXI@Z 0000000140040d30 f i FrameHolder.obj
 0001:0003fd60       ?CalculateCaptionPosition@CFrameHolder@@UEAAXAEBUtagRECT@@PEAU2@@Z 0000000140040d60 f   FrameHolder.obj
 0001:0003fde0       ?CalculateTabPosition@CFrameHolder@@UEAAXAEBUtagRECT@@0PEAU2@@Z 0000000140040de0 f   FrameHolder.obj
 0001:0003ffe0       ?RecalculateFrameSizes@CFrameHolder@@QEAAXXZ 0000000140040fe0 f   FrameHolder.obj
 0001:000400b0       ?InitFrameHolder@CFrameHolder@@QEAAXXZ 00000001400410b0 f   FrameHolder.obj
 0001:000400c0       ?OnPaint@CFrameHolder@@IEAA_JPEAUHWND__@@PEAUHDC__@@@Z 00000001400410c0 f   FrameHolder.obj
 0001:00040220       ?OnNcPaint@CFrameHolder@@IEAA_JPEAUHWND__@@I_K_J@Z 0000000140041220 f   FrameHolder.obj
 0001:00040440       ?OnNcActivate@CFrameHolder@@IEAA_JPEAUHWND__@@I_K_J@Z 0000000140041440 f   FrameHolder.obj
 0001:00040560       ?OnNcCalcSize@CFrameHolder@@IEAA_JPEAUHWND__@@I_K_J@Z 0000000140041560 f   FrameHolder.obj
 0001:00040810       ?ProcessNcMessage@CFrameHolder@@QEAA_NPEAUHWND__@@I_K_JAEA_J@Z 0000000140041810 f   FrameHolder.obj
 0001:00040e00       ??0CGestures@@QEAA@XZ      0000000140041e00 f   GestureEngine.obj
 0001:00040ed0       ??1CGestures@@UEAA@XZ      0000000140041ed0 f   GestureEngine.obj
 0001:00040ee0       ?IsGesturesEnabled@CGestures@@QEAA_NXZ 0000000140041ee0 f   GestureEngine.obj
 0001:00040f40       ?SendRClick@CGestures@@AEAAXPEAUHWND__@@JJ@Z 0000000140041f40 f   GestureEngine.obj
 0001:00041060       ?ProcessTwoFingerTap@CGestures@@UEAAXPEAUHWND__@@JJK@Z 0000000140042060 f   GestureEngine.obj
 0001:00041060       ?ProcessPressAndTap@CGestures@@UEAAXPEAUHWND__@@JJFF@Z 0000000140042060 f   GestureEngine.obj
 0001:00041070       ?ProcessZoom@CGestures@@UEAAXPEAUHWND__@@NJJ@Z 0000000140042070 f   GestureEngine.obj
 0001:00041100       ?ProcessMove@CGestures@@UEAA_NPEAUHWND__@@JJ@Z 0000000140042100 f   GestureEngine.obj
 0001:00041260       ?ProcessRotate@CGestures@@UEAA_NPEAUHWND__@@JJJ_N@Z 0000000140042260 f   GestureEngine.obj
 0001:00041310       ??_ECGestures@@UEAAPEAXI@Z 0000000140042310 f i GestureEngine.obj
 0001:00041310       ??_GCGestures@@UEAAPEAXI@Z 0000000140042310 f i GestureEngine.obj
 0001:00041340       ?DumpGesture@CGestures@@AEAAXPEB_WAEBUtagGESTUREINFO@@@Z 0000000140042340 f   GestureEngine.obj
 0001:00041660       ?ProcessGestureMessage@CGestures@@UEAA_NPEAUHWND__@@I_K_JAEA_J@Z 0000000140042660 f   GestureEngine.obj
 0001:00041bc0       ?ServerCommandFree@CRealServer@@KAXPEAUCESERVER_REQ@@_J@Z 0000000140042bc0 f   RealServer.obj
 0001:00041bc0       ?GuiServerFree@CGuiServer@@KAXPEAUCESERVER_REQ@@_J@Z 0000000140042bc0 f   GuiServer.obj
 0001:00041be0       ?DumpError@?$PipeServer@UCESERVER_REQ@@@@IEAAXPEAUPipeInst@1@PEB_WH@Z 0000000140042be0 f i GuiServer.obj
 0001:00041d00       ?_PipeServerThread@?$PipeServer@UCESERVER_REQ@@@@KAKPEAX@Z 0000000140042d00 f i GuiServer.obj
 0001:00041d60       ?WaitOverlapped@?$PipeServer@UCESERVER_REQ@@@@IEAAHPEAUPipeInst@1@PEAK@Z 0000000140042d60 f i GuiServer.obj
 0001:00041fc0       ?AllocRequestBuf@PipeInst@?$PipeServer@UCESERVER_REQ@@@@QEAAPEAUCESERVER_REQ@@K@Z 0000000140042fc0 f i GuiServer.obj
 0001:00042020       ??0CGuiServer@@QEAA@XZ     0000000140043020 f   GuiServer.obj
 0001:00042070       ?StopPipeServer@?$PipeServer@UCESERVER_REQ@@@@QEAAX_N@Z 0000000140043070 f i GuiServer.obj
 0001:000423c0       ?StartPipeInstance@?$PipeServer@UCESERVER_REQ@@@@IEAA_NPEAUPipeInst@1@@Z 00000001400433c0 f i GuiServer.obj
 0001:000424c0       ?PipeServerRead@?$PipeServer@UCESERVER_REQ@@@@IEAAHPEAUPipeInst@1@@Z 00000001400434c0 f i GuiServer.obj
 0001:00042730       ?WaitForClient@?$PipeServer@UCESERVER_REQ@@@@IEAA_NPEAUPipeInst@1@AEAH1@Z 0000000140043730 f i GuiServer.obj
 0001:00042b80       ?WriteDummyAnswer@?$PipeServer@UCESERVER_REQ@@@@IEAAHPEAUPipeInst@1@@Z 0000000140043b80 f i GuiServer.obj
 0001:00042cb0       ?Stop@CGuiServer@@QEAAX_N@Z 0000000140043cb0 f   GuiServer.obj
 0001:00042d30       ?GuiServerCommand@CGuiServer@@KAHPEAXPEAUCESERVER_REQ@@AEAPEAU2@AEAK3_J@Z 0000000140043d30 f   GuiServer.obj
 0001:00043660       ?StartPipeServer@?$PipeServer@UCESERVER_REQ@@@@QEAA_NPEB_W_JPEAU_SECURITY_ATTRIBUTES@@P6AHPEAXPEAUCESERVER_REQ@@AEAPEAU3@AEAK61@ZP6AX41@ZP6AH31@Z99@Z 0000000140044660 f i GuiServer.obj
 0001:000437f0       ?PipeServerThread@?$PipeServer@UCESERVER_REQ@@@@IEAAKPEAUPipeInst@1@@Z 00000001400447f0 f i GuiServer.obj
 0001:00043b90       ??1CGuiServer@@QEAA@XZ     0000000140044b90 f   GuiServer.obj
 0001:00043c00       ?Start@CGuiServer@@QEAA_NXZ 0000000140044c00 f   GuiServer.obj
[...]
 0001:000fbeb0       ?dtor$0@?0??OnPaintGaps@CConEmuChild@@QEAA_JXZ@4HA 00000001400fceb0 f   VConGroup.obj
 0001:000fbeb0       ?dtor$0@?0??FindFarWindowHelper@CConEmuMacro@@SAPEA_WIPEA_WPEAVCRealConsole@@_N@Z@4HA 00000001400fceb0 f   VConGroup.obj
 0001:000fbeb0       ?dtor$0@?0??OnTimer@CConEmuMain@@QEAA_J_K_J@Z@4HA 00000001400fceb0 f   VConGroup.obj
 0001:000fbeb0       ?dtor$0@?0??TrackMouse@CConEmuChild@@QEAAHXZ@4HA 00000001400fceb0 f   VConGroup.obj
 0001:000fbeb0       ?dtor$0@?0??InSelection@ConEmuHotKey@@SA_NXZ@4HA 00000001400fceb0 f   VConGroup.obj
 0001:000fbeb0       ?dtor$0@?0??key_ChildSystemMenu@CConEmuCtrl@@SA_NK_NPEBUConEmuHotKey@@PEAVCRealConsole@@@Z@4HA 00000001400fceb0 f   VConGroup.obj
 0001:000fbeb0       ?dtor$0@?0??ShowAllVCon@CVConGroup@@IEAAXH@Z@4HA 00000001400fceb0 f   VConGroup.obj
 0001:000fbeb0       ?dtor$0@?0??DoFindText@CConEmuCtrl@@SAXHPEAVCRealConsole@@@Z@4HA 00000001400fceb0 f   VConGroup.obj
 0001:000fbeb0       ?dtor$0@?0??DoEndFindText@CConEmuCtrl@@SAXPEAVCRealConsole@@@Z@4HA 00000001400fceb0 f   VConGroup.obj
 0001:000fbeb0       ?dtor$0@?0??ActivateNextPane@CVConGroup@@SA_NPEAVCVirtualConsole@@HH@Z@4HA 00000001400fceb0 f   VConGroup.obj
 0001:000fbeb0       ?dtor$0@?0??isVConHWND@CVConGroup@@SA_NPEAUHWND__@@PEAVCVConGuard@@@Z@4HA 00000001400fceb0 f   VConGroup.obj
 0001:000fbeb0       ?dtor$0@?0??OnNotify@TabBarClass@@QEAA_JPEAUtagNMHDR@@@Z@4HA 00000001400fceb0 f   VConGroup.obj
 0001:000fbeb0       ?dtor$0@?0??isInCreateRoot@CVConGroup@@SA_NXZ@4HA 00000001400fceb0 f   VConGroup.obj
 0001:000fbeb0       ?dtor$0@?0??OnWmHotkey@CConEmuMain@@QEAAX_K@Z@4HA 00000001400fceb0 f   VConGroup.obj
 0001:000fbeb0       ?dtor$0@?0??isDetached@CVConGroup@@SA_NXZ@4HA 00000001400fceb0 f   VConGroup.obj
 0001:000fbeb0       ?dtor$0@?0??GetRootOfVCon@CVConGroup@@KAPEAV1@PEAVCVirtualConsole@@@Z@4HA 00000001400fceb0 f   VConGroup.obj
 0001:000fbeb0       ?dtor$0@?0??ShowActiveGroup@CVConGroup@@KAXPEAVCVirtualConsole@@@Z@4HA 00000001400fceb0 f   VConGroup.obj
 0001:000fbeb0       ?dtor$0@?0??OnAlwaysShowScrollbar@CConEmuChild@@QEAAX_N@Z@4HA 00000001400fceb0 f   VConGroup.obj
 0001:000fbeb0       ?dtor$0@?0??UseCTSShiftArrow@ConEmuHotKey@@SA_NXZ@4HA 00000001400fceb0 f   VConGroup.obj
 0001:000fbeb0       ?dtor$0@?0??GetVCon@CConEmuMain@@QEAAPEAVCVirtualConsole@@H_N@Z@4HA 00000001400fceb0 f   VConGroup.obj
 0001:000fbeb0       ?dtor$0@?0??GetVConFromPoint@CConEmuMain@@QEAAPEAVCVirtualConsole@@UtagPOINT@@@Z@4HA 00000001400fceb0 f   VConGroup.obj
 0001:000fbeb0       ?dtor$0@?0??CheckAllowAutoChildFocus@CConEmuMain@@QEAAXK@Z@4HA 00000001400fceb0 f   VConGroup.obj
 0001:000fbeb0       ?dtor$0@?0??OnSwitchGuiFocus@CConEmuMain@@QEAAXW4SwitchGuiFocusOp@@@Z@4HA 00000001400fceb0 f   VConGroup.obj
 0001:000fbeb0       ?dtor$0@?0??ProcessRunQueue@CRunQueue@@QEAAX_N@Z@4HA 00000001400fceb0 f   VConGroup.obj
 0001:000fbeb0       ?dtor$0@?0??isOurConsoleWindow@CVConGroup@@SA_NPEAUHWND__@@@Z@4HA 00000001400fceb0 f   VConGroup.obj
 0001:000fbeb0       ?dtor$0@?0??isOurWindow@CVConGroup@@SA_NPEAUHWND__@@@Z@4HA 00000001400fceb0 f   VConGroup.obj
 0001:000fbeb0       ?dtor$0@?0??isOurGuiChildWindow@CVConGroup@@SA_NPEAUHWND__@@@Z@4HA 00000001400fceb0 f   VConGroup.obj
 0001:000fbeb0       ?dtor$0@?0??isChildWindowVisible@CVConGroup@@SA_NXZ@4HA 00000001400fceb0 f   VConGroup.obj
 0001:000fbeb0       ?dtor$0@?0??OnRConTimerCheck@CVConGroup@@SAXXZ@4HA 00000001400fceb0 f   VConGroup.obj
 0001:000fbeb0       ?dtor$0@?0??GetVConFromPoint@CVConGroup@@SA_NUtagPOINT@@PEAVCVConGuard@@@Z@4HA 00000001400fceb0 f   VConGroup.obj
 0001:000fbeb0       ?dtor$0@?0??ExportEnvVarAll@CVConGroup@@SAXPEAUCESERVER_REQ@@PEAVCRealConsole@@@Z@4HA 00000001400fceb0 f   VConGroup.obj
 0001:000fbeb0       ?dtor$0@?0??OnInfo_ThrowTrapException@CConEmuMain@@QEAAX_N@Z@4HA 00000001400fceb0 f   VConGroup.obj
 0001:000fbeb0       ?dtor$0@?0??UpdateGuiInfoMappingActive@CConEmuMain@@AEAAX_N@Z@4HA 00000001400fceb0 f   VConGroup.obj
 0001:000fbeb0       ?dtor$0@?0??AskChangeBufferHeight@CConEmuMain@@QEAAXXZ@4HA 00000001400fceb0 f   VConGroup.obj
 0001:000fbeb0       ?dtor$0@?0??AskChangeAlternative@CConEmuMain@@QEAAXXZ@4HA 00000001400fceb0 f   VConGroup.obj
 0001:000fbeb0       ?dtor$0@?0??TrackMouse@CConEmuMain@@QEAAHXZ@4HA 00000001400fceb0 f   VConGroup.obj
 0001:000fbeb0       ?dtor$0@?0??OnUpdateGuiInfoMapping@CVConGroup@@SAXPEAUConEmuGuiMapping@@@Z@4HA 00000001400fceb0 f   VConGroup.obj
 0001:000fbeb0       ?dtor$0@?0??OnTaskbarSettingsChanged@CVConGroup@@SAXXZ@4HA 00000001400fceb0 f   VConGroup.obj
 0001:000fbeb0       ?dtor$0@?0??OnTaskbarCreated@CVConGroup@@SAXXZ@4HA 00000001400fceb0 f   VConGroup.obj
 0001:000fbeb0       ?dtor$0@?0??PostDragCopy@CConEmuMain@@QEAAXHH@Z@4HA 00000001400fceb0 f   VConGroup.obj
 0001:000fbeb0       ?dtor$0@?0??PostMacro@CConEmuMain@@QEAAXPEB_W@Z@4HA 00000001400fceb0 f   VConGroup.obj
 0001:000fbeb0       ?dtor$0@?0??UpdateWinHookSettings@CConEmuMain@@QEAAXXZ@4HA 00000001400fceb0 f   VConGroup.obj
 0001:000fbeb0       ?dtor$0@?0??CtrlWinAltSpace@CConEmuMain@@QEAAXXZ@4HA 00000001400fceb0 f   VConGroup.obj
 0001:000fbeb0       ?dtor$0@?0??OnUpdateScrollInfo@CVConGroup@@SAXXZ@4HA 00000001400fceb0 f   VConGroup.obj
 0001:000fbeb0       ?dtor$0@?0??OnUpdateFarSettings@CVConGroup@@SAXXZ@4HA 00000001400fceb0 f   VConGroup.obj
 0001:000fbeb0       ?dtor$0@?0??OnUpdateTextColorSettings@CVConGroup@@SAXHH@Z@4HA 00000001400fceb0 f   VConGroup.obj
 0001:000fbeb0       ?dtor$0@?0??DoSrvCreated@CVConGroup@@SAPEAUHWND__@@KQEAU2@KAEAK11AEAHAEAPEAU2@@Z@4HA 00000001400fceb0 f   VConGroup.obj
 0001:000fbeb0       ?dtor$0@?0??UpdateSizes@CConEmuMain@@QEAAXXZ@4HA 00000001400fceb0 f   VConGroup.obj
 0001:000fbeb0       ?dtor$0@?0??ShowKeyBarHint@CConEmuMenu@@AEAAXPEAUHMENU__@@GG@Z@4HA 00000001400fceb0 f   VConGroup.obj
 0001:000fbeb0       ?dtor$0@?0??NeedBackgroundUpdate@CSettings@@QEAAXXZ@4HA 00000001400fceb0 f   VConGroup.obj
 0001:000fbeb0       ?dtor$0@?0??OnOurDialogClosed@CConEmuMain@@QEAAXXZ@4HA 00000001400fceb0 f   VConGroup.obj
 0001:000fbeb0       ?dtor$0@?0??IsActiveConAdmin@CConEmuMain@@QEAA_NXZ@4HA 00000001400fceb0 f   VConGroup.obj
 0001:000fbeb0       ?dtor$0@?0??NeedRefreshToInfo@CDragDropData@@QEAA_NU_POINTL@@@Z@4HA 00000001400fceb0 f   VConGroup.obj
 0001:000fbeb0       ?dtor$0@?0??CreateWindowRgn@CConEmuMain@@QEAAPEAUHRGN__@@_N0HHHH@Z@4HA 00000001400fceb0 f   VConGroup.obj
 0001:000fbeb0       ?dtor$0@?0??ColorCtlStatic@CSettings@@AEAA_JPEAUHWND__@@G0@Z@4HA 00000001400fceb0 f   VConGroup.obj
 0001:000fbeb0       ?dtor$0@?0??InvalidateAll@CVConGroup@@SAXXZ@4HA 00000001400fceb0 f   VConGroup.obj
 0001:000fbeb0       ?dtor$0@?0??GetExclusionRgn@CVConGroup@@SAPEAUHRGN__@@_N@Z@4HA 00000001400fceb0 f   VConGroup.obj
 0001:000fbeb0       ?dtor$0@?0??AllTextRect@CVConGroup@@SA?AUtagRECT@@_N@Z@4HA 00000001400fceb0 f   VConGroup.obj
 0001:000fbeb0       ?dtor$0@?0??SetRedraw@CVConGroup@@SAX_N@Z@4HA 00000001400fceb0 f   VConGroup.obj
 0001:000fbeb0       ?dtor$0@?0??Redraw@CVConGroup@@SAXXZ@4HA 00000001400fceb0 f   VConGroup.obj
 0001:000fbeb0       ?dtor$0@?0??UpdateTitle@CConEmuMain@@QEAAXXZ@4HA 00000001400fceb0 f   VConGroup.obj
 0001:000fbeb0       ?dtor$0@?0??OnGuiFocused@CVConGroup@@SAXHH@Z@4HA 00000001400fceb0 f   VConGroup.obj
 0001:000fbeb0       ?dtor$0@?0??NotifyChildrenWindows@CVConGroup@@SAXXZ@4HA 00000001400fceb0 f   VConGroup.obj
 0001:000fbed0       ?dtor$0@?0??SplitVConGroup@CVConGroup@@AEAAPEAV1@W4SplitType@RConStartArgs@@I@Z@4HA 00000001400fced0 f   VConGroup.obj
 0001:000fbef0       ?dtor$1@?0??SplitVConGroup@CVConGroup@@AEAAPEAV1@W4SplitType@RConStartArgs@@I@Z@4HA 00000001400fcef0 f   VConGroup.obj
 0001:000fbf10       ?dtor$0@?0??RemoveGroup@CVConGroup@@IEAAXXZ@4HA 00000001400fcf10 f   VConGroup.obj
 0001:000fbf30       ?dtor$0@?0??MoveAllVCon@CVConGroup@@SAXPEAVCVirtualConsole@@UtagRECT@@@Z@4HA 00000001400fcf30 f   VConGroup.obj
 0001:000fbf50       ?dtor$1@?0??MoveAllVCon@CVConGroup@@SAXPEAVCVirtualConsole@@UtagRECT@@@Z@4HA 00000001400fcf50 f   VConGroup.obj
 0001:000fbf70       ?dtor$0@?0??SetConsoleSizes@CVConGroup@@IEAAXAEBU_COORD@@AEBUtagRECT@@_N@Z@4HA 00000001400fcf70 f   VConGroup.obj
 0001:000fbf90       ?dtor$1@?0??SetConsoleSizes@CVConGroup@@IEAAXAEBU_COORD@@AEBUtagRECT@@_N@Z@4HA 00000001400fcf90 f   VConGroup.obj
 0001:000fbfb0       ?dtor$2@?0??SetConsoleSizes@CVConGroup@@IEAAXAEBU_COORD@@AEBUtagRECT@@_N@Z@4HA 00000001400fcfb0 f   VConGroup.obj
 0001:000fbfd0       ?dtor$3@?0??SetConsoleSizes@CVConGroup@@IEAAXAEBU_COORD@@AEBUtagRECT@@_N@Z@4HA 00000001400fcfd0 f   VConGroup.obj
 0001:000fbff0       ?dtor$0@?0??SetAllConsoleWindowsSize@CVConGroup@@SAXUtagRECT@@W4ConEmuRect@@U_COORD@@_N@Z@4HA 00000001400fcff0 f   VConGroup.obj
 0001:000fc010       ?dtor$1@?0??SetAllConsoleWindowsSize@CVConGroup@@SAXUtagRECT@@W4ConEmuRect@@U_COORD@@_N@Z@4HA 00000001400fd010 f   VConGroup.obj
 0001:000fc030       ?dtor$0@?0??ProcessStatusMessage@CStatus@@QEAA_NPEAUHWND__@@I_K_JUtagPOINT@@AEA_J@Z@4HA 00000001400fd030 f   VConGroup.obj
 0001:000fc030       ?dtor$0@?0??key_WinSize@CConEmuCtrl@@SA_NE@Z@4HA 00000001400fd030 f   VConGroup.obj
 0001:000fc030       ?dtor$0@?0??SyncAllConsoles2Window@CVConGroup@@SAXUtagRECT@@W4ConEmuRect@@_N@Z@4HA 00000001400fd030 f   VConGroup.obj
 0001:000fc030       ?dtor$0@?0??ToolProc@TabBarClass@@KA_JPEAUHWND__@@I_K_J@Z@4HA 00000001400fd030 f   VConGroup.obj
 0001:000fc050       ?dtor$0@?0??OnConsoleResize@CVConGroup@@SAX_N@Z@4HA 00000001400fd050 f   VConGroup.obj
 0001:000fc050       ?dtor$0@?0??CalcRect@CVConGroup@@SA?AUtagRECT@@W4ConEmuRect@@U2@0PEAVCVirtualConsole@@W4ConEmuMargins@@@Z@4HA 00000001400fd050 f   VConGroup.obj
 0001:000fc070       ?dtor$0@?0??CheckPanelDrag@CConEmuMain@@QEAA?AW4DragPanelBorder@@U_COORD@@@Z@4HA 00000001400fd070 f   VConGroup.obj
 0001:000fc070       ?dtor$0@?0??ShowPopupMenu@CConEmuMenu@@QEAAXPEAVCVirtualConsole@@UtagPOINT@@K@Z@4HA 00000001400fd070 f   VConGroup.obj
 0001:000fc070       ?dtor$0@?0??PatchMouseEvent@CConEmuMain@@IEAA_NIAEAUtagPOINT@@0_KAEA_N@Z@4HA 00000001400fd070 f   VConGroup.obj
 0001:000fc070       ?dtor$0@?0??OnLangChange@CConEmuMain@@QEAA_JI_K_J@Z@4HA 00000001400fd070 f   VConGroup.obj
 0001:000fc070       ?dtor$0@?0??SyncConsoleToWindow@CVConGroup@@SAXPEAUtagRECT@@_N@Z@4HA 00000001400fd070 f   VConGroup.obj
 0001:000fc070       ?dtor$0@?0??ReSizePanes@CVConGroup@@SAXUtagRECT@@@Z@4HA 00000001400fd070 f   VConGroup.obj
 0001:000fc070       ?dtor$0@?0??OnSizePanels@CConEmuMain@@QEAAXU_COORD@@@Z@4HA 00000001400fd070 f   VConGroup.obj
 0001:000fc070       ?dtor$0@?0??OnSetCursor@CConEmuMain@@QEAA_J_K_J@Z@4HA 00000001400fd070 f   VConGroup.obj
 0001:000fc090       ?dtor$0@?0??CloseAllButActive@CVConGroup@@SAXPEAVCVirtualConsole@@@Z@4HA 00000001400fd090 f   VConGroup.obj
 0001:000fc0b0       ?dtor$1@?0??CloseAllButActive@CVConGroup@@SAXPEAVCVirtualConsole@@@Z@4HA 00000001400fd0b0 f   VConGroup.obj
 0001:000fc0d0       ?dtor$0@?0??InsideUpdateDir@CConEmuInside@@AEAAXXZ@4HA 00000001400fd0d0 f   VConGroup.obj
 0001:000fc0d0       ?dtor$0@?0??ChildWndProc@CConEmuChild@@SA_JPEAUHWND__@@I_K_J@Z@4HA 00000001400fd0d0 f   VConGroup.obj
 0001:000fc0d0       ?dtor$0@?0??ConActivate@CVConGroup@@SA_NH@Z@4HA 00000001400fd0d0 f   VConGroup.obj
 0001:000fc0d0       ?dtor$0@?0??CheckFocus@CConEmuMain@@QEAAXPEB_W@Z@4HA 00000001400fd0d0 f   VConGroup.obj
 0001:000fc0d0       ?dtor$0@?0??OnTimer_Main@CConEmuMain@@QEAAXPEAVCVirtualConsole@@@Z@4HA 00000001400fd0d0 f   VConGroup.obj
 0001:000fc0d0       ?dtor$0@?0??ReSizeSplitter@CVConGroup@@SA_NPEAVCVirtualConsole@@HH@Z@4HA 00000001400fd0d0 f   VConGroup.obj
 0001:000fc0d0       ?dtor$0@?0??ShowView@CConEmuChild@@QEAAHH@Z@4HA 00000001400fd0d0 f   VConGroup.obj
 0001:000fc0f0       ?dtor$0@?0??PaneActivateNext@CVConGroup@@SA_N_N@Z@4HA 00000001400fd0f0 f   VConGroup.obj
 0001:000fc0f0       ?dtor$0@?0??CloseGroup@CVConGroup@@SAXPEAVCVirtualConsole@@_N@Z@4HA 00000001400fd0f0 f   VConGroup.obj
 0001:000fc110       ?dtor$1@?0??PaneActivateNext@CVConGroup@@SA_N_N@Z@4HA 00000001400fd110 f   VConGroup.obj
 0001:000fc110       ?dtor$1@?0??CloseGroup@CVConGroup@@SAXPEAVCVirtualConsole@@_N@Z@4HA 00000001400fd110 f   VConGroup.obj
 0001:000fc130       ?dtor$0@?0??CreateVCon@CVConGroup@@CAPEAVCVirtualConsole@@PEAURConStartArgs@@AEAPEAV2@@Z@4HA 00000001400fd130 f   VConGroup.obj
 0001:000fc150       ?dtor$2@?0??CreateVCon@CVConGroup@@CAPEAVCVirtualConsole@@PEAURConStartArgs@@AEAPEAV2@@Z@4HA 00000001400fd150 f   VConGroup.obj
 0001:000fc170       ?dtor$1@?0??CreateVCon@CVConGroup@@CAPEAVCVirtualConsole@@PEAURConStartArgs@@AEAPEAV2@@Z@4HA 00000001400fd170 f   VConGroup.obj
 0001:000fc190       ?dtor$0@?0??CreateCon@CVConGroup@@SAPEAVCVirtualConsole@@PEAURConStartArgs@@_N1@Z@4HA 00000001400fd190 f   VConGroup.obj
 0001:000fc1b0       ?dtor$1@?0??CreateCon@CVConGroup@@SAPEAVCVirtualConsole@@PEAURConStartArgs@@_N1@Z@4HA 00000001400fd1b0 f   VConGroup.obj
 0001:000fc1d0       ?dtor$0@?0???1CEDC@@QEAA@XZ@4HA 00000001400fd1d0 f   VirtualConsole.obj
 0001:000fc1f0       ?dtor$0@?0??UpdatePanelRgn@CVirtualConsole@@AEAA_N_N00@Z@4HA 00000001400fd1f0 f   VirtualConsole.obj
 0001:000fc210       ?dtor$0@?0???0CVirtualConsole@@IEAA@XZ@4HA 00000001400fd210 f   VirtualConsole.obj
 0001:000fc230       ?dtor$1@?0???0CVirtualConsole@@IEAA@XZ@4HA 00000001400fd230 f   VirtualConsole.obj
 0001:000fc250       ?dtor$2@?0???0CVirtualConsole@@IEAA@XZ@4HA 00000001400fd250 f   VirtualConsole.obj
 0001:000fc270       ?dtor$3@?0???0CVirtualConsole@@IEAA@XZ@4HA 00000001400fd270 f   VirtualConsole.obj
 0001:000fc290       ?dtor$4@?0???0CVirtualConsole@@IEAA@XZ@4HA 00000001400fd290 f   VirtualConsole.obj
 0001:000fc2b0       ?dtor$5@?0???0CVirtualConsole@@IEAA@XZ@4HA 00000001400fd2b0 f   VirtualConsole.obj
 0001:000fc2d0       ?dtor$0@?0??CheckTransparentRgn@CVirtualConsole@@IEAA_N_N@Z@4HA 00000001400fd2d0 f   VirtualConsole.obj
 0001:000fc2f0       ?dtor$0@?0??Constructor@CVirtualConsole@@IEAA_NPEAURConStartArgs@@@Z@4HA 00000001400fd2f0 f   VirtualConsole.obj
 0001:000fc310       ?dtor$1@?0??Constructor@CVirtualConsole@@IEAA_NPEAURConStartArgs@@@Z@4HA 00000001400fd310 f   VirtualConsole.obj
 0001:000fc330       ?dtor$0@?0???1CVirtualConsole@@MEAA@XZ@4HA 00000001400fd330 f   VirtualConsole.obj
 0001:000fc350       ?dtor$1@?0???1CVirtualConsole@@MEAA@XZ@4HA 00000001400fd350 f   VirtualConsole.obj
 0001:000fc370       ?dtor$2@?0???1CVirtualConsole@@MEAA@XZ@4HA 00000001400fd370 f   VirtualConsole.obj
 0001:000fc390       ?dtor$3@?0???1CVirtualConsole@@MEAA@XZ@4HA 00000001400fd390 f   VirtualConsole.obj
 0001:000fc3b0       ?dtor$4@?0???1CVirtualConsole@@MEAA@XZ@4HA 00000001400fd3b0 f   VirtualConsole.obj
 0001:000fc3d0       ?dtor$5@?0???1CVirtualConsole@@MEAA@XZ@4HA 00000001400fd3d0 f   VirtualConsole.obj
 0001:000fc3f0       ?dtor$6@?0???1CVirtualConsole@@MEAA@XZ@4HA 00000001400fd3f0 f   VirtualConsole.obj
 0001:000fc410       ?dtor$7@?0???1CVirtualConsole@@MEAA@XZ@4HA 00000001400fd410 f   VirtualConsole.obj
 0001:000fc430       ?dtor$0@?0??UpdatePrepare@CVirtualConsole@@IEAA_NPEAPEAUHDC__@@PEAVMSectionLock@@1@Z@4HA 00000001400fd430 f   VirtualConsole.obj
 0001:000fc450       ?dtor$1@?0??UpdatePrepare@CVirtualConsole@@IEAA_NPEAPEAUHDC__@@PEAVMSectionLock@@1@Z@4HA 00000001400fd450 f   VirtualConsole.obj
 0001:000fc470       ?dtor$0@?0??Update@CVirtualConsole@@QEAA_N_NPEAPEAUHDC__@@@Z@4HA 00000001400fd470 f   VirtualConsole.obj
 0001:000fc490       ?dtor$1@?0??Update@CVirtualConsole@@QEAA_N_NPEAPEAUHDC__@@@Z@4HA 00000001400fd490 f   VirtualConsole.obj
 0001:000fc4b0       ?dtor$0@?0??findTextProc@CEFindDlg@@SA_JPEAUHWND__@@I_K_J@Z@4HA 00000001400fd4b0 f   VirtualConsole.obj
 0001:000fc4b0       ?dtor$0@?0??PrintClient@CVirtualConsole@@QEAA_NPEAUHDC__@@_NQEAUtagRECT@@@Z@4HA 00000001400fd4b0 f   VirtualConsole.obj
 0001:000fc4b0       ?dtor$0@?0??RepositionVCon@CVConGroup@@IEAAXUtagRECT@@_N@Z@4HA 00000001400fd4b0 f   VirtualConsole.obj
 0001:000fc4d0       ?dtor$0@?0??PaintVCon@CVirtualConsole@@QEAAXPEAUHDC__@@@Z@4HA 00000001400fd4d0 f   VirtualConsole.obj
 0001:000fc4f0       ?dtor$1@?0??PaintVCon@CVirtualConsole@@QEAAXPEAUHDC__@@@Z@4HA 00000001400fd4f0 f   VirtualConsole.obj
 0001:000fc510       ?dtor$5@?0??PaintVCon@CVirtualConsole@@QEAAXPEAUHDC__@@@Z@4HA 00000001400fd510 f   VirtualConsole.obj
 0001:000fc530       ?dtor$2@?0??PaintVCon@CVirtualConsole@@QEAAXPEAUHDC__@@@Z@4HA 00000001400fd530 f   VirtualConsole.obj
 0001:000fc550       ?dtor$3@?0??PaintVCon@CVirtualConsole@@QEAAXPEAUHDC__@@@Z@4HA 00000001400fd550 f   VirtualConsole.obj
 0001:000fc570       ?dtor$7@?0??PaintVCon@CVirtualConsole@@QEAAXPEAUHDC__@@@Z@4HA 00000001400fd570 f   VirtualConsole.obj
 0001:000fc590       ?dtor$4@?0??PaintVCon@CVirtualConsole@@QEAAXPEAUHDC__@@@Z@4HA 00000001400fd590 f   VirtualConsole.obj
 0001:000fc5ab       _CallSETranslator$filt$0   00000001400fd5ab f   LIBCMT:trnsctrl.obj
 0001:000fc5ef       _onexit$fin$0              00000001400fd5ef f   LIBCMT:onexit.obj
 0001:000fc603       __tmainCRTStartup$filt$0   00000001400fd603 f   LIBCMT:wincrt0.obj
 0001:000fc61f       _setmbcp$fin$0             00000001400fd61f f   LIBCMT:mbctype.obj
 0001:000fc61f       __updatetmbcinfo$fin$0     00000001400fd61f f   LIBCMT:mbctype.obj
 0001:000fc638       __updatetlocinfo$fin$0     00000001400fd638 f   LIBCMT:setlocal.obj
 0001:000fc651       _freefls$fin$1             00000001400fd651 f   LIBCMT:tidtable.obj
 0001:000fc651       _initptd$fin$1             00000001400fd651 f   LIBCMT:tidtable.obj
 0001:000fc671       _initptd$fin$0             00000001400fd671 f   LIBCMT:tidtable.obj
 0001:000fc671       _freefls$fin$0             00000001400fd671 f   LIBCMT:tidtable.obj
 0001:000fc68a       __FrameUnwindToState$filt$0 00000001400fd68a f   LIBCMT:frame.obj
 0001:000fc6aa       __FrameUnwindToState$fin$1 00000001400fd6aa f   LIBCMT:frame.obj
 0001:000fc6d2       __DestructExceptionObject$filt$0 00000001400fd6d2 f   LIBCMT:frame.obj
 0001:000fc6e9       __CxxCallCatchBlock$filt$0 00000001400fd6e9 f   LIBCMT:frame.obj
 0001:000fc7e9       __CxxCallCatchBlock$fin$1  00000001400fd7e9 f   LIBCMT:frame.obj
 0001:000fc879       doexit$fin$0               00000001400fd879 f   LIBCMT:crt0dat.obj
 0001:000fc8a0       _IsNonwritableInCurrentImage$filt$0 00000001400fd8a0 f   LIBCMT:pesect.obj
 0001:000fc8c1       _mtinitlocknum$fin$0       00000001400fd8c1 f   LIBCMT:mlock.obj
 0001:000fc8dd       raise$fin$0                00000001400fd8dd f   LIBCMT:winsig.obj
 0001:000fc8f9       __crtInitCritSecAndSpinCount$filt$0 00000001400fd8f9 f   LIBCMT:initcrit.obj
 0001:000fc91b       _write$fin$0               00000001400fd91b f   LIBCMT:lseeki64.obj
 0001:000fc91b       _lseeki64$fin$0            00000001400fd91b f   LIBCMT:lseeki64.obj
 0001:000fc932       ?fin$0@?0??_Type_info_dtor@type_info@@CAXPEAV1@@Z@4HA 00000001400fd932 f   LIBCMT:typname.obj
 0001:000fc94b       __lock_fhandle$fin$0       00000001400fd94b f   LIBCMT:osfinfo.obj
 0001:000fc964       _fcloseall$fin$0           00000001400fd964 f   LIBCMT:closeall.obj
 0001:000fc97d       flsall$fin$0               00000001400fd97d f   LIBCMT:fflush.obj
 0001:000fc9ad       flsall$fin$1               00000001400fd9ad f   LIBCMT:fflush.obj
 0001:000fc9c6       fclose$fin$0               00000001400fd9c6 f   LIBCMT:fclose.obj
 0001:000fc9de       _commit$fin$0              00000001400fd9de f   LIBCMT:close.obj
 0001:000fc9de       _close$fin$0               00000001400fd9de f   LIBCMT:close.obj
 0001:000fca00       ??__E?g_Backgrounds@CBackgroundInfo@@1V?$MArray@PEAVCBackgroundInfo@@@@A@@YAXXZ 00000001400fda00 f   Background.obj
 0001:000fca10       ??__EIcon@@YAXXZ           00000001400fda10 f   TrayIcon.obj
 0001:000fca70       ??__F?g_Backgrounds@CBackgroundInfo@@1V?$MArray@PEAVCBackgroundInfo@@@@A@@YAXXZ 00000001400fda70 f   Background.obj
 0001:000fcac0       ??__FIcon@@YAXXZ           00000001400fdac0 f   TrayIcon.obj
