 ConEmu

 Timestamp is 5293b237 (Tue Nov 26 00:25:27 2013)

 Preferred load address is 00400000

 Start         Length     Name                   Class
 0001:00000000 000c8382H .text                   CODE
 0001:000c8390 000013a9H .text$x                 CODE
 0001:000c9740 0000001cH .text$yc                CODE
 0001:000c9760 00000031H .text$yd                CODE
 0002:00000000 00000780H .idata$5                DATA
 0002:00000780 00000004H .CRT$XCA                DATA
 0002:00000784 00000008H .CRT$XCU                DATA
 0002:0000078c 00000004H .CRT$XCZ                DATA
 0002:00000790 00000004H .CRT$XIA                DATA
 0002:00000794 00000010H .CRT$XIC                DATA
 0002:000007a4 00000004H .CRT$XIY                DATA
 0002:000007a8 00000004H .CRT$XIZ                DATA
 0002:000007ac 00000004H .CRT$XPA                DATA
 0002:000007b0 00000004H .CRT$XPX                DATA
 0002:000007b4 00000004H .CRT$XPXA               DATA
 0002:000007b8 00000004H .CRT$XPZ                DATA
 0002:000007bc 00000004H .CRT$XTA                DATA
 0002:000007c0 00000004H .CRT$XTZ                DATA
 0002:000007d0 0002b260H .rdata                  DATA
 0002:0002ba30 00000062H .rdata$debug            DATA
 0002:0002ba94 000000dcH .rdata$r                DATA
 0002:0002bb70 00000214H .rdata$sxdata           DATA
 0002:0002bd84 00000004H .rtc$IAA                DATA
 0002:0002bd88 00000004H .rtc$IZZ                DATA
 0002:0002bd8c 00000004H .rtc$TAA                DATA
 0002:0002bd90 00000004H .rtc$TZZ                DATA
 0002:0002bd98 00001f94H .xdata$x                DATA
 0002:0002dd2c 00000104H .idata$2                DATA
 0002:0002de30 00000014H .idata$3                DATA
 0002:0002de44 00000780H .idata$4                DATA
 0002:0002e5c4 000020d8H .idata$6                DATA
 0002:0003069c 00000000H .edata                  DATA
 0003:00000000 000024b0H .data                   DATA
 0003:000024c0 00037c3cH .bss                    DATA
 0004:00000000 000019a8H .rsrc$01                DATA
 0004:000019b0 0002ac48H .rsrc$02                DATA

  Address         Publics by Value              Rva+Base       Lib:Object

 0000:00000000       __except_list              00000000     <absolute>
 0000:00000085       ___safe_se_handler_count   00000085     <absolute>
 0000:00000000       ___ImageBase               00400000     <linker-defined>
 0001:00000040       ?fNtQueryInformationProcess@CProcessData@@KGJPAXW4_PROCESSINFOCLASS@1@0KPAK@Z 00401040 f i Attach.obj
 0001:00000050       ?GetInternalProcessData@CProcessData@@IAEHPAXPAUModuleData@1@AAPAUPROCESS_PARAMETERS@1@AAPAD_N@Z 00401050 f i Attach.obj
 0001:00000170       ?getcounter@CProcessData@@KAHPA_W@Z 00401170 f i Attach.obj
 0001:000001c0       ?LoadPerfData@CProcessData@@IAEXXZ 004011c0 f i Attach.obj
 0001:000003e0       ??0CProcessData@@QAE@XZ    004013e0 f i Attach.obj
 0001:000004a0       ?GetProcessName@CProcessData@@QAE_NKPA_WK0KPAH@Z 004014a0 f i Attach.obj
 0001:00000780       ??0CAttachDlg@@QAE@XZ      00401780 f   Attach.obj
 0001:000007b0       ?GetHWND@CAttachDlg@@QAEPAUHWND__@@XZ 004017b0 f   Attach.obj
 0001:000007b0       ?ConWnd@CRealConsole@@QAEPAUHWND__@@XZ 004017b0 f   RealConsole.obj
 0001:000007c0       ??_GCProcessData@@QAEPAXI@Z 004017c0 f i Attach.obj
 0001:00000810       ?StringCchCopyW@@YGJPA_WIPB_W@Z 00401810 f i Attach.obj
 0001:00000890       ?StringCchCatW@@YGJPA_WIPB_W@Z 00401890 f i Attach.obj
 0001:00000940       ?Close@CAttachDlg@@QAEXXZ  00401940 f   Attach.obj
 0001:000009c0       ??$wcscpy_c@$0BA@@@YAHAAY0BA@_WPB_W@Z 004019c0 f i Attach.obj
 0001:00000a20       ??$wcscpy_c@$0EA@@@YAHAAY0EA@_WPB_W@Z 00401a20 f i Attach.obj
 0001:00000a80       ??$wcscpy_c@$0BEE@@@YAHAAY0BEE@_WPB_W@Z 00401a80 f i Attach.obj
 0001:00000ae0       ??$wcscpy_c@$0PP@@@YAHAAY0PP@_WPB_W@Z 00401ae0 f i Attach.obj
 0001:00000b40       ??1CAttachDlg@@QAE@XZ      00401b40 f   Attach.obj
 0001:00000b50       ?AttachDlgEnumWin@CAttachDlg@@SGHPAUHWND__@@J@Z 00401b50 f   Attach.obj
 0001:00000fa0       ?StartAttach@CAttachDlg@@KA_NPAUHWND__@@KKW4AttachProcessType@@H@Z 00401fa0 f   Attach.obj
 0001:00001490       ?StartAttachThread@CAttachDlg@@SGKPAUAttachParm@@@Z 00402490 f   Attach.obj
 0001:000014e0       ?OnStartAttach@CAttachDlg@@IAE_NXZ 004024e0 f   Attach.obj
 0001:00001790       ?AttachDlgProc@CAttachDlg@@SGHPAUHWND__@@IIJ@Z 00402790 f   Attach.obj
 0001:00001fb0       ?AttachDlg@CAttachDlg@@QAEXXZ 00402fb0 f   Attach.obj
 0001:00002030       ?Release@CRefRelease@@QAEHXZ 00403030 f i Background.obj
 0001:00002070       ??_ECVConRelease@@UAEPAXI@Z 00403070 f i VirtualConsole.obj
 0001:00002070       ??_GCVConRelease@@UAEPAXI@Z 00403070 f i VirtualConsole.obj
 0001:00002070       ??_GCRefRelease@@MAEPAXI@Z 00403070 f i Background.obj
 0001:00002070       ??_ECRefRelease@@MAEPAXI@Z 00403070 f i Background.obj
 0001:000020a0       ??0CBackground@@QAE@XZ     004030a0 f   Background.obj
 0001:000020f0       ?IsBackgroundValid@CBackground@@SAIPBUCESERVER_REQ_SETBACKGROUND@@PA_N@Z 004030f0 f   Background.obj
 0001:00002180       ?NeedBackgroundUpdate@CBackground@@QAEXXZ 00403180 f   Background.obj
 0001:00002190       ?HasPluginBackgroundImage@CBackground@@QAE_NPAJ0@Z 00403190 f   Background.obj
 0001:000021f0       ?BgImage@CBackgroundInfo@@QAEPB_WXZ 004031f0 f   Background.obj
 0001:00002200       ?GetBgImgData@CBackgroundInfo@@QAEPBUtagBITMAPFILEHEADER@@XZ 00403200 f   Background.obj
 0001:00002210       ?LoadBackgroundFile@CBackgroundInfo@@QAE_N_N@Z 00403210 f   Background.obj
 0001:00002360       ?CreateField@CBackground@@QAE_NHH@Z 00403360 f   Background.obj
 0001:000024a0       ?FillBackground@CBackground@@QAE_NPBUtagBITMAPFILEHEADER@@JJJJW4BackgroundOp@@_N@Z 004034a0 f   Background.obj
 0001:00002870       ?SetPluginBackgroundImageData@CBackground@@QAEHPAUCESERVER_REQ_SETBACKGROUND@@AA_N@Z 00403870 f   Background.obj
 0001:00002a80       ?PutPluginBackgroundImage@CBackground@@AAE_NJJJJ@Z 00403a80 f   Background.obj
 0001:00002d20       ??1CBackgroundInfo@@MAE@XZ 00403d20 f   Background.obj
 0001:00002df0       ?PollBackgroundFile@CBackgroundInfo@@QAE_NXZ 00403df0 f   Background.obj
 0001:00002ed0       ??$wcscpy_c@$0BAE@@@YAHAAY0BAE@_WPB_W@Z 00403ed0 f i Background.obj
 0001:00002f30       ??1CBackground@@UAE@XZ     00403f30 f   Background.obj
 0001:00003030       ?PrepareBackground@CBackground@@QAE_NPAVCVirtualConsole@@AAPAUHDC__@@AAU_COORD@@@Z 00404030 f   Background.obj
 0001:000033d0       ??0CBackgroundInfo@@IAE@PB_W@Z 004043d0 f   Background.obj
 0001:00003470       ??_ECBackgroundInfo@@MAEPAXI@Z 00404470 f i Background.obj
 0001:00003470       ??_GCBackgroundInfo@@MAEPAXI@Z 00404470 f i Background.obj
 0001:000034a0       ??_GCBackground@@UAEPAXI@Z 004044a0 f i Background.obj
 0001:000034a0       ??_ECBackground@@UAEPAXI@Z 004044a0 f i Background.obj
 0001:000034d0       ?CreateBackgroundObject@CBackgroundInfo@@SAPAV1@PB_W_N@Z 004044d0 f   Background.obj
 0001:00003620       _IsEqualGUID               00404620 f i BaseDragDrops.obj
 0001:00003690       ??1CBaseDropTarget@@QAE@XZ 00404690 f   BaseDragDrops.obj
 0001:000036a0       ?DragOver@CBaseDropTarget@@UAGJKU_POINTL@@PAK@Z 004046a0 f   BaseDragDrops.obj
 0001:000036b0       ?DragEnter@CBaseDropTarget@@UAGJPAUIDataObject@@KU_POINTL@@PAK@Z 004046b0 f   BaseDragDrops.obj
 0001:000036b0       ?Drop@CBaseDropTarget@@UAGJPAUIDataObject@@KU_POINTL@@PAK@Z 004046b0 f   BaseDragDrops.obj
 0001:000036c0       ?DragLeave@CBaseDropTarget@@UAGJXZ 004046c0 f   BaseDragDrops.obj
 0001:000036d0       ?QueryInterface@CBaseDropTarget@@UAGJABU_GUID@@PAPAX@Z 004046d0 f   BaseDragDrops.obj
 0001:00003730       ?AddRef@CDropSource@@UAGKXZ 00404730 f   BaseDragDrops.obj
 0001:00003750       ?QueryInterface@CDropSource@@UAGJABU_GUID@@PAPAX@Z 00404750 f   BaseDragDrops.obj
 0001:000037b0       ?QueryContinueDrag@CDropSource@@UAGJHK@Z 004047b0 f   BaseDragDrops.obj
 0001:00003850       ?GiveFeedback@CDropSource@@UAGJK@Z 00404850 f   BaseDragDrops.obj
 0001:00003900       ?QueryInterface@CDataObject@@UAGJABU_GUID@@PAPAX@Z 00404900 f   BaseDragDrops.obj
 0001:00003960       ?DupMem@@YAPAXPAX@Z        00404960 f   BaseDragDrops.obj
 0001:000039b0       ?GetDataHere@CDataObject@@UAGJPAUtagFORMATETC@@PAUtagSTGMEDIUM@@@Z 004049b0 f   BaseDragDrops.obj
 0001:000039c0       ?GetCanonicalFormatEtc@CDataObject@@UAGJPAUtagFORMATETC@@0@Z 004049c0 f   BaseDragDrops.obj
 0001:000039e0       ?SetDataInt@CDataObject@@QAEJPB_WPBXK@Z 004049e0 f   BaseDragDrops.obj
 0001:00003a70       ?DAdvise@CDataObject@@UAGJPAUtagFORMATETC@@KPAUIAdviseSink@@PAK@Z 00404a70 f   BaseDragDrops.obj
 0001:00003a80       ?DUnadvise@CDataObject@@UAGJK@Z 00404a80 f   BaseDragDrops.obj
 0001:00003a80       ?EnumDAdvise@CDataObject@@UAGJPAPAUIEnumSTATDATA@@@Z 00404a80 f   BaseDragDrops.obj
 0001:00003a90       ??1CEnumFormatEtc@@QAE@XZ  00404a90 f   BaseDragDrops.obj
 0001:00003af0       ?AddRef@CBaseDropTarget@@UAGKXZ 00404af0 f   BaseDragDrops.obj
 0001:00003af0       ?AddRef@CEnumFormatEtc@@UAGKXZ 00404af0 f   BaseDragDrops.obj
 0001:00003af0       ?AddRef@CDataObject@@UAGKXZ 00404af0 f   BaseDragDrops.obj
 0001:00003b10       ?QueryInterface@CEnumFormatEtc@@UAGJABU_GUID@@PAPAX@Z 00404b10 f   BaseDragDrops.obj
 0001:00003b70       ?Next@CEnumFormatEtc@@UAGJKPAUtagFORMATETC@@PAK@Z 00404b70 f   BaseDragDrops.obj
 0001:00003c40       ?Skip@CEnumFormatEtc@@UAGJK@Z 00404c40 f   BaseDragDrops.obj
 0001:00003c60       ?Reset@CEnumFormatEtc@@UAGJXZ 00404c60 f   BaseDragDrops.obj
 0001:00003c80       ?Release@CBaseDropTarget@@UAGKXZ 00404c80 f   BaseDragDrops.obj
 0001:00003cb0       ?Release@CDropSource@@UAGKXZ 00404cb0 f   BaseDragDrops.obj
 0001:00003ce0       ?CreateDropSource@@YAJPAPAUIDropSource@@PAVCDragDropData@@@Z 00404ce0 f   BaseDragDrops.obj
 0001:00003d60       ?LookupFormatEtc@CDataObject@@AAEHPAUtagFORMATETC@@@Z 00404d60 f   BaseDragDrops.obj
 0001:00003db0       ?GetData@CDataObject@@UAGJPAUtagFORMATETC@@PAUtagSTGMEDIUM@@@Z 00404db0 f   BaseDragDrops.obj
 0001:00003e90       ?QueryGetData@CDataObject@@UAGJPAUtagFORMATETC@@@Z 00404e90 f   BaseDragDrops.obj
 0001:00003ec0       ??0CEnumFormatEtc@@QAE@PAUtagFORMATETC@@H@Z 00404ec0 f   BaseDragDrops.obj
 0001:00003f70       ?Release@CEnumFormatEtc@@UAGKXZ 00404f70 f   BaseDragDrops.obj
 0001:00003fa0       ??1?$MArray@Utxt@CHtmlCopy@@@@QAE@XZ 00404fa0 f i RealBuffer.obj
 0001:00003fa0       ??1?$MArray@UDragData@CDataObject@@@@QAE@XZ 00404fa0 f i BaseDragDrops.obj
 0001:00003fa0       ??1?$MArray@UGuiMacroArg@@@@QAE@XZ 00404fa0 f i Macro.obj
 0001:00003fa0       ??1?$MArray@PAUtag_CEDragSource@CDragDropData@@@@QAE@XZ 00404fa0 f i DragDropData.obj
 0001:00003fa0       ??1?$MArray@UtagPROCESSENTRY32W@@@@QAE@XZ 00404fa0 f i RealConsole.obj
 0001:00003fa0       ??1?$MArray@PA_W@@QAE@XZ   00404fa0 f i OptionsClass.obj
 0001:00003fa0       ??1?$MArray@UTabIconCache@CIconList@@@@QAE@XZ 00404fa0 f i IconList.obj
 0001:00003fa0       ??1?$MArray@UProcessInfo@CDefaultTerminal@@@@QAE@XZ 00404fa0 f i DefaultTerm.obj
 0001:00003fa0       ??1_FindAllMonitors@@QAE@XZ 00404fa0 f i Monitors.obj
 0001:00003fa0       ??1?$MArray@UCmdTaskPopupItem@CConEmuMenu@@@@QAE@XZ 00404fa0 f i Menu.obj
 0001:00003fa0       ??1?$MArray@UConProcess@@@@QAE@XZ 00404fa0 f i RealConsole.obj
 0001:00003fa0       ??1?$MArray@Utag_RegFont@CSettings@@@@QAE@XZ 00404fa0 f i OptionsClass.obj
 0001:00003fa0       ??1?$MArray@U_ThInfo@CDragDrop@@@@QAE@XZ 00404fa0 f i DragDrop.obj
 0001:00003fa0       ??1?$MArray@PAUHWND__@@@@QAE@XZ 00404fa0 f i ConEmu.obj
 0001:00003fa0       ??1?$MArray@PAVCVConGuard@@@@QAE@XZ 00404fa0 f i VConGroup.obj
 0001:00003fa0       ??1?$MArray@Utag_FAR_WND_ID@TabBarClass@@@@QAE@XZ 00404fa0 f i TabBar.obj
 0001:00003fd0       ?push_back@?$MArray@UDragData@CDataObject@@@@QAEHABUDragData@CDataObject@@@Z 00404fd0 f i BaseDragDrops.obj
 0001:00004030       ??0CBaseDropTarget@@QAE@XZ 00405030 f   BaseDragDrops.obj
 0001:00004040       ??0CDataObject@@QAE@PAUtagFORMATETC@@PAUtagSTGMEDIUM@@H@Z 00405040 f   BaseDragDrops.obj
 0001:00004160       ??1CDataObject@@QAE@XZ     00405160 f   BaseDragDrops.obj
 0001:00004230       ?SetData@CDataObject@@UAGJPAUtagFORMATETC@@PAUtagSTGMEDIUM@@H@Z 00405230 f   BaseDragDrops.obj
 0001:00004330       ?CreateDataObject@@YAJPAUtagFORMATETC@@PAUtagSTGMEDIUM@@IPAPAVCDataObject@@@Z 00405330 f   BaseDragDrops.obj
 0001:000043c0       ?CreateEnumFormatEtc@@YAJIPAUtagFORMATETC@@PAPAUIEnumFORMATETC@@@Z 004053c0 f   BaseDragDrops.obj
 0001:00004450       ?Clone@CEnumFormatEtc@@UAGJPAPAUIEnumFORMATETC@@@Z 00405450 f   BaseDragDrops.obj
 0001:00004480       ?Release@CDataObject@@UAGKXZ 00405480 f   BaseDragDrops.obj
 0001:000044b0       ?EnumFormatEtc@CDataObject@@UAGJKPAPAUIEnumFORMATETC@@@Z 004054b0 f   BaseDragDrops.obj
 0001:00004550       ?Disable@MWow64Disable@@QAEXXZ 00405550 f i CmdLine.obj
 0001:00004570       ??0MWow64Disable@@QAE@XZ   00405570 f i CmdLine.obj
 0001:000045c0       ??1MWow64Disable@@QAE@XZ   004055c0 f i CmdLine.obj
 0001:000045e0       ?NextArg@@YAHPAPB_WAAY0BAF@_W0@Z 004055e0 f   CmdLine.obj
 0001:00004720       ?SkipNonPrintable@@YAPB_WPB_W@Z 00405720 f   CmdLine.obj
 0001:00004750       ?GetDrive@@YAPB_WPB_WPA_WH@Z 00405750 f   CmdLine.obj
 0001:00004890       ?IsFarExe@@YA_NPB_W@Z      00405890 f   CmdLine.obj
 0001:000048f0       ??$wcscpy_c@$0BAF@@@YAHAAY0BAF@_WPB_W@Z 004058f0 f i CmdLine.obj
 0001:00004950       ?PackInputRecord@@YAHPBU_INPUT_RECORD@@PAUMsgStr@MSG64@@@Z 00405950 f   Common.obj
 0001:00004ac0       ?TranslateKeyPress@@YAXGK_WHPAU_INPUT_RECORD@@1@Z 00405ac0 f   Common.obj
 0001:00004bb0       ?CommonShutdown@@YAXXZ     00405bb0 f   Common.obj
 0001:00004bd0       _wmemmove                  00405bd0 f i ConEmu.obj
 0001:00004bf0       ??1DontEnable@@QAE@XZ      00405bf0 f i ConEmu.obj
 0001:00004c00       ?Set@CESize@@QAE_N_NW4CESizeStyle@@H@Z 00405c00 f i ConEmu.obj
 0001:00004c90       ?ReloadWheelScroll@<unnamed-type-mouse>@CConEmuMain@@QAEXXZ 00405c90 f i ConEmu.obj
 0001:00004ce0       ?SetSessionNotification@SessionInfo@CConEmuMain@@QAEX_N@Z 00405ce0 f i ConEmu.obj
 0001:00004db0       ?ParseGuiArgs@CommandTasks@Settings@@QBEXPAPA_W0@Z 00405db0 f i ConEmu.obj
 0001:00004f10       ?HideCaptionAlwaysFrame@Settings@@QAEHXZ 00405f10 f i ConEmu.obj
 0001:00004f30       ?LogPos@ConEmuMsgLogger@@YAXABUtagMSG@@W4Source@1@@Z 00405f30 f   ConEmu.obj
 0001:000050b0       ?isMingwMode@CConEmuMain@@QAE_NXZ 004060b0 f   ConEmu.obj
 0001:000050d0       ?isUpdateAllowed@CConEmuMain@@QAE_NXZ 004060d0 f   ConEmu.obj
 0001:000050e0       ?isMSysStartup@CConEmuMain@@QAE_NXZ 004060e0 f   ConEmu.obj
 0001:00005100       ?WorkDir@CConEmuMain@@QAEPB_WPB_W@Z 00406100 f   ConEmu.obj
 0001:00005130       ?CheckBaseDir@CConEmuMain@@AAE_NXZ 00406130 f   ConEmu.obj
 0001:000051a0       ?IsResetBasicSettings@CConEmuMain@@QAE_NXZ 004061a0 f   ConEmu.obj
 0001:000051b0       ?IsFastSetupDisabled@CConEmuMain@@QAE_NXZ 004061b0 f   ConEmu.obj
 0001:000051d0       ?IsAllowSaveSettingsOnExit@CConEmuMain@@QAE_NXZ 004061d0 f   ConEmu.obj
 0001:00005200       ?DragFeedBack@CBaseDropTarget@@UAEXK@Z 00406200 f   BaseDragDrops.obj
 0001:00005200       ?OnUseTheming@CConEmuMain@@MAEX_N@Z 00406200 f   ConEmu.obj
 0001:00005200       ?OnUseDwm@CConEmuMain@@MAEX_N@Z 00406200 f   ConEmu.obj
 0001:00005200       ?ExecuteProcessFinished@CConEmuMain@@IAEX_N@Z 00406200 f   ConEmu.obj
 0001:00005200       ?OnUseGlass@CConEmuMain@@MAEX_N@Z 00406200 f   ConEmu.obj
 0001:00005210       ?GetVirtualScreenRect@CConEmuMain@@QAE?AUtagRECT@@H@Z 00406210 f   ConEmu.obj
 0001:00005360       ?SetWindowStyle@CConEmuMain@@QAEXPAUHWND__@@K@Z 00406360 f   ConEmu.obj
 0001:00005380       ?FixWindowStyle@CConEmuMain@@QAEKKW4ConEmuWindowMode@@@Z 00406380 f   ConEmu.obj
 0001:00005430       ?GetWindowStyleEx@CConEmuMain@@QAEKXZ 00406430 f   ConEmu.obj
 0001:00005470       ?LogString@CConEmuMain@@QAEXPB_W_N1@Z 00406470 f   ConEmu.obj
 0001:000054a0       ?LogString@CConEmuMain@@QAEXPBD_N1@Z 004064a0 f   ConEmu.obj
 0001:000054d0       ?SetParent@CConEmuMain@@QAE_NPAUHWND__@@@Z 004064d0 f   ConEmu.obj
 0001:00005530       ?FillConEmuMainFont@CConEmuMain@@AAEXPAUConEmuMainFont@@@Z 00406530 f   ConEmu.obj
 0001:000055f0       ?PreparePortableReg@CConEmuMain@@QAE_NXZ 004065f0 f   ConEmu.obj
 0001:00005600       ?GetComSpecCopy@CConEmuMain@@QAEXAAUConEmuComspec@@@Z 00406600 f   ConEmu.obj
 0001:00005620       ?Destroy@CConEmuMain@@QAEXXZ 00406620 f   ConEmu.obj
 0001:000056c0       ?AddMargins@CConEmuMain@@SAXAAUtagRECT@@ABU2@H@Z 004066c0 f   ConEmu.obj
 0001:00005730       ?ShowWindow@CConEmuMain@@QAEHHK@Z 00406730 f   ConEmu.obj
 0001:00005910       ?Save@QuakePrevSize@CConEmuMain@@QAEXABTCESize@@0ABH1ABEABW4ConEmuWindowMode@@ABUIdealRectInfo@2@@Z 00406910 f   ConEmu.obj
 0001:00005970       ?Restore@QuakePrevSize@CConEmuMain@@QAE?AW4ConEmuWindowMode@@AATCESize@@0AAH1AAEAAUIdealRectInfo@2@@Z 00406970 f   ConEmu.obj
 0001:000059c0       ?GetWindowMode@CConEmuMain@@QAE?AW4ConEmuWindowMode@@XZ 004069c0 f   ConEmu.obj
 0001:000059e0       ?IsSizePosFree@CConEmuMain@@QAE_NW4ConEmuWindowMode@@@Z 004069e0 f   ConEmu.obj
 0001:00005a20       ?isIconic@CConEmuMain@@QAE_N_N@Z 00406a20 f   ConEmu.obj
 0001:00005a80       ?isWindowNormal@CConEmuMain@@QAE_NXZ 00406a80 f   ConEmu.obj
 0001:00005ac0       ?isZoomed@CConEmuMain@@QAE_NXZ 00406ac0 f   ConEmu.obj
 0001:00005af0       ?isFullScreen@CConEmuMain@@QAE_NXZ 00406af0 f   ConEmu.obj
 0001:00005b20       ?OnAlwaysShowScrollbar@CConEmuMain@@QAEX_N@Z 00406b20 f   ConEmu.obj
 0001:00005b40       ?Activate@CConEmuMain@@QAEHPAVCVirtualConsole@@@Z 00406b40 f   ConEmu.obj
 0001:00005b60       ?MoveActiveTab@CConEmuMain@@QAEXPAVCVirtualConsole@@_N@Z 00406b60 f   ConEmu.obj
 0001:00005b80       ?ActiveConNum@CConEmuMain@@QAEHXZ 00406b80 f   ConEmu.obj
 0001:00005b90       ?GetConCount@CConEmuMain@@QAEHXZ 00406b90 f   ConEmu.obj
 0001:00005ba0       ?AttachToDialog@CConEmuMain@@QAEXXZ 00406ba0 f   ConEmu.obj
 0001:00005c10       ?AttachRequested@CConEmuMain@@QAEHPAUHWND__@@PBUCESERVER_REQ_STARTSTOP@@PAUCESERVER_REQ_STARTSTOPRET@@@Z 00406c10 f   ConEmu.obj
 0001:00005c30       ?ConActivateNext@CConEmuMain@@QAE_NH@Z 00406c30 f   ConEmu.obj
 0001:00005c50       ?ConActivate@CConEmuMain@@QAE_NH@Z 00406c50 f   ConEmu.obj
 0001:00005c70       ?PostCreateCon@CConEmuMain@@QAEXPAURConStartArgs@@@Z 00406c70 f   ConEmu.obj
 0001:00005ca0       ?ParseScriptLineOptions@CConEmuMain@@QAEPB_WPB_WPA_N1IPA_W@Z 00406ca0 f   ConEmu.obj
 0001:00005cf0       ?CreateGhostVCon@CConEmuMain@@QAEXPAVCVirtualConsole@@@Z 00406cf0 f   ConEmu.obj
 0001:00005d20       ?UpdateActiveGhost@CConEmuMain@@QAEXPAVCVirtualConsole@@@Z 00406d20 f   ConEmu.obj
 0001:00005d90       ?UpdateFarSettings@CConEmuMain@@QAEXXZ 00406d90 f   ConEmu.obj
 0001:00005da0       ?UpdateIdealRect@CConEmuMain@@IAEXUtagRECT@@@Z 00406da0 f   ConEmu.obj
 0001:00005dd0       ?UpdateTextColorSettings@CConEmuMain@@QAEXHH@Z 00406dd0 f   ConEmu.obj
 0001:00005df0       ?GetActiveKeyboardLayout@CConEmuMain@@QAEKXZ 00406df0 f   ConEmu.obj
 0001:00005e00       ?GetDefaultTitle@CConEmuMain@@QAEPB_WXZ 00406e00 f   ConEmu.obj
 0001:00005e10       ?SetTitleTemplate@CConEmuMain@@QAEXPB_W@Z 00406e10 f   ConEmu.obj
 0001:00005e40       ?ExecuteProcessPrepare@CConEmuMain@@IAE_NXZ 00406e40 f   ConEmu.obj
 0001:00005e40       ?DontHookJumps@ConEmuHotKey@@SA_NPBU1@@Z 00406e40 f   Hotkeys.obj
 0001:00005e50       ?PostAutoSizeFont@CConEmuMain@@QAEXHH@Z 00406e50 f   ConEmu.obj
 0001:00005e80       ?PostMacroFontSetName@CConEmuMain@@QAEXPA_WGGH@Z 00406e80 f   ConEmu.obj
 0001:00005ef0       ?PostDisplayRConError@CConEmuMain@@QAEXPAVCRealConsole@@PA_W@Z 00406ef0 f   ConEmu.obj
 0001:00005f30       ?PtDiffTest@CConEmuMain@@QAE_NUtagPOINT@@HHI@Z 00406f30 f   ConEmu.obj
 0001:00005f60       ?RegisterGlobalHotKeys@CConEmuMain@@IAEX_N@Z 00406f60 f   ConEmu.obj
 0001:00006110       ?LoadConEmuCD@CConEmuMain@@IAEPAUHINSTANCE__@@XZ 00407110 f   ConEmu.obj
 0001:00006190       ?UnRegisterHooks@CConEmuMain@@QAEXH@Z 00407190 f   ConEmu.obj
 0001:00006210       ?DeleteVConMainThread@CConEmuMain@@QAEXPAVCVirtualConsole@@@Z 00407210 f   ConEmu.obj
 0001:00006240       ?RecreateDlg@CConEmuMain@@QAEHPAURConStartArgs@@@Z 00407240 f   ConEmu.obj
 0001:000062c0       ?StartDebugLogConsole@CConEmuMain@@QAE_NXZ 004072c0 f   ConEmu.obj
 0001:000063c0       ?StartDebugActiveProcess@CConEmuMain@@QAE_NXZ 004073c0 f   ConEmu.obj
 0001:000065a0       ?MemoryDumpActiveProcess@CConEmuMain@@QAE_NXZ 004075a0 f   ConEmu.obj
 0001:00006750       ?WinEventProc@CConEmuMain@@KGXPAUHWINEVENTHOOK__@@KPAUHWND__@@JJKK@Z 00407750 f   ConEmu.obj
 0001:00006790       ?InitInactiveDC@CConEmuMain@@QAEXPAVCVirtualConsole@@@Z 00407790 f   ConEmu.obj
 0001:000067c0       ?Invalidate@CConEmuMain@@QAEXPAVCVirtualConsole@@@Z 004077c0 f   ConEmu.obj
 0001:000067f0       ?InvalidateAll@CConEmuMain@@QAEXXZ 004077f0 f   ConEmu.obj
 0001:00006830       ?UpdateWindowChild@CConEmuMain@@QAEXPAVCVirtualConsole@@@Z 00407830 f   ConEmu.obj
 0001:00006850       ?isRightClickingPaint@CConEmuMain@@QAE_NXZ 00407850 f   ConEmu.obj
 0001:00006860       ?RightClickingProc@CConEmuMain@@KGJPAUHWND__@@IIJ@Z 00407860 f   ConEmu.obj
 0001:000068d0       ?InvalidateGaps@CConEmuMain@@QAEXXZ 004078d0 f   ConEmu.obj
 0001:00006920       ?Update@CConEmuMain@@QAEX_N@Z 00407920 f   ConEmu.obj
 0001:00006940       ?GetFarPID@CConEmuMain@@QAEKH@Z 00407940 f   ConEmu.obj
 0001:00006960       ?GetLastTitle@CConEmuMain@@QAEPB_W_N@Z 00407960 f   ConEmu.obj
 0001:00006990       ?GetActiveVCon@CConEmuMain@@QAEHPAVCVConGuard@@PAH@Z 00407990 f   ConEmu.obj
 0001:000069b0       ?IsActiveConAdmin@CConEmuMain@@QAE_NXZ 004079b0 f   ConEmu.obj
 0001:00006a40       ?GetVCon@CConEmuMain@@QAEPAVCVirtualConsole@@H_N@Z 00407a40 f   ConEmu.obj
 0001:00006ad0       ?isVConValid@CConEmuMain@@QAEHPAVCVirtualConsole@@@Z 00407ad0 f   ConEmu.obj
 0001:00006af0       ?GetVConFromPoint@CConEmuMain@@QAEPAVCVirtualConsole@@UtagPOINT@@@Z 00407af0 f   ConEmu.obj
 0001:00006b80       ?isActive@CConEmuMain@@QAE_NPAVCVirtualConsole@@_N@Z 00407b80 f   ConEmu.obj
 0001:00006ba0       ?isDragging@CConEmuMain@@QAE_NXZ 00407ba0 f   ConEmu.obj
 0001:00006bd0       ?isMainThread@CConEmuMain@@QAE_NXZ 00407bd0 f   ConEmu.obj
 0001:00006bf0       ?isMeForeground@CConEmuMain@@QAE_N_N0PAPAUHWND__@@@Z 00407bf0 f   ConEmu.obj
 0001:00006d10       ?isNtvdm@CConEmuMain@@QAE_NH@Z 00407d10 f   ConEmu.obj
 0001:00006d30       ?isOurConsoleWindow@CConEmuMain@@QAE_NPAUHWND__@@@Z 00407d30 f   ConEmu.obj
 0001:00006d50       ?isValid@CConEmuMain@@QAE_NPAVCRealConsole@@@Z 00407d50 f   ConEmu.obj
 0001:00006d70       ?isValid@CConEmuMain@@QAE_NPAVCVirtualConsole@@@Z 00407d70 f   ConEmu.obj
 0001:00006d90       ?isVConExists@CConEmuMain@@QAE_NH@Z 00407d90 f   ConEmu.obj
 0001:00006db0       ?isVisible@CConEmuMain@@QAE_NPAVCVirtualConsole@@@Z 00407db0 f   ConEmu.obj
 0001:00006dd0       ?isPictureView@CConEmuMain@@QAE_NXZ 00407dd0 f   ConEmu.obj
 0001:00006de0       ?isProcessCreated@CConEmuMain@@QAE_NXZ 00407de0 f   ConEmu.obj
 0001:00006df0       ?SwitchKeyboardLayout@CConEmuMain@@QAEXK@Z 00407df0 f   ConEmu.obj
 0001:00006f90       ?OnScClose@CConEmuMain@@QAE_NXZ 00407f90 f   ConEmu.obj
 0001:00006fe0       ?SetScClosePending@CConEmuMain@@QAEX_N@Z 00407fe0 f   ConEmu.obj
 0001:00006ff0       ?isCloseConfirmed@CConEmuMain@@QAE_NXZ 00407ff0 f   ConEmu.obj
 0001:00007010       ?PostCreateView@CConEmuMain@@QAEPAUHWND__@@PAVCConEmuChild@@@Z 00408010 f   ConEmu.obj
 0001:00007050       ?OnFlashWindow@CConEmuMain@@QAEJKKPAUHWND__@@@Z 00408050 f   ConEmu.obj
 0001:00007070       ?setFocus@CConEmuMain@@QAEXXZ 00408070 f   ConEmu.obj
 0001:00007080       ?SetSkipOnFocus@CConEmuMain@@QAE_N_N@Z 00408080 f   ConEmu.obj
 0001:000070a0       ?OnOurDialogOpened@CConEmuMain@@QAEXXZ 004080a0 f   ConEmu.obj
 0001:000070b0       ?CanSetChildFocus@CConEmuMain@@QAE_NXZ 004080b0 f   ConEmu.obj
 0001:000070d0       ?CheckAllowAutoChildFocus@CConEmuMain@@QAEXK@Z 004080d0 f   ConEmu.obj
 0001:000071b0       ?StorePreMinimizeMonitor@CConEmuMain@@QAEXXZ 004081b0 f   ConEmu.obj
 0001:00007210       ?GetPrimaryMonitor@CConEmuMain@@QAEPAUHMONITOR__@@PAUtagMONITORINFO@@@Z 00408210 f   ConEmu.obj
 0001:000072e0       ?OnTaskbarCreated@CConEmuMain@@QAEXXZ 004082e0 f   ConEmu.obj
 0001:00007320       ?OnDefaultTermChanged@CConEmuMain@@QAEXXZ 00408320 f   ConEmu.obj
 0001:00007340       ?DoMaximizeWidthHeight@CConEmuMain@@QAE_N_N0@Z 00408340 f   ConEmu.obj
 0001:000074a0       ?InCreateWindow@CConEmuMain@@QAE_NXZ 004084a0 f   ConEmu.obj
 0001:000074b0       ?InQuakeAnimation@CConEmuMain@@QAE_NXZ 004084b0 f   ConEmu.obj
 0001:000074c0       ?EnumWindowsOverQuake@CConEmuMain@@KGHPAUHWND__@@J@Z 004084c0 f   ConEmu.obj
 0001:000075f0       ?IsQuakeVisible@CConEmuMain@@QAEIXZ 004085f0 f   ConEmu.obj
 0001:00007790       ?OnSwitchGuiFocus@CConEmuMain@@QAEXW4SwitchGuiFocusOp@@@Z 00408790 f   ConEmu.obj
 0001:000078b0       ?OnKeyboardHook@CConEmuMain@@QAEJK@Z 004088b0 f   ConEmu.obj
 0001:00007960       ?isInImeComposition@CConEmuMain@@QAE_NXZ 00408960 f   ConEmu.obj
 0001:00007970       ?UpdateImeComposition@CConEmuMain@@IAEXXZ 00408970 f   ConEmu.obj
 0001:00007b70       ?OnKeyboardIme@CConEmuMain@@QAEJPAUHWND__@@IIJ@Z 00408b70 f   ConEmu.obj
 0001:00007dc0       ?AppendHKL@CConEmuMain@@IAEXPA_WIPAPAUHKL__@@H@Z 00408dc0 f   ConEmu.obj
 0001:00007e40       ?AppendRegisteredLayouts@CConEmuMain@@IAEXPA_WI@Z 00408e40 f   ConEmu.obj
 0001:00007ed0       ?StoreLayoutName@CConEmuMain@@IAEXHKPAUHKL__@@@Z 00408ed0 f   ConEmu.obj
 0001:00007fc0       ?OnLangChange@CConEmuMain@@QAEJIIJ@Z 00408fc0 f   ConEmu.obj
 0001:00008180       ?OnLangChangeConsole@CConEmuMain@@QAEJPAVCVirtualConsole@@K@Z 00409180 f   ConEmu.obj
 0001:00008680       ?SetSkipMouseEvent@CConEmuMain@@QAEXIII@Z 00409680 f   ConEmu.obj
 0001:000086b0       ?PatchMouseEvent@CConEmuMain@@IAE_NIAAUtagPOINT@@0IAA_N@Z 004096b0 f   ConEmu.obj
 0001:00008a00       ?OnMouse_RBtnDblClk@CConEmuMain@@QAEJPAVCVirtualConsole@@PAUHWND__@@AAIIJUtagPOINT@@U_COORD@@@Z 00409a00 f   ConEmu.obj
 0001:00008a30       ?OnMouse_NCBtnDblClk@CConEmuMain@@QAEHPAUHWND__@@AAIIJ@Z 00409a30 f   ConEmu.obj
 0001:00008aa0       ?CheckFocus@CConEmuMain@@QAEXPB_W@Z 00409aa0 f   ConEmu.obj
 0001:00008db0       ?CheckUpdates@CConEmuMain@@QAEXH@Z 00409db0 f   ConEmu.obj
 0001:00008e40       ?ReportUpdateConfirmation@CConEmuMain@@QAE_NXZ 00409e40 f   ConEmu.obj
 0001:00008e90       ?ReportUpdateError@CConEmuMain@@QAEXXZ 00409e90 f   ConEmu.obj
 0001:00008ed0       ?RequestPostUpdateTabs@CConEmuMain@@QAEXXZ 00409ed0 f   ConEmu.obj
 0001:00008ef0       ?CheckPanelDrag@CConEmuMain@@QAE?AW4DragPanelBorder@@U_COORD@@@Z 00409ef0 f   ConEmu.obj
 0001:00009120       ?isConsolePID@CConEmuMain@@QAE_NK@Z 0040a120 f   ConEmu.obj
 0001:00009140       ?OnAlwaysOnTop@CConEmuMain@@QAEXXZ 0040a140 f   ConEmu.obj
 0001:000091e0       ?OnInfo_Help@CConEmuMain@@QAEXXZ 0040a1e0 f   ConEmu.obj
 0001:00009260       ?OnInfo_HomePage@CConEmuMain@@QAEXXZ 0040a260 f   ConEmu.obj
 0001:000092a0       ?OnInfo_ReportBug@CConEmuMain@@QAEXXZ 0040a2a0 f   ConEmu.obj
 0001:000092e0       ?OnInfo_ReportCrash@CConEmuMain@@QAEXPB_W@Z 0040a2e0 f   ConEmu.obj
 0001:00009380       ?OnInfo_ThrowTrapException@CConEmuMain@@QAEX_N@Z 0040a380 f   ConEmu.obj
 0001:00009450       ?SetKillTimer@CConEmuMain@@QAEI_NII@Z 0040a450 f   ConEmu.obj
 0001:00009490       ?SetRunQueueTimer@CConEmuMain@@IAEX_NI@Z 0040a490 f   ConEmu.obj
 0001:000094e0       ?OnTimer_ConRedraw@CConEmuMain@@QAEXPAVCVirtualConsole@@@Z 0040a4e0 f   ConEmu.obj
 0001:00009550       ?OnTimer_AdmShield@CConEmuMain@@QAEXXZ 0040a550 f   ConEmu.obj
 0001:000095a0       ?OnUpdateScrollInfo@CConEmuMain@@QAEJH@Z 0040a5a0 f   ConEmu.obj
 0001:000095e0       ?OnVConCreated@CConEmuMain@@QAEXPAVCVirtualConsole@@PBURConStartArgs@@@Z 0040a5e0 f   ConEmu.obj
 0001:00009610       ?isDestroyOnClose@CConEmuMain@@QAE_N_N@Z 0040a610 f   ConEmu.obj
 0001:000096d0       ?OnRConStartedSuccess@CConEmuMain@@QAEXPAVCRealConsole@@@Z 0040a6d0 f   ConEmu.obj
 0001:000096f0       ?isDialogMessage@CConEmuMain@@QAEHAAUtagMSG@@@Z 0040a6f0 f   ConEmu.obj
 0001:00009790       ?SetFrom@?$MFileMapping@UConEmuGuiMapping@@@@QAE_NPBUConEmuGuiMapping@@H@Z 0040a790 f i ConEmu.obj
 0001:00009860       ?Get@?$MMap@IPBD@@QAE_NABIPAPBD_N@Z 0040a860 f i ConEmu.obj
 0001:00009860       ?Get@?$MMap@PAUHWND__@@PAVCVirtualConsole@@@@QAE_NABQAUHWND__@@PAPAVCVirtualConsole@@_N@Z 0040a860 f i VConChild.obj
 0001:000098e0       ?GetNext@?$MMap@IPBD@@QAE_NPBIPAIPAPBD@Z 0040a8e0 f i ConEmu.obj
 0001:00009990       ?Set@?$MMap@IPBD@@QAE_NABIABQBD@Z 0040a990 f i ConEmu.obj
 0001:00009990       ?Set@?$MMap@KH@@QAE_NABKABH@Z 0040a990 f i RealConsole.obj
 0001:00009990       ?Set@?$MMap@PAVCVConGroup@@PAVCVirtualConsole@@@@QAE_NABQAVCVConGroup@@ABQAVCVirtualConsole@@@Z 0040a990 f i TabBar.obj
 0001:00009990       ?Set@?$MMap@PAUHWND__@@PAVCVirtualConsole@@@@QAE_NABQAUHWND__@@ABQAVCVirtualConsole@@@Z 0040a990 f i VConChild.obj
 0001:00009ac0       ??$SafeDelete@VCConEmuInside@@@@YAXAAPAVCConEmuInside@@@Z 0040aac0 f i ConEmu.obj
 0001:00009ae0       ?Log@ConEmuMsgLogger@@YAXABUtagMSG@@W4Source@1@@Z 0040aae0 f i ConEmu.obj
 0001:00009b50       ?LogFocusInfo@@YAXPB_WH@Z  0040ab50 f   ConEmu.obj
 0001:00009b90       ?SetWindowStyle@CConEmuMain@@QAEXK@Z 0040ab90 f   ConEmu.obj
 0001:00009bb0       ?GetWindowStyle@CConEmuMain@@QAEKXZ 0040abb0 f   ConEmu.obj
 0001:00009bd0       ?SetWindowStyleEx@CConEmuMain@@QAEXPAUHWND__@@K@Z 0040abd0 f   ConEmu.obj
 0001:00009c60       ?UpdateGuiInfoMappingActive@CConEmuMain@@AAEX_N@Z 0040ac60 f   ConEmu.obj
 0001:00009db0       ?AskChangeBufferHeight@CConEmuMain@@QAEXXZ 0040adb0 f   ConEmu.obj
 0001:00009f00       ?AskChangeAlternative@CConEmuMain@@QAEXXZ 0040af00 f   ConEmu.obj
 0001:00009fd0       ?CalcMargins@CConEmuMain@@QAE?AUtagRECT@@KW4ConEmuWindowMode@@@Z 0040afd0 f   ConEmu.obj
 0001:0000a220       ?CalcRect@CConEmuMain@@QAE?AUtagRECT@@W4ConEmuRect@@ABU2@0PAVCVirtualConsole@@W4ConEmuMargins@@@Z 0040b220 f   ConEmu.obj
 0001:0000a890       ?AutoSizeFont@CConEmuMain@@QAEXUtagRECT@@W4ConEmuRect@@@Z 0040b890 f   ConEmu.obj
 0001:0000aa30       ?FormatTileMode@CConEmuMain@@SAPB_WW4ConEmuWindowCommand@@PA_WI@Z 0040ba30 f   ConEmu.obj
 0001:0000aab0       ?GetTileMode@CConEmuMain@@QAE?AW4ConEmuWindowCommand@@_NPAUtagMONITORINFO@@@Z 0040bab0 f   ConEmu.obj
 0001:0000ac30       ?TrackMouse@CConEmuMain@@QAEHXZ 0040bc30 f   ConEmu.obj
 0001:0000acb0       ?OnMoving@CConEmuMain@@QAEJPAUtagRECT@@_N@Z 0040bcb0 f   ConEmu.obj
 0001:0000afb0       ?CheckTopMostState@CConEmuMain@@IAEXXZ 0040bfb0 f   ConEmu.obj
 0001:0000b0c0       ?OnSizePanels@CConEmuMain@@QAEXU_COORD@@@Z 0040c0c0 f   ConEmu.obj
 0001:0000b4a0       ?OnActiveConWndStore@CConEmuMain@@QAEXPAUHWND__@@@Z 0040c4a0 f   ConEmu.obj
 0001:0000b500       ?CreateWnd@CConEmuMain@@QAE_NPAURConStartArgs@@@Z 0040c500 f   ConEmu.obj
 0001:0000b770       ?CreateCon@CConEmuMain@@QAEPAVCVirtualConsole@@PAURConStartArgs@@_N1@Z 0040c770 f   ConEmu.obj
 0001:0000b7b0       ?CreateConGroup@CConEmuMain@@QAEPAVCVirtualConsole@@PB_W_N0PBURConStartArgs@@@Z 0040c7b0 f   ConEmu.obj
 0001:0000bbe0       ?UpdateInsideRect@CConEmuMain@@QAEXUtagRECT@@@Z 0040cbe0 f   ConEmu.obj
 0001:0000bc30       ?PostDragCopy@CConEmuMain@@QAEXHH@Z 0040cc30 f   ConEmu.obj
 0001:0000bce0       ?PostMacro@CConEmuMain@@QAEXPB_W@Z 0040cce0 f   ConEmu.obj
 0001:0000bd70       ?GlobalHotKeyChanged@CConEmuMain@@QAEXXZ 0040cd70 f   ConEmu.obj
 0001:0000bdd0       ?UpdateWinHookSettings@CConEmuMain@@QAEXXZ 0040cdd0 f   ConEmu.obj
 0001:0000be60       ?RegisterHooks@CConEmuMain@@QAEXXZ 0040ce60 f   ConEmu.obj
 0001:0000c0b0       ?CtrlWinAltSpace@CConEmuMain@@QAEXXZ 0040d0b0 f   ConEmu.obj
 0001:0000c140       ?RecreateAction@CConEmuMain@@QAEXW4RecreateActionParm@@HH@Z 0040d140 f   ConEmu.obj
 0001:0000c440       ?ReportOldCmdVersion@CConEmuMain@@QAEXKKHK_KK@Z 0040d440 f   ConEmu.obj
 0001:0000c7e0       ?UpdateCursorInfo@CConEmuMain@@QAEXPBU_CONSOLE_SCREEN_BUFFER_INFO@@U_COORD@@U_CONSOLE_CURSOR_INFO@@@Z 0040d7e0 f   ConEmu.obj
 0001:0000c8e0       ?UpdateSizes@CConEmuMain@@QAEXXZ 0040d8e0 f   ConEmu.obj
 0001:0000cad0       ?UpdateProgress@CConEmuMain@@QAEXXZ 0040dad0 f   ConEmu.obj
 0001:0000cda0       ?StartRightClickingPaint@CConEmuMain@@IAEXXZ 0040dda0 f   ConEmu.obj
 0001:0000cdf0       ?StopRightClickingPaint@CConEmuMain@@IAEXXZ 0040ddf0 f   ConEmu.obj
 0001:0000ce50       ?OnBufferHeight@CConEmuMain@@QAEXXZ 0040de50 f   ConEmu.obj
 0001:0000cf50       ?setWindowPos@CConEmuMain@@QAEHPAUHWND__@@HHHHI@Z 0040df50 f   ConEmu.obj
 0001:0000d010       ?LoadConsoleBatch_File@CConEmuMain@@AAEPA_WPB_W@Z 0040e010 f   ConEmu.obj
 0001:0000d2e0       ?LoadConsoleBatch_Drops@CConEmuMain@@AAEPA_WPB_W@Z 0040e2e0 f   ConEmu.obj
 0001:0000d6a0       ?OnOurDialogClosed@CConEmuMain@@QAEXXZ 0040e6a0 f   ConEmu.obj
 0001:0000d6b0       ?OnMouse_LBtnDown@CConEmuMain@@QAEJPAVCVirtualConsole@@PAUHWND__@@IIJUtagPOINT@@U_COORD@@@Z 0040e6b0 f   ConEmu.obj
 0001:0000d8d0       ?OnMouse_LBtnUp@CConEmuMain@@QAEJPAVCVirtualConsole@@PAUHWND__@@IIJUtagPOINT@@U_COORD@@@Z 0040e8d0 f   ConEmu.obj
 0001:0000d980       ?OnMouse_LBtnDblClk@CConEmuMain@@QAEJPAVCVirtualConsole@@PAUHWND__@@AAIIJUtagPOINT@@U_COORD@@@Z 0040e980 f   ConEmu.obj
 0001:0000daa0       ?OnMouse_RBtnDown@CConEmuMain@@QAEJPAVCVirtualConsole@@PAUHWND__@@IIJUtagPOINT@@U_COORD@@@Z 0040eaa0 f   ConEmu.obj
 0001:0000dd30       ?RequestExitUpdate@CConEmuMain@@QAEXXZ 0040ed30 f   ConEmu.obj
 0001:0000dd90       ?aboutProc@CConEmuMain@@KGHPAUHWND__@@IIJ@Z 0040ed90 f   ConEmu.obj
 0001:0000e100       ?OnInfo_Donate@CConEmuMain@@QAEXXZ 0040f100 f   ConEmu.obj
 0001:0000e150       ?OnInfo_About@CConEmuMain@@QAEXPB_W@Z 0040f150 f   ConEmu.obj
 0001:0000e290       ?SetTransparent@CConEmuMain@@QAE_NPAUHWND__@@I_NK1@Z 0040f290 f   ConEmu.obj
 0001:0000e520       ?LogMessage@CConEmuMain@@QAEXPAUHWND__@@IIJ@Z 0040f520 f   ConEmu.obj
 0001:0000ebd0       ?WorkWndProc@CConEmuMain@@SGJPAUHWND__@@IIJ@Z 0040fbd0 f   ConEmu.obj
 0001:0000ecb0       ?RegisterMessage@CConEmuMain@@QAEIPBDPB_W@Z 0040fcb0 f   ConEmu.obj
 0001:0000ed00       ?GetRegisteredMessage@CConEmuMain@@QAEIPBD@Z 0040fd00 f   ConEmu.obj
 0001:0000eda0       ?SetFrom@?$MFileMapping@UPanelViewSetMapping@@@@QAE_NPBUPanelViewSetMapping@@H@Z 0040fda0 f i ConEmu.obj
 0001:0000ee70       ??$wcscpy_c@$0CA@@@YAHAAY0CA@_WPB_W@Z 0040fe70 f i ConEmu.obj
 0001:0000eed0       ??$wcscat_c@$0BAF@@@YAHAAY0BAF@_WPB_W@Z 0040fed0 f i ConEmu.obj
 0001:0000eef0       ??$wcscpy_c@$0BBA@@@YAHAAY0BBA@_WPB_W@Z 0040fef0 f i ConEmu.obj
 0001:0000ef50       ??$wcscpy_c@$0BCE@@@YAHAAY0BCE@_WPB_W@Z 0040ff50 f i ConEmu.obj
 0001:0000efb0       ??$wcscpy_c@$0CAI@@@YAHAAY0CAI@_WPB_W@Z 0040ffb0 f i ConEmu.obj
 0001:0000f010       ??$wcscat_c@$0CAI@@@YAHAAY0CAI@_WPB_W@Z 00410010 f i ConEmu.obj
 0001:0000f030       ??$wcscat_c@$0BAE@@@YAHAAY0BAE@_WPB_W@Z 00410030 f i ConEmu.obj
 0001:0000f050       ??$wcscpy_c@$0BFE@@@YAHAAY0BFE@_WPB_W@Z 00410050 f i ConEmu.obj
 0001:0000f0b0       ?StoreWorkDir@CConEmuMain@@QAEXPB_W@Z 004100b0 f   ConEmu.obj
 0001:0000f160       ?CheckRequiredFiles@CConEmuMain@@QAE_NXZ 00410160 f   ConEmu.obj
 0001:0000f570       ?SetConfigFile@CConEmuMain@@QAE_NPB_W_N@Z 00410570 f   ConEmu.obj
 0001:0000f7f0       ?ConEmuXml@CConEmuMain@@QAEPA_WXZ 004107f0 f   ConEmu.obj
 0001:0000f8f0       ?ConEmuIni@CConEmuMain@@QAEPA_WXZ 004108f0 f   ConEmu.obj
 0001:0000f9b0       ?ConEmuCExeFull@CConEmuMain@@QAEPB_WPB_W@Z 004109b0 f   ConEmu.obj
 0001:0000fcf0       ?GetDefaultSize@CConEmuMain@@QAE?AUtagSIZE@@_NPBTCESize@@1PAUHMONITOR__@@@Z 00410cf0 f   ConEmu.obj
 0001:00010120       ?GetDefaultRect@CConEmuMain@@QAE?AUtagRECT@@XZ 00411120 f   ConEmu.obj
 0001:000106c0       ?CreateLog@CConEmuMain@@QAE_NXZ 004116c0 f   ConEmu.obj
 0001:00010830       ?CheckDosBoxExists@CConEmuMain@@AAEHXZ 00411830 f   ConEmu.obj
 0001:000108f0       ?InitComSpecStr@CConEmuMain@@QAEXAAUConEmuComspec@@@Z 004118f0 f   ConEmu.obj
 0001:00010930       ?CreateWindowRgn@CConEmuMain@@QAEPAUHRGN__@@_N0HHHH@Z 00411930 f   ConEmu.obj
 0001:00010c00       ??1CConEmuMain@@UAE@XZ     00411c00 f   ConEmu.obj
 0001:00010f10       ??_ECConEmuMain@@WOI@AEPAXI@Z 00411f10 f i ConEmu.obj
 0001:00010f20       ??_ECConEmuMain@@WLA@AEPAXI@Z 00411f20 f i ConEmu.obj
 0001:00010f30       ??_ECConEmuMain@@WJE@AEPAXI@Z 00411f30 f i ConEmu.obj
 0001:00010f40       ??_ECConEmuMain@@WBBI@AEPAXI@Z 00411f40 f i ConEmu.obj
 0001:00010f50       ?CalcRect@CConEmuMain@@QAE?AUtagRECT@@W4ConEmuRect@@PAVCVirtualConsole@@@Z 00411f50 f   ConEmu.obj
 0001:00011200       ?StoreIdealRect@CConEmuMain@@QAEXXZ 00412200 f   ConEmu.obj
 0001:00011260       ?GetIdealRect@CConEmuMain@@QAE?AUtagRECT@@XZ 00412260 f   ConEmu.obj
 0001:000112d0       ?StoreNormalRect@CConEmuMain@@IAEXPAUtagRECT@@@Z 004122d0 f   ConEmu.obj
 0001:00011640       ?AttachRequestedGui@CConEmuMain@@QAEPAVCRealConsole@@PB_WK@Z 00412640 f   ConEmu.obj
 0001:00011770       ?LoadIcons@CConEmuMain@@QAEXXZ 00412770 f   ConEmu.obj
 0001:000119c0       ?RegisterHotKeys@CConEmuMain@@IAEXXZ 004129c0 f   ConEmu.obj
 0001:00011a80       ?RunSingleInstance@CConEmuMain@@QAEHPAUHWND__@@PB_W@Z 00412a80 f   ConEmu.obj
 0001:00011d40       ?UpdateProcessDisplay@CConEmuMain@@QAEXH@Z 00412d40 f   ConEmu.obj
 0001:00011fa0       ?UpdateTitle@CConEmuMain@@QAEXXZ 00412fa0 f   ConEmu.obj
 0001:000120f0       ?RightClickingPaint@CConEmuMain@@QAEXPAUHDC__@@PAVCVirtualConsole@@@Z 004130f0 f   ConEmu.obj
 0001:000124b0       ?isFirstInstance@CConEmuMain@@QAE_N_N@Z 004134b0 f   ConEmu.obj
 0001:00012720       ?EndSizing@CConEmuMain@@QAEXI@Z 00413720 f   ConEmu.obj
 0001:00012870       ?GetNearestMonitor@CConEmuMain@@QAEPAUHMONITOR__@@PAUtagMONITORINFO@@PBUtagRECT@@@Z 00413870 f   ConEmu.obj
 0001:000129a0       ?OnGetMinMaxInfo@CConEmuMain@@QAEJPAUtagMINMAXINFO@@@Z 004139a0 f   ConEmu.obj
 0001:00012d10       ?OnTaskbarButtonCreated@CConEmuMain@@QAEXXZ 00413d10 f   ConEmu.obj
 0001:00012da0       ?OnKeyboard@CConEmuMain@@QAEJPAUHWND__@@IIJ@Z 00413da0 f   ConEmu.obj
 0001:000133a0       ?CheckActiveLayoutName@CConEmuMain@@IAEXXZ 004143a0 f   ConEmu.obj
 0001:00013530       ?OnInfo_WhatsNew@CConEmuMain@@QAEX_N@Z 00414530 f   ConEmu.obj
 0001:00013600       ?OnGhostCreated@CConEmuMain@@QAEXPAVCVirtualConsole@@PAUHWND__@@@Z 00414600 f   ConEmu.obj
 0001:000136a0       ?OnAllGhostClosed@CConEmuMain@@QAEXXZ 004146a0 f   ConEmu.obj
 0001:00013720       ?LogWindowPos@CConEmuMain@@QAEXPB_W@Z 00414720 f   ConEmu.obj
 0001:00013860       ?InternalOpenCreate@?$MFileMapping@UConEmuGuiMapping@@@@IAEPAUConEmuGuiMapping@@HHH@Z 00414860 f i ConEmu.obj
 0001:000139b0       ??0CConEmuMain@@QAE@XZ     004149b0 f   ConEmu.obj
 0001:00014f20       ??_GCConEmuMain@@UAEPAXI@Z 00415f20 f i ConEmu.obj
 0001:00014f20       ??_ECConEmuMain@@UAEPAXI@Z 00415f20 f i ConEmu.obj
 0001:00014f50       ?Init@CConEmuMain@@QAEHXZ  00415f50 f   ConEmu.obj
 0001:00015070       ?SizeWindow@CConEmuMain@@QAE_NTCESize@@0@Z 00416070 f   ConEmu.obj
 0001:000151f0       ?GetGuiClientRect@CConEmuMain@@QAE?AUtagRECT@@XZ 004161f0 f   ConEmu.obj
 0001:00015210       ?CreateWorkWindow@CConEmuMain@@QAEHXZ 00416210 f   ConEmu.obj
 0001:00015290       ?FixWindowRect@CConEmuMain@@QAE_NAAUtagRECT@@K_N@Z 00416290 f   ConEmu.obj
 0001:00015790       ?OnTabbarActivated@CConEmuMain@@QAEX_N@Z 00416790 f   ConEmu.obj
 0001:000157b0       ?JumpNextMonitor@CConEmuMain@@QAE_NPAUHWND__@@PAUHMONITOR__@@_NUtagRECT@@@Z 004167b0 f   ConEmu.obj
 0001:00015c80       ?OnSizing@CConEmuMain@@QAEJIJ@Z 00416c80 f   ConEmu.obj
 0001:00015ed0       ?DebugStep@CConEmuMain@@QAEXPB_WH@Z 00416ed0 f   ConEmu.obj
 0001:00015f80       ?SetWindowIcon@CConEmuMain@@QAEXPB_W@Z 00416f80 f   ConEmu.obj
 0001:00016090       ?RegisterMinRestore@CConEmuMain@@QAEX_N@Z 00417090 f   ConEmu.obj
 0001:00016370       ?CheckNeedUpdateTitle@CConEmuMain@@QAEXPB_W@Z 00417370 f   ConEmu.obj
 0001:000163d0       ?isSizing@CConEmuMain@@QAE_NI@Z 004173d0 f   ConEmu.obj
 0001:00016430       ?LoadConsoleBatch_Task@CConEmuMain@@AAEPA_WPB_WPAPA_W@Z 00417430 f   ConEmu.obj
 0001:000166d0       ?OnDestroy@CConEmuMain@@QAEJPAUHWND__@@@Z 004176d0 f   ConEmu.obj
 0001:000168e0       ?OnTaskbarSettingsChanged@CConEmuMain@@QAEXXZ 004178e0 f   ConEmu.obj
 0001:000169a0       ?OnMouse_Move@CConEmuMain@@QAEJPAVCVirtualConsole@@PAUHWND__@@IIJUtagPOINT@@U_COORD@@@Z 004179a0 f   ConEmu.obj
 0001:00016e60       ?OnMouse_RBtnUp@CConEmuMain@@QAEJPAVCVirtualConsole@@PAUHWND__@@IIJUtagPOINT@@U_COORD@@@Z 00417e60 f   ConEmu.obj
 0001:000174c0       ?OnSetCursor@CConEmuMain@@QAEJIJ@Z 004184c0 f   ConEmu.obj
 0001:00017840       ?OnTransparent@CConEmuMain@@QAEX_N0@Z 00418840 f   ConEmu.obj
 0001:00017960       ?OnAllVConClosed@CConEmuMain@@QAEXXZ 00418960 f   ConEmu.obj
 0001:00017a40       ?CreateGuiAttachMapping@CConEmuMain@@QAEXK@Z 00418a40 f   ConEmu.obj
 0001:00017ad0       ?UpdateGuiInfoMapping@CConEmuMain@@AAEXXZ 00418ad0 f   ConEmu.obj
 0001:00018190       ?JumpNextMonitor@CConEmuMain@@QAE_N_N@Z 00419190 f   ConEmu.obj
 0001:00018300       ?OnConsoleResize@CConEmuMain@@QAEXH@Z 00419300 f   ConEmu.obj
 0001:00018500       ?OnWindowPosChanged@CConEmuMain@@UAEJPAUHWND__@@IIJ@Z 00419500 f   ConEmu.obj
 0001:00018880       ?isMouseOverFrame@CConEmuMain@@QAE_N_N@Z 00419880 f   ConEmu.obj
 0001:000189e0       ?LoadConsoleBatch@CConEmuMain@@QAEPA_WPB_WPAPA_W@Z 004199e0 f   ConEmu.obj
 0001:00018a50       ?OnGlobalSettingsChanged@CConEmuMain@@QAEXXZ 00419a50 f   ConEmu.obj
 0001:00018a80       ?OnPanelViewSettingsChanged@CConEmuMain@@QAEXH@Z 00419a80 f   ConEmu.obj
 0001:00018b60       ?OnMouse@CConEmuMain@@QAEJPAUHWND__@@IIJ@Z 00419b60 f   ConEmu.obj
 0001:00019690       ?SetDragCursor@CConEmuMain@@QAEXPAUHICON__@@@Z 0041a690 f   ConEmu.obj
 0001:000196c0       ?OnTransparentSeparate@CConEmuMain@@QAEX_N@Z 0041a6c0 f   ConEmu.obj
 0001:00019700       ?OnTransparent@CConEmuMain@@QAEXXZ 0041a700 f   ConEmu.obj
 0001:00019730       ?CreateWindowRgn@CConEmuMain@@QAEPAUHRGN__@@_N@Z 0041a730 f   ConEmu.obj
 0001:00019ba0       ?UpdateWindowRgn@CConEmuMain@@QAEXHHHH@Z 0041aba0 f   ConEmu.obj
 0001:00019d00       ?ForceShowTabs@CConEmuMain@@QAEXH@Z 0041ad00 f   ConEmu.obj
 0001:00019dd0       ?OnSize@CConEmuMain@@QAEJ_NIGG@Z 0041add0 f   ConEmu.obj
 0001:0001a050       ?SyncNtvdm@CConEmuMain@@QAEXXZ 0041b050 f   ConEmu.obj
 0001:0001a070       ?ReSize@CConEmuMain@@QAEXH@Z 0041b070 f   ConEmu.obj
 0001:0001a260       ?OnCreate@CConEmuMain@@QAEJPAUHWND__@@PAUtagCREATESTRUCTW@@@Z 0041b260 f   ConEmu.obj
 0001:0001a450       ?OnHideCaption@CConEmuMain@@QAEXXZ 0041b450 f   ConEmu.obj
 0001:0001a770       ?SetWindowMode@CConEmuMain@@QAE_NW4ConEmuWindowMode@@HH@Z 0041b770 f   ConEmu.obj
 0001:0001b570       ?OnWindowPosChanging@CConEmuMain@@QAEJPAUHWND__@@IIJ@Z 0041c570 f   ConEmu.obj
 0001:0001b970       ?StartForceShowFrame@CConEmuMain@@IAEXXZ 0041c970 f   ConEmu.obj
 0001:0001b9b0       ?StopForceShowFrame@CConEmuMain@@IAEXXZ 0041c9b0 f   ConEmu.obj
 0001:0001b9f0       ?BeginSizing@CConEmuMain@@QAEX_N@Z 0041c9f0 f   ConEmu.obj
 0001:0001ba70       ?DoFullScreen@CConEmuMain@@QAEXXZ 0041ca70 f   ConEmu.obj
 0001:0001bae0       ?DoMaximizeRestore@CConEmuMain@@QAEXXZ 0041cae0 f   ConEmu.obj
 0001:0001bb30       ?DoMinimizeRestore@CConEmuMain@@QAEXW4SingleInstanceShowHideType@@@Z 0041cb30 f   ConEmu.obj
 0001:0001c5b0       ?DoForcedFullScreen@CConEmuMain@@QAEX_N@Z 0041d5b0 f   ConEmu.obj
 0001:0001c7a0       ?OnTimer_FrameAppearDisappear@CConEmuMain@@QAEXI@Z 0041d7a0 f   ConEmu.obj
 0001:0001c820       ?SetQuakeMode@CConEmuMain@@QAE_NEW4ConEmuWindowMode@@_N@Z 0041d820 f   ConEmu.obj
 0001:0001cbe0       ?SetTileMode@CConEmuMain@@QAE_NW4ConEmuWindowCommand@@@Z 0041dbe0 f   ConEmu.obj
 0001:0001d0e0       ?OnWmHotkey@CConEmuMain@@QAEXI@Z 0041e0e0 f   ConEmu.obj
 0001:0001d290       ?OnFocus@CConEmuMain@@QAEJPAUHWND__@@IIJPB_WH@Z 0041e290 f   ConEmu.obj
 0001:0001de50       ?OnShellHook@CConEmuMain@@QAEJIJ@Z 0041ee50 f   ConEmu.obj
 0001:0001df60       ?OnDesktopMode@CConEmuMain@@QAEXXZ 0041ef60 f   ConEmu.obj
 0001:0001e220       ?OnTimer_Main@CConEmuMain@@QAEXPAVCVirtualConsole@@@Z 0041f220 f   ConEmu.obj
 0001:0001e860       ?OnTimer_QuakeFocus@CConEmuMain@@QAEXXZ 0041f860 f   ConEmu.obj
 0001:0001e950       ?PostCreate@CConEmuMain@@QAEXH@Z 0041f950 f   ConEmu.obj
 0001:0001f0c0       ?OnTimer@CConEmuMain@@QAEJIJ@Z 004200c0 f   ConEmu.obj
 0001:0001f1d0       ?WndProc@CConEmuMain@@QAEJPAUHWND__@@IIJ@Z 004201d0 f   ConEmu.obj
 0001:000205d0       ?MainWndProc@CConEmuMain@@SGJPAUHWND__@@IIJ@Z 004215d0 f   ConEmu.obj
 0001:00020620       ?CreateMainWindow@CConEmuMain@@QAEHXZ 00421620 f   ConEmu.obj
 0001:00020ae0       ?LogString@@YAXPB_W_N1@Z   00421ae0 f   ConEmuApp.obj
 0001:00020b00       ?ShutdownGuiStep@@YAXPB_WHHHH@Z 00421b00 f   ConEmuApp.obj
 0001:00020b00       ?SyncWindowToConsole@CVConGroup@@SAXXZ 00421b00 f   VConGroup.obj
 0001:00020b00       ?OnTaskbarCreated@CDragDropData@@QAEXXZ 00421b00 f   DragDropData.obj
 0001:00020b00       ?OnCopyingState@CConEmuMain@@QAEXXZ 00421b00 f   ConEmu.obj
 0001:00020b10       ?MakeCoord@@YA?AU_COORD@@HH@Z 00421b10 f   ConEmuApp.obj
 0001:00020b30       ?MakePoint@@YA?AUtagPOINT@@HH@Z 00421b30 f   ConEmuApp.obj
 0001:00020b40       ?MakeRect@@YA?AUtagRECT@@HH@Z 00421b40 f   ConEmuApp.obj
 0001:00020b70       ?MakeRect@@YA?AUtagRECT@@HHHH@Z 00421b70 f   ConEmuApp.obj
 0001:00020b90       ?CoordInRect@@YAHABU_COORD@@ABUtagRECT@@@Z 00421b90 f   ConEmuApp.obj
 0001:00020bc0       ?IntersectSmallRect@@YAHAAUtagRECT@@AAU_SMALL_RECT@@@Z 00421bc0 f   ConEmuApp.obj
 0001:00020c00       ?MyGetDlgItemText@@YAIPAUHWND__@@GAAIAAPA_W@Z 00421c00 f   ConEmuApp.obj
 0001:00020cb0       ?EscapeChar@@YAX_NAAPB_WAAPA_W@Z 00421cb0 f   ConEmuApp.obj
 0001:00020fd0       ?MySetDlgItemText@@YAHPAUHWND__@@HPB_W@Z 00421fd0 f   ConEmuApp.obj
 0001:00020ff0       ?GetColorRef@@YA_NPB_WPAK@Z 00421ff0 f   ConEmuApp.obj
 0001:000211e0       ?DupCygwinPath@@YAPA_WPB_W_N@Z 004221e0 f   ConEmuApp.obj
 0001:000212d0       ?CreateProcessRestricted@@YAHPB_WPA_WPAU_SECURITY_ATTRIBUTES@@2HKPAX0PAU_STARTUPINFOW@@PAU_PROCESS_INFORMATION@@PAK@Z 004222d0 f   ConEmuApp.obj
 0001:00021400       ?isKey@@YA_NKK@Z           00422400 f   ConEmuApp.obj
 0001:00021450       ?isConsoleService@@YA_NPB_W@Z 00422450 f   ConEmuApp.obj
 0001:00021510       ?AppWndProc@@YGJPAUHWND__@@IIJ@Z 00422510 f   ConEmuApp.obj
 0001:000215c0       ?getForegroundWindow@@YAPAUHWND__@@XZ 004225c0 f   ConEmuApp.obj
 0001:00021600       ?SkipShowWindowProc@@YGJPAUHWND__@@IIJ@Z 00422600 f   ConEmuApp.obj
 0001:00021680       ?SkipOneShowWindow@@YAXXZ  00422680 f   ConEmuApp.obj
 0001:00021830       ?MessageBoxW@@YAHPB_WI0PAUHWND__@@@Z 00422830 f   ConEmuApp.obj
 0001:000218c0       ?DisplayLastError@@YAHPB_WKK0PAUHWND__@@@Z 004228c0 f   ConEmuApp.obj
 0001:00021a00       ?CenterInParent@@YA?AUtagRECT@@U1@PAUHWND__@@@Z 00422a00 f   ConEmuApp.obj
 0001:00021b00       ?MessageLoop@@YAXXZ        00422b00 f   ConEmuApp.obj
 0001:00021c10       ?SplitCommandLine@@YAXPA_WPAI@Z 00422c10 f   ConEmuApp.obj
 0001:00021cb0       ?PrepareCommandLine@@YAHAAPA_W0AA_NAAI@Z 00422cb0 f   ConEmuApp.obj
 0001:00021fa0       ?ResetConman@@YAXXZ        00422fa0 f   ConEmuApp.obj
 0001:00022000       ?RaiseTestException@@YAXXZ 00423000 f   ConEmuApp.obj
 0001:00022010       ?LoadStartupEnv@@YAPAUCEStartupEnv@@XZ 00423010 f   ConEmuApp.obj
 0001:00022680       ?GetDlgItemTextW@@YAPA_WPAUHWND__@@G@Z 00423680 f   ConEmuApp.obj
 0001:000226b0       ?CheckCreateAppWindow@@YAHXZ 004236b0 f   ConEmuApp.obj
 0001:000228b0       ?_CreateShellLink@@YAJPB_W00PAPAUIShellLinkW@@@Z 004238b0 f   ConEmuApp.obj
 0001:00022e30       ?_CreateSeparatorLink@@YAJPAPAUIShellLinkW@@@Z 00423e30 f   ConEmuApp.obj
 0001:00022ed0       ?UpdateWin7TaskList@@YA_N_N0@Z 00423ed0 f   ConEmuApp.obj
 0001:000234c0       ?GetCfgParm@@YA_NAAIAAPA_WAA_N1H_N@Z 004244c0 f   ConEmuApp.obj
 0001:00023650       ??$wcscpy_c@$0GE@@@YAHAAY0GE@_WPB_W@Z 00424650 f i ConEmuApp.obj
 0001:000236b0       ??$wcscpy_c@$0ELA@@@YAHAAY0ELA@_WPB_W@Z 004246b0 f i ConEmuApp.obj
 0001:00023710       ?SelectFolder@@YAPA_WPB_W0PAUHWND__@@_N2@Z 00424710 f   ConEmuApp.obj
 0001:000238d0       ?SelectFile@@YAPA_WPB_W0PAUHWND__@@0_N22@Z 004248d0 f   ConEmuApp.obj
 0001:00023a60       ?CreateDumpForReport@@YAKPAU_EXCEPTION_POINTERS@@AAY0EAA@_WPA_W@Z 00424a60 f   ConEmuApp.obj
 0001:00023e00       ?AssertBox@@YAXPB_W0IPAU_EXCEPTION_POINTERS@@@Z 00424e00 f   ConEmuApp.obj
 0001:00024010       ?CreateDumpOnException@@YGJPAU_EXCEPTION_POINTERS@@@Z 00425010 f   ConEmuApp.obj
 0001:000240d0       ?CreateProcessDemoted@@YAHPB_WPA_WPAU_SECURITY_ATTRIBUTES@@2HKPAX0PAU_STARTUPINFOW@@PAU_PROCESS_INFORMATION@@PAK@Z 004250d0 f   ConEmuApp.obj
 0001:000248a0       _WinMain@16                004258a0 f   ConEmuApp.obj
 0001:00026430       ?ExecutePrepareCmd@@YAXPAUCESERVER_REQ_HDR@@KI@Z 00427430 f   ConEmuCheck.obj
 0001:000264a0       ?ExecuteFreeResult@@YAXAAPAUCESERVER_REQ@@@Z 004274a0 f   ConEmuCheck.obj
 0001:000264c0       ?myGetConsoleWindow@@YAPAUHWND__@@XZ 004274c0 f   ConEmuCheck.obj
 0001:00026510       ?ExecutePrepareCmd@@YAXPAUCESERVER_REQ@@KI@Z 00427510 f   ConEmuCheck.obj
 0001:00026550       ?ExecuteNewCmd@@YAPAUCESERVER_REQ@@KI@Z 00427550 f   ConEmuCheck.obj
 0001:000265b0       ?ExecuteNewCmd@@YAHAAPAUCESERVER_REQ@@AAKKI@Z 004275b0 f   ConEmuCheck.obj
 0001:00026640       ?CloseMap@?$MFileMapping@UCESERVER_CONSOLE_MAPPING_HDR@@@@QAEXXZ 00427640 f i ConEmuCheck.obj
 0001:00026680       ?ModuleName@@YAPB_WPB_W@Z  00427680 f   ConEmuCheck.obj
 0001:00026710       ?ExecuteOpenPipe@@YAPAXPB_WAAY0CAI@_W0KKHPAX@Z 00427710 f   ConEmuCheck.obj
 0001:000268c0       ?ExecuteCmd@@YAPAUCESERVER_REQ@@PB_WPAU1@KPAUHWND__@@HK@Z 004278c0 f   ConEmuCheck.obj
 0001:00026a50       ?GuiMessageBox@@YAHPAUHWND__@@PB_W1H@Z 00427a50 f   ConEmuCheck.obj
 0001:00026bf0       ?InternalOpenCreate@?$MFileMapping@UCESERVER_CONSOLE_MAPPING_HDR@@@@IAEPAUCESERVER_CONSOLE_MAPPING_HDR@@HHH@Z 00427bf0 f i ConEmuCheck.obj
 0001:00026d40       ?ExecuteGuiCmd@@YAPAUCESERVER_REQ@@PAUHWND__@@PAU1@0H@Z 00427d40 f   ConEmuCheck.obj
 0001:00026db0       ?ExecuteSrvCmd@@YAPAUCESERVER_REQ@@KPAU1@PAUHWND__@@HK@Z 00427db0 f   ConEmuCheck.obj
 0001:00026e20       ?ExecuteHkCmd@@YAPAUCESERVER_REQ@@KPAU1@PAUHWND__@@H@Z 00427e20 f   ConEmuCheck.obj
 0001:00026e90       ?LoadSrvMapping@@YAHPAUHWND__@@AAUCESERVER_CONSOLE_MAPPING_HDR@@@Z 00427e90 f   ConEmuCheck.obj
 0001:00026f90       ??0CConEmuCtrl@@QAE@XZ     00427f90 f   ConEmuCtrl.obj
 0001:00026fe0       ??1CConEmuCtrl@@UAE@XZ     00427fe0 f   ConEmuCtrl.obj
 0001:00026ff0       ?UpdateControlKeyState@CConEmuCtrl@@QAEXXZ 00427ff0 f   ConEmuCtrl.obj
 0001:00027170       ?GetControlKeyState@CConEmuCtrl@@QAEKJ@Z 00428170 f   ConEmuCtrl.obj
 0001:00027190       ?VkModFromVk@CConEmuCtrl@@QAEKK@Z 00428190 f   ConEmuCtrl.obj
 0001:00027210       ?FixSingleModifier@CConEmuCtrl@@QAEXKPAVCRealConsole@@@Z 00428210 f   ConEmuCtrl.obj
 0001:00027270       ?key_MinimizeRestore@CConEmuCtrl@@SG_NK_NPBUConEmuHotKey@@PAVCRealConsole@@@Z 00428270 f   ConEmuCtrl.obj
 0001:00027290       ?key_MinimizeByEsc@CConEmuCtrl@@SG_NK_NPBUConEmuHotKey@@PAVCRealConsole@@@Z 00428290 f   ConEmuCtrl.obj
 0001:00027310       ?key_GlobalRestore@CConEmuCtrl@@SG_NK_NPBUConEmuHotKey@@PAVCRealConsole@@@Z 00428310 f   ConEmuCtrl.obj
 0001:00027330       ?key_MultiNew@CConEmuCtrl@@SG_NK_NPBUConEmuHotKey@@PAVCRealConsole@@@Z 00428330 f   ConEmuCtrl.obj
 0001:00027370       ?key_MultiNewShift@CConEmuCtrl@@SG_NK_NPBUConEmuHotKey@@PAVCRealConsole@@@Z 00428370 f   ConEmuCtrl.obj
 0001:00027390       ?key_MultiNewPopupMenu@CConEmuCtrl@@SG_NK_NPBUConEmuHotKey@@PAVCRealConsole@@@Z 00428390 f   ConEmuCtrl.obj
 0001:000273c0       ?key_MultiNewPopupMenu2@CConEmuCtrl@@SG_NK_NPBUConEmuHotKey@@PAVCRealConsole@@@Z 004283c0 f   ConEmuCtrl.obj
 0001:000273f0       ?key_MultiNewWindow@CConEmuCtrl@@SG_NK_NPBUConEmuHotKey@@PAVCRealConsole@@@Z 004283f0 f   ConEmuCtrl.obj
 0001:00027410       ?key_MultiNewAttach@CConEmuCtrl@@SG_NK_NPBUConEmuHotKey@@PAVCRealConsole@@@Z 00428410 f   ConEmuCtrl.obj
 0001:00027440       ?key_MultiNext@CConEmuCtrl@@SG_NK_NPBUConEmuHotKey@@PAVCRealConsole@@@Z 00428440 f   ConEmuCtrl.obj
 0001:00027460       ?key_MultiNextShift@CConEmuCtrl@@SG_NK_NPBUConEmuHotKey@@PAVCRealConsole@@@Z 00428460 f   ConEmuCtrl.obj
 0001:00027480       ?key_MultiRecreate@CConEmuCtrl@@SG_NK_NPBUConEmuHotKey@@PAVCRealConsole@@@Z 00428480 f   ConEmuCtrl.obj
 0001:000274a0       ?key_AlternativeBuffer@CConEmuCtrl@@SG_NK_NPBUConEmuHotKey@@PAVCRealConsole@@@Z 004284a0 f   ConEmuCtrl.obj
 0001:000274c0       ?key_MultiBuffer@CConEmuCtrl@@SG_NK_NPBUConEmuHotKey@@PAVCRealConsole@@@Z 004284c0 f   ConEmuCtrl.obj
 0001:000274e0       ?key_MultiClose@CConEmuCtrl@@SG_NK_NPBUConEmuHotKey@@PAVCRealConsole@@@Z 004284e0 f   ConEmuCtrl.obj
 0001:00027510       ?key_TerminateProcess@CConEmuCtrl@@SG_NK_NPBUConEmuHotKey@@PAVCRealConsole@@@Z 00428510 f   ConEmuCtrl.obj
 0001:00027540       ?key_DuplicateRoot@CConEmuCtrl@@SG_NK_NPBUConEmuHotKey@@PAVCRealConsole@@@Z 00428540 f   ConEmuCtrl.obj
 0001:00027570       ?key_MultiCmd@CConEmuCtrl@@SG_NK_NPBUConEmuHotKey@@PAVCRealConsole@@@Z 00428570 f   ConEmuCtrl.obj
 0001:00027600       ?key_CTSVkBlockStart@CConEmuCtrl@@SG_NK_NPBUConEmuHotKey@@PAVCRealConsole@@@Z 00428600 f   ConEmuCtrl.obj
 0001:00027630       ?key_CTSVkTextStart@CConEmuCtrl@@SG_NK_NPBUConEmuHotKey@@PAVCRealConsole@@@Z 00428630 f   ConEmuCtrl.obj
 0001:00027660       ?key_About@CConEmuCtrl@@SG_NK_NPBUConEmuHotKey@@PAVCRealConsole@@@Z 00428660 f   ConEmuCtrl.obj
 0001:00027680       ?key_Hotkeys@CConEmuCtrl@@SG_NK_NPBUConEmuHotKey@@PAVCRealConsole@@@Z 00428680 f   ConEmuCtrl.obj
 0001:000276a0       ?key_Settings@CConEmuCtrl@@SG_NK_NPBUConEmuHotKey@@PAVCRealConsole@@@Z 004286a0 f   ConEmuCtrl.obj
 0001:000276d0       ?key_SystemMenu@CConEmuCtrl@@SG_NK_NPBUConEmuHotKey@@PAVCRealConsole@@@Z 004286d0 f   ConEmuCtrl.obj
 0001:00027740       ?key_TabMenu@CConEmuCtrl@@SG_NK_NPBUConEmuHotKey@@PAVCRealConsole@@@Z 00428740 f   ConEmuCtrl.obj
 0001:00027800       ?key_ShowRealConsole@CConEmuCtrl@@SG_NK_NPBUConEmuHotKey@@PAVCRealConsole@@@Z 00428800 f   ConEmuCtrl.obj
 0001:00027830       ?key_ForcedFullScreen@CConEmuCtrl@@SG_NK_NPBUConEmuHotKey@@PAVCRealConsole@@@Z 00428830 f   ConEmuCtrl.obj
 0001:00027850       ?key_SwitchGuiFocus@CConEmuCtrl@@SG_NK_NPBUConEmuHotKey@@PAVCRealConsole@@@Z 00428850 f   ConEmuCtrl.obj
 0001:000278d0       ?key_ChildSystemMenu@CConEmuCtrl@@SG_NK_NPBUConEmuHotKey@@PAVCRealConsole@@@Z 004288d0 f   ConEmuCtrl.obj
 0001:00027950       ?key_BufferScroll@CConEmuCtrl@@SG_N_NEPAVCRealConsole@@@Z 00428950 f   ConEmuCtrl.obj
 0001:00027a00       ?key_BufferScrollUp@CConEmuCtrl@@SG_NK_NPBUConEmuHotKey@@PAVCRealConsole@@@Z 00428a00 f   ConEmuCtrl.obj
 0001:00027a20       ?key_BufferScrollDown@CConEmuCtrl@@SG_NK_NPBUConEmuHotKey@@PAVCRealConsole@@@Z 00428a20 f   ConEmuCtrl.obj
 0001:00027a40       ?key_BufferScrollPgUp@CConEmuCtrl@@SG_NK_NPBUConEmuHotKey@@PAVCRealConsole@@@Z 00428a40 f   ConEmuCtrl.obj
 0001:00027a60       ?key_BufferScrollPgDn@CConEmuCtrl@@SG_NK_NPBUConEmuHotKey@@PAVCRealConsole@@@Z 00428a60 f   ConEmuCtrl.obj
 0001:00027a80       ?key_CtrlTab@CConEmuCtrl@@SG_NK_NPBUConEmuHotKey@@PAVCRealConsole@@@Z 00428a80 f   ConEmuCtrl.obj
 0001:00027a80       ?key_CtrlShiftTab@CConEmuCtrl@@SG_NK_NPBUConEmuHotKey@@PAVCRealConsole@@@Z 00428a80 f   ConEmuCtrl.obj
 0001:00027af0       ?key_CtrlTab_Prev@CConEmuCtrl@@SG_NK_NPBUConEmuHotKey@@PAVCRealConsole@@@Z 00428af0 f   ConEmuCtrl.obj
 0001:00027af0       ?key_CtrlTab_Next@CConEmuCtrl@@SG_NK_NPBUConEmuHotKey@@PAVCRealConsole@@@Z 00428af0 f   ConEmuCtrl.obj
 0001:00027b50       ?key_WinSize@CConEmuCtrl@@SG_NE@Z 00428b50 f   ConEmuCtrl.obj
 0001:00027cc0       ?key_WinWidthDec@CConEmuCtrl@@SG_NK_NPBUConEmuHotKey@@PAVCRealConsole@@@Z 00428cc0 f   ConEmuCtrl.obj
 0001:00027ce0       ?key_WinWidthInc@CConEmuCtrl@@SG_NK_NPBUConEmuHotKey@@PAVCRealConsole@@@Z 00428ce0 f   ConEmuCtrl.obj
 0001:00027d00       ?key_WinHeightDec@CConEmuCtrl@@SG_NK_NPBUConEmuHotKey@@PAVCRealConsole@@@Z 00428d00 f   ConEmuCtrl.obj
 0001:00027d20       ?key_WinHeightInc@CConEmuCtrl@@SG_NK_NPBUConEmuHotKey@@PAVCRealConsole@@@Z 00428d20 f   ConEmuCtrl.obj
 0001:00027d40       ?key_WinDragStart@CConEmuCtrl@@SG_NK_NPBUConEmuHotKey@@PAVCRealConsole@@@Z 00428d40 f   ConEmuCtrl.obj
 0001:00027d50       ?key_ConsoleNum@CConEmuCtrl@@SG_NK_NPBUConEmuHotKey@@PAVCRealConsole@@@Z 00428d50 f   ConEmuCtrl.obj
 0001:00027e20       ?key_PicViewSlideshow@CConEmuCtrl@@SG_NK_NPBUConEmuHotKey@@PAVCRealConsole@@@Z 00428e20 f   ConEmuCtrl.obj
 0001:00027ff0       ?key_GuiMacro@CConEmuCtrl@@SG_NK_NPBUConEmuHotKey@@PAVCRealConsole@@@Z 00428ff0 f   ConEmuCtrl.obj
 0001:00028050       ?ChooseTabFromMenu@CConEmuCtrl@@SAXHUtagPOINT@@K@Z 00429050 f   ConEmuCtrl.obj
 0001:00028110       ?key_ShowTabsList@CConEmuCtrl@@SG_NK_NPBUConEmuHotKey@@PAVCRealConsole@@@Z 00429110 f   ConEmuCtrl.obj
 0001:000281c0       ?key_RenameTab@CConEmuCtrl@@SG_NK_NPBUConEmuHotKey@@PAVCRealConsole@@@Z 004291c0 f   ConEmuCtrl.obj
 0001:000281e0       ?key_MoveTabLeft@CConEmuCtrl@@SG_NK_NPBUConEmuHotKey@@PAVCRealConsole@@@Z 004291e0 f   ConEmuCtrl.obj
 0001:00028220       ?key_MoveTabRight@CConEmuCtrl@@SG_NK_NPBUConEmuHotKey@@PAVCRealConsole@@@Z 00429220 f   ConEmuCtrl.obj
 0001:00028260       ?key_ShowCaption@CConEmuCtrl@@SG_NK_NPBUConEmuHotKey@@PAVCRealConsole@@@Z 00429260 f   ConEmuCtrl.obj
 0001:000282e0       ?key_AlwaysOnTop@CConEmuCtrl@@SG_NK_NPBUConEmuHotKey@@PAVCRealConsole@@@Z 004292e0 f   ConEmuCtrl.obj
 0001:00028310       ?key_PasteTextAllApp@CConEmuCtrl@@SG_NK_NPBUConEmuHotKey@@PAVCRealConsole@@@Z 00429310 f   ConEmuCtrl.obj
 0001:00028390       ?key_PasteFirstLineAllApp@CConEmuCtrl@@SG_NK_NPBUConEmuHotKey@@PAVCRealConsole@@@Z 00429390 f   ConEmuCtrl.obj
 0001:00028410       ?StatusCommand@CConEmuCtrl@@SAXW4ConEmuStatusCommand@@HPB_WPAVCRealConsole@@@Z 00429410 f   ConEmuCtrl.obj
 0001:000284f0       ?TabCommand@CConEmuCtrl@@SAXW4ConEmuTabCommand@@@Z 004294f0 f   ConEmuCtrl.obj
 0001:000285d0       ?key_DeleteWordToLeft@CConEmuCtrl@@SG_NK_NPBUConEmuHotKey@@PAVCRealConsole@@@Z 004295d0 f   ConEmuCtrl.obj
 0001:00028610       ?key_RunTask@CConEmuCtrl@@SG_NK_NPBUConEmuHotKey@@PAVCRealConsole@@@Z 00429610 f   ConEmuCtrl.obj
 0001:00028670       ?key_FindTextDlg@CConEmuCtrl@@SG_NK_NPBUConEmuHotKey@@PAVCRealConsole@@@Z 00429670 f   ConEmuCtrl.obj
 0001:000286c0       ?DoFindText@CConEmuCtrl@@SAXHPAVCRealConsole@@@Z 004296c0 f   ConEmuCtrl.obj
 0001:00028740       ?DoEndFindText@CConEmuCtrl@@SAXPAVCRealConsole@@@Z 00429740 f   ConEmuCtrl.obj
 0001:000287c0       ?SkipOneAppsReleaseHook@CConEmuCtrl@@CGJHIJ@Z 004297c0 f   ConEmuCtrl.obj
 0001:00028810       ?MakeScreenshot@CConEmuCtrl@@SAX_N@Z 00429810 f   ConEmuCtrl.obj
 0001:000289f0       ??_GCConEmuCtrl@@UAEPAXI@Z 004299f0 f i ConEmuCtrl.obj
 0001:000289f0       ??_ECConEmuCtrl@@UAEPAXI@Z 004299f0 f i ConEmuCtrl.obj
 0001:00028a20       ?key_ShowStatusBar@CConEmuCtrl@@SG_NK_NPBUConEmuHotKey@@PAVCRealConsole@@@Z 00429a20 f   ConEmuCtrl.obj
 0001:00028aa0       ?key_ShowTabBar@CConEmuCtrl@@SG_NK_NPBUConEmuHotKey@@PAVCRealConsole@@@Z 00429aa0 f   ConEmuCtrl.obj
 0001:00028b20       ?key_PasteText@CConEmuCtrl@@SG_NK_NPBUConEmuHotKey@@PAVCRealConsole@@@Z 00429b20 f   ConEmuCtrl.obj
 0001:00028b60       ?key_PasteFirstLine@CConEmuCtrl@@SG_NK_NPBUConEmuHotKey@@PAVCRealConsole@@@Z 00429b60 f   ConEmuCtrl.obj
 0001:00028ba0       ?SkipOneAppsRelease@CConEmuCtrl@@QAEX_N@Z 00429ba0 f   ConEmuCtrl.obj
 0001:00028c20       ?key_Screenshot@CConEmuCtrl@@SG_NK_NPBUConEmuHotKey@@PAVCRealConsole@@@Z 00429c20 f   ConEmuCtrl.obj
 0001:00028c40       ?key_ScreenshotFull@CConEmuCtrl@@SG_NK_NPBUConEmuHotKey@@PAVCRealConsole@@@Z 00429c40 f   ConEmuCtrl.obj
 0001:00028c60       ??$wcscpy_c@$05@@YAHAAY05_WPB_W@Z 00429c60 f i ConEmuCtrl.obj
 0001:00028cc0       ?ProcessHotKey@CConEmuCtrl@@QAEPBUConEmuHotKey@@K_NPB_WPAVCRealConsole@@@Z 00429cc0 f   ConEmuCtrl.obj
 0001:00028e80       ?ProcessHotKeyMsg@CConEmuCtrl@@QAE_NIIJPB_WPAVCRealConsole@@@Z 00429e80 f   ConEmuCtrl.obj
 0001:00029240       ?GetOpenedTabs@CConEmuCtrl@@SAIAAPAUTabInfo@CESERVER_REQ_GETALLTABS@@@Z 0042a240 f   ConEmuCtrl.obj
 0001:00029460       ??0CConEmuPipe@@QAE@KK@Z   0042a460 f   ConEmuPipe.obj
 0001:000294c0       ?Close@CConEmuPipe@@QAEXXZ 0042a4c0 f   ConEmuPipe.obj
 0001:00029520       ?Init@CConEmuPipe@@QAEHPB_WH@Z 0042a520 f   ConEmuPipe.obj
 0001:00029590       ?Execute@CConEmuPipe@@QAEHHPBXI@Z 0042a590 f   ConEmuPipe.obj
 0001:00029850       ?GetPtr@CConEmuPipe@@QAEPAEPAK@Z 0042a850 f   ConEmuPipe.obj
 0001:00029890       ?Read@CConEmuPipe@@QAEHPAXKPAK@Z 0042a890 f   ConEmuPipe.obj
 0001:00029920       ??1CConEmuPipe@@QAE@XZ     0042a920 f   ConEmuPipe.obj
 0001:00029970       ??$wcscat_c@$0CAA@@@YAHAAY0CAA@_WPB_W@Z 0042a970 f i ConfirmDlg.obj
 0001:00029990       ?ConfirmCloseConsoles@@YAHABUConfirmCloseParam@@@Z 0042a990 f   ConfirmDlg.obj
 0001:00029ed0       ??1CustomFont@@UAE@XZ      0042aed0 f i CustomFonts.obj
 0001:00029ee0       ??_ECustomFont@@UAEPAXI@Z  0042aee0 f i CustomFonts.obj
 0001:00029ee0       ??_GCustomFont@@UAEPAXI@Z  0042aee0 f i CustomFonts.obj
 0001:00029f10       ??9@YA_NABUCEFONT@@0@Z     0042af10 f   CustomFonts.obj
 0001:00029f60       ?CreateBitmap@BDFFont@@AAEXXZ 0042af60 f i CustomFonts.obj
 0001:0002a060       ?NextWord@BDFFont@@SAIAAPAD0D@Z 0042b060 f i CustomFonts.obj
 0001:0002a0c0       ?NextLine@BDFFont@@SAIAAPAD0@Z 0042b0c0 f i CustomFonts.obj
 0001:0002a120       ?LoadBuffer@BDFFont@@SAPADPB_WAAPAD1@Z 0042b120 f i CustomFonts.obj
 0001:0002a200       ?GetFamilyName@BDFFont@@SA_NPB_WAAY0CA@_W@Z 0042b200 f i CustomFonts.obj
 0001:0002a3f0       ?BDF_GetFamilyName@@YAHPB_WAAY0CA@_W@Z 0042b3f0 f   CustomFonts.obj
 0001:0002a430       ??1CachedSolidBrush@@QAE@XZ 0042b430 f   CustomFonts.obj
 0001:0002a440       ?Get@CachedSolidBrush@@QAEPAUHBRUSH__@@K@Z 0042b440 f   CustomFonts.obj
 0001:0002a470       ?DeleteDC@CEDC@@QAEXXZ     0042b470 f   CustomFonts.obj
 0001:0002a4e0       ?CreateDCW@CEDC@@QAE_NII@Z 0042b4e0 f   CustomFonts.obj
 0001:0002a670       ?SelectObject@CEDC@@QAE?AUCEFONT@@U2@@Z 0042b670 f   CustomFonts.obj
 0001:0002a6f0       ?SetTextColor@CEDC@@QAEXK@Z 0042b6f0 f   CustomFonts.obj
 0001:0002a720       ?SetBkColor@CEDC@@QAEXK@Z  0042b720 f   CustomFonts.obj
 0001:0002a750       ?SetBkMode@CEDC@@QAEXH@Z   0042b750 f   CustomFonts.obj
 0001:0002a780       ?ExtTextOutW@CEDC@@QAEHHHIPBUtagRECT@@PB_WIPBH@Z 0042b780 f   CustomFonts.obj
 0001:0002a900       ?ExtTextOutA@CEDC@@QAEHHHIPBUtagRECT@@PBDIPBH@Z 0042b900 f   CustomFonts.obj
 0001:0002a9c0       ?GetTextExtentPoint32W@CEDC@@QAEHPB_WHPAUtagSIZE@@@Z 0042b9c0 f   CustomFonts.obj
 0001:0002aa10       ?GetFont@CustomFontFamily@@QAEPAVCustomFont@@HHHH@Z 0042ba10 f   CustomFonts.obj
 0001:0002ab00       ??1BDFFont@@UAE@XZ         0042bb00 f i CustomFonts.obj
 0001:0002ab70       ?IsMonospace@BDFFont@@UAEHXZ 0042bb70 f i CustomFonts.obj
 0001:0002ab80       ?HasUnicode@BDFFont@@UAEHXZ 0042bb80 f i CustomFonts.obj
 0001:0002ab90       ?HasBorders@BDFFont@@UAEHXZ 0042bb90 f i CustomFonts.obj
 0001:0002ab90       ?GetFrameHeight@CFrameHolder@@QAEHXZ 0042bb90 f i FrameHolder.obj
 0001:0002aba0       ?GetSize@BDFFont@@UAEHXZ   0042bba0 f i CustomFonts.obj
 0001:0002abc0       ?IsBold@BDFFont@@UAEHXZ    0042bbc0 f i CustomFonts.obj
 0001:0002abd0       ?IsUnderline@BDFFont@@UAEHXZ 0042bbd0 f i CustomFonts.obj
 0001:0002abd0       ?IsItalic@BDFFont@@UAEHXZ  0042bbd0 f i CustomFonts.obj
 0001:0002abe0       ?GetBoundingBox@BDFFont@@UAEXPAJ0@Z 0042bbe0 f i CustomFonts.obj
 0001:0002ac00       ?DrawTextW@BDFFont@@UAEXPAUHDC__@@HHPB_WI@Z 0042bc00 f i CustomFonts.obj
 0001:0002ac70       ?DrawTextW@BDFFont@@UAEXPAKIKKPB_WI@Z 0042bc70 f i CustomFonts.obj
 0001:0002ad90       ??_EBDFFont@@UAEPAXI@Z     0042bd90 f i CustomFonts.obj
 0001:0002ad90       ??_GBDFFont@@UAEPAXI@Z     0042bd90 f i CustomFonts.obj
 0001:0002adc0       ?Load@BDFFont@@SAPAV1@PB_W@Z 0042bdc0 f i CustomFonts.obj
 0001:0002b420       ?BDF_Load@@YAPAVCustomFont@@PB_W@Z 0042c420 f   CustomFonts.obj
 0001:0002b430       ??0CEDC@@QAE@PAUHDC__@@@Z  0042c430 f   CustomFonts.obj
 0001:0002b480       ?AddFont@CustomFontFamily@@QAEXPAVCustomFont@@@Z 0042c480 f   CustomFonts.obj
 0001:0002b4f0       ??1CustomFontFamily@@QAE@XZ 0042c4f0 f   CustomFonts.obj
 0001:0002b530       ?StartDefTermHooker@@YAHKAAPAXAAKPB_W1@Z 0042c530 f   DefaultTerm.obj
 0001:0002b690       ?IsRegisteredOsStartup@CDefaultTerminal@@QAE_NPA_WKPA_N@Z 0042c690 f   DefaultTerm.obj
 0001:0002b760       ?CheckRegisterOsStartup@CDefaultTerminal@@QAEXXZ 0042c760 f   DefaultTerm.obj
 0001:0002b920       ?PostCheckThread@CDefaultTerminal@@CGKPAX@Z 0042c920 f   DefaultTerm.obj
 0001:0002b960       ?ClearThreads@CDefaultTerminal@@AAEX_N@Z 0042c960 f   DefaultTerm.obj
 0001:0002ba00       ?ClearProcessed@CDefaultTerminal@@AAEX_N@Z 0042ca00 f   DefaultTerm.obj
 0001:0002bb10       ?push_back@?$MArray@UTabIconCache@CIconList@@@@QAEHABUTabIconCache@CIconList@@@Z 0042cb10 f i IconList.obj
 0001:0002bb10       ?push_back@?$MArray@UProcessInfo@CDefaultTerminal@@@@QAEHABUProcessInfo@CDefaultTerminal@@@Z 0042cb10 f i DefaultTerm.obj
 0001:0002bb70       ?push_back@?$MArray@PAUHWND__@@@@QAEHABQAUHWND__@@@Z 0042cb70 f i ConEmu.obj
 0001:0002bb70       ?push_back@?$MArray@PAVCustomFont@@@@QAEHABQAVCustomFont@@@Z 0042cb70 f i CustomFonts.obj
 0001:0002bb70       ?push_back@?$MArray@URunQueueItem@CRunQueue@@@@QAEHABURunQueueItem@CRunQueue@@@Z 0042cb70 f i RunQueue.obj
 0001:0002bb70       ?push_back@?$MArray@PA_W@@QAEHABQA_W@Z 0042cb70 f i OptionsClass.obj
 0001:0002bb70       ?push_back@?$MArray@PAVCBackgroundInfo@@@@QAEHABQAVCBackgroundInfo@@@Z 0042cb70 f i Background.obj
 0001:0002bb70       ?push_back@?$MArray@PAVCVConGuard@@@@QAEHABQAVCVConGuard@@@Z 0042cb70 f i VConGroup.obj
 0001:0002bb70       ?push_back@?$MArray@PAX@@QAEHABQAX@Z 0042cb70 f i DefaultTerm.obj
 0001:0002bbd0       ??0CDefaultTerminal@@QAE@XZ 0042cbd0 f   DefaultTerm.obj
 0001:0002bc30       ??1CDefaultTerminal@@QAE@XZ 0042cc30 f   DefaultTerm.obj
 0001:0002bcc0       ?CheckForeground@CDefaultTerminal@@QAE_NPAUHWND__@@K_N@Z 0042ccc0 f   DefaultTerm.obj
 0001:0002c000       ?CheckShellWindow@CDefaultTerminal@@AAE_NXZ 0042d000 f   DefaultTerm.obj
 0001:0002c120       ?OnHookedListChanged@CDefaultTerminal@@QAEXXZ 0042d120 f   DefaultTerm.obj
 0001:0002c170       ?PostCreatedThread@CDefaultTerminal@@CGKPAX@Z 0042d170 f   DefaultTerm.obj
 0001:0002c1b0       ?PostCreated@CDefaultTerminal@@QAEX_N0@Z 0042d1b0 f   DefaultTerm.obj
 0001:0002c340       ?FileCreateName@CDragDrop@@IAEPA_WHHPB_W0@Z 0042d340 f   DragDrop.obj
 0001:0002c830       ?FileStart@CDragDrop@@IAEPAXPB_W@Z 0042d830 f   DragDrop.obj
 0001:0002c930       ?FileWrite@CDragDrop@@IAEJPAXK0@Z 0042d930 f   DragDrop.obj
 0001:0002ca40       ?DragOverInt@CDragDrop@@IAEJKU_POINTL@@PAK@Z 0042da40 f   DragDrop.obj
 0001:0002cd20       ?DragEnter@CDragDrop@@UAGJPAUIDataObject@@KU_POINTL@@PAK@Z 0042dd20 f   DragDrop.obj
 0001:0002ce20       ?DragLeave@CDragDrop@@UAGJXZ 0042de20 f   DragDrop.obj
 0001:0002ce60       ?CreateLink@CDragDrop@@QAEJPB_W00@Z 0042de60 f   DragDrop.obj
 0001:0002cf00       ?ReportUnknownData@CDragDrop@@IAEXPAUIDataObject@@PB_W@Z 0042df00 f   DragDrop.obj
 0001:0002d090       ?DropNames@CDragDrop@@IAEJPAUHDROP__@@HH@Z 0042e090 f   DragDrop.obj
 0001:0002d670       ?DropLinks@CDragDrop@@IAEJPAUHDROP__@@HH@Z 0042e670 f   DragDrop.obj
 0001:0002d830       ?ShellOpThreadProc@CDragDrop@@KGKPAX@Z 0042e830 f   DragDrop.obj
 0001:0002d980       ?DragOver@CDragDrop@@UAGJKU_POINTL@@PAK@Z 0042e980 f   DragDrop.obj
 0001:0002da10       ??$wcscpy_c@$0IAAA@@@YAHAAY0IAAA@_WPB_W@Z 0042ea10 f i DragDrop.obj
 0001:0002da70       ??0CDragDrop@@QAE@XZ       0042ea70 f   DragDrop.obj
 0001:0002db30       ??1CDragDrop@@QAE@XZ       0042eb30 f   DragDrop.obj
 0001:0002dd40       ?Drag@CDragDrop@@QAEXHU_COORD@@@Z 0042ed40 f   DragDrop.obj
 0001:0002df50       ?DropFromStream@CDragDrop@@IAEJPAUIDataObject@@H@Z 0042ef50 f   DragDrop.obj
 0001:0002e6a0       ?Drop@CDragDrop@@UAGJPAUIDataObject@@KU_POINTL@@PAK@Z 0042f6a0 f   DragDrop.obj
 0001:0002ecf0       ?Register@CDragDropData@@QAEHXZ 0042fcf0 f   DragDropData.obj
 0001:0002ed40       ?UseTargetHelper@CDragDropData@@IAE_N_N@Z 0042fd40 f   DragDropData.obj
 0001:0002ede0       ?UseSourceHelper@CDragDropData@@IAE_NXZ 0042fde0 f   DragDropData.obj
 0001:0002ee80       ?AddFmt_FileNameW@CDragDropData@@AAEHPA_WIH@Z 0042fe80 f   DragDropData.obj
 0001:0002eeb0       ?AddFmt_SHELLIDLIST@CDragDropData@@AAEHPA_WIH@Z 0042feb0 f   DragDropData.obj
 0001:0002f110       ?AddFmt_PREFERREDDROPEFFECT@CDragDropData@@AAEHPA_WIH@Z 00430110 f   DragDropData.obj
 0001:0002f170       ?AddFmt_InShellDragLoop@CDragDropData@@AAEHPA_WIH@Z 00430170 f   DragDropData.obj
 0001:0002f1a0       ?AddFmt_HDROP@CDragDropData@@AAEHPA_WIH@Z 004301a0 f   DragDropData.obj
 0001:0002f260       ?CheckIsUpdatePackage@CDragDropData@@IAE_NPAUIDataObject@@@Z 00430260 f   DragDropData.obj
 0001:0002f350       ?NeedRefreshToInfo@CDragDropData@@QAE_NU_POINTL@@@Z 00430350 f   DragDropData.obj
 0001:0002f410       ?DrawImageBits@CDragDropData@@IAEHPAUHDC__@@PA_WPAHH2@Z 00430410 f   DragDropData.obj
 0001:0002f5d0       ?InDragDrop@CDragDropData@@QAEHXZ 004305d0 f   DragDropData.obj
 0001:0002f5f0       ?DragFeedBack@CDragDropData@@QAEXK@Z 004305f0 f   DragDropData.obj
 0001:0002f670       ??$PidlDump@PBU_ITEMIDLIST@@@@YAXPBU_ITEMIDLIST@@PAX@Z 00430670 f i DragDropData.obj
 0001:0002f880       ?StringCbCopyW@@YGJPA_WIPB_W@Z 00430880 f i DragDropData.obj
 0001:0002f910       ?PaintDragImageBits@CDragDropData@@IAEHPA_WAAPAUHDC__@@AAPAUHBITMAP__@@2HHPAH3PAUtagPOINT@@_NK@Z 00430910 f   DragDropData.obj
 0001:0002fd10       ?IsDragStarting@CDragDropData@@QAEHXZ 00430d10 f   DragDropData.obj
 0001:0002fd50       ?ForwardMessage@CDragDropData@@QAEHIIJ@Z 00430d50 f   DragDropData.obj
 0001:0002fdb0       ?TerminateDrag@CDragDropData@@IAEXXZ 00430db0 f   DragDropData.obj
 0001:0002fea0       ??$wcscpy_c@$01@@YAHAAY01_WPB_W@Z 00430ea0 f i DragDropData.obj
 0001:0002ff00       ??0CDragDropData@@QAE@XZ   00430f00 f   DragDropData.obj
 0001:0002ff60       ??1CDragDropData@@QAE@XZ   00430f60 f   DragDropData.obj
 0001:00030010       ?AddFmt_DragImageBits@CDragDropData@@AAEHPA_WIH@Z 00431010 f   DragDropData.obj
 0001:00030170       ?EnumDragFormats@CDragDropData@@IAEXPAUIDataObject@@PAX@Z 00431170 f   DragDropData.obj
 0001:000309e0       ?SetDragToInfo@CDragDropData@@QAEXPBUForwardedPanelInfo@@IPAVCRealConsole@@@Z 004319e0 f   DragDropData.obj
 0001:00030b70       ?RetrieveDragToInfo@CDragDropData@@QAEXU_POINTL@@@Z 00431b70 f   DragDropData.obj
 0001:00030e00       ?RetrieveDragFromInfo@CDragDropData@@AAEHHU_COORD@@PAPA_WPAI@Z 00431e00 f   DragDropData.obj
 0001:000311f0       ?PrepareDrag@CDragDropData@@QAEHHU_COORD@@PAK@Z 004321f0 f   DragDropData.obj
 0001:00031440       ??1CDwmHelper@@UAE@XZ      00432440 f   DwmHelper.obj
 0001:000314e0       ?InitDwm@CDwmHelper@@AAEXXZ 004324e0 f   DwmHelper.obj
 0001:000317d0       ?IsDwm@CDwmHelper@@QAE_NXZ 004327d0 f   DwmHelper.obj
 0001:00031800       ?IsGlass@CDwmHelper@@QAE_NXZ 00432800 f   DwmHelper.obj
 0001:00031830       ?IsThemed@CDwmHelper@@QAE_NXZ 00432830 f   DwmHelper.obj
 0001:00031860       ?ExtendWindowFrame@CDwmHelper@@QAE_NPAUHWND__@@ABUtagRECT@@@Z 00432860 f   DwmHelper.obj
 0001:000318c0       ?DwmDefWindowProc@CDwmHelper@@QAEHPAUHWND__@@IIJPAJ@Z 004328c0 f   DwmHelper.obj
 0001:000318e0       ?DwmGetWindowAttribute@CDwmHelper@@QAEJPAUHWND__@@KPAXK@Z 004328e0 f   DwmHelper.obj
 0001:00031900       ?GetDwmClientRectTopOffset@CDwmHelper@@QAEHXZ 00432900 f   DwmHelper.obj
 0001:00031960       ?BeginBufferedPaint@CDwmHelper@@QAEPAXPAUHDC__@@ABUtagRECT@@AAUPaintDC@@@Z 00432960 f   DwmHelper.obj
 0001:00031a70       ?EndBufferedPaint@CDwmHelper@@QAEJAAUPaintDC@@H@Z 00432a70 f   DwmHelper.obj
 0001:00031b00       ?ForceSetIconic@CDwmHelper@@QAEXPAUHWND__@@@Z 00432b00 f   DwmHelper.obj
 0001:00031b50       ?DwmSetIconicThumbnail@CDwmHelper@@QAEJPAUHWND__@@PAUHBITMAP__@@@Z 00432b50 f   DwmHelper.obj
 0001:00031b70       ?DwmSetIconicLivePreviewBitmap@CDwmHelper@@QAEJPAUHWND__@@PAUHBITMAP__@@PAUtagPOINT@@@Z 00432b70 f   DwmHelper.obj
 0001:00031ba0       ?DwmInvalidateIconicBitmaps@CDwmHelper@@QAEJPAUHWND__@@@Z 00432ba0 f   DwmHelper.obj
 0001:00031bc0       ??_ECDwmHelper@@UAEPAXI@Z  00432bc0 f i DwmHelper.obj
 0001:00031bc0       ??_GCDwmHelper@@UAEPAXI@Z  00432bc0 f i DwmHelper.obj
 0001:00031bf0       ?DrawType@CDwmHelper@@QAE?AW4FrameDrawStyle@@XZ 00432bf0 f   DwmHelper.obj
 0001:00031c70       ?ExtendWindowFrame@CDwmHelper@@QAE_NXZ 00432c70 f   DwmHelper.obj
 0001:00031cc0       ??0CDwmHelper@@QAE@XZ      00432cc0 f   DwmHelper.obj
 0001:00031cf0       ?GetImageSubsystem@@YA_NPB_WAAK11@Z 00432cf0 f   Execute.obj
 0001:00031f70       ?UpdateFindDlgAlpha@CEFindDlg@@QAEX_N@Z 00432f70 f   FindDlg.obj
 0001:00032010       ?findTextProc@CEFindDlg@@SGHPAUHWND__@@IIJ@Z 00433010 f   FindDlg.obj
 0001:00032550       ?FindTextDialog@CEFindDlg@@QAEXXZ 00433550 f   FindDlg.obj
 0001:00032670       ??0CFrameHolder@@QAE@XZ    00433670 f   FrameHolder.obj
 0001:000326a0       ??1CFrameHolder@@UAE@XZ    004336a0 f   FrameHolder.obj
 0001:000326b0       ?PostScClose@CFrameHolder@@QAEXXZ 004336b0 f   FrameHolder.obj
 0001:000326d0       ?RedrawFrame@CFrameHolder@@QAEXXZ 004336d0 f   FrameHolder.obj
 0001:00032720       ?NC_Wrapper@CFrameHolder@@IAEJPAUHWND__@@IIJ@Z 00433720 f   FrameHolder.obj
 0001:00032780       ?SetDontPreserveClient@CFrameHolder@@QAE_N_N@Z 00433780 f   FrameHolder.obj
 0001:00032790       ?SetPassSysCommand@CConEmuMenu@@QAE_N_N@Z 00433790 f   Menu.obj
 0001:00032790       ?SetAllowPreserveClient@CFrameHolder@@QAE_N_N@Z 00433790 f   FrameHolder.obj
 0001:000327a0       ?OnNcHitTest@CFrameHolder@@IAEJPAUHWND__@@IIJ@Z 004337a0 f   FrameHolder.obj
 0001:00032930       ?GetTabsHeight@CFrameHolder@@QAEHXZ 00433930 f   FrameHolder.obj
 0001:00032960       ?GetCaptionDragHeight@CFrameHolder@@QAEHXZ 00433960 f   FrameHolder.obj
 0001:00032970       ??_GCFrameHolder@@UAEPAXI@Z 00433970 f i FrameHolder.obj
 0001:00032970       ??_ECFrameHolder@@UAEPAXI@Z 00433970 f i FrameHolder.obj
 0001:000329a0       ?CalculateCaptionPosition@CFrameHolder@@UAEXABUtagRECT@@PAU2@@Z 004339a0 f   FrameHolder.obj
 0001:00032a20       ?CalculateTabPosition@CFrameHolder@@UAEXABUtagRECT@@0PAU2@@Z 00433a20 f   FrameHolder.obj
 0001:00032c10       ?RecalculateFrameSizes@CFrameHolder@@QAEXXZ 00433c10 f   FrameHolder.obj
 0001:00032ca0       ?InitFrameHolder@CFrameHolder@@QAEXXZ 00433ca0 f   FrameHolder.obj
 0001:00032cb0       ?OnPaint@CFrameHolder@@IAEJPAUHWND__@@PAUHDC__@@@Z 00433cb0 f   FrameHolder.obj
 0001:00032db0       ?OnNcPaint@CFrameHolder@@IAEJPAUHWND__@@IIJ@Z 00433db0 f   FrameHolder.obj
 0001:00032fb0       ?OnNcActivate@CFrameHolder@@IAEJPAUHWND__@@IIJ@Z 00433fb0 f   FrameHolder.obj
 0001:00033090       ?OnNcCalcSize@CFrameHolder@@IAEJPAUHWND__@@IIJ@Z 00434090 f   FrameHolder.obj
 0001:00033260       ?ProcessNcMessage@CFrameHolder@@QAE_NPAUHWND__@@IIJAAJ@Z 00434260 f   FrameHolder.obj
 0001:000337b0       ??0CGestures@@QAE@XZ       004347b0 f   GestureEngine.obj
 0001:00033850       ??1CGestures@@UAE@XZ       00434850 f   GestureEngine.obj
 0001:00033860       ?IsGesturesEnabled@CGestures@@QAE_NXZ 00434860 f   GestureEngine.obj
 0001:000338b0       ?SendRClick@CGestures@@AAEXPAUHWND__@@JJ@Z 004348b0 f   GestureEngine.obj
 0001:000339b0       ?ProcessPressAndTap@CGestures@@UAEXPAUHWND__@@JJFF@Z 004349b0 f   GestureEngine.obj
 0001:000339d0       ?ProcessTwoFingerTap@CGestures@@UAEXPAUHWND__@@JJK@Z 004349d0 f   GestureEngine.obj
 0001:000339f0       ?ProcessZoom@CGestures@@UAEXPAUHWND__@@NJJ@Z 004349f0 f   GestureEngine.obj
 0001:00033aa0       ?ProcessMove@CGestures@@UAE_NPAUHWND__@@JJ@Z 00434aa0 f   GestureEngine.obj
 0001:00033bd0       ?ProcessRotate@CGestures@@UAE_NPAUHWND__@@JJJ_N@Z 00434bd0 f   GestureEngine.obj
 0001:00033c60       ??_ECGestures@@UAEPAXI@Z   00434c60 f i GestureEngine.obj
 0001:00033c60       ??_GCGestures@@UAEPAXI@Z   00434c60 f i GestureEngine.obj
 0001:00033c90       ?DumpGesture@CGestures@@AAEXPB_WABUtagGESTUREINFO@@@Z 00434c90 f   GestureEngine.obj
 0001:00033e30       ?ProcessGestureMessage@CGestures@@UAE_NPAUHWND__@@IIJAAJ@Z 00434e30 f   GestureEngine.obj
 0001:00034320       ?DumpError@?$PipeServer@UCESERVER_REQ@@@@IAEXPAUPipeInst@1@PB_WH@Z 00435320 f i GuiServer.obj
 0001:000343f0       ?_PipeServerThread@?$PipeServer@UCESERVER_REQ@@@@KGKPAX@Z 004353f0 f i GuiServer.obj
 0001:00034440       ?WaitOverlapped@?$PipeServer@UCESERVER_REQ@@@@IAEHPAUPipeInst@1@PAK@Z 00435440 f i GuiServer.obj
 0001:00034690       ?AllocRequestBuf@PipeInst@?$PipeServer@UCESERVER_REQ@@@@QAEPAUCESERVER_REQ@@K@Z 00435690 f i GuiServer.obj
 0001:000346e0       ??0CGuiServer@@QAE@XZ      004356e0 f   GuiServer.obj
 0001:00034720       ?StopPipeServer@?$PipeServer@UCESERVER_REQ@@@@QAEX_N@Z 00435720 f i GuiServer.obj
 0001:00034a20       ?StartPipeInstance@?$PipeServer@UCESERVER_REQ@@@@IAE_NPAUPipeInst@1@@Z 00435a20 f i GuiServer.obj
 0001:00034ad0       ?PipeServerRead@?$PipeServer@UCESERVER_REQ@@@@IAEHPAUPipeInst@1@@Z 00435ad0 f i GuiServer.obj
 0001:00034cd0       ?PipeServerWrite@?$PipeServer@UCESERVER_REQ@@@@IAEHPAUPipeInst@1@PBXKPAKH@Z 00435cd0 f i GuiServer.obj
 0001:00034df0       ?WaitForClient@?$PipeServer@UCESERVER_REQ@@@@IAE_NPAUPipeInst@1@AAH1@Z 00435df0 f i GuiServer.obj
 0001:00035180       ?WriteDummyAnswer@?$PipeServer@UCESERVER_REQ@@@@IAEHPAUPipeInst@1@@Z 00436180 f i GuiServer.obj
 0001:00035200       ??$SafeDelete@URConStartArgs@@@@YAXAAPAURConStartArgs@@@Z 00436200 f i GuiServer.obj
 0001:00035230       ?Stop@CGuiServer@@QAEX_N@Z 00436230 f   GuiServer.obj
 0001:00035290       ?GuiServerCommand@CGuiServer@@KGHPAXPAUCESERVER_REQ@@AAPAU2@AAK3J@Z 00436290 f   GuiServer.obj
 0001:00035b80       ?StartPipeServer@?$PipeServer@UCESERVER_REQ@@@@QAE_NPB_WJPAU_SECURITY_ATTRIBUTES@@P6GHPAXPAUCESERVER_REQ@@AAPAU3@AAK5J@ZP6GX3J@ZP6GH2J@Z88@Z 00436b80 f i GuiServer.obj
 0001:00035ce0       ?PipeServerThread@?$PipeServer@UCESERVER_REQ@@@@IAEKPAUPipeInst@1@@Z 00436ce0 f i GuiServer.obj
 0001:00035f60       ??1CGuiServer@@QAE@XZ      00436f60 f   GuiServer.obj
 0001:00035fb0       ?Start@CGuiServer@@QAE_NXZ 00436fb0 f   GuiServer.obj
 0001:00036010       ?CTSShiftArrowStart@AppSettings@Settings@@QBE_NXZ 00437010 f i Hotkeys.obj
 0001:00036040       ?dlgGetHotkey@CHotKeyDialog@@SAKPAUHWND__@@II@Z 00437040 f   Hotkeys.obj
 0001:000360d0       ?CanChangeVK@ConEmuHotKey@@QBE_NXZ 004370d0 f   Hotkeys.obj
 0001:00036100       ?GetTaskIndex@ConEmuHotKey@@QBEHXZ 00437100 f   Hotkeys.obj
 0001:00036120       ?SetTaskIndex@ConEmuHotKey@@QAEXH@Z 00437120 f   Hotkeys.obj
 0001:00036140       ?TestHostkeyModifiers@ConEmuHotKey@@SAXAAK@Z 00437140 f   Hotkeys.obj
 0001:00036300       ?MakeHotKey@ConEmuHotKey@@SAKEEEE@Z 00437300 f   Hotkeys.obj
 0001:00036360       ?GetModifier@ConEmuHotKey@@SAKKH@Z 00437360 f   Hotkeys.obj
 0001:000363e0       ?HasModifier@ConEmuHotKey@@SA_NKE@Z 004373e0 f   Hotkeys.obj
 0001:000364e0       ?GetHotkey@ConEmuHotKey@@SAKK@Z 004374e0 f   Hotkeys.obj
 0001:000364f0       ?UseWinNumber@ConEmuHotKey@@SA_NXZ 004374f0 f   Hotkeys.obj
 0001:00036520       ?UseWinArrows@ConEmuHotKey@@SA_NXZ 00437520 f   Hotkeys.obj
 0001:00036530       ?InSelection@ConEmuHotKey@@SA_NXZ 00437530 f   Hotkeys.obj
 0001:000365d0       ?UseCTSShiftArrow@ConEmuHotKey@@SA_NXZ 004375d0 f   Hotkeys.obj
 0001:000366c0       ?UseCtrlTab@ConEmuHotKey@@SA_NXZ 004376c0 f   Hotkeys.obj
 0001:000366d0       ?AllocateHotkeys@ConEmuHotKey@@SAHPAPAU1@@Z 004376d0 f   Hotkeys.obj
 0001:0003b250       ?GetDescription@ConEmuHotKey@@QBEPB_WPA_WH_N@Z 0043c250 f   Hotkeys.obj
[...]
 0001:000c918c       __ehhandler$??1TabBarClass@@UAE@XZ 004ca18c f   TabBar.obj
 0001:000c91a0       __unwindfunclet$?Update@TabBarClass@@QAEXH@Z$0 004ca1a0 f   TabBar.obj
 0001:000c91a8       __unwindfunclet$?Update@TabBarClass@@QAEXH@Z$1 004ca1a8 f   TabBar.obj
 0001:000c91b0       __ehhandler$?Update@TabBarClass@@QAEXH@Z 004ca1b0 f   TabBar.obj
 0001:000c91c0       __unwindfunclet$?OnActivate@CTaskBarGhost@@IAEJIJ@Z$0 004ca1c0 f   TaskBarGhost.obj
 0001:000c91c8       __unwindfunclet$?OnActivate@CTaskBarGhost@@IAEJIJ@Z$1 004ca1c8 f   TaskBarGhost.obj
 0001:000c91d0       __ehhandler$?OnActivate@CTaskBarGhost@@IAEJIJ@Z 004ca1d0 f   TaskBarGhost.obj
 0001:000c91e0       __unwindfunclet$?ShowConfirmation@CConEmuUpdate@@QAE_NXZ$0 004ca1e0 f   Update.obj
 0001:000c91e8       __unwindfunclet$?ShowConfirmation@CConEmuUpdate@@QAE_NXZ$1 004ca1e8 f   Update.obj
 0001:000c91f0       __ehhandler$?ShowConfirmation@CConEmuUpdate@@QAE_NXZ 004ca1f0 f   Update.obj
 0001:000c9200       __unwindfunclet$?StartLocalUpdate@CConEmuUpdate@@IAE_NPB_W@Z$12 004ca200 f   Update.obj
 0001:000c920b       __unwindfunclet$?StartLocalUpdate@CConEmuUpdate@@IAE_NPB_W@Z$13 004ca20b f   Update.obj
 0001:000c9213       __ehhandler$?StartLocalUpdate@CConEmuUpdate@@IAE_NPB_W@Z 004ca213 f   Update.obj
 0001:000c9220       __unwindfunclet$?StartCheckProcedure@CConEmuUpdate@@QAEXH@Z$0 004ca220 f   Update.obj
 0001:000c922b       __unwindfunclet$?StartCheckProcedure@CConEmuUpdate@@QAEXH@Z$1 004ca22b f   Update.obj
 0001:000c9233       __ehhandler$?StartCheckProcedure@CConEmuUpdate@@QAEXH@Z 004ca233 f   Update.obj
 0001:000c9240       __unwindfunclet$?ResetToDefaults@ConEmuUpdateSettings@@QAEXXZ$0 004ca240 f   UpdateSet.obj
 0001:000c9248       __ehhandler$?ResetToDefaults@ConEmuUpdateSettings@@QAEXXZ 004ca248 f   UpdateSet.obj
 0001:000c9260       __unwindfunclet$??0CConEmuChild@@QAE@XZ$0 004ca260 f   VConChild.obj
 0001:000c926b       __unwindfunclet$??0CConEmuChild@@QAE@XZ$1 004ca26b f   VConChild.obj
 0001:000c9279       __unwindfunclet$??0CConEmuChild@@QAE@XZ$2 004ca279 f   VConChild.obj
 0001:000c9287       __ehhandler$??0CConEmuChild@@QAE@XZ 004ca287 f   VConChild.obj
 0001:000c92a0       __unwindfunclet$?CheckMouseOverScroll@CConEmuChild@@QAE_N_N@Z$0 004ca2a0 f   VConChild.obj
 0001:000c92a8       __unwindfunclet$?CheckMouseOverScroll@CConEmuChild@@QAE_N_N@Z$1 004ca2a8 f   VConChild.obj
 0001:000c92b0       __ehhandler$?CheckMouseOverScroll@CConEmuChild@@QAE_N_N@Z 004ca2b0 f   VConChild.obj
 0001:000c92c0       __unwindfunclet$??1CConEmuChild@@MAE@XZ$0 004ca2c0 f   VConChild.obj
 0001:000c92cb       __unwindfunclet$??1CConEmuChild@@MAE@XZ$1 004ca2cb f   VConChild.obj
 0001:000c92d9       __ehhandler$??1CConEmuChild@@MAE@XZ 004ca2d9 f   VConChild.obj
 0001:000c92f0       __unwindfunclet$??0CVConGroup@@AAE@PAV0@@Z$0 004ca2f0 f   VConGroup.obj
 0001:000c92f8       __unwindfunclet$??0CVConGroup@@AAE@PAV0@@Z$1 004ca2f8 f   VConGroup.obj
 0001:000c9300       __ehhandler$??0CVConGroup@@AAE@PAV0@@Z 004ca300 f   VConGroup.obj
 0001:000c9310       __unwindfunclet$?GetAllTextSize@CVConGroup@@IAEXAAUtagSIZE@@_N@Z$0 004ca310 f   VConGroup.obj
 0001:000c9318       __unwindfunclet$?GetAllTextSize@CVConGroup@@IAEXAAUtagSIZE@@_N@Z$1 004ca318 f   VConGroup.obj
 0001:000c9320       __unwindfunclet$?GetAllTextSize@CVConGroup@@IAEXAAUtagSIZE@@_N@Z$2 004ca320 f   VConGroup.obj
 0001:000c9328       __ehhandler$?GetAllTextSize@CVConGroup@@IAEXAAUtagSIZE@@_N@Z 004ca328 f   VConGroup.obj
 0001:000c9340       __unwindfunclet$?CalcSplitRect@CVConGroup@@IAEXUtagRECT@@AAU2@11@Z$0 004ca340 f   VConGroup.obj
 0001:000c9348       __unwindfunclet$?CalcSplitRect@CVConGroup@@IAEXUtagRECT@@AAU2@11@Z$1 004ca348 f   VConGroup.obj
 0001:000c9350       __ehhandler$?CalcSplitRect@CVConGroup@@IAEXUtagRECT@@AAU2@11@Z 004ca350 f   VConGroup.obj
 0001:000c9360       __unwindfunclet$?isNtvdm@CVConGroup@@SA_NH@Z$0 004ca360 f   VConGroup.obj
 0001:000c9368       __unwindfunclet$?isNtvdm@CVConGroup@@SA_NH@Z$1 004ca368 f   VConGroup.obj
 0001:000c9370       __ehhandler$?isNtvdm@CVConGroup@@SA_NH@Z 004ca370 f   VConGroup.obj
 0001:000c9380       __unwindfunclet$?ExportEnvVarAll@CVConGroup@@SAXPAUCESERVER_REQ@@PAVCRealConsole@@@Z$0 004ca380 f   VConGroup.obj
 0001:000c9380       __unwindfunclet$?BackWndProc@CConEmuChild@@SGJPAUHWND__@@IIJ@Z$2 004ca380 f   VConGroup.obj
 0001:000c9380       __unwindfunclet$?UpdateGuiInfoMappingActive@CConEmuMain@@AAEX_N@Z$0 004ca380 f   VConGroup.obj
 0001:000c9380       __unwindfunclet$?ChildWndProc@CConEmuChild@@SGJPAUHWND__@@IIJ@Z$2 004ca380 f   VConGroup.obj
 0001:000c9380       __unwindfunclet$?InitVars@CRecreateDlg@@IAEXXZ$0 004ca380 f   VConGroup.obj
 0001:000c9380       __unwindfunclet$?CreateWindowRgn@CConEmuMain@@QAEPAUHRGN__@@_N0HHHH@Z$0 004ca380 f   VConGroup.obj
 0001:000c9380       __unwindfunclet$?ShowView@CConEmuChild@@QAEHH@Z$0 004ca380 f   VConGroup.obj
 0001:000c9380       __unwindfunclet$?PrepareDrag@CDragDropData@@QAEHHU_COORD@@PAK@Z$3 004ca380 f   VConGroup.obj
 0001:000c9388       __ehhandler$?ChildWndProc@CConEmuChild@@SGJPAUHWND__@@IIJ@Z 004ca388 f   VConGroup.obj
 0001:000c9388       __ehhandler$?CreateWindowRgn@CConEmuMain@@QAEPAUHRGN__@@_N0HHHH@Z 004ca388 f   VConGroup.obj
 0001:000c9388       __ehhandler$?ShowView@CConEmuChild@@QAEHH@Z 004ca388 f   VConGroup.obj
 0001:000c9388       __ehhandler$?UpdateGuiInfoMappingActive@CConEmuMain@@AAEX_N@Z 004ca388 f   VConGroup.obj
 0001:000c9388       __ehhandler$?InitVars@CRecreateDlg@@IAEXXZ 004ca388 f   VConGroup.obj
 0001:000c9388       __ehhandler$?ExportEnvVarAll@CVConGroup@@SAXPAUCESERVER_REQ@@PAVCRealConsole@@@Z 004ca388 f   VConGroup.obj
 0001:000c9388       __ehhandler$?PrepareDrag@CDragDropData@@QAEHHU_COORD@@PAK@Z 004ca388 f   VConGroup.obj
 0001:000c9388       __ehhandler$?BackWndProc@CConEmuChild@@SGJPAUHWND__@@IIJ@Z 004ca388 f   VConGroup.obj
 0001:000c93a0       __unwindfunclet$?AttachRequested@CVConGroup@@SAHPAUHWND__@@PBUCESERVER_REQ_STARTSTOP@@PAUCESERVER_REQ_STARTSTOPRET@@@Z$0 004ca3a0 f   VConGroup.obj
 0001:000c93a8       __unwindfunclet$?AttachRequested@CVConGroup@@SAHPAUHWND__@@PBUCESERVER_REQ_STARTSTOP@@PAUCESERVER_REQ_STARTSTOPRET@@@Z$1 004ca3a8 f   VConGroup.obj
 0001:000c93b3       __ehhandler$?AttachRequested@CVConGroup@@SAHPAUHWND__@@PBUCESERVER_REQ_STARTSTOP@@PAUCESERVER_REQ_STARTSTOPRET@@@Z 004ca3b3 f   VConGroup.obj
 0001:000c93c0       __unwindfunclet$?CheckFocus@CConEmuMain@@QAEXPB_W@Z$0 004ca3c0 f   VConGroup.obj
 0001:000c93c0       __unwindfunclet$?PreReSize@CVConGroup@@SA_NIUtagRECT@@W4ConEmuRect@@_N@Z$0 004ca3c0 f   VConGroup.obj
 0001:000c93c0       __unwindfunclet$?UpdateImeComposition@CConEmuMain@@IAEXXZ$0 004ca3c0 f   VConGroup.obj
 0001:000c93c0       __unwindfunclet$?OnTimer_Main@CConEmuMain@@QAEXPAVCVirtualConsole@@@Z$0 004ca3c0 f   VConGroup.obj
 0001:000c93c0       __unwindfunclet$?AllTextRect@CVConGroup@@SA?AUtagRECT@@_N@Z$0 004ca3c0 f   VConGroup.obj
 0001:000c93c8       __ehhandler$?CheckFocus@CConEmuMain@@QAEXPB_W@Z 004ca3c8 f   VConGroup.obj
 0001:000c93c8       __ehhandler$?PreReSize@CVConGroup@@SA_NIUtagRECT@@W4ConEmuRect@@_N@Z 004ca3c8 f   VConGroup.obj
 0001:000c93c8       __ehhandler$?UpdateImeComposition@CConEmuMain@@IAEXXZ 004ca3c8 f   VConGroup.obj
 0001:000c93c8       __ehhandler$?AllTextRect@CVConGroup@@SA?AUtagRECT@@_N@Z 004ca3c8 f   VConGroup.obj
 0001:000c93c8       __ehhandler$?OnTimer_Main@CConEmuMain@@QAEXPAVCVirtualConsole@@@Z 004ca3c8 f   VConGroup.obj
 0001:000c93e0       __unwindfunclet$?SplitVConGroup@CVConGroup@@AAEPAV1@W4SplitType@RConStartArgs@@I@Z$0 004ca3e0 f   VConGroup.obj
 0001:000c93e0       __unwindfunclet$?Init@CConEmuMain@@QAEHXZ$0 004ca3e0 f   VConGroup.obj
 0001:000c93e0       __unwindfunclet$?Constructor@CVirtualConsole@@IAE_NPAURConStartArgs@@@Z$0 004ca3e0 f   VConGroup.obj
 0001:000c93eb       __unwindfunclet$?Constructor@CVirtualConsole@@IAE_NPAURConStartArgs@@@Z$1 004ca3eb f   VConGroup.obj
 0001:000c93eb       __unwindfunclet$?Init@CConEmuMain@@QAEHXZ$1 004ca3eb f   VConGroup.obj
 0001:000c93eb       __unwindfunclet$?SplitVConGroup@CVConGroup@@AAEPAV1@W4SplitType@RConStartArgs@@I@Z$1 004ca3eb f   VConGroup.obj
 0001:000c93f6       __ehhandler$?SplitVConGroup@CVConGroup@@AAEPAV1@W4SplitType@RConStartArgs@@I@Z 004ca3f6 f   VConGroup.obj
 0001:000c93f6       __ehhandler$?Init@CConEmuMain@@QAEHXZ 004ca3f6 f   VConGroup.obj
 0001:000c93f6       __ehhandler$?Constructor@CVirtualConsole@@IAE_NPAURConStartArgs@@@Z 004ca3f6 f   VConGroup.obj
 0001:000c9400       __unwindfunclet$?RemoveGroup@CVConGroup@@IAEXXZ$0 004ca400 f   VConGroup.obj
 0001:000c9408       __ehhandler$?RemoveGroup@CVConGroup@@IAEXXZ 004ca408 f   VConGroup.obj
 0001:000c9420       __unwindfunclet$?MoveAllVCon@CVConGroup@@SAXPAVCVirtualConsole@@UtagRECT@@@Z$0 004ca420 f   VConGroup.obj
 0001:000c9428       __unwindfunclet$?MoveAllVCon@CVConGroup@@SAXPAVCVirtualConsole@@UtagRECT@@@Z$1 004ca428 f   VConGroup.obj
 0001:000c9430       __ehhandler$?MoveAllVCon@CVConGroup@@SAXPAVCVirtualConsole@@UtagRECT@@@Z 004ca430 f   VConGroup.obj
 0001:000c9440       __unwindfunclet$?SetConsoleSizes@CVConGroup@@IAEXABU_COORD@@ABUtagRECT@@_N@Z$0 004ca440 f   VConGroup.obj
 0001:000c9448       __unwindfunclet$?SetConsoleSizes@CVConGroup@@IAEXABU_COORD@@ABUtagRECT@@_N@Z$1 004ca448 f   VConGroup.obj
 0001:000c9450       __unwindfunclet$?SetConsoleSizes@CVConGroup@@IAEXABU_COORD@@ABUtagRECT@@_N@Z$2 004ca450 f   VConGroup.obj
 0001:000c9458       __unwindfunclet$?SetConsoleSizes@CVConGroup@@IAEXABU_COORD@@ABUtagRECT@@_N@Z$3 004ca458 f   VConGroup.obj
 0001:000c9460       __ehhandler$?SetConsoleSizes@CVConGroup@@IAEXABU_COORD@@ABUtagRECT@@_N@Z 004ca460 f   VConGroup.obj
 0001:000c9470       __unwindfunclet$?SetAllConsoleWindowsSize@CVConGroup@@SAXUtagRECT@@W4ConEmuRect@@U_COORD@@_N@Z$0 004ca470 f   VConGroup.obj
 0001:000c9478       __unwindfunclet$?SetAllConsoleWindowsSize@CVConGroup@@SAXUtagRECT@@W4ConEmuRect@@U_COORD@@_N@Z$1 004ca478 f   VConGroup.obj
 0001:000c9480       __ehhandler$?SetAllConsoleWindowsSize@CVConGroup@@SAXUtagRECT@@W4ConEmuRect@@U_COORD@@_N@Z 004ca480 f   VConGroup.obj
 0001:000c9490       __unwindfunclet$?Drop@CDragDrop@@UAGJPAUIDataObject@@KU_POINTL@@PAK@Z$0 004ca490 f   VConGroup.obj
 0001:000c9490       __unwindfunclet$?CloseQuery@CVConGroup@@CA_NPAV?$MArray@PAVCVConGuard@@@@PA_N_N2@Z$0 004ca490 f   VConGroup.obj
 0001:000c9498       __ehhandler$?CloseQuery@CVConGroup@@CA_NPAV?$MArray@PAVCVConGuard@@@@PA_N_N2@Z 004ca498 f   VConGroup.obj
 0001:000c9498       __ehhandler$?Drop@CDragDrop@@UAGJPAUIDataObject@@KU_POINTL@@PAK@Z 004ca498 f   VConGroup.obj
 0001:000c94b0       __unwindfunclet$?CloseAllButActive@CVConGroup@@SAXPAVCVirtualConsole@@@Z$0 004ca4b0 f   VConGroup.obj
 0001:000c94b8       __unwindfunclet$?CloseAllButActive@CVConGroup@@SAXPAVCVirtualConsole@@@Z$1 004ca4b8 f   VConGroup.obj
 0001:000c94c3       __ehhandler$?CloseAllButActive@CVConGroup@@SAXPAVCVirtualConsole@@@Z 004ca4c3 f   VConGroup.obj
 0001:000c94d0       __unwindfunclet$?CloseGroup@CVConGroup@@SAXPAVCVirtualConsole@@_N@Z$0 004ca4d0 f   VConGroup.obj
 0001:000c94d8       __unwindfunclet$?CloseGroup@CVConGroup@@SAXPAVCVirtualConsole@@_N@Z$1 004ca4d8 f   VConGroup.obj
 0001:000c94e0       __ehhandler$?CloseGroup@CVConGroup@@SAXPAVCVirtualConsole@@_N@Z 004ca4e0 f   VConGroup.obj
 0001:000c94f0       __unwindfunclet$?PaneActivateNext@CVConGroup@@SA_N_N@Z$0 004ca4f0 f   VConGroup.obj
 0001:000c94f8       __unwindfunclet$?PaneActivateNext@CVConGroup@@SA_N_N@Z$1 004ca4f8 f   VConGroup.obj
 0001:000c9500       __ehhandler$?PaneActivateNext@CVConGroup@@SA_N_N@Z 004ca500 f   VConGroup.obj
 0001:000c9510       __unwindfunclet$?CreateVCon@CVConGroup@@CAPAVCVirtualConsole@@PAURConStartArgs@@AAPAV2@@Z$0 004ca510 f   VConGroup.obj
 0001:000c9518       __unwindfunclet$?CreateVCon@CVConGroup@@CAPAVCVirtualConsole@@PAURConStartArgs@@AAPAV2@@Z$1 004ca518 f   VConGroup.obj
 0001:000c9523       __ehhandler$?CreateVCon@CVConGroup@@CAPAVCVirtualConsole@@PAURConStartArgs@@AAPAV2@@Z 004ca523 f   VConGroup.obj
 0001:000c9530       __unwindfunclet$?CreateCon@CVConGroup@@SAPAVCVirtualConsole@@PAURConStartArgs@@_N1@Z$0 004ca530 f   VConGroup.obj
 0001:000c9538       __unwindfunclet$?CreateCon@CVConGroup@@SAPAVCVirtualConsole@@PAURConStartArgs@@_N1@Z$1 004ca538 f   VConGroup.obj
 0001:000c9540       __ehhandler$?CreateCon@CVConGroup@@SAPAVCVirtualConsole@@PAURConStartArgs@@_N1@Z 004ca540 f   VConGroup.obj
 0001:000c9550       __unwindfunclet$??1CEDC@@QAE@XZ$0 004ca550 f   VirtualConsole.obj
 0001:000c955b       __ehhandler$??1CEDC@@QAE@XZ 004ca55b f   VirtualConsole.obj
 0001:000c9570       __unwindfunclet$?OnPanelViewSettingsChanged@CVirtualConsole@@QAEXXZ$0 004ca570 f   VirtualConsole.obj
 0001:000c9570       __unwindfunclet$?PostLeftClickSync@CRealConsole@@QAE_NU_COORD@@@Z$0 004ca570 f   VirtualConsole.obj
 0001:000c957b       __ehhandler$?OnPanelViewSettingsChanged@CVirtualConsole@@QAEXXZ 004ca57b f   VirtualConsole.obj
 0001:000c957b       __ehhandler$?PostLeftClickSync@CRealConsole@@QAE_NU_COORD@@@Z 004ca57b f   VirtualConsole.obj
 0001:000c9590       __unwindfunclet$??0CVirtualConsole@@IAE@XZ$0 004ca590 f   VirtualConsole.obj
 0001:000c9598       __unwindfunclet$??0CVirtualConsole@@IAE@XZ$1 004ca598 f   VirtualConsole.obj
 0001:000c95a3       __unwindfunclet$??0CVirtualConsole@@IAE@XZ$2 004ca5a3 f   VirtualConsole.obj
 0001:000c95b1       __unwindfunclet$??0CVirtualConsole@@IAE@XZ$3 004ca5b1 f   VirtualConsole.obj
 0001:000c95bf       __unwindfunclet$??0CVirtualConsole@@IAE@XZ$4 004ca5bf f   VirtualConsole.obj
 0001:000c95cd       __unwindfunclet$??0CVirtualConsole@@IAE@XZ$5 004ca5cd f   VirtualConsole.obj
 0001:000c95db       __ehhandler$??0CVirtualConsole@@IAE@XZ 004ca5db f   VirtualConsole.obj
 0001:000c95f0       __unwindfunclet$?CheckTransparentRgn@CVirtualConsole@@IAE_N_N@Z$0 004ca5f0 f   VirtualConsole.obj
 0001:000c95f8       __ehhandler$?CheckTransparentRgn@CVirtualConsole@@IAE_N_N@Z 004ca5f8 f   VirtualConsole.obj
 0001:000c9610       __unwindfunclet$??1CVirtualConsole@@MAE@XZ$0 004ca610 f   VirtualConsole.obj
 0001:000c9618       __unwindfunclet$??1CVirtualConsole@@MAE@XZ$1 004ca618 f   VirtualConsole.obj
 0001:000c9623       __unwindfunclet$??1CVirtualConsole@@MAE@XZ$2 004ca623 f   VirtualConsole.obj
 0001:000c9631       __unwindfunclet$??1CVirtualConsole@@MAE@XZ$3 004ca631 f   VirtualConsole.obj
 0001:000c963f       __unwindfunclet$??1CVirtualConsole@@MAE@XZ$4 004ca63f f   VirtualConsole.obj
 0001:000c964d       __unwindfunclet$??1CVirtualConsole@@MAE@XZ$5 004ca64d f   VirtualConsole.obj
 0001:000c965b       __unwindfunclet$??1CVirtualConsole@@MAE@XZ$6 004ca65b f   VirtualConsole.obj
 0001:000c9669       __unwindfunclet$??1CVirtualConsole@@MAE@XZ$7 004ca669 f   VirtualConsole.obj
 0001:000c9674       __ehhandler$??1CVirtualConsole@@MAE@XZ 004ca674 f   VirtualConsole.obj
 0001:000c9680       __unwindfunclet$?UpdatePrepare@CVirtualConsole@@IAE_NPAPAUHDC__@@PAVMSectionLock@@1@Z$0 004ca680 f   VirtualConsole.obj
 0001:000c9688       __unwindfunclet$?UpdatePrepare@CVirtualConsole@@IAE_NPAPAUHDC__@@PAVMSectionLock@@1@Z$1 004ca688 f   VirtualConsole.obj
 0001:000c9690       __ehhandler$?UpdatePrepare@CVirtualConsole@@IAE_NPAPAUHDC__@@PAVMSectionLock@@1@Z 004ca690 f   VirtualConsole.obj
 0001:000c96a0       __unwindfunclet$?Update@CVirtualConsole@@QAE_N_NPAPAUHDC__@@@Z$0 004ca6a0 f   VirtualConsole.obj
 0001:000c96a8       __unwindfunclet$?Update@CVirtualConsole@@QAE_N_NPAPAUHDC__@@@Z$1 004ca6a8 f   VirtualConsole.obj
 0001:000c96b0       __ehhandler$?Update@CVirtualConsole@@QAE_N_NPAPAUHDC__@@@Z 004ca6b0 f   VirtualConsole.obj
 0001:000c96c0       __unwindfunclet$?PrintClient@CVirtualConsole@@QAE_NPAUHDC__@@_NQAUtagRECT@@@Z$0 004ca6c0 f   VirtualConsole.obj
 0001:000c96c0       __unwindfunclet$?AskChangeBufferHeight@CConEmuMain@@QAEXXZ$0 004ca6c0 f   VirtualConsole.obj
 0001:000c96c0       __unwindfunclet$?UpdateProcessDisplay@CConEmuMain@@QAEXH@Z$0 004ca6c0 f   VirtualConsole.obj
 0001:000c96c0       __unwindfunclet$?NeedRefreshToInfo@CDragDropData@@QAE_NU_POINTL@@@Z$0 004ca6c0 f   VirtualConsole.obj
 0001:000c96c0       __unwindfunclet$?SyncAllConsoles2Window@CVConGroup@@SAXUtagRECT@@W4ConEmuRect@@_N@Z$0 004ca6c0 f   VirtualConsole.obj
 0001:000c96c0       __unwindfunclet$?OnBufferHeight@CConEmuMain@@QAEXXZ$0 004ca6c0 f   VirtualConsole.obj
 0001:000c96c0       __unwindfunclet$?CreateVConPopupMenu@CConEmuMenu@@QAEPAUHMENU__@@PAVCVirtualConsole@@PAU2@HAAPAU2@@Z$0 004ca6c0 f   VirtualConsole.obj
 0001:000c96c0       __unwindfunclet$?OnPaint@CConEmuChild@@QAEJXZ$0 004ca6c0 f   VirtualConsole.obj
 0001:000c96c0       __unwindfunclet$?ConActivate@CVConGroup@@SA_NH@Z$0 004ca6c0 f   VirtualConsole.obj
 0001:000c96c0       __unwindfunclet$?GetVConFromPoint@CVConGroup@@SA_NUtagPOINT@@PAVCVConGuard@@@Z$0 004ca6c0 f   VirtualConsole.obj
 0001:000c96c0       __unwindfunclet$?CreateEditMenuPopup@CConEmuMenu@@QAEPAUHMENU__@@PAVCVirtualConsole@@PAU2@@Z$0 004ca6c0 f   VirtualConsole.obj
 0001:000c96c0       __unwindfunclet$?GetTasks@CVConGroup@@SAPA_WPAV1@@Z$0 004ca6c0 f   VirtualConsole.obj
 0001:000c96c0       __unwindfunclet$?OnNotify@TabBarClass@@QAEJPAUtagNMHDR@@@Z$0 004ca6c0 f   VirtualConsole.obj
 0001:000c96c8       __ehhandler$?PrintClient@CVirtualConsole@@QAE_NPAUHDC__@@_NQAUtagRECT@@@Z 004ca6c8 f   VirtualConsole.obj
 0001:000c96c8       __ehhandler$?AskChangeBufferHeight@CConEmuMain@@QAEXXZ 004ca6c8 f   VirtualConsole.obj
 0001:000c96c8       __ehhandler$?SyncAllConsoles2Window@CVConGroup@@SAXUtagRECT@@W4ConEmuRect@@_N@Z 004ca6c8 f   VirtualConsole.obj
 0001:000c96c8       __ehhandler$?GetVConFromPoint@CVConGroup@@SA_NUtagPOINT@@PAVCVConGuard@@@Z 004ca6c8 f   VirtualConsole.obj
 0001:000c96c8       __ehhandler$?CreateVConPopupMenu@CConEmuMenu@@QAEPAUHMENU__@@PAVCVirtualConsole@@PAU2@HAAPAU2@@Z 004ca6c8 f   VirtualConsole.obj
 0001:000c96c8       __ehhandler$?GetTasks@CVConGroup@@SAPA_WPAV1@@Z 004ca6c8 f   VirtualConsole.obj
 0001:000c96c8       __ehhandler$?ConActivate@CVConGroup@@SA_NH@Z 004ca6c8 f   VirtualConsole.obj
 0001:000c96c8       __ehhandler$?NeedRefreshToInfo@CDragDropData@@QAE_NU_POINTL@@@Z 004ca6c8 f   VirtualConsole.obj
 0001:000c96c8       __ehhandler$?UpdateProcessDisplay@CConEmuMain@@QAEXH@Z 004ca6c8 f   VirtualConsole.obj
 0001:000c96c8       __ehhandler$?OnNotify@TabBarClass@@QAEJPAUtagNMHDR@@@Z 004ca6c8 f   VirtualConsole.obj
 0001:000c96c8       __ehhandler$?OnPaint@CConEmuChild@@QAEJXZ 004ca6c8 f   VirtualConsole.obj
 0001:000c96c8       __ehhandler$?OnBufferHeight@CConEmuMain@@QAEXXZ 004ca6c8 f   VirtualConsole.obj
 0001:000c96c8       __ehhandler$?CreateEditMenuPopup@CConEmuMenu@@QAEPAUHMENU__@@PAVCVirtualConsole@@PAU2@@Z 004ca6c8 f   VirtualConsole.obj
 0001:000c96e0       __unwindfunclet$?PaintVCon@CVirtualConsole@@QAEXPAUHDC__@@@Z$0 004ca6e0 f   VirtualConsole.obj
 0001:000c96eb       __unwindfunclet$?PaintVCon@CVirtualConsole@@QAEXPAUHDC__@@@Z$1 004ca6eb f   VirtualConsole.obj
 0001:000c96f6       __unwindfunclet$?PaintVCon@CVirtualConsole@@QAEXPAUHDC__@@@Z$2 004ca6f6 f   VirtualConsole.obj
 0001:000c9701       __unwindfunclet$?PaintVCon@CVirtualConsole@@QAEXPAUHDC__@@@Z$3 004ca701 f   VirtualConsole.obj
 0001:000c9709       __unwindfunclet$?PaintVCon@CVirtualConsole@@QAEXPAUHDC__@@@Z$4 004ca709 f   VirtualConsole.obj
 0001:000c9714       __ehhandler$?PaintVCon@CVirtualConsole@@QAEXPAUHDC__@@@Z 004ca714 f   VirtualConsole.obj
 0001:000c971e       __ehhandler$?CallUnexpected@@YAXPBU_s_ESTypeList@@@Z 004ca71e f   LIBCMT:frame.obj
 0001:000c9740       ??__E?g_Backgrounds@CBackgroundInfo@@1V?$MArray@PAVCBackgroundInfo@@@@A@@YAXXZ 004ca740 f   Background.obj
 0001:000c9750       ??__EIcon@@YAXXZ           004ca750 f   TrayIcon.obj
 0001:000c9760       ??__F?g_Backgrounds@CBackgroundInfo@@1V?$MArray@PAVCBackgroundInfo@@@@A@@YAXXZ 004ca760 f   Background.obj
 0001:000c9790       ??__FIcon@@YAXXZ           004ca790 f   TrayIcon.obj
