 ConEmu.x64

 Timestamp is 526c4cc0 (Sun Oct 27 03:14:08 2013)

 Preferred load address is 0000000180000000

 Start         Length     Name                   Class
 0001:00000000 00033abeH .text                   CODE
 0001:00033ac0 0000005eH .text$00                CODE
 0002:00000000 00000668H .idata$5                DATA
 0002:00000670 00003c02H .rdata                  DATA
 0002:00004274 0000007eH .rdata$debug            DATA
 0002:000042f8 000012b0H .xdata                  DATA
 0002:000055a8 00000078H .idata$2                DATA
 0002:00005620 00000014H .idata$3                DATA
 0002:00005638 00000668H .idata$4                DATA
 0002:00005ca0 00000e70H .idata$6                DATA
 0002:00006b10 0000033bH .edata                  DATA
 0003:00000000 000001e0H .data                   DATA
 0003:000001e0 00002202H .bss                    DATA
 0004:00000000 000019d4H .pdata                  DATA
 0005:00000000 00000058H .rsrc$01                DATA
 0005:00000060 00000290H .rsrc$02                DATA

  Address         Publics by Value              Rva+Base               Lib:Object

 0000:00000000       ___safe_se_handler_count   0000000000000000     <absolute>
 0000:00000000       ___safe_se_handler_table   0000000000000000     <absolute>
 0000:00000000       __ImageBase                0000000180000000     <linker-defined>
 0001:00000000       ?StartupHooks@@YAHPEAUHINSTANCE__@@@Z 0000000180001000 f   ConEmuInjects.obj
 0001:00000470       ?ShutdownHooks@@YAXXZ      0000000180001470 f   ConEmuInjects.obj
 0001:000006d0       ??$wcscpy_c@$0EA@@@YAHAEAY0EA@_WPEB_W@Z 00000001800016d0 f i ConEmuInjects.obj
 0001:00000700       ?StringCchCopyW@@YAJPEA_W_KPEB_W@Z 0000000180001700 f i ConEmuInjects.obj
 0001:00000890       ?pcc_Selected@@YA_NW4PluginMenuCommands@@@Z 0000000180001890 f   ConEmuPlugin.obj
 0001:00000910       ?pcc_Disabled@@YA_NW4PluginMenuCommands@@@Z 0000000180001910 f   ConEmuPlugin.obj
 0001:000009f0       ?GetPluginInfoWcmn@@YAXPEAX@Z 00000001800019f0 f   ConEmuPlugin.obj
 0001:00000a40       ?CheckConEmuDetached@@YAXXZ 0000000180001a40 f   ConEmuPlugin.obj
 0001:00000af0       ??BHWND2@@QEBAKXZ          0000000180001af0 f i ConEmuPlugin.obj
 0001:00000b00       ?OpenPluginWcmn@@YAPEAXH_J_N@Z 0000000180001b00 f   ConEmuPlugin.obj
 0001:00000e50       OpenPluginW                0000000180001e50 f   ConEmuPlugin.obj
 0001:00000eb0       ?TouchReadPeekConsoleInputs@@YAXH@Z 0000000180001eb0 f   ConEmuPlugin.obj
 0001:00000f00       ?OnMainThreadActivated@@YAXXZ 0000000180001f00 f   ConEmuPlugin.obj
 0001:000011c0       ?IsFarLua@FarVersion@@QEBA_NXZ 00000001800021c0 f i ConEmuPlugin.obj
 0001:00001220       ?OnConsolePeekReadInput@@YAXH@Z 0000000180002220 f   ConEmuPlugin.obj
 0001:00001470       ?OnPanelViewCallbacks@@YAHPEAUHookCallbackArg@@P6AHPEAXPEAU_INPUT_RECORD@@KPEAKPEAH@Z5@Z 0000000180002470 f   ConEmuPlugin.obj
 0001:000015b0       ?OnShellExecuteExW_Except@@YAXPEAUHookCallbackArg@@@Z 00000001800025b0 f   ConEmuPlugin.obj
 0001:00001600       ?OnGetNumberOfConsoleInputEventsPost@@YAXPEAUHookCallbackArg@@@Z 0000000180002600 f   ConEmuPlugin.obj
 0001:00001640       ?UngetDummyMouseEvent@@YAHHPEAUHookCallbackArg@@@Z 0000000180002640 f   ConEmuPlugin.obj
 0001:000018b0       ??4HANDLE2@@QEAAAEAU0@PEAX@Z 00000001800028b0 f i ConEmuPlugin.obj
 0001:000018d0       ?OnConsolePeekInput@@YAHPEAUHookCallbackArg@@@Z 00000001800028d0 f   ConEmuPlugin.obj
 0001:00001960       ?OnConsolePeekInputPost@@YAXPEAUHookCallbackArg@@@Z 0000000180002960 f   ConEmuPlugin.obj
 0001:000019b0       ?OnConsoleReadInputWork@@YAHPEAUHookCallbackArg@@@Z 00000001800029b0 f   ConEmuPlugin.obj
 0001:00001a60       ?OnConsoleReadInput@@YAHPEAUHookCallbackArg@@@Z 0000000180002a60 f   ConEmuPlugin.obj
 0001:00001a80       ?OnConsoleReadInputPost@@YAXPEAUHookCallbackArg@@@Z 0000000180002a80 f   ConEmuPlugin.obj
 0001:00001d30       ?OnWriteConsoleOutput@@YAHPEAUHookCallbackArg@@@Z 0000000180002d30 f   ConEmuPlugin.obj
 0001:00001e50       ProcessSynchroEventW       0000000180002e50 f   ConEmuPlugin.obj
 0001:00001f10       ?ShutdownPluginStep@@YAXPEB_WHHHH@Z 0000000180002f10 f   ConEmuPlugin.obj
 0001:00001f30       DllMain                    0000000180002f30 f   ConEmuPlugin.obj
 0001:00002250       ??_GMSection@@QEAAPEAXI@Z  0000000180003250 f i ConEmuPlugin.obj
 0001:00002290       ??_GCPluginBackground@@QEAAPEAXI@Z 0000000180003290 f i ConEmuPlugin.obj
 0001:000022d0       _DllMainCRTStartup         00000001800032d0 f   ConEmuPlugin.obj
 0001:00002300       ?IsConsoleActive@@YAHXZ    0000000180003300 f   ConEmuPlugin.obj
 0001:00002380       ?GetFarHWND2@@YAPEAUHWND__@@H@Z 0000000180003380 f   ConEmuPlugin.obj
 0001:00002400       ?GetFarHWND@@YAPEAUHWND__@@XZ 0000000180003400 f   ConEmuPlugin.obj
 0001:00002410       ?IsTerminalMode@@YAHXZ     0000000180003410 f   ConEmuPlugin.obj
 0001:00002420       ?GetFarVersion@@YAXPEAUFarVersion@@@Z 0000000180003420 f   ConEmuPlugin.obj
 0001:00002440       ?LoadFarVersion@@YAHXZ     0000000180003440 f   ConEmuPlugin.obj
 0001:00002820       ?RegisterPanelView@@YAHPEAUPanelViewInit@@@Z 0000000180003820 f   ConEmuPlugin.obj
 0001:00002af0       ?RegisterBackground@@YAHPEAURegisterBackgroundArg@@@Z 0000000180003af0 f   ConEmuPlugin.obj
 0001:00002b90       ?SyncExecute@@YAHPEAUHINSTANCE__@@P6AX_J@Z1@Z 0000000180003b90 f   ConEmuPlugin.obj
 0001:00002c00       ?ActivateConsole@@YAHXZ    0000000180003c00 f   ConEmuPlugin.obj
 0001:00002cc0       ??BHWND2@@QEBAPEAUHWND__@@XZ 0000000180003cc0 f i ConEmuPlugin.obj
 0001:00002cd0       ??4HWND2@@QEAAAEAU0@PEAUHWND__@@@Z 0000000180003cd0 f i ConEmuPlugin.obj
 0001:00002cf0       ?ExecuteSynchro@@YAXXZ     0000000180003cf0 f   ConEmuPlugin.obj
 0001:00002db0       ?ProcessCommand@@YAHKHPEAXPEAPEAUCESERVER_REQ@@@Z 0000000180003db0 f   ConEmuPlugin.obj
 0001:00003ea0       ?StringCchCatW@@YAJPEA_W_KPEB_W@Z 0000000180004ea0 f i ConEmuPlugin.obj
 0001:000045f0       ?FarSetConsoleSize@@YAHFF@Z 00000001800055f0 f   ConEmuPlugin.obj
 0001:00004730       ?OnConsoleDetaching@@YAHPEAUHookCallbackArg@@@Z 0000000180005730 f   ConEmuPlugin.obj
 0001:00004880       ?OnConsoleWasAttached@@YAXPEAUHookCallbackArg@@@Z 0000000180005880 f   ConEmuPlugin.obj
 0001:000048e0       ?MonitorThreadProcW@@YAKPEAX@Z 00000001800058e0 f   ConEmuPlugin.obj
 0001:00004cd0       ?CommonPluginStartup@@YAXXZ 0000000180005cd0 f   ConEmuPlugin.obj
 0001:00004df0       SetStartupInfoW            0000000180005df0 f   ConEmuPlugin.obj
 0001:00004e60       ?CloseMapHeader@@YAXXZ     0000000180005e60 f   ConEmuPlugin.obj
 0001:00004e90       ?OpenMapHeader@@YAHXZ      0000000180005e90 f   ConEmuPlugin.obj
 0001:00004f70       ?InitRootKey@@YAXXZ        0000000180005f70 f   ConEmuPlugin.obj
 0001:00005060       ?InitHWND@@YAXXZ           0000000180006060 f   ConEmuPlugin.obj
 0001:00005710       ?ReloadFarInfo@@YAHH@Z     0000000180006710 f   ConEmuPlugin.obj
 0001:00005c40       ?UpdateConEmuTabsW@@YA_NH_N0PEAX@Z 0000000180006c40 f   ConEmuPlugin.obj
 0001:00005d60       ?UpdateConEmuTabs@@YA_NH_N0PEAX@Z 0000000180006d60 f   ConEmuPlugin.obj
 0001:00005fe0       ?CreateTabs@@YAHH@Z        0000000180006fe0 f   ConEmuPlugin.obj
 0001:000060f0       ?AddTab@@YAHAEAH_N1HPEB_W2HHHH@Z 00000001800070f0 f   ConEmuPlugin.obj
 0001:000066b0       wmemcmp                    00000001800076b0 f i ConEmuPlugin.obj
 0001:00006740       ?SendTabs@@YAXHH@Z         0000000180007740 f   ConEmuPlugin.obj
 0001:00006970       ProcessEditorInputW        0000000180007970 f   ConEmuPlugin.obj
 0001:000069c0       ProcessEditorEventW        00000001800079c0 f   ConEmuPlugin.obj
 0001:00006a70       ProcessViewerEventW        0000000180007a70 f   ConEmuPlugin.obj
 0001:00006b10       ?FillLoadedParm@@YAXPEAUConEmuLoadedArg@@PEAUHINSTANCE__@@H@Z 0000000180007b10 f   ConEmuPlugin.obj
 0001:00006c50       ?NotifyConEmuUnloaded@@YAXXZ 0000000180007c50 f   ConEmuPlugin.obj
 0001:00006da0       ?StopThread@@YAXXZ         0000000180007da0 f   ConEmuPlugin.obj
 0001:00007160       ??_G?$MFileMapping@UCESERVER_CONSOLE_MAPPING_HDR@@@@QEAAPEAXI@Z 0000000180008160 f i ConEmuPlugin.obj
 0001:000071a0       ProcessDialogEventW        00000001800081a0 f   ConEmuPlugin.obj
 0001:000071b0       ?OpenW@@YAPEAXPEBX@Z       00000001800081b0 f   ConEmuPlugin.obj
 0001:00007210       ?ProcessConsoleInputW@@YA_JPEAX@Z 0000000180008210 f   ConEmuPlugin.obj
 0001:00007250       ?ProcessEditorEventW3@@YA_JPEAX@Z 0000000180008250 f   ConEmuPlugin.obj
 0001:00007290       ?ProcessViewerEventW3@@YA_JPEAX@Z 0000000180008290 f   ConEmuPlugin.obj
 0001:000072d0       ?ProcessDialogEventW3@@YA_JPEAX@Z 00000001800082d0 f   ConEmuPlugin.obj
 0001:00007310       ?ProcessSynchroEventW3@@YA_JPEAX@Z 0000000180008310 f   ConEmuPlugin.obj
 0001:00007350       ?ExitFarCmn@@YAXXZ         0000000180008350 f   ConEmuPlugin.obj
 0001:000073b0       ExitFARW                   00000001800083b0 f   ConEmuPlugin.obj
 0001:00007440       ?ExitFARW3@@YAXPEAX@Z      0000000180008440 f   ConEmuPlugin.obj
 0001:000074a0       ?CheckResources@@YAXH@Z    00000001800084a0 f   ConEmuPlugin.obj
 0001:00007610       ?InitResources@@YAXXZ      0000000180008610 f   ConEmuPlugin.obj
 0001:00007980       ?StringCchCopyNW@@YAJPEA_W_KPEB_W1@Z 0000000180008980 f i ConEmuPlugin.obj
 0001:00007a10       ?CloseTabs@@YAXXZ          0000000180008a10 f   ConEmuPlugin.obj
 0001:00007aa0       ?OutDataAlloc@@YAHK@Z      0000000180008aa0 f   ConEmuPlugin.obj
 0001:00007b20       ?OutDataRealloc@@YAHK@Z    0000000180008b20 f   ConEmuPlugin.obj
 0001:00007c20       ?OutDataWrite@@YAHPEAXK@Z  0000000180008c20 f   ConEmuPlugin.obj
 0001:00007d10       ?ShowMessage@@YAHHH@Z      0000000180008d10 f   ConEmuPlugin.obj
 0001:00007d90       ?ShowMessage@@YAHPEB_WH_N@Z 0000000180008d90 f   ConEmuPlugin.obj
 0001:00007ec0       ?ShowMessageGui@@YAHHH@Z   0000000180008ec0 f   ConEmuPlugin.obj
 0001:00007fa0       ?GetMsgW@@YAPEB_WH@Z       0000000180008fa0 f   ConEmuPlugin.obj
 0001:00008010       ?PostMacro@@YAXPEB_WPEAU_INPUT_RECORD@@@Z 0000000180009010 f   ConEmuPlugin.obj
 0001:000081d0       ?ShowPluginMenu@@YAXW4PluginCallCommands@@@Z 00000001800091d0 f   ConEmuPlugin.obj
 0001:00008e30       ?FindServerCmd@@YAHKAEAK_N@Z 0000000180009e30 f   ConEmuPlugin.obj
 0001:00008f50       ?Attach2Gui@@YAHXZ         0000000180009f50 f   ConEmuPlugin.obj
 0001:000094a0       ?StartDebugger@@YAHXZ      000000018000a4a0 f   ConEmuPlugin.obj
 0001:00009840       ?wcsrchr@@YAPEA_WPEA_W_W@Z 000000018000a840 f i ConEmuPlugin.obj
 0001:00009870       ?IsMacroActive@@YAHXZ      000000018000a870 f   ConEmuPlugin.obj
 0001:000098f0       ?GetMacroArea@@YAHXZ       000000018000a8f0 f   ConEmuPlugin.obj
 0001:00009960       ?RedrawAll@@YAXXZ          000000018000a960 f   ConEmuPlugin.obj
 0001:000099c0       ?GetEditorModifiedState@@YAKXZ 000000018000a9c0 f   ConEmuPlugin.obj
 0001:00009a20       ?GetActiveWindowType@@YAHXZ 000000018000aa20 f   ConEmuPlugin.obj
 0001:00009a80       ?RunExternalProgramW@@YA_NPEA_W0_N@Z 000000018000aa80 f   ConEmuPlugin.obj
 0001:00009d60       ?Disable@MWow64Disable@@QEAAXXZ 000000018000ad60 f i ConEmuPlugin.obj
 0001:00009da0       ?Restore@MWow64Disable@@QEAAXXZ 000000018000ada0 f i ConEmuPlugin.obj
 0001:00009df0       ??0MWow64Disable@@QEAA@XZ  000000018000adf0 f i ConEmuPlugin.obj
 0001:00009e90       ??1MWow64Disable@@QEAA@XZ  000000018000ae90 f i ConEmuPlugin.obj
 0001:00009eb0       ?ShowConsoleInfo@@YAXXZ    000000018000aeb0 f   ConEmuPlugin.obj
 0001:0000a140       ?GetMainThreadId@@YAKXZ    000000018000b140 f   ConEmuPlugin.obj
 0001:0000a1f0       ?OnLibraryLoaded@@YAXPEAUHINSTANCE__@@@Z 000000018000b1f0 f   ConEmuPlugin.obj
 0001:0000a2a0       ?_calloc@@YAPEAX_K0@Z      000000018000b2a0 f   ConEmuPlugin.obj
 0001:0000a2d0       ?_malloc@@YAPEAX_K@Z       000000018000b2d0 f   ConEmuPlugin.obj
 0001:0000a2f0       ?_free@@YAXPEAX@Z          000000018000b2f0 f   ConEmuPlugin.obj
 0001:0000a310       ?Ptr@?$MFileMapping@UCESERVER_CONSOLE_MAPPING_HDR@@@@QEAAPEAUCESERVER_CONSOLE_MAPPING_HDR@@XZ 000000018000b310 f i ConEmuPlugin.obj
 0001:0000a320       ?InitName@?$MFileMapping@UCESERVER_CONSOLE_MAPPING_HDR@@@@QEAAPEB_WPEB_WKK@Z 000000018000b320 f i ConEmuPlugin.obj
 0001:0000a380       ?CloseMap@?$MFileMapping@UCESERVER_CONSOLE_MAPPING_HDR@@@@QEAAXXZ 000000018000b380 f i ConEmuPlugin.obj
 0001:0000a410       ?Open@?$MFileMapping@UCESERVER_CONSOLE_MAPPING_HDR@@@@QEAAPEAUCESERVER_CONSOLE_MAPPING_HDR@@HH@Z 000000018000b410 f i ConEmuPlugin.obj
 0001:0000a440       ??0?$MFileMapping@UCESERVER_CONSOLE_MAPPING_HDR@@@@QEAA@XZ 000000018000b440 f i ConEmuPlugin.obj
 0001:0000a4b0       ??1?$MFileMapping@UCESERVER_CONSOLE_MAPPING_HDR@@@@QEAA@XZ 000000018000b4b0 f i ConEmuPlugin.obj
 0001:0000a4e0       ?ClosePtr@?$MFileMapping@UCESERVER_CONSOLE_MAPPING_HDR@@@@QEAAXXZ 000000018000b4e0 f i ConEmuPlugin.obj
 0001:0000a520       ?InternalOpenCreate@?$MFileMapping@UCESERVER_CONSOLE_MAPPING_HDR@@@@IEAAPEAUCESERVER_CONSOLE_MAPPING_HDR@@HHH@Z 000000018000b520 f i ConEmuPlugin.obj
 0001:0000a7d0       ??$wcscpy_c@$0BBE@@@YAHAEAY0BBE@_WPEB_W@Z 000000018000b7d0 f i ConEmuPlugin.obj
 0001:0000a800       ??$wcscat_c@$0BBE@@@YAHAEAY0BBE@_WPEB_W@Z 000000018000b800 f i ConEmuPlugin.obj
 0001:0000a830       ??$wcscat_c@$0CAE@@@YAHAEAY0CAE@_WPEB_W@Z 000000018000b830 f i ConEmuPlugin.obj
 0001:0000a860       ??$wcscpy_c@$0CAI@@@YAHAEAY0CAI@_WPEB_W@Z 000000018000b860 f i ConEmuPlugin.obj
 0001:0000a890       GetMinFarVersionW          000000018000b890 f   ConEmuPlugin995.obj
 0001:0000a8a0       ?GetPluginInfoW995@@YAXPEAX@Z 000000018000b8a0 f   ConEmuPlugin995.obj
 0001:0000a960       ?ProcessDragFromW995@@YAXXZ 000000018000b960 f   ConEmuPlugin995.obj
 0001:0000b370       ?ProcessDragToW995@@YAXXZ  000000018000c370 f   ConEmuPlugin995.obj
 0001:0000b910       ?SetStartupInfoW995@@YAXPEAX@Z 000000018000c910 f   ConEmuPlugin995.obj
 0001:0000bb70       ?GetEditorModifiedStateW995@@YAKXZ 000000018000cb70 f   ConEmuPlugin995.obj
 0001:0000bbd0       ?ProcessEditorInputW995@@YAHPEBX@Z 000000018000cbd0 f   ConEmuPlugin995.obj
 0001:0000bc50       ?UpdateConEmuTabsW995@@YA_NH_N0PEAX@Z 000000018000cc50 f   ConEmuPlugin995.obj
 0001:0000c230       ?ExitFARW995@@YAXXZ        000000018000d230 f   ConEmuPlugin995.obj
 0001:0000c2c0       ?ShowMessageW995@@YAHPEB_WH_N@Z 000000018000d2c0 f   ConEmuPlugin995.obj
 0001:0000c360       ?ShowMessageW995@@YAHHH@Z  000000018000d360 f   ConEmuPlugin995.obj
 0001:0000c3d0       ?GetMsgW995@@YAPEB_WH@Z    000000018000d3d0 f   ConEmuPlugin995.obj
 0001:0000c420       ?SetWindowW995@@YAXH@Z     000000018000d420 f   ConEmuPlugin995.obj
 0001:0000c4a0       ?PostMacroW995@@YAXPEB_WPEAU_INPUT_RECORD@@@Z 000000018000d4a0 f   ConEmuPlugin995.obj
 0001:0000c560       ?ShowPluginMenuW995@@YAHPEAUConEmuPluginMenuItem@@H@Z 000000018000d560 f   ConEmuPlugin995.obj
 0001:0000c7d0       ?EditOutputW995@@YAHPEB_WH@Z 000000018000d7d0 f   ConEmuPlugin995.obj
 0001:0000c8f0       ?ExecuteSynchroW995@@YAHXZ 000000018000d8f0 f   ConEmuPlugin995.obj
 0001:0000c990       ?WaitEndSynchroW995@@YAXXZ 000000018000d990 f   ConEmuPlugin995.obj
 0001:0000cbd0       ?StopWaitEndSynchroW995@@YAXXZ 000000018000dbd0 f   ConEmuPlugin995.obj
 0001:0000cc10       ?IsMacroActiveW995@@YAHXZ  000000018000dc10 f   ConEmuPlugin995.obj
 0001:0000cc80       ?GetMacroAreaW995@@YAHXZ   000000018000dc80 f   ConEmuPlugin995.obj
 0001:0000ccd0       ?RedrawAllW995@@YAXXZ      000000018000dcd0 f   ConEmuPlugin995.obj
 0001:0000cd10       ?LoadPluginW995@@YA_NPEA_W@Z 000000018000dd10 f   ConEmuPlugin995.obj
 0001:0000cd50       ?RunExternalProgramW995@@YA_NPEA_W@Z 000000018000dd50 f   ConEmuPlugin995.obj
 0001:0000d0e0       ?wcschr@@YAPEA_WPEA_W_W@Z  000000018000e0e0 f i ConEmuPlugin995.obj
 0001:0000d110       ?wcsstr@@YAPEA_WPEA_WPEB_W@Z 000000018000e110 f i ConEmuPlugin995.obj
 0001:0000d140       ?ProcessCommandLineW995@@YA_NPEA_W@Z 000000018000e140 f   ConEmuPlugin995.obj
 0001:0000d1a0       ?LoadFarColorsW995@@YAXAEAY0BAA@E@Z 000000018000e1a0 f   ConEmuPlugin995.obj
 0001:0000d2a0       ?ReloadFarInfoW995@@YAHXZ  000000018000e2a0 f   ConEmuPlugin995.obj
 0001:0000d550       ?ExecuteQuitFar995@@YAXXZ  000000018000e550 f   ConEmuPlugin995.obj
 0001:0000d5b0       ?CheckBufferEnabledW995@@YAHXZ 000000018000e5b0 f   ConEmuPlugin995.obj
 0001:0000d680       ?FillUpdateBackgroundW995@@YAXPEAUPaintBackgroundArg@@@Z 000000018000e680 f   ConEmuPlugin995.obj
 0001:0000db60       ?GetActiveWindowTypeW995@@YAHXZ 000000018000eb60 f   ConEmuPlugin995.obj
 0001:0000dc70       ?GuiMacroDlgW995@@YAXXZ    000000018000ec70 f   ConEmuPlugin995.obj
 0001:0000e2f0       ?GetPluginInfoW1900@@YAXPEAX@Z 000000018000f2f0 f   ConEmuPlugin1900.obj
 0001:0000e380       ?ProcessDragFromW1900@@YAXXZ 000000018000f380 f   ConEmuPlugin1900.obj
 0001:0000eeb0       ?ProcessDragToW1900@@YAXXZ 000000018000feb0 f   ConEmuPlugin1900.obj
 0001:0000f4b0       ?SetStartupInfoW1900@@YAXPEAX@Z 00000001800104b0 f   ConEmuPlugin1900.obj
 0001:0000f670       ?GetEditorModifiedStateW1900@@YAKXZ 0000000180010670 f   ConEmuPlugin1900.obj
 0001:0000f6d0       ?ProcessEditorEventW1900@@YAHPEAX@Z 00000001800106d0 f   ConEmuPlugin1900.obj
 0001:0000f700       ?ProcessViewerEventW1900@@YAHPEAX@Z 0000000180010700 f   ConEmuPlugin1900.obj
 0001:0000f730       ?ProcessDialogEventW1900@@YAHPEAX@Z 0000000180010730 f   ConEmuPlugin1900.obj
 0001:0000f760       ?ProcessSynchroEventW1900@@YAHPEAX@Z 0000000180010760 f   ConEmuPlugin1900.obj
 0001:0000f790       ?ProcessEditorInputW1900@@YAHPEBX@Z 0000000180010790 f   ConEmuPlugin1900.obj
 0001:0000f810       ?UpdateConEmuTabsW1900@@YA_NH_N0PEAX@Z 0000000180010810 f   ConEmuPlugin1900.obj
 0001:00010100       ?ExitFARW1900@@YAXXZ       0000000180011100 f   ConEmuPlugin1900.obj
 0001:00010190       ?ShowMessageW1900@@YAHPEB_WH_N@Z 0000000180011190 f   ConEmuPlugin1900.obj
 0001:00010270       ?ShowMessageW1900@@YAHHH@Z 0000000180011270 f   ConEmuPlugin1900.obj
 0001:000102e0       ?GetMsgW1900@@YAPEB_WH@Z   00000001800112e0 f   ConEmuPlugin1900.obj
 0001:00010330       ?SetWindowW1900@@YAXH@Z    0000000180011330 f   ConEmuPlugin1900.obj
 0001:000103a0       ?PostMacroW1900@@YAXPEB_WPEAU_INPUT_RECORD@@@Z 00000001800113a0 f   ConEmuPlugin1900.obj
 0001:00010ec0       ?ShowPluginMenuW1900@@YAHPEAUConEmuPluginMenuItem@@H@Z 0000000180011ec0 f   ConEmuPlugin1900.obj
 0001:000111f0       ?EditOutputW1900@@YAHPEB_WH@Z 00000001800121f0 f   ConEmuPlugin1900.obj
 0001:00011310       ?ExecuteSynchroW1900@@YAHXZ 0000000180012310 f   ConEmuPlugin1900.obj
 0001:000113b0       ?WaitEndSynchroW1900@@YAXXZ 00000001800123b0 f   ConEmuPlugin1900.obj
 0001:000113c0       ?StopWaitEndSynchroW1900@@YAXXZ 00000001800123c0 f   ConEmuPlugin1900.obj
 0001:00011400       ?IsMacroActiveW1900@@YAHXZ 0000000180012400 f   ConEmuPlugin1900.obj
 0001:00011450       ?GetMacroAreaW1900@@YAHXZ  0000000180012450 f   ConEmuPlugin1900.obj
 0001:00011480       ?RedrawAllW1900@@YAXXZ     0000000180012480 f   ConEmuPlugin1900.obj
 0001:000114c0       ?LoadPluginW1900@@YA_NPEA_W@Z 00000001800124c0 f   ConEmuPlugin1900.obj
 0001:00011500       ?RunExternalProgramW1900@@YA_NPEA_W@Z 0000000180012500 f   ConEmuPlugin1900.obj
 0001:00011880       ?ProcessCommandLineW1900@@YA_NPEA_W@Z 0000000180012880 f   ConEmuPlugin1900.obj
 0001:000118e0       ?LoadFarColorsW1900@@YAXAEAY0BAA@E@Z 00000001800128e0 f   ConEmuPlugin1900.obj
 0001:00011b10       ?FarColor_3_2@@YAEAEBUFarColor@@@Z 0000000180012b10 f i ConEmuPlugin1900.obj
 0001:00011c30       ?Color2FgIndex@Far3Color@@SAXKAEAG@Z 0000000180012c30 f i ConEmuPlugin1900.obj
 0001:00011dc0       ?Max@Far3Color@@SAHHH@Z    0000000180012dc0 f i ConEmuPlugin1900.obj
 0001:00011df0       ?GetStdIndex@Far3Color@@SAHK@Z 0000000180012df0 f i ConEmuPlugin1900.obj
 0001:00011ec0       ?Color2BgIndex@Far3Color@@SAXKHAEAG@Z 0000000180012ec0 f i ConEmuPlugin1900.obj
 0001:00012090       ?ReloadFarInfoW1900@@YAHXZ 0000000180013090 f   ConEmuPlugin1900.obj
 0001:00012560       ?ExecuteQuitFarW1900@@YAXXZ 0000000180013560 f   ConEmuPlugin1900.obj
 0001:000125c0       ?CheckBufferEnabledW1900@@YAHXZ 00000001800135c0 f   ConEmuPlugin1900.obj
 0001:00012690       ?FillUpdateBackgroundW1900@@YAXPEAUPaintBackgroundArg@@@Z 0000000180013690 f   ConEmuPlugin1900.obj
 0001:00012cb0       ?GetActiveWindowTypeW1900@@YAHXZ 0000000180013cb0 f   ConEmuPlugin1900.obj
 0001:00012db0       ?GuiMacroDlgW1900@@YAXXZ   0000000180013db0 f   ConEmuPlugin1900.obj
 0001:000134b0       ?OpenW1900@@YAPEAXPEBX@Z   00000001800144b0 f   ConEmuPlugin1900.obj
 0001:00013640       ?ProcessConsoleInputW1900@@YAHPEAX@Z 0000000180014640 f   ConEmuPlugin1900.obj
 0001:00013660       ?GetPluginInfoW2800@@YAXPEAX@Z 0000000180014660 f   ConEmuPlugin2800.obj
 0001:000136f0       ?ProcessDragFromW2800@@YAXXZ 00000001800146f0 f   ConEmuPlugin2800.obj
 0001:00014230       ?ProcessDragToW2800@@YAXXZ 0000000180015230 f   ConEmuPlugin2800.obj
 0001:00014830       ?SetStartupInfoW2800@@YAXPEAX@Z 0000000180015830 f   ConEmuPlugin2800.obj
 0001:000149f0       ?GetEditorModifiedStateW2800@@YAKXZ 00000001800159f0 f   ConEmuPlugin2800.obj
 0001:00014a60       ?ProcessEditorEventW2800@@YA_JPEAX@Z 0000000180015a60 f   ConEmuPlugin2800.obj
 0001:00014a90       ?ProcessViewerEventW2800@@YA_JPEAX@Z 0000000180015a90 f   ConEmuPlugin2800.obj
 0001:00014ac0       ?ProcessDialogEventW2800@@YA_JPEAX@Z 0000000180015ac0 f   ConEmuPlugin2800.obj
 0001:00014af0       ?ProcessSynchroEventW2800@@YA_JPEAX@Z 0000000180015af0 f   ConEmuPlugin2800.obj
 0001:00014b20       ?ProcessEditorInputW2800@@YAHPEBX@Z 0000000180015b20 f   ConEmuPlugin2800.obj
 0001:00014ba0       ?UpdateConEmuTabsW2800@@YA_NH_N0PEAX@Z 0000000180015ba0 f   ConEmuPlugin2800.obj
 0001:00015570       ?ExitFARW2800@@YAXXZ       0000000180016570 f   ConEmuPlugin2800.obj
 0001:00015600       ?ShowMessageW2800@@YAHPEB_WH_N@Z 0000000180016600 f   ConEmuPlugin2800.obj
 0001:000156e0       ?ShowMessageW2800@@YAHHH@Z 00000001800166e0 f   ConEmuPlugin2800.obj
 0001:00015750       ?GetMsgW2800@@YAPEB_WH@Z   0000000180016750 f   ConEmuPlugin2800.obj
 0001:000157a0       ?SetWindowW2800@@YAXH@Z    00000001800167a0 f   ConEmuPlugin2800.obj
 0001:00015810       ?BackgroundMacroError@@YAKPEAX@Z 0000000180016810 f   ConEmuPlugin2800.obj
 0001:00015860       ?PostMacroW2800@@YAXPEB_WPEAU_INPUT_RECORD@@@Z 0000000180016860 f   ConEmuPlugin2800.obj
 0001:00015dc0       ?ShowPluginMenuW2800@@YAHPEAUConEmuPluginMenuItem@@H@Z 0000000180016dc0 f   ConEmuPlugin2800.obj
 0001:000160f0       ?EditOutputW2800@@YAHPEB_WH@Z 00000001800170f0 f   ConEmuPlugin2800.obj
 0001:00016210       ?ExecuteSynchroW2800@@YAHXZ 0000000180017210 f   ConEmuPlugin2800.obj
 0001:000162b0       ?WaitEndSynchroW2800@@YAXXZ 00000001800172b0 f   ConEmuPlugin2800.obj
 0001:000162c0       ?StopWaitEndSynchroW2800@@YAXXZ 00000001800172c0 f   ConEmuPlugin2800.obj
 0001:00016300       ?IsMacroActiveW2800@@YAHXZ 0000000180017300 f   ConEmuPlugin2800.obj
 0001:00016350       ?GetMacroAreaW2800@@YAHXZ  0000000180017350 f   ConEmuPlugin2800.obj
 0001:00016380       ?RedrawAllW2800@@YAXXZ     0000000180017380 f   ConEmuPlugin2800.obj
 0001:000163c0       ?LoadPluginW2800@@YA_NPEA_W@Z 00000001800173c0 f   ConEmuPlugin2800.obj
 0001:00016400       ?RunExternalProgramW2800@@YA_NPEA_W@Z 0000000180017400 f   ConEmuPlugin2800.obj
 0001:00016790       ?ProcessCommandLineW2800@@YA_NPEA_W@Z 0000000180017790 f   ConEmuPlugin2800.obj
 0001:000167f0       ?LoadFarColorsW2800@@YAXAEAY0BAA@E@Z 00000001800177f0 f   ConEmuPlugin2800.obj
 0001:00016a20       ?ReloadFarInfoW2800@@YAHXZ 0000000180017a20 f   ConEmuPlugin2800.obj
 0001:00016f00       ?ExecuteQuitFarW2800@@YAXXZ 0000000180017f00 f   ConEmuPlugin2800.obj
 0001:00016f60       ?CheckBufferEnabledW2800@@YAHXZ 0000000180017f60 f   ConEmuPlugin2800.obj
 0001:00017030       ?FillUpdateBackgroundW2800@@YAXPEAUPaintBackgroundArg@@@Z 0000000180018030 f   ConEmuPlugin2800.obj
 0001:00017650       ?GetActiveWindowTypeW2800@@YAHXZ 0000000180018650 f   ConEmuPlugin2800.obj
 0001:00017750       ?GuiMacroDlgW2800@@YAXXZ   0000000180018750 f   ConEmuPlugin2800.obj
 0001:00017e70       GetGlobalInfoW             0000000180018e70 f   ConEmuPlugin2800.obj
 0001:00018090       ?OpenW2800@@YAPEAXPEBX@Z   0000000180019090 f   ConEmuPlugin2800.obj
 0001:00018240       ?ProcessConsoleInputW2800@@YA_JPEAX@Z 0000000180019240 f   ConEmuPlugin2800.obj
 0001:00018260       GetMinFarVersion           0000000180019260 f   ConEmuPluginA.obj
 0001:000182d0       OpenPlugin                 00000001800192d0 f   ConEmuPluginA.obj
 0001:00018360       ?ProcessDragFromA@@YAXXZ   0000000180019360 f   ConEmuPluginA.obj
 0001:00018b90       ?ProcessDragToA@@YAXXZ     0000000180019b90 f   ConEmuPluginA.obj
 0001:000190c0       SetStartupInfo             000000018001a0c0 f   ConEmuPluginA.obj
 0001:00019360       GetPluginInfo              000000018001a360 f   ConEmuPluginA.obj
 0001:00019440       ?GetEditorModifiedStateA@@YAKXZ 000000018001a440 f   ConEmuPluginA.obj
 0001:000194a0       ProcessEditorInput         000000018001a4a0 f   ConEmuPluginA.obj
 0001:00019510       ProcessEditorEvent         000000018001a510 f   ConEmuPluginA.obj
 0001:000195c0       ProcessViewerEvent         000000018001a5c0 f   ConEmuPluginA.obj
 0001:00019660       ?UpdateConEmuTabsA@@YA_NH_N0PEAX@Z 000000018001a660 f   ConEmuPluginA.obj
 0001:00019bc0       ProcessDialogEvent         000000018001abc0 f   ConEmuPluginA.obj
 0001:00019bd0       ExitFAR                    000000018001abd0 f   ConEmuPluginA.obj
 0001:00019c70       ?ShowMessageA@@YAHPEBDH_N@Z 000000018001ac70 f   ConEmuPluginA.obj
 0001:00019d10       ?ShowMessageA@@YAHHH@Z     000000018001ad10 f   ConEmuPluginA.obj
 0001:00019d80       ?SetWindowA@@YAXH@Z        000000018001ad80 f   ConEmuPluginA.obj
 0001:00019e00       ?PostMacroA@@YAXPEADPEAU_INPUT_RECORD@@@Z 000000018001ae00 f   ConEmuPluginA.obj
 0001:00019ec0       ?ShowPluginMenuA@@YAHPEAUConEmuPluginMenuItem@@H@Z 000000018001aec0 f   ConEmuPluginA.obj
 0001:0001a1b0       ?EditOutputA@@YAHPEB_WH@Z  000000018001b1b0 f   ConEmuPluginA.obj
 0001:0001a340       ?GetMsgA@@YAXHAEAY0BAE@_W@Z 000000018001b340 f   ConEmuPluginA.obj
 0001:0001a420       ?IsMacroActiveA@@YAHXZ     000000018001b420 f   ConEmuPluginA.obj
 0001:0001a490       ?RedrawAllA@@YAXXZ         000000018001b490 f   ConEmuPluginA.obj
 0001:0001a4d0       ?RunExternalProgramA@@YA_NPEAD@Z 000000018001b4d0 f   ConEmuPluginA.obj
 0001:0001a800       ?ProcessCommandLineA@@YA_NPEAD@Z 000000018001b800 f   ConEmuPluginA.obj
 0001:0001a860       ?LoadFarColorsA@@YAXAEAY0BAA@E@Z 000000018001b860 f   ConEmuPluginA.obj
 0001:0001a970       ?ReloadFarInfoA@@YAHXZ     000000018001b970 f   ConEmuPluginA.obj
 0001:0001ab30       ?ExecuteQuitFarA@@YAXXZ    000000018001bb30 f   ConEmuPluginA.obj
 0001:0001ab60       ?FillUpdateBackgroundA@@YAXPEAUPaintBackgroundArg@@@Z 000000018001bb60 f   ConEmuPluginA.obj
 0001:0001af30       ?GetActiveWindowTypeA@@YAHXZ 000000018001bf30 f   ConEmuPluginA.obj
 0001:0001afb0       ?GuiMacroDlgA@@YAXXZ       000000018001bfb0 f   ConEmuPluginA.obj
 0001:0001b7a0       ??0CPluginBackground@@QEAA@XZ 000000018001c7a0 f   PluginBackground.obj
 0001:0001ba50       ??1CPluginBackground@@QEAA@XZ 000000018001ca50 f   PluginBackground.obj
 0001:0001bd00       ?RegisterSubplugin@CPluginBackground@@QEAAHPEAURegisterBackgroundArg@@@Z 000000018001cd00 f   PluginBackground.obj
 0001:0001c150       ?ReallocItems@CPluginBackground@@IEAAXH@Z 000000018001d150 f   PluginBackground.obj
 0001:0001c1f0       ?OnMainThreadActivated@CPluginBackground@@QEAAXHH@Z 000000018001d1f0 f   PluginBackground.obj
 0001:0001c360       ?SetForceCheck@CPluginBackground@@QEAAXXZ 000000018001d360 f   PluginBackground.obj
 0001:0001c390       ?SetForceUpdate@CPluginBackground@@QEAAX_N@Z 000000018001d390 f   PluginBackground.obj
 0001:0001c3d0       ?SetForceThLoad@CPluginBackground@@QEAAXXZ 000000018001d3d0 f   PluginBackground.obj
 0001:0001c410       ?IsParmChanged@CPluginBackground@@IEAA_NPEAUPaintBackgroundArg@@0@Z 000000018001d410 f   PluginBackground.obj
 0001:0001c760       ?CheckPanelFolders@CPluginBackground@@IEAAXH@Z 000000018001d760 f   PluginBackground.obj
 0001:0001c900       ?SetDcPanelRect@CPluginBackground@@IEAAXPEAUtagRECT@@PEAUtag_BkPanelInfo@PaintBackgroundArg@@PEAU4@@Z 000000018001d900 f   PluginBackground.obj
 0001:0001caa0       ?UpdateBackground_Exec@CPluginBackground@@KAXPEAURegisterBackgroundArg@@PEAUPaintBackgroundArg@@@Z 000000018001daa0 f   PluginBackground.obj
 0001:0001caf0       ?UpdateBackground@CPluginBackground@@IEAAXXZ 000000018001daf0 f   PluginBackground.obj
 0001:0001dbb0       ?LoadThSet@CPluginBackground@@IEAAHH@Z 000000018001ebb0 f   PluginBackground.obj
 0001:0001de20       ?MonitorBackground@CPluginBackground@@QEAAXXZ 000000018001ee20 f   PluginBackground.obj
 0001:0001ded0       ?GetTo@?$MFileMapping@UPanelViewSetMapping@@@@QEAA_NPEAUPanelViewSetMapping@@H@Z 000000018001eed0 f i PluginBackground.obj
 0001:0001df30       ?InitName@?$MFileMapping@UPanelViewSetMapping@@@@QEAAPEB_WPEB_WKK@Z 000000018001ef30 f i PluginBackground.obj
 0001:0001df90       ?CloseMap@?$MFileMapping@UPanelViewSetMapping@@@@QEAAXXZ 000000018001ef90 f i PluginBackground.obj
 0001:0001e020       ?Open@?$MFileMapping@UPanelViewSetMapping@@@@QEAAPEAUPanelViewSetMapping@@HH@Z 000000018001f020 f i PluginBackground.obj
 0001:0001e050       ??0?$MFileMapping@UPanelViewSetMapping@@@@QEAA@XZ 000000018001f050 f i PluginBackground.obj
 0001:0001e0c0       ??1?$MFileMapping@UPanelViewSetMapping@@@@QEAA@XZ 000000018001f0c0 f i PluginBackground.obj
 0001:0001e0f0       ?IsValid@?$MFileMapping@UPanelViewSetMapping@@@@QEAA_NXZ 000000018001f0f0 f i PluginBackground.obj
 0001:0001e120       ?ClosePtr@?$MFileMapping@UPanelViewSetMapping@@@@QEAAXXZ 000000018001f120 f i PluginBackground.obj
 0001:0001e160       ?InternalOpenCreate@?$MFileMapping@UPanelViewSetMapping@@@@IEAAPEAUPanelViewSetMapping@@HHH@Z 000000018001f160 f i PluginBackground.obj
 0001:0001e540       ?PlugServerInit@@YAXXZ     000000018001f540 f   PluginSrv.obj
 0001:0001e550       ?PlugServerStart@@YA_NXZ   000000018001f550 f   PluginSrv.obj
 0001:0001e680       ?PlugServerStop@@YAX_N@Z   000000018001f680 f   PluginSrv.obj
 0001:0001e6d0       ?PlugServerCommand@@YAHPEAXPEAUCESERVER_REQ@@AEAPEAU1@AEAK3_J@Z 000000018001f6d0 f   PluginSrv.obj
 0001:0001ef20       ?PlugServerFree@@YAXPEAUCESERVER_REQ@@_J@Z 000000018001ff20 f   PluginSrv.obj
 0001:0001ef40       ?SetOverlapped@?$PipeServer@UCESERVER_REQ@@@@QEAAX_N@Z 000000018001ff40 f i PluginSrv.obj
 0001:0001ef60       ?SetLoopCommands@?$PipeServer@UCESERVER_REQ@@@@QEAAX_N@Z 000000018001ff60 f i PluginSrv.obj
 0001:0001ef80       ?SetDummyAnswerSize@?$PipeServer@UCESERVER_REQ@@@@QEAAXH@Z 000000018001ff80 f i PluginSrv.obj
 0001:0001efa0       ?SetMaxCount@?$PipeServer@UCESERVER_REQ@@@@QEAAXH@Z 000000018001ffa0 f i PluginSrv.obj
 0001:0001eff0       ?StartPipeServer@?$PipeServer@UCESERVER_REQ@@@@QEAA_NPEB_W_JPEAU_SECURITY_ATTRIBUTES@@P6AHPEAXPEAUCESERVER_REQ@@AEAPEAU3@AEAK61@ZP6AX41@ZP6AH31@Z99@Z 000000018001fff0 f i PluginSrv.obj
 0001:0001f250       ?StopPipeServer@?$PipeServer@UCESERVER_REQ@@@@QEAAX_N@Z 0000000180020250 f i PluginSrv.obj
 0001:0001f890       ?BreakConnection@?$PipeServer@UCESERVER_REQ@@@@QEAAXPEAX@Z 0000000180020890 f i PluginSrv.obj
 0001:0001f8c0       ?DumpError@?$PipeServer@UCESERVER_REQ@@@@IEAAXPEAUPipeInst@1@PEB_WH@Z 00000001800208c0 f i PluginSrv.obj
 0001:0001f9f0       ?_Disconnect@?$PipeServer@UCESERVER_REQ@@@@IEAAXPEAUPipeInst@1@_N11@Z 00000001800209f0 f i PluginSrv.obj
 0001:0001faa0       ?StartPipeInstance@?$PipeServer@UCESERVER_REQ@@@@IEAA_NPEAUPipeInst@1@@Z 0000000180020aa0 f i PluginSrv.obj
 0001:0001fc00       ?_PipeServerThread@?$PipeServer@UCESERVER_REQ@@@@KAKPEAX@Z 0000000180020c00 f i PluginSrv.obj
 0001:0001fc90       ?PipeServerThread@?$PipeServer@UCESERVER_REQ@@@@IEAAKPEAUPipeInst@1@@Z 0000000180020c90 f i PluginSrv.obj
 0001:000201e0       ?PipeServerRead@?$PipeServer@UCESERVER_REQ@@@@IEAAHPEAUPipeInst@1@@Z 00000001800211e0 f i PluginSrv.obj
 0001:00020600       ?PipeServerWrite@?$PipeServer@UCESERVER_REQ@@@@IEAAHPEAUPipeInst@1@PEBXKPEAKH@Z 0000000180021600 f i PluginSrv.obj
 0001:00020840       ?WaitForClient@?$PipeServer@UCESERVER_REQ@@@@IEAA_NPEAUPipeInst@1@AEAH1@Z 0000000180021840 f i PluginSrv.obj
 0001:00020e50       ?WriteDummyAnswer@?$PipeServer@UCESERVER_REQ@@@@IEAAHPEAUPipeInst@1@@Z 0000000180021e50 f i PluginSrv.obj
 0001:00020ef0       ?WaitOverlapped@?$PipeServer@UCESERVER_REQ@@@@IEAAHPEAUPipeInst@1@PEAK@Z 0000000180021ef0 f i PluginSrv.obj
 0001:000211e0       ?AllocRequestBuf@PipeInst@?$PipeServer@UCESERVER_REQ@@@@QEAAPEAUCESERVER_REQ@@K@Z 00000001800221e0 f i PluginSrv.obj
 0001:00021280       ??$wcscpy_c@$0BAE@@@YAHAEAY0BAE@_WPEB_W@Z 0000000180022280 f i PluginSrv.obj
 0001:000213e0       ?PackInputRecord@@YAHPEBU_INPUT_RECORD@@PEAUMsgStr@MSG64@@@Z 00000001800223e0 f   Common.obj
 0001:00021690       ?UnpackInputRecord@@YAHPEBUMsgStr@MSG64@@PEAU_INPUT_RECORD@@@Z 0000000180022690 f   Common.obj
 0001:00021980       ?TranslateKeyPress@@YAXGK_WHPEAU_INPUT_RECORD@@1@Z 0000000180022980 f   Common.obj
 0001:00021b10       ?CommonShutdown@@YAXXZ     0000000180022b10 f   Common.obj
 0001:00021b40       ?GetImageSubsystem@@YA_NPEB_WAEAK11@Z 0000000180022b40 f   Execute.obj
 0001:00021f90       ?GetImageSubsystem@@YA_NAEAK0@Z 0000000180022f90 f   Execute.obj
 0001:00022070       ?GetImageSubsystem@@YA_NU_PROCESS_INFORMATION@@AEAK1@Z 0000000180023070 f   Execute.obj
 0001:00022370       ?GetEnclosingSectionHeader@@YAPEAU_IMAGE_SECTION_HEADER@@KPEAUIMAGE_MAPPING@@@Z 0000000180023370 f   Execute.obj
 0001:00022420       ?GetPtrFromRVA@@YAPEAXKPEAUIMAGE_MAPPING@@@Z 0000000180023420 f   Execute.obj
 0001:000224b0       ?FindImageSubsystem@@YA_NPEB_WAEAK11@Z 00000001800234b0 f   Execute.obj
 0001:00023130       ?ModuleName@@YAPEB_WPEB_W@Z 0000000180024130 f   ConEmuCheck.obj
 0001:00023220       ?ExecuteOpenPipe@@YAPEAXPEB_WAEAY0CAI@_W0KKHPEAX@Z 0000000180024220 f   ConEmuCheck.obj
 0001:00023540       ?ExecutePrepareCmd@@YAXPEAUCESERVER_REQ@@K_K@Z 0000000180024540 f   ConEmuCheck.obj
 0001:000235a0       ?ExecutePrepareCmd@@YAXPEAUCESERVER_REQ_HDR@@K_K@Z 00000001800245a0 f   ConEmuCheck.obj
 0001:00023670       ?ExecuteNewCmd@@YAPEAUCESERVER_REQ@@K_K@Z 0000000180024670 f   ConEmuCheck.obj
 0001:000236e0       ?ExecuteNewCmd@@YAHAEAPEAUCESERVER_REQ@@AEAKK_K@Z 00000001800246e0 f   ConEmuCheck.obj
 0001:000237b0       ?LoadSrvMapping@@YAHPEAUHWND__@@AEAUCESERVER_CONSOLE_MAPPING_HDR@@@Z 00000001800247b0 f   ConEmuCheck.obj
 0001:00023910       ?LoadGuiMapping@@YAHKAEAUConEmuGuiMapping@@@Z 0000000180024910 f   ConEmuCheck.obj
 0001:00023a70       ?ExecuteNewCmdOnCreate@@YAPEAUCESERVER_REQ@@PEAUCESERVER_CONSOLE_MAPPING_HDR@@PEAUHWND__@@W4CmdOnCreateType@@PEB_W33PEAK444HHPEAX55@Z 0000000180024a70 f   ConEmuCheck.obj
 0001:00024090       ?ExecuteGuiCmd@@YAPEAUCESERVER_REQ@@PEAUHWND__@@PEAU1@0H@Z 0000000180025090 f   ConEmuCheck.obj
 0001:00024140       ?ExecuteSrvCmd@@YAPEAUCESERVER_REQ@@KPEAU1@PEAUHWND__@@HK@Z 0000000180025140 f   ConEmuCheck.obj
 0001:00024200       ?ExecuteHkCmd@@YAPEAUCESERVER_REQ@@KPEAU1@PEAUHWND__@@H@Z 0000000180025200 f   ConEmuCheck.obj
 0001:000242c0       ?ExecuteCmd@@YAPEAUCESERVER_REQ@@PEB_WPEAU1@KPEAUHWND__@@HK@Z 00000001800252c0 f   ConEmuCheck.obj
 0001:00024630       ?ExecuteFreeResult@@YAXAEAPEAUCESERVER_REQ@@@Z 0000000180025630 f   ConEmuCheck.obj
 0001:00024670       ?myGetConsoleWindow@@YAPEAUHWND__@@XZ 0000000180025670 f   ConEmuCheck.obj
 0001:00024710       ?GetConEmuHWND@@YAPEAUHWND__@@H@Z 0000000180025710 f   ConEmuCheck.obj
 0001:00024920       ?ConEmuCheck@@YAHPEAPEAUHWND__@@@Z 0000000180025920 f   ConEmuCheck.obj
 0001:00024970       ?GuiMessageBox@@YAHPEAUHWND__@@PEB_W1H@Z 0000000180025970 f   ConEmuCheck.obj
 0001:00024b90       ?InitName@?$MFileMapping@UConEmuGuiMapping@@@@QEAAPEB_WPEB_WKK@Z 0000000180025b90 f i ConEmuCheck.obj
 0001:00024bf0       ?CloseMap@?$MFileMapping@UConEmuGuiMapping@@@@QEAAXXZ 0000000180025bf0 f i ConEmuCheck.obj
 0001:00024c80       ?Open@?$MFileMapping@UConEmuGuiMapping@@@@QEAAPEAUConEmuGuiMapping@@HH@Z 0000000180025c80 f i ConEmuCheck.obj
 0001:00024cb0       ??0?$MFileMapping@UConEmuGuiMapping@@@@QEAA@XZ 0000000180025cb0 f i ConEmuCheck.obj
 0001:00024d20       ??1?$MFileMapping@UConEmuGuiMapping@@@@QEAA@XZ 0000000180025d20 f i ConEmuCheck.obj
 0001:00024d50       ?ClosePtr@?$MFileMapping@UConEmuGuiMapping@@@@QEAAXXZ 0000000180025d50 f i ConEmuCheck.obj
 0001:00024d90       ?InternalOpenCreate@?$MFileMapping@UConEmuGuiMapping@@@@IEAAPEAUConEmuGuiMapping@@HHH@Z 0000000180025d90 f i ConEmuCheck.obj
 0001:00025040       ??$wcscpy_c@$0CA@@@YAHAEAY0CA@_WPEB_W@Z 0000000180026040 f i ConEmuCheck.obj
 0001:00025070       ?LoadGuiMapping@@YAHPEAUHWND__@@AEAUConEmuGuiMapping@@@Z 0000000180026070 f   ConEmuCheckEx.obj
 0001:000250c0       ?IsConEmuExeExist@@YAHPEB_WAEAY0BAF@_W@Z 00000001800260c0 f   ConEmuCheckEx.obj
 0001:00025190       ?FindConEmuBaseDir@@YAHAEAY0BAF@_W0PEAUHINSTANCE__@@@Z 0000000180026190 f   ConEmuCheckEx.obj
 0001:00025800       ??$wcscpy_c@$0BAF@@@YAHAEAY0BAF@_WPEB_W@Z 0000000180026800 f i ConEmuCheckEx.obj
 0001:00025960       ??$wcscpy_add@$0BAF@@@YAHPEA_WAEAY0BAF@_WPEB_W@Z 0000000180026960 f i ConEmuCheckEx.obj
 0001:000259d0       ??$wcscat_c@$0BAF@@@YAHAEAY0BAF@_WPEB_W@Z 00000001800269d0 f i ConEmuCheckEx.obj
 0001:00025b10       ?HeapInitialize@@YA_NXZ    0000000180026b10 f   Memory.obj
 0001:00025b60       ?HeapDeinitialize@@YAXXZ   0000000180026b60 f   Memory.obj
 0001:00025b90       ?xf_malloc@@YAPEAX_K@Z     0000000180026b90 f   Memory.obj
 0001:00025bc0       ?xf_calloc@@YAPEAX_K0@Z    0000000180026bc0 f   Memory.obj
 0001:00025c00       ?xf_realloc@@YAPEAXPEAX_K@Z 0000000180026c00 f   Memory.obj
 0001:00025c40       ?xf_free@@YAXPEAX@Z        0000000180026c40 f   Memory.obj
 0001:00025c80       ?xf_validate@@YA_NPEAX@Z   0000000180026c80 f   Memory.obj
 0001:00025cd0       ??2@YAPEAX_K@Z             0000000180026cd0 f   Memory.obj
 0001:00025d00       ??_U@YAPEAX_K@Z            0000000180026d00 f   Memory.obj
 0001:00025d30       ??3@YAXPEAX@Z              0000000180026d30 f   Memory.obj
 0001:00025d50       ??_V@YAXPEAX@Z             0000000180026d50 f   Memory.obj
 0001:00025d70       ?lstrdup@@YAPEADPEBD@Z     0000000180026d70 f   Memory.obj
 0001:00025df0       ?StringCchCopyA@@YAJPEAD_KPEBD@Z 0000000180026df0 f i Memory.obj
 0001:00025f80       ?lstrdup@@YAPEA_WPEB_W@Z   0000000180026f80 f   Memory.obj
 0001:00026130       ?lstrdupW@@YAPEA_WPEBDI@Z  0000000180027130 f   Memory.obj
 0001:000261d0       ?lstrmerge@@YAPEA_WPEB_W000@Z 00000001800271d0 f   Memory.obj
 0001:000263a0       ?lstrmerge@@YA_NPEAPEA_WPEB_W11@Z 00000001800273a0 f   Memory.obj
 0001:00026420       ?FindMonitorsWorkspace@@YAHPEAUHMONITOR__@@PEAUHDC__@@PEAUtagRECT@@_J@Z 0000000180027420 f   Monitors.obj
 0001:000264d0       ?GetAllMonitorsWorkspace@@YA?AUtagRECT@@XZ 00000001800274d0 f   Monitors.obj
 0001:00026560       ?FindPrimaryMonitor@@YAHPEAUHMONITOR__@@PEAUHDC__@@PEAUtagRECT@@_J@Z 0000000180027560 f   Monitors.obj
 0001:000265f0       ?GetMonitorInfoSafe@@YA_NPEAUHMONITOR__@@AEAUtagMONITORINFO@@@Z 00000001800275f0 f   Monitors.obj
 0001:00026660       ?GetPrimaryMonitorInfo@@YAPEAUHMONITOR__@@PEAUtagMONITORINFO@@@Z 0000000180027660 f   Monitors.obj
 0001:00026720       ?GetNearestMonitorInfo@@YAPEAUHMONITOR__@@PEAUtagMONITORINFO@@PEAU1@PEBUtagRECT@@PEAUHWND__@@@Z 0000000180027720 f   Monitors.obj
 0001:00026850       ?EnumAllMonitors@@YAHPEAUHMONITOR__@@PEAUHDC__@@PEAUtagRECT@@_J@Z 0000000180027850 f   Monitors.obj
 0001:00026900       ?MonitorSortCallback@@YAHAEAU_FindAllMonitorsItem@@0@Z 0000000180027900 f   Monitors.obj
 0001:00026980       ?GetNextMonitorInfo@@YAPEAUHMONITOR__@@PEAUtagMONITORINFO@@PEBUtagRECT@@_N@Z 0000000180027980 f   Monitors.obj
 0001:00026c70       ??0_FindAllMonitors@@QEAA@XZ 0000000180027c70 f i Monitors.obj
 0001:00026c90       ??1_FindAllMonitors@@QEAA@XZ 0000000180027c90 f i Monitors.obj
 0001:00026cb0       ??0?$MArray@U_FindAllMonitorsItem@@@@QEAA@XZ 0000000180027cb0 f i Monitors.obj
 0001:00026d10       ??1?$MArray@U_FindAllMonitorsItem@@@@QEAA@XZ 0000000180027d10 f i Monitors.obj
 0001:00026d30       ??A?$MArray@U_FindAllMonitorsItem@@@@QEAAAEAU_FindAllMonitorsItem@@_J@Z 0000000180027d30 f i Monitors.obj
 0001:00026d50       ?push_back@?$MArray@U_FindAllMonitorsItem@@@@QEAA_JAEBU_FindAllMonitorsItem@@@Z 0000000180027d50 f i Monitors.obj
 0001:00026e20       ?size@?$MArray@U_FindAllMonitorsItem@@@@QEBA_JXZ 0000000180027e20 f i Monitors.obj
 0001:00026e30       ?sort@?$MArray@U_FindAllMonitorsItem@@@@QEAAXP6AHAEAU_FindAllMonitorsItem@@0@Z@Z 0000000180027e30 f i Monitors.obj
 0001:00026f80       ?clear@?$MArray@U_FindAllMonitorsItem@@@@QEAAXXZ 0000000180027f80 f i Monitors.obj
 0001:00026fd0       ?addsize@?$MArray@U_FindAllMonitorsItem@@@@QEAAX_J@Z 0000000180027fd0 f i Monitors.obj
 0001:00027110       ?NullSecurity@@YAPEAU_SECURITY_ATTRIBUTES@@XZ 0000000180028110 f   MSecurity.obj
 0001:00027170       ??0MNullDesc@@QEAA@XZ      0000000180028170 f i MSecurity.obj
 0001:000271f0       ?NullSecurity@MNullDesc@@QEAAPEAU_SECURITY_ATTRIBUTES@@XZ 00000001800281f0 f i MSecurity.obj
 0001:00027330       ?LoadAdvApi@MNullDesc@@IEAAHXZ 0000000180028330 f i MSecurity.obj
 0001:000275c0       ?UnloadAdvApi@MNullDesc@@IEAAXXZ 00000001800285c0 f i MSecurity.obj
 0001:00027600       ?LocalSecurity@@YAPEAU_SECURITY_ATTRIBUTES@@XZ 0000000180028600 f   MSecurity.obj
 0001:00027660       ?LocalSecurity@MNullDesc@@QEAAPEAU_SECURITY_ATTRIBUTES@@XZ 0000000180028660 f i MSecurity.obj
 0001:00027910       ?ShutdownSecurity@@YAXXZ   0000000180028910 f   MSecurity.obj
 0001:00027970       ??_GMNullDesc@@QEAAPEAXI@Z 0000000180028970 f i MSecurity.obj
 0001:000279b0       ??1MNullDesc@@QEAA@XZ      00000001800289b0 f i MSecurity.obj
 0001:00027a30       ?msprintf@@YAPEB_WPEA_W_KPEB_WZZ 0000000180028a30 f   MStrSafe.obj
 0001:00028270       ?msprintf@@YAPEBDPEAD_KPEBDZZ 0000000180029270 f   MStrSafe.obj
 0001:000289a0       ?lstrcmpni@@YAHPEB_W0H@Z   00000001800299a0 f   MStrSafe.obj
 0001:00028a50       ?SetConEmuEnvHWND@@YAXPEB_WPEAUHWND__@@@Z 0000000180029a50 f   SetEnvVar.obj
 0001:00028ab0       ?SetConEmuEnvVar@@YAXPEAUHWND__@@@Z 0000000180029ab0 f   SetEnvVar.obj
 0001:00028b30       ?SetConEmuEnvVarChild@@YAXPEAUHWND__@@0@Z 0000000180029b30 f   SetEnvVar.obj
 0001:00028b70       ?ShutdownConsole@@YAXXZ    0000000180029b70 f   WinConsole.obj
 0001:00028bc0       ?SetConsoleInfo@@YAHPEAUHWND__@@PEAU_CONSOLE_INFO@@@Z 0000000180029bc0 f   WinConsole.obj
 0001:00028ef0       ?ChangeScreenBufferSize@@YAXAEAU_CONSOLE_SCREEN_BUFFER_INFO@@FFFF@Z 0000000180029ef0 f   WinConsole.obj
 0001:00029050       ?GetConWindowSize@@YAHAEBU_CONSOLE_SCREEN_BUFFER_INFO@@HHKPEAH1PEAK@Z 000000018002a050 f   WinConsole.obj
 0001:000291f0       ?GetConsoleSizeInfo@@YAXPEAU_CONSOLE_INFO@@@Z 000000018002a1f0 f   WinConsole.obj
 0001:000292c0       ?apiGetConsoleScreenBufferInfoEx@@YAHPEAXPEAUMY_CONSOLE_SCREEN_BUFFER_INFOEX@@@Z 000000018002a2c0 f   WinConsole.obj
 0001:00029340       ?apiSetConsoleScreenBufferInfoEx@@YAHPEAXPEAUMY_CONSOLE_SCREEN_BUFFER_INFOEX@@@Z 000000018002a340 f   WinConsole.obj
 0001:000293e0       ?apiGetConsoleFontSize@@YAHPEAXAEAH1AEAY0CA@_W@Z 000000018002a3e0 f   WinConsole.obj
 0001:000294d0       ?apiSetConsoleFontSize@@YAHPEAXHHPEB_W@Z 000000018002a4d0 f   WinConsole.obj
 0001:000295e0       ?apiFixFontSizeForBufferSize@@YAHPEAXU_COORD@@@Z 000000018002a5e0 f   WinConsole.obj
 0001:00029ca0       ?SetConsoleFontSizeTo@@YAXPEAUHWND__@@HHPEB_WGG@Z 000000018002aca0 f   WinConsole.obj
 0001:0002a2e0       ?EvaluateDefaultFontWidth@@YAHHPEB_W@Z 000000018002b2e0 f   WinConsole.obj
 0001:0002a460       ?SetUserFriendlyFont@@YAXPEAUHWND__@@@Z 000000018002b460 f   WinConsole.obj
 0001:0002a980       ?CorrectConsolePos@@YAXPEAUHWND__@@@Z 000000018002b980 f   WinConsole.obj
 0001:0002ab60       ?EmergencyShow@@YAXPEAUHWND__@@@Z 000000018002bb60 f   WinConsole.obj
 0001:0002ac60       ?getWindowInfo@@YAXPEAUHWND__@@AEAY0EAA@_W@Z 000000018002bc60 f   WinObjects.obj
 0001:0002ade0       ?apiSetForegroundWindow@@YAHPEAUHWND__@@@Z 000000018002bde0 f   WinObjects.obj
 0001:0002ae10       ?apiShowWindow@@YAHPEAUHWND__@@H@Z 000000018002be10 f   WinObjects.obj
 0001:0002ae40       ?apiShowWindowAsync@@YAHPEAUHWND__@@H@Z 000000018002be40 f   WinObjects.obj
 0001:0002ae70       ?isWindow@@YAHPEAUHWND__@@@Z 000000018002be70 f   WinObjects.obj
 0001:0002aef0       ?FileCompare@@YAHPEB_W0@Z  000000018002bef0 f   WinObjects.obj
 0001:0002b1f0       ?FileExists@@YAHPEB_WPEAK@Z 000000018002c1f0 f   WinObjects.obj
 0001:0002b400       ?FileExistsSearch@@YAHPEA_W_K@Z 000000018002c400 f   WinObjects.obj
 0001:0002b670       ?DirectoryExists@@YAHPEB_W@Z 000000018002c670 f   WinObjects.obj
 0001:0002b760       ?MyCreateDirectory@@YAHPEA_W@Z 000000018002c760 f   WinObjects.obj
 0001:0002b890       ?IsFilePath@@YAHPEB_W@Z    000000018002c890 f   WinObjects.obj
 0001:0002b990       ?GetShortFileName@@YAHPEB_WHPEA_WH@Z 000000018002c990 f   WinObjects.obj
 0001:0002bc10       ?GetShortFileNameEx@@YAPEA_WPEB_WH@Z 000000018002cc10 f   WinObjects.obj
 0001:0002c120       ?IsUserAdmin@@YAHXZ        000000018002d120 f   WinObjects.obj
 0001:0002c220       ?GetLogonSID@@YAHPEAXPEAPEA_W@Z 000000018002d220 f   WinObjects.obj
 0001:0002c390       ?IsWine@@YA_NXZ            000000018002d390 f   WinObjects.obj
 0001:0002c440       ?IsDbcs@@YA_NXZ            000000018002d440 f   WinObjects.obj
 0001:0002c480       ?IsWindows64@@YA_NXZ       000000018002d480 f   WinObjects.obj
 0001:0002c4c0       ?GetProcessBits@@YAHKPEAX@Z 000000018002d4c0 f   WinObjects.obj
 0001:0002c5e0       ?GetProcessInfo@@YA_NKPEAUtagPROCESSENTRY32W@@@Z 000000018002d5e0 f   WinObjects.obj
 0001:0002c6c0       ?isTerminalMode@@YA_NXZ    000000018002d6c0 f   WinObjects.obj
 0001:0002ca10       ?IsModuleValid@@YA_NPEAUHINSTANCE__@@@Z 000000018002da10 f   WinObjects.obj
 0001:0002cad0       ?CheckCallbackPtr@@YAHPEAUHINSTANCE__@@_KPEAP6A_JXZHH@Z 000000018002dad0 f   WinObjects.obj
 0001:0002ccc0       ?RemoveOldComSpecC@@YAXXZ  000000018002dcc0 f   WinObjects.obj
 0001:0002ce10       ?PointToName@@YAPEB_WPEB_W@Z 000000018002de10 f   WinObjects.obj
 0001:0002ce70       ?PointToName@@YAPEBDPEBD@Z 000000018002de70 f   WinObjects.obj
 0001:0002cec0       ?PointToExt@@YAPEB_WPEB_W@Z 000000018002dec0 f   WinObjects.obj
 0001:0002cf10       ?Unquote@@YAPEB_WPEA_W@Z   000000018002df10 f   WinObjects.obj
 0001:0002cf90       ?ExpandMacroValues@@YAPEA_WPEB_WPEAPEB_W_K@Z 000000018002df90 f   WinObjects.obj
 0001:0002d1e0       ?ExpandEnvStr@@YAPEA_WPEB_W@Z 000000018002e1e0 f   WinObjects.obj
 0001:0002d290       ?GetFullPathNameEx@@YAPEA_WPEB_W@Z 000000018002e290 f   WinObjects.obj
 0001:0002d390       ??0MConHandle@@QEAA@PEB_W@Z 000000018002e390 f   WinObjects.obj
 0001:0002d430       ?LogHandle@MConHandle@@AEAAXIPEAX@Z 000000018002e430 f   WinObjects.obj
 0001:0002d4c0       ??1MConHandle@@QEAA@XZ     000000018002e4c0 f   WinObjects.obj
 0001:0002d4f0       ?SetBufferPtr@MConHandle@@QEAAXPEAPEAX@Z 000000018002e4f0 f   WinObjects.obj
 0001:0002d510       ??BMConHandle@@QEAAQEAXXZ  000000018002e510 f   WinObjects.obj
 0001:0002d8d0       ?strrchr@@YAPEADPEADH@Z    000000018002e8d0 f i WinObjects.obj
 0001:0002d8f0       ?Close@MConHandle@@QEAAXXZ 000000018002e8f0 f   WinObjects.obj
 0001:0002d9c0       ??0MEvent@@QEAA@XZ         000000018002e9c0 f   WinObjects.obj
 0001:0002da00       ??1MEvent@@QEAA@XZ         000000018002ea00 f   WinObjects.obj
 0001:0002da30       ?Close@MEvent@@QEAAXXZ     000000018002ea30 f   WinObjects.obj
 0001:0002da90       ?InitName@MEvent@@QEAAXPEB_WK@Z 000000018002ea90 f   WinObjects.obj
 0001:0002daf0       ?Open@MEvent@@QEAAPEAXXZ   000000018002eaf0 f   WinObjects.obj
 0001:0002db90       ?Wait@MEvent@@QEAAKKH@Z    000000018002eb90 f   WinObjects.obj
 0001:0002dc00       ?GetHandle@MEvent@@QEAAPEAXXZ 000000018002ec00 f   WinObjects.obj
 0001:0002dc20       ??0MSetter@@QEAA@PEAH@Z    000000018002ec20 f   WinObjects.obj
 0001:0002dc70       ??0MSetter@@QEAA@PEA_N@Z   000000018002ec70 f   WinObjects.obj
 0001:0002dcc0       ??0MSetter@@QEAA@PEAKK@Z   000000018002ecc0 f   WinObjects.obj
 0001:0002dd10       ??1MSetter@@QEAA@XZ        000000018002ed10 f   WinObjects.obj
 0001:0002dd30       ?Unlock@MSetter@@QEAAXXZ   000000018002ed30 f   WinObjects.obj
 0001:0002ddb0       ??0MSection@@QEAA@XZ       000000018002edb0 f   WinObjects.obj
 0001:0002de80       ??1MSection@@QEAA@XZ       000000018002ee80 f   WinObjects.obj
 0001:0002df20       ?Process_Lock@MSection@@IEAAXXZ 000000018002ef20 f   WinObjects.obj
 0001:0002df40       ?Process_Unlock@MSection@@IEAAXXZ 000000018002ef40 f   WinObjects.obj
 0001:0002df60       ?ThreadTerminated@MSection@@QEAAXK@Z 000000018002ef60 f   WinObjects.obj
 0001:0002dfc0       ?AddRef@MSection@@IEAAXK@Z 000000018002efc0 f   WinObjects.obj
 0001:0002e100       ?ReleaseRef@MSection@@IEAAHK@Z 000000018002f100 f   WinObjects.obj
 0001:0002e220       ?WaitUnlocked@MSection@@IEAAXKK@Z 000000018002f220 f   WinObjects.obj
 0001:0002e2f0       ?MyEnterCriticalSection@MSection@@IEAA_NK@Z 000000018002f2f0 f   WinObjects.obj
 0001:0002e550       ?Lock@MSection@@IEAAHHK@Z  000000018002f550 f   WinObjects.obj
 0001:0002e6f0       ?Unlock@MSection@@IEAAXH@Z 000000018002f6f0 f   WinObjects.obj
 0001:0002e780       ?isLockedExclusive@MSection@@QEAA_NXZ 000000018002f780 f   WinObjects.obj
 0001:0002e7f0       ??0MSectionThread@@QEAA@PEAVMSection@@@Z 000000018002f7f0 f   WinObjects.obj
 0001:0002e830       ??1MSectionThread@@QEAA@XZ 000000018002f830 f   WinObjects.obj
 0001:0002e870       ??0MSectionLock@@QEAA@XZ   000000018002f870 f   WinObjects.obj
 0001:0002e8a0       ??1MSectionLock@@QEAA@XZ   000000018002f8a0 f   WinObjects.obj
 0001:0002e8d0       ?Lock@MSectionLock@@QEAAHPEAVMSection@@HK@Z 000000018002f8d0 f   WinObjects.obj
 0001:0002e9a0       ?RelockExclusive@MSectionLock@@QEAAHK@Z 000000018002f9a0 f   WinObjects.obj
 0001:0002ea30       ?Unlock@MSectionLock@@QEAAXXZ 000000018002fa30 f   WinObjects.obj
 0001:0002ea80       ?isLocked@MSectionLock@@QEAAHH@Z 000000018002fa80 f   WinObjects.obj
 0001:0002ead0       ??0MSectionLockSimple@@QEAA@XZ 000000018002fad0 f   WinObjects.obj
 0001:0002eaf0       ??1MSectionLockSimple@@QEAA@XZ 000000018002faf0 f   WinObjects.obj
 0001:0002eb20       ?Lock@MSectionLockSimple@@QEAAHPEAU_RTL_CRITICAL_SECTION@@K@Z 000000018002fb20 f   WinObjects.obj
 0001:0002ebf0       ?Unlock@MSectionLockSimple@@QEAAXXZ 000000018002fbf0 f   WinObjects.obj
 0001:0002ec30       ?isLocked@MSectionLockSimple@@QEAAHXZ 000000018002fc30 f   WinObjects.obj
 0001:0002ec40       ??0MFileLog@@QEAA@PEB_W0K@Z 000000018002fc40 f   WinObjects.obj
 0001:0002ece0       ?InitFileName@MFileLog@@IEAAJPEB_WK@Z 000000018002fce0 f   WinObjects.obj
 0001:0002ed90       ??1MFileLog@@QEAA@XZ       000000018002fd90 f   WinObjects.obj
 0001:0002ede0       ?CloseLogFile@MFileLog@@QEAAXXZ 000000018002fde0 f   WinObjects.obj
 0001:0002ee80       ?CreateLogFile@MFileLog@@QEAAJPEB_WKK@Z 000000018002fe80 f   WinObjects.obj
 0001:0002f6a0       ?GetLogFileName@MFileLog@@QEAAPEB_WXZ 00000001800306a0 f   WinObjects.obj
 0001:0002f6f0       ?LogString@MFileLog@@QEAAXPEBD_N01I@Z 00000001800306f0 f   WinObjects.obj
 0001:0002f8b0       ?LogString@MFileLog@@QEAAXPEB_W_N01@Z 00000001800308b0 f   WinObjects.obj
 0001:0002fce0       ?MonitorEnumProc@MFileLog@@KAHPEAUHMONITOR__@@PEAUHDC__@@PEAUtagRECT@@_J@Z 0000000180030ce0 f   WinObjects.obj
 0001:0002fe90       ?LogStartEnv@MFileLog@@QEAAXPEAUCEStartupEnv@@@Z 0000000180030e90 f   WinObjects.obj
 0001:00030cc0       ??0CToolTip@@QEAA@XZ       0000000180031cc0 f   WinObjects.obj
 0001:00030d60       ??_GCToolTip@@UEAAPEAXI@Z  0000000180031d60 f i WinObjects.obj
 0001:00030d60       ??_ECToolTip@@UEAAPEAXI@Z  0000000180031d60 f i WinObjects.obj
 0001:00030da0       ??1CToolTip@@UEAA@XZ       0000000180031da0 f   WinObjects.obj
 0001:00030e60       ?ShowTip@CToolTip@@QEAAXPEAUHWND__@@0PEB_WHUtagPOINT@@PEAUHINSTANCE__@@@Z 0000000180031e60 f   WinObjects.obj
 0001:00031310       ?HideTip@CToolTip@@QEAAXXZ 0000000180032310 f   WinObjects.obj
 0001:000313b0       ??0CTimer@@QEAA@XZ         00000001800323b0 f   WinObjects.obj
 0001:000313f0       ??1CTimer@@QEAA@XZ         00000001800323f0 f   WinObjects.obj
 0001:00031410       ?IsStarted@CTimer@@QEAA_NXZ 0000000180032410 f   WinObjects.obj
 0001:00031420       ?Start@CTimer@@QEAAXI@Z    0000000180032420 f   WinObjects.obj
 0001:000314a0       ?Stop@CTimer@@QEAAXXZ      00000001800324a0 f   WinObjects.obj
 0001:000314e0       ?Restart@CTimer@@QEAAXI@Z  00000001800324e0 f   WinObjects.obj
 0001:00031520       ?Init@CTimer@@QEAAXPEAUHWND__@@_KI@Z 0000000180032520 f   WinObjects.obj
 0001:00031570       ?MyGetLargestConsoleWindowSize@@YA?AU_COORD@@PEAX@Z 0000000180032570 f   WinObjects.obj
 0001:00031600       ?DuplicateProcessHandle@@YAPEAXK@Z 0000000180032600 f   WinObjects.obj
 0001:00031690       ?FindComspec@@YAXPEAUConEmuComspec@@@Z 0000000180032690 f   WinObjects.obj
 0001:000321d0       ?GetEnvVar@@YAPEA_WPEB_WK@Z 00000001800331d0 f   WinObjects.obj
 0001:00032300       ?UpdateComspec@@YAXPEAUConEmuComspec@@_N@Z 0000000180033300 f   WinObjects.obj
 0001:00032720       ?SetEnvVarExpanded@@YAXPEB_W0@Z 0000000180033720 f   WinObjects.obj
 0001:00032840       ?GetComspecFromEnvVar@@YAPEB_WPEA_WKW4ComSpecBits@@@Z 0000000180033840 f   WinObjects.obj
 0001:00032a90       ?GetComspec@@YAPEA_WPEBUConEmuComspec@@@Z 0000000180033a90 f   WinObjects.obj
 0001:00032d50       ?IsExportEnvVarAllowed@@YA_NPEB_W@Z 0000000180033d50 f   WinObjects.obj
 0001:00032dd0       ?ApplyExportEnvVar@@YAXPEB_W@Z 0000000180033dd0 f   WinObjects.obj
 0001:00032e70       ?CopyToClipboard@@YA_NPEB_W@Z 0000000180033e70 f   WinObjects.obj
 0001:00032f50       ??$wcscpy_c@$0EAA@@@YAHAEAY0EAA@_WPEB_W@Z 0000000180033f50 f i WinObjects.obj
 0001:00032f80       ??$wcscpy_c@$0BAA@@@YAHAEAY0BAA@_WPEB_W@Z 0000000180033f80 f i WinObjects.obj
 0001:00032fb0       ??$wcscpy_c@$0EBA@@@YAHAEAY0EBA@_WPEB_W@Z 0000000180033fb0 f i WinObjects.obj
 0001:00032fe0       GetProcAddress             0000000180033fe0 f   kernel32:KERNEL32.dll
 0001:00032fe6       GetCurrentProcessId        0000000180033fe6 f   kernel32:KERNEL32.dll
 0001:00032fec       GetLastError               0000000180033fec f   kernel32:KERNEL32.dll
 0001:00032ff2       LoadLibraryW               0000000180033ff2 f   kernel32:KERNEL32.dll
 0001:00032ff8       GetModuleHandleW           0000000180033ff8 f   kernel32:KERNEL32.dll
 0001:00032ffe       IsDebuggerPresent          0000000180033ffe f   kernel32:KERNEL32.dll
 0001:00033004       SetEvent                   0000000180034004 f   kernel32:KERNEL32.dll
 0001:0003300a       lstrcpyW                   000000018003400a f   kernel32:KERNEL32.dll
 0001:00033010       lstrlenW                   0000000180034010 f   kernel32:KERNEL32.dll
 0001:00033016       SetEnvironmentVariableW    0000000180034016 f   kernel32:KERNEL32.dll
 0001:0003301c       IsBadStringPtrW            000000018003401c f   kernel32:KERNEL32.dll
 0001:00033022       GetNumberOfConsoleInputEvents 0000000180034022 f   kernel32:KERNEL32.dll
 0001:00033028       GetStdHandle               0000000180034028 f   kernel32:KERNEL32.dll
 0001:0003302e       GetTickCount               000000018003402e f   kernel32:KERNEL32.dll
 0001:00033034       SetLastError               0000000180034034 f   kernel32:KERNEL32.dll
 0001:0003303a       GetCurrentThreadId         000000018003403a f   kernel32:KERNEL32.dll
 0001:00033040       ReadConsoleInputW          0000000180034040 f   kernel32:KERNEL32.dll
 0001:00033046       PeekConsoleInputW          0000000180034046 f   kernel32:KERNEL32.dll
 0001:0003304c       lstrcatW                   000000018003404c f   kernel32:KERNEL32.dll
 0001:00033052       GetModuleFileNameW         0000000180034052 f   kernel32:KERNEL32.dll
 0001:00033058       WriteConsoleInputW         0000000180034058 f   kernel32:KERNEL32.dll
 0001:0003305e       WaitForSingleObject        000000018003405e f   kernel32:KERNEL32.dll
 0001:00033064       ReleaseSemaphore           0000000180034064 f   kernel32:KERNEL32.dll
 0001:0003306a       WaitForMultipleObjects     000000018003406a f   kernel32:KERNEL32.dll
 0001:00033070       ResetEvent                 0000000180034070 f   kernel32:KERNEL32.dll
 0001:00033076       GetConsoleScreenBufferInfo 0000000180034076 f   kernel32:KERNEL32.dll
 0001:0003307c       SuspendThread              000000018003407c f   kernel32:KERNEL32.dll
 0001:00033082       ResumeThread               0000000180034082 f   kernel32:KERNEL32.dll
 0001:00033088       TerminateProcess           0000000180034088 f   kernel32:KERNEL32.dll
 0001:0003308e       GetCurrentProcess          000000018003408e f   kernel32:KERNEL32.dll
 0001:00033094       CloseHandle                0000000180034094 f   kernel32:KERNEL32.dll
 0001:0003309a       Module32NextW              000000018003409a f   kernel32:KERNEL32.dll
 0001:000330a0       Module32FirstW             00000001800340a0 f   kernel32:KERNEL32.dll
 0001:000330a6       CreateToolhelp32Snapshot   00000001800340a6 f   kernel32:KERNEL32.dll
 0001:000330ac       GetEnvironmentVariableW    00000001800340ac f   kernel32:KERNEL32.dll
 0001:000330b2       CreateThread               00000001800340b2 f   kernel32:KERNEL32.dll
 0001:000330b8       CreateSemaphoreW           00000001800340b8 f   kernel32:KERNEL32.dll
 0001:000330be       CreateEventW               00000001800340be f   kernel32:KERNEL32.dll
 0001:000330c4       OpenFileMappingW           00000001800340c4 f   kernel32:KERNEL32.dll
 0001:000330ca       VirtualProtect             00000001800340ca f   kernel32:KERNEL32.dll
 0001:000330d0       MapViewOfFile              00000001800340d0 f   kernel32:KERNEL32.dll
 0001:000330d6       CreateFileMappingW         00000001800340d6 f   kernel32:KERNEL32.dll
 0001:000330dc       lstrcmpW                   00000001800340dc f   kernel32:KERNEL32.dll
 0001:000330e2       lstrcpynW                  00000001800340e2 f   kernel32:KERNEL32.dll
 0001:000330e8       lstrcmpiW                  00000001800340e8 f   kernel32:KERNEL32.dll
 0001:000330ee       UnmapViewOfFile            00000001800340ee f   kernel32:KERNEL32.dll
 0001:000330f4       TerminateThread            00000001800340f4 f   kernel32:KERNEL32.dll
 0001:000330fa       SetConsoleTitleW           00000001800340fa f   kernel32:KERNEL32.dll
 0001:00033100       GetConsoleTitleW           0000000180034100 f   kernel32:KERNEL32.dll
 0001:00033106       WideCharToMultiByte        0000000180034106 f   kernel32:KERNEL32.dll
 0001:0003310c       DeleteFileW                000000018003410c f   kernel32:KERNEL32.dll
 0001:00033112       CreateProcessW             0000000180034112 f   kernel32:KERNEL32.dll
 0001:00033118       GetExitCodeProcess         0000000180034118 f   kernel32:KERNEL32.dll
 0001:0003311e       SetConsoleMode             000000018003411e f   kernel32:KERNEL32.dll
 0001:00033124       GetConsoleMode             0000000180034124 f   kernel32:KERNEL32.dll
 0001:0003312a       GetConsoleCursorInfo       000000018003412a f   kernel32:KERNEL32.dll
 0001:00033130       Thread32Next               0000000180034130 f   kernel32:KERNEL32.dll
 0001:00033136       Thread32First              0000000180034136 f   kernel32:KERNEL32.dll
 0001:0003313c       ExpandEnvironmentStringsW  000000018003413c f   kernel32:KERNEL32.dll
 0001:00033142       lstrcmpA                   0000000180034142 f   kernel32:KERNEL32.dll
 0001:00033148       MultiByteToWideChar        0000000180034148 f   kernel32:KERNEL32.dll
 0001:0003314e       lstrlenA                   000000018003414e f   kernel32:KERNEL32.dll
 0001:00033154       lstrcpynA                  0000000180034154 f   kernel32:KERNEL32.dll
 0001:0003315a       GetCurrentDirectoryW       000000018003415a f   kernel32:KERNEL32.dll
 0001:00033160       lstrcpyA                   0000000180034160 f   kernel32:KERNEL32.dll
 0001:00033166       DisconnectNamedPipe        0000000180034166 f   kernel32:KERNEL32.dll
 0001:0003316c       SetThreadPriority          000000018003416c f   kernel32:KERNEL32.dll
 0001:00033172       Sleep                      0000000180034172 f   kernel32:KERNEL32.dll
 0001:00033178       FlushFileBuffers           0000000180034178 f   kernel32:KERNEL32.dll
 0001:0003317e       ReadFile                   000000018003417e f   kernel32:KERNEL32.dll
 0001:00033184       GetOverlappedResult        0000000180034184 f   kernel32:KERNEL32.dll
 0001:0003318a       WriteFile                  000000018003418a f   kernel32:KERNEL32.dll
 0001:00033190       ConnectNamedPipe           0000000180034190 f   kernel32:KERNEL32.dll
 0001:00033196       CreateNamedPipeW           0000000180034196 f   kernel32:KERNEL32.dll
 0001:0003319c       SetFilePointer             000000018003419c f   kernel32:KERNEL32.dll
 0001:000331a2       GetFileInformationByHandle 00000001800341a2 f   kernel32:KERNEL32.dll
 0001:000331a8       CreateFileW                00000001800341a8 f   kernel32:KERNEL32.dll
 0001:000331ae       ReadProcessMemory          00000001800341ae f   kernel32:KERNEL32.dll
 0001:000331b4       FreeLibrary                00000001800341b4 f   kernel32:KERNEL32.dll
 0001:000331ba       GetVersionExW              00000001800341ba f   kernel32:KERNEL32.dll
 0001:000331c0       SearchPathW                00000001800341c0 f   kernel32:KERNEL32.dll
 0001:000331c6       DebugBreak                 00000001800341c6 f   kernel32:KERNEL32.dll
 0001:000331cc       SetNamedPipeHandleState    00000001800341cc f   kernel32:KERNEL32.dll
 0001:000331d2       WaitNamedPipeW             00000001800341d2 f   kernel32:KERNEL32.dll
 0001:000331d8       TransactNamedPipe          00000001800341d8 f   kernel32:KERNEL32.dll
 0001:000331de       GetConsoleWindow           00000001800341de f   kernel32:KERNEL32.dll
 0001:000331e4       HeapCreate                 00000001800341e4 f   kernel32:KERNEL32.dll
 0001:000331ea       HeapDestroy                00000001800341ea f   kernel32:KERNEL32.dll
 0001:000331f0       HeapAlloc                  00000001800341f0 f   kernel32:KERNEL32.dll
 0001:000331f6       HeapReAlloc                00000001800341f6 f   kernel32:KERNEL32.dll
 0001:000331fc       HeapFree                   00000001800341fc f   kernel32:KERNEL32.dll
 0001:00033202       HeapValidate               0000000180034202 f   kernel32:KERNEL32.dll
 0001:00033208       LocalFree                  0000000180034208 f   kernel32:KERNEL32.dll
 0001:0003320e       LocalAlloc                 000000018003420e f   kernel32:KERNEL32.dll
 0001:00033214       SetConsoleWindowInfo       0000000180034214 f   kernel32:KERNEL32.dll
 0001:0003321a       GetConsoleOutputCP         000000018003421a f   kernel32:KERNEL32.dll
 0001:00033220       GetFileSizeEx              0000000180034220 f   kernel32:KERNEL32.dll
 0001:00033226       FindClose                  0000000180034226 f   kernel32:KERNEL32.dll
 0001:0003322c       FindNextFileW              000000018003422c f   kernel32:KERNEL32.dll
 0001:00033232       FindFirstFileW             0000000180034232 f   kernel32:KERNEL32.dll
 0001:00033238       CreateDirectoryW           0000000180034238 f   kernel32:KERNEL32.dll
 0001:0003323e       OpenProcess                000000018003423e f   kernel32:KERNEL32.dll
 0001:00033244       Process32NextW             0000000180034244 f   kernel32:KERNEL32.dll
 0001:0003324a       Process32FirstW            000000018003424a f   kernel32:KERNEL32.dll
 0001:00033250       IsBadReadPtr               0000000180034250 f   kernel32:KERNEL32.dll
 0001:00033256       GetFullPathNameW           0000000180034256 f   kernel32:KERNEL32.dll
 0001:0003325c       GetModuleFileNameA         000000018003425c f   kernel32:KERNEL32.dll
 0001:00033262       OpenEventW                 0000000180034262 f   kernel32:KERNEL32.dll
 0001:00033268       InitializeCriticalSection  0000000180034268 f   kernel32:KERNEL32.dll
 0001:0003326e       DeleteCriticalSection      000000018003426e f   kernel32:KERNEL32.dll
 0001:00033274       EnterCriticalSection       0000000180034274 f   kernel32:KERNEL32.dll
 0001:0003327a       LeaveCriticalSection       000000018003427a f   kernel32:KERNEL32.dll
 0001:00033280       TryEnterCriticalSection    0000000180034280 f   kernel32:KERNEL32.dll
 0001:00033286       OpenThread                 0000000180034286 f   kernel32:KERNEL32.dll
 0001:0003328c       GetLocalTime               000000018003428c f   kernel32:KERNEL32.dll
 0001:00033292       GetLargestConsoleWindowSize 0000000180034292 f   kernel32:KERNEL32.dll
 0001:00033298       DuplicateHandle            0000000180034298 f   kernel32:KERNEL32.dll
 0001:0003329e       GetWindowsDirectoryW       000000018003429e f   kernel32:KERNEL32.dll
 0001:000332a4       GlobalUnlock               00000001800342a4 f   kernel32:KERNEL32.dll
 0001:000332aa       GlobalLock                 00000001800342aa f   kernel32:KERNEL32.dll
 0001:000332b0       GlobalAlloc                00000001800342b0 f   kernel32:KERNEL32.dll
 0001:000332b6       MessageBoxW                00000001800342b6 f   user32:USER32.dll
 0001:000332bc       wsprintfW                  00000001800342bc f   user32:USER32.dll
 0001:000332c2       IsWindow                   00000001800342c2 f   user32:USER32.dll
 0001:000332c8       GetWindowLongPtrW          00000001800342c8 f   user32:USER32.dll
 0001:000332ce       GetParent                  00000001800342ce f   user32:USER32.dll
 0001:000332d4       PostMessageW               00000001800342d4 f   user32:USER32.dll
 0001:000332da       RegisterWindowMessageW     00000001800342da f   user32:USER32.dll
 0001:000332e0       GetWindowThreadProcessId   00000001800342e0 f   user32:USER32.dll
 0001:000332e6       IsWindowVisible            00000001800342e6 f   user32:USER32.dll
 0001:000332ec       CharUpperBuffW             00000001800342ec f   user32:USER32.dll
 0001:000332f2       FillRect                   00000001800342f2 f   user32:USER32.dll
 0001:000332f8       ReleaseDC                  00000001800342f8 f   user32:USER32.dll
 0001:000332fe       GetDC                      00000001800342fe f   user32:USER32.dll
 0001:00033304       ActivateKeyboardLayout     0000000180034304 f   user32:USER32.dll
 0001:0003330a       LoadKeyboardLayoutW        000000018003430a f   user32:USER32.dll
 0001:00033310       MapVirtualKeyW             0000000180034310 f   user32:USER32.dll
 0001:00033316       VkKeyScanW                 0000000180034316 f   user32:USER32.dll
 0001:0003331c       FindWindowW                000000018003431c f   user32:USER32.dll
 0001:00033322       GetSystemMetrics           0000000180034322 f   user32:USER32.dll
 0001:00033328       IsRectEmpty                0000000180034328 f   user32:USER32.dll
 0001:0003332e       EnumDisplayMonitors        000000018003432e f   user32:USER32.dll
 0001:00033334       GetMonitorInfoW            0000000180034334 f   user32:USER32.dll
 0001:0003333a       SystemParametersInfoW      000000018003433a f   user32:USER32.dll
 0001:00033340       MonitorFromWindow          0000000180034340 f   user32:USER32.dll
 0001:00033346       MonitorFromRect            0000000180034346 f   user32:USER32.dll
 0001:0003334c       SetWindowPos               000000018003434c f   user32:USER32.dll
 0001:00033352       ShowWindow                 0000000180034352 f   user32:USER32.dll
 0001:00033358       SendMessageW               0000000180034358 f   user32:USER32.dll
 0001:0003335e       GetWindowRect              000000018003435e f   user32:USER32.dll
 0001:00033364       EnableWindow               0000000180034364 f   user32:USER32.dll
 0001:0003336a       IsWindowEnabled            000000018003436a f   user32:USER32.dll
 0001:00033370       SetForegroundWindow        0000000180034370 f   user32:USER32.dll
 0001:00033376       ShowWindowAsync            0000000180034376 f   user32:USER32.dll
 0001:0003337c       wsprintfA                  000000018003437c f   user32:USER32.dll
 0001:00033382       GetCursorPos               0000000180034382 f   user32:USER32.dll
 0001:00033388       GetWindowTextW             0000000180034388 f   user32:USER32.dll
 0001:0003338e       GetClassNameW              000000018003438e f   user32:USER32.dll
 0001:00033394       GetForegroundWindow        0000000180034394 f   user32:USER32.dll
 0001:0003339a       GetKeyboardLayoutList      000000018003439a f   user32:USER32.dll
 0001:000333a0       GetKeyboardLayout          00000001800343a0 f   user32:USER32.dll
 0001:000333a6       DestroyWindow              00000001800343a6 f   user32:USER32.dll
 0001:000333ac       GetClientRect              00000001800343ac f   user32:USER32.dll
 0001:000333b2       CreateWindowExW            00000001800343b2 f   user32:USER32.dll
 0001:000333b8       SetTimer                   00000001800343b8 f   user32:USER32.dll
 0001:000333be       KillTimer                  00000001800343be f   user32:USER32.dll
 0001:000333c4       CloseClipboard             00000001800343c4 f   user32:USER32.dll
 0001:000333ca       SetClipboardData           00000001800343ca f   user32:USER32.dll
 0001:000333d0       EmptyClipboard             00000001800343d0 f   user32:USER32.dll
 0001:000333d6       OpenClipboard              00000001800343d6 f   user32:USER32.dll
 0001:000333dc       DeleteEnhMetaFile          00000001800343dc f   gdi32:GDI32.dll
 0001:000333e2       GetEnhMetaFileBits         00000001800343e2 f   gdi32:GDI32.dll
 0001:000333e8       CloseEnhMetaFile           00000001800343e8 f   gdi32:GDI32.dll
 0001:000333ee       GdiFlush                   00000001800343ee f   gdi32:GDI32.dll
 0001:000333f4       SelectObject               00000001800343f4 f   gdi32:GDI32.dll
 0001:000333fa       DeleteDC                   00000001800343fa f   gdi32:GDI32.dll
 0001:00033400       DeleteObject               0000000180034400 f   gdi32:GDI32.dll
 0001:00033406       CreateSolidBrush           0000000180034406 f   gdi32:GDI32.dll
 0001:0003340c       CreateDIBSection           000000018003440c f   gdi32:GDI32.dll
 0001:00033412       CreateCompatibleDC         0000000180034412 f   gdi32:GDI32.dll
 0001:00033418       CreateEnhMetaFileW         0000000180034418 f   gdi32:GDI32.dll
 0001:0003341e       GetDeviceCaps              000000018003441e f   gdi32:GDI32.dll
 0001:00033424       GetTextMetricsW            0000000180034424 f   gdi32:GDI32.dll
 0001:0003342a       CreateFontIndirectW        000000018003442a f   gdi32:GDI32.dll
 0001:00033430       RegCloseKey                0000000180034430 f   advapi32:ADVAPI32.dll
 0001:00033436       RegQueryValueExW           0000000180034436 f   advapi32:ADVAPI32.dll
 0001:0003343c       RegOpenKeyExW              000000018003443c f   advapi32:ADVAPI32.dll
 0001:00033442       RegCreateKeyExW            0000000180034442 f   advapi32:ADVAPI32.dll
 0001:00033448       FreeSid                    0000000180034448 f   advapi32:ADVAPI32.dll
 0001:0003344e       CheckTokenMembership       000000018003444e f   advapi32:ADVAPI32.dll
 0001:00033454       AllocateAndInitializeSid   0000000180034454 f   advapi32:ADVAPI32.dll
 0001:0003345a       ConvertSidToStringSidW     000000018003445a f   advapi32:ADVAPI32.dll
 0001:00033460       GetTokenInformation        0000000180034460 f   advapi32:ADVAPI32.dll
 0001:00033466       OpenProcessToken           0000000180034466 f   advapi32:ADVAPI32.dll
 0001:0003346c       RegEnumKeyExW              000000018003446c f   advapi32:ADVAPI32.dll
 0001:00033472       SHGetFolderPathW           0000000180034472 f   shell32:SHELL32.dll
 0001:00033478       VerQueryValueW             0000000180034478 f   version:VERSION.dll
 0001:0003347e       GetFileVersionInfoW        000000018003447e f   version:VERSION.dll
 0001:00033484       GetFileVersionInfoSizeW    0000000180034484 f   version:VERSION.dll
 0001:000334a0       memset                     00000001800344a0 f   LIBCMT:memset.obj
 0001:000335a0       memcmp                     00000001800345a0 f   LIBCMT:memcmp.obj
 0001:00033680       memcpy                     0000000180034680 f   LIBCMT:memcpy.obj
 0001:00033680       memmove                    0000000180034680     LIBCMT:memcpy.obj
 0001:000339b4       wcsrchr                    00000001800349b4 f   LIBCMT:wcsrchr.obj
 0001:000339e0       wcschr                     00000001800349e0 f   LIBCMT:wcschr.obj
 0001:00033a00       wcsstr                     0000000180034a00 f   LIBCMT:wcsstr.obj
 0001:00033a68       wcsncmp                    0000000180034a68 f   LIBCMT:wcsncmp.obj
 0001:00033a98       strrchr                    0000000180034a98 f   LIBCMT:strrchr.obj
 0001:00033ad0       _alloca_probe              0000000180034ad0     LIBCMT:chkstk.obj
 0001:00033ad0       __chkstk                   0000000180034ad0 f   LIBCMT:chkstk.obj
 0002:00000000       __imp_OpenProcessToken     0000000180035000     advapi32:ADVAPI32.dll
 0002:00000008       __imp_GetTokenInformation  0000000180035008     advapi32:ADVAPI32.dll
 0002:00000010       __imp_ConvertSidToStringSidW 0000000180035010     advapi32:ADVAPI32.dll
 0002:00000018       __imp_AllocateAndInitializeSid 0000000180035018     advapi32:ADVAPI32.dll
 0002:00000020       __imp_CheckTokenMembership 0000000180035020     advapi32:ADVAPI32.dll
 0002:00000028       __imp_FreeSid              0000000180035028     advapi32:ADVAPI32.dll
 0002:00000030       __imp_RegCreateKeyExW      0000000180035030     advapi32:ADVAPI32.dll
 0002:00000038       __imp_RegOpenKeyExW        0000000180035038     advapi32:ADVAPI32.dll
 0002:00000040       __imp_RegQueryValueExW     0000000180035040     advapi32:ADVAPI32.dll
 0002:00000048       __imp_RegCloseKey          0000000180035048     advapi32:ADVAPI32.dll
 0002:00000050       __imp_RegEnumKeyExW        0000000180035050     advapi32:ADVAPI32.dll
 0002:00000058       \177ADVAPI32_NULL_THUNK_DATA 0000000180035058     advapi32:ADVAPI32.dll
 0002:00000060       __imp_GetTextMetricsW      0000000180035060     gdi32:GDI32.dll
 0002:00000068       __imp_GetDeviceCaps        0000000180035068     gdi32:GDI32.dll
 0002:00000070       __imp_CreateEnhMetaFileW   0000000180035070     gdi32:GDI32.dll
 0002:00000078       __imp_CreateCompatibleDC   0000000180035078     gdi32:GDI32.dll
 0002:00000080       __imp_CreateDIBSection     0000000180035080     gdi32:GDI32.dll
 0002:00000088       __imp_CreateSolidBrush     0000000180035088     gdi32:GDI32.dll
 0002:00000090       __imp_DeleteObject         0000000180035090     gdi32:GDI32.dll
 0002:00000098       __imp_DeleteDC             0000000180035098     gdi32:GDI32.dll
 0002:000000a0       __imp_SelectObject         00000001800350a0     gdi32:GDI32.dll
 0002:000000a8       __imp_GdiFlush             00000001800350a8     gdi32:GDI32.dll
 0002:000000b0       __imp_CloseEnhMetaFile     00000001800350b0     gdi32:GDI32.dll
 0002:000000b8       __imp_CreateFontIndirectW  00000001800350b8     gdi32:GDI32.dll
 0002:000000c0       __imp_DeleteEnhMetaFile    00000001800350c0     gdi32:GDI32.dll
 0002:000000c8       __imp_GetEnhMetaFileBits   00000001800350c8     gdi32:GDI32.dll
 0002:000000d0       \177GDI32_NULL_THUNK_DATA  00000001800350d0     gdi32:GDI32.dll
 0002:000000d8       __imp_ResumeThread         00000001800350d8     kernel32:KERNEL32.dll
 0002:000000e0       __imp_TerminateProcess     00000001800350e0     kernel32:KERNEL32.dll
 0002:000000e8       __imp_GetCurrentProcess    00000001800350e8     kernel32:KERNEL32.dll
 0002:000000f0       __imp_CloseHandle          00000001800350f0     kernel32:KERNEL32.dll
 0002:000000f8       __imp_Module32NextW        00000001800350f8     kernel32:KERNEL32.dll
 0002:00000100       __imp_Module32FirstW       0000000180035100     kernel32:KERNEL32.dll
 0002:00000108       __imp_CreateToolhelp32Snapshot 0000000180035108     kernel32:KERNEL32.dll
 0002:00000110       __imp_GetEnvironmentVariableW 0000000180035110     kernel32:KERNEL32.dll
 0002:00000118       __imp_CreateThread         0000000180035118     kernel32:KERNEL32.dll
 0002:00000120       __imp_CreateSemaphoreW     0000000180035120     kernel32:KERNEL32.dll
 0002:00000128       __imp_CreateEventW         0000000180035128     kernel32:KERNEL32.dll
 0002:00000130       __imp_OpenFileMappingW     0000000180035130     kernel32:KERNEL32.dll
 0002:00000138       __imp_VirtualProtect       0000000180035138     kernel32:KERNEL32.dll
 0002:00000140       __imp_MapViewOfFile        0000000180035140     kernel32:KERNEL32.dll
 0002:00000148       __imp_CreateFileMappingW   0000000180035148     kernel32:KERNEL32.dll
 0002:00000150       __imp_lstrcmpW             0000000180035150     kernel32:KERNEL32.dll
 0002:00000158       __imp_lstrcpynW            0000000180035158     kernel32:KERNEL32.dll
 0002:00000160       __imp_lstrcmpiW            0000000180035160     kernel32:KERNEL32.dll
 0002:00000168       __imp_UnmapViewOfFile      0000000180035168     kernel32:KERNEL32.dll
 0002:00000170       __imp_TerminateThread      0000000180035170     kernel32:KERNEL32.dll
 0002:00000178       __imp_SetConsoleTitleW     0000000180035178     kernel32:KERNEL32.dll
 0002:00000180       __imp_GetConsoleTitleW     0000000180035180     kernel32:KERNEL32.dll
 0002:00000188       __imp_WideCharToMultiByte  0000000180035188     kernel32:KERNEL32.dll
 0002:00000190       __imp_DeleteFileW          0000000180035190     kernel32:KERNEL32.dll
 0002:00000198       __imp_CreateProcessW       0000000180035198     kernel32:KERNEL32.dll
 0002:000001a0       __imp_GetExitCodeProcess   00000001800351a0     kernel32:KERNEL32.dll
 0002:000001a8       __imp_SetConsoleMode       00000001800351a8     kernel32:KERNEL32.dll
 0002:000001b0       __imp_GetConsoleMode       00000001800351b0     kernel32:KERNEL32.dll
 0002:000001b8       __imp_GetConsoleCursorInfo 00000001800351b8     kernel32:KERNEL32.dll
 0002:000001c0       __imp_Thread32Next         00000001800351c0     kernel32:KERNEL32.dll
 0002:000001c8       __imp_Thread32First        00000001800351c8     kernel32:KERNEL32.dll
 0002:000001d0       __imp_ExpandEnvironmentStringsW 00000001800351d0     kernel32:KERNEL32.dll
 0002:000001d8       __imp_lstrcmpA             00000001800351d8     kernel32:KERNEL32.dll
 0002:000001e0       __imp_MultiByteToWideChar  00000001800351e0     kernel32:KERNEL32.dll
 0002:000001e8       __imp_lstrlenA             00000001800351e8     kernel32:KERNEL32.dll
 0002:000001f0       __imp_lstrcpynA            00000001800351f0     kernel32:KERNEL32.dll
 0002:000001f8       __imp_GetCurrentDirectoryW 00000001800351f8     kernel32:KERNEL32.dll
 0002:00000200       __imp_lstrcpyA             0000000180035200     kernel32:KERNEL32.dll
 0002:00000208       __imp_DisconnectNamedPipe  0000000180035208     kernel32:KERNEL32.dll
 0002:00000210       __imp_SetThreadPriority    0000000180035210     kernel32:KERNEL32.dll
 0002:00000218       __imp_Sleep                0000000180035218     kernel32:KERNEL32.dll
 0002:00000220       __imp_FlushFileBuffers     0000000180035220     kernel32:KERNEL32.dll
 0002:00000228       __imp_ReadFile             0000000180035228     kernel32:KERNEL32.dll
 0002:00000230       __imp_GetOverlappedResult  0000000180035230     kernel32:KERNEL32.dll
 0002:00000238       __imp_WriteFile            0000000180035238     kernel32:KERNEL32.dll
 0002:00000240       __imp_ConnectNamedPipe     0000000180035240     kernel32:KERNEL32.dll
 0002:00000248       __imp_CreateNamedPipeW     0000000180035248     kernel32:KERNEL32.dll
 0002:00000250       __imp_SuspendThread        0000000180035250     kernel32:KERNEL32.dll
 0002:00000258       __imp_GetFileInformationByHandle 0000000180035258     kernel32:KERNEL32.dll
[...]
 0002:00003f30       ??_C@_1EO@MPDKFAPM@?$AAL?$AAo?$AAg?$AAS?$AAt?$AAa?$AAr?$AAt?$AAE?$AAn?$AAv?$AA?5?$AAf?$AAa?$AAi?$AAl?$AAe?$AAd?$AA?0?$AA?5?$AAi?$AAn?$AAv?$AAa?$AAl?$AAi?$AAd?$AA?5?$AAa?$AAp?$AAS?$AAt@ 0000000180038f30     WinObjects.obj
 0002:00003f80       ??_7CToolTip@@6B@          0000000180038f80     WinObjects.obj
 0002:00003f88       ??_C@_1CC@KPOKNCMJ@?$AAt?$AAo?$AAo?$AAl?$AAt?$AAi?$AAp?$AAs?$AA_?$AAc?$AAl?$AAa?$AAs?$AAs?$AA3?$AA2?$AA?$AA@ 0000000180038f88     WinObjects.obj
 0002:00003fb0       ??_C@_1FA@BFJDIMLC@?$AAC?$AA?3?$AA?2?$AAP?$AAr?$AAo?$AAg?$AAr?$AAa?$AAm?$AA?5?$AAF?$AAi?$AAl?$AAe?$AAs?$AA?2?$AAJ?$AAP?$AAS?$AAo?$AAf?$AAt?$AA?2?$AAT?$AAC?$AAC?$AAL?$AAE?$AA1?$AA3?$AA?2@ 0000000180038fb0     WinObjects.obj
 0002:00004000       ??_C@_1EO@GBOKIPHE@?$AAC?$AA?3?$AA?2?$AAP?$AAr?$AAo?$AAg?$AAr?$AAa?$AAm?$AA?5?$AAF?$AAi?$AAl?$AAe?$AAs?$AA?2?$AAJ?$AAP?$AAS?$AAo?$AAf?$AAt?$AA?2?$AAT?$AAC?$AAM?$AAD?$AA1?$AA3?$AA?2?$AAt@ 0000000180039000     WinObjects.obj
 0002:00004050       ??_C@_1CA@CBMLAMC@?$AAI?$AAn?$AAs?$AAt?$AAa?$AAl?$AAl?$AAL?$AAo?$AAc?$AAa?$AAt?$AAi?$AAo?$AAn?$AA?$AA@ 0000000180039050     WinObjects.obj
 0002:00004070       ??_C@_1BI@NAAHPGNK@?$AAJ?$AAP?$AA?5?$AAS?$AAo?$AAf?$AAt?$AAw?$AAa?$AAr?$AAe?$AA?$AA@ 0000000180039070     WinObjects.obj
 0002:00004088       ??_C@_1BE@CCMLAJPM@?$AAP?$AAu?$AAb?$AAl?$AAi?$AAs?$AAh?$AAe?$AAr?$AA?$AA@ 0000000180039088     WinObjects.obj
 0002:000040a0       ??_C@_1GI@BAAGFBH@?$AAS?$AAO?$AAF?$AAT?$AAW?$AAA?$AAR?$AAE?$AA?2?$AAM?$AAi?$AAc?$AAr?$AAo?$AAs?$AAo?$AAf?$AAt?$AA?2?$AAW?$AAi?$AAn?$AAd?$AAo?$AAw?$AAs?$AA?2?$AAC?$AAu?$AAr?$AAr?$AAe@ 00000001800390a0     WinObjects.obj
 0002:00004108       ??_C@_1BA@JFHFEKBP@?$AAt?$AAc?$AAc?$AA?4?$AAe?$AAx?$AAe?$AA?$AA@ 0000000180039108     WinObjects.obj
 0002:00004118       ??_C@_1BE@BGAOJFLF@?$AA?2?$AAt?$AAc?$AAm?$AAd?$AA?4?$AAe?$AAx?$AAe?$AA?$AA@ 0000000180039118     WinObjects.obj
 0002:00004130       ??_C@_1CK@HMKJOJBO@?$AAS?$AAO?$AAF?$AAT?$AAW?$AAA?$AAR?$AAE?$AA?2?$AAJ?$AAP?$AA?5?$AAS?$AAo?$AAf?$AAt?$AAw?$AAa?$AAr?$AAe?$AA?$AA@ 0000000180039130     WinObjects.obj
 0002:00004160       ??_C@_1DA@EMHAGABM@?$AA?$CF?$AAC?$AAo?$AAn?$AAE?$AAm?$AAu?$AAB?$AAa?$AAs?$AAe?$AAD?$AAi?$AAr?$AA?$CF?$AA?2?$AAt?$AAc?$AAc?$AA?4?$AAe?$AAx?$AAe?$AA?$AA@ 0000000180039160     WinObjects.obj
 0002:00004190       ??_C@_13PJJBFPED@?$AA?$DL?$AA?$AA@ 0000000180039190     WinObjects.obj
 0002:00004198       ??_C@_1BA@DBKIDAPL@?$AAc?$AAm?$AAd?$AA?4?$AAe?$AAx?$AAe?$AA?$AA@ 0000000180039198     WinObjects.obj
 0002:000041a8       ??_C@_1CE@ECCAMEKN@?$AA?2?$AAS?$AAy?$AAs?$AAW?$AAO?$AAW?$AA6?$AA4?$AA?2?$AAc?$AAm?$AAd?$AA?4?$AAe?$AAx?$AAe?$AA?$AA@ 00000001800391a8     WinObjects.obj
 0002:000041d0       ??_C@_1CC@PDLBBEEF@?$AAS?$AAy?$AAs?$AAW?$AAO?$AAW?$AA6?$AA4?$AA?2?$AAc?$AAm?$AAd?$AA?4?$AAe?$AAx?$AAe?$AA?$AA@ 00000001800391d0     WinObjects.obj
 0002:000041f8       ??_C@_1CE@PMNGKNKL@?$AA?2?$AAS?$AAy?$AAs?$AAt?$AAe?$AAm?$AA3?$AA2?$AA?2?$AAc?$AAm?$AAd?$AA?4?$AAe?$AAx?$AAe?$AA?$AA@ 00000001800391f8     WinObjects.obj
 0002:00004220       ??_C@_1CC@ENEHHNED@?$AAS?$AAy?$AAs?$AAt?$AAe?$AAm?$AA3?$AA2?$AA?2?$AAc?$AAm?$AAd?$AA?4?$AAe?$AAx?$AAe?$AA?$AA@ 0000000180039220     WinObjects.obj
 0002:00004248       ??_C@_1CK@OLMGMMDO@?$AAC?$AAo?$AAn?$AAE?$AAm?$AAu?$AAS?$AAl?$AAe?$AAe?$AAp?$AAI?$AAn?$AAd?$AAi?$AAc?$AAa?$AAt?$AAo?$AAr?$AA?$AA@ 0000000180039248     WinObjects.obj
 0002:000055a8       __IMPORT_DESCRIPTOR_KERNEL32 000000018003a5a8     kernel32:KERNEL32.dll
 0002:000055bc       __IMPORT_DESCRIPTOR_USER32 000000018003a5bc     user32:USER32.dll
 0002:000055d0       __IMPORT_DESCRIPTOR_GDI32  000000018003a5d0     gdi32:GDI32.dll
 0002:000055e4       __IMPORT_DESCRIPTOR_ADVAPI32 000000018003a5e4     advapi32:ADVAPI32.dll
 0002:000055f8       __IMPORT_DESCRIPTOR_SHELL32 000000018003a5f8     shell32:SHELL32.dll
 0002:0000560c       __IMPORT_DESCRIPTOR_VERSION 000000018003a60c     version:VERSION.dll
 0002:00005620       __NULL_IMPORT_DESCRIPTOR   000000018003a620     kernel32:KERNEL32.dll
 0003:00000000       ?gnPluginOpenFrom@@3HA     000000018003c000     ConEmuPlugin.obj
 0003:00000004       ?gnReqCommand@@3KA         000000018003c004     ConEmuPlugin.obj
 0003:00000008       ?lastModifiedStateW@@3HA   000000018003c008     ConEmuPlugin.obj
 0003:00000010       ?gFarMode@@3UHookModeFar@@A 000000018003c010     ConEmuPlugin.obj
 0003:00000030       ?gpPluginMenu@@3PAUPluginAndMenuCommands@@A 000000018003c030     ConEmuPlugin.obj
 0003:000000f0       ?Far3Func@@3PAUExportFunc@@A 000000018003c0f0     ConEmuPlugin.obj
 0003:00000180       ?guid_ConEmu@@3U_GUID@@A   000000018003c180     ConEmuPlugin2800.obj
 0003:00000190       ?guid_ConEmuPluginItems@@3U_GUID@@A 000000018003c190     ConEmuPlugin2800.obj
 0003:000001a0       ?guid_ConEmuPluginMenu@@3U_GUID@@A 000000018003c1a0     ConEmuPlugin2800.obj
 0003:000001b0       ?guid_ConEmuGuiMacroDlg@@3U_GUID@@A 000000018003c1b0     ConEmuPlugin2800.obj
 0003:000001c0       ?guid_ConEmuWaitEndSynchro@@3U_GUID@@A 000000018003c1c0     ConEmuPlugin2800.obj
 0003:000001e0       ?ghHooksModule@@3PEAUHINSTANCE__@@EA 000000018003c1e0     ConEmuInjects.obj
 0003:000001e8       ?gbHooksModuleLoaded@@3HA  000000018003c1e8     ConEmuInjects.obj
 0003:000001f0       ?SetHookCallbacks@@3P6A_NPEBDPEB_WPEAUHINSTANCE__@@P6AHPEAUHookCallbackArg@@@ZP6AX3@Z5@ZEA 000000018003c1f0     ConEmuInjects.obj
 0003:000001f8       ?SetLoadLibraryCallback@@3P6AXPEAUHINSTANCE__@@P6AX0@Z1@ZEA 000000018003c1f8     ConEmuInjects.obj
 0003:00000200       ?SetFarHookMode@@3P6AXPEAUHookModeFar@@@ZEA 000000018003c200     ConEmuInjects.obj
 0003:00000210       ?gszDir2@@3PA_WA           000000018003c210     ConEmuPlugin.obj
 0003:00000a10       ?gpConMap@@3PEAV?$MFileMapping@UCESERVER_CONSOLE_MAPPING_HDR@@@@EA 000000018003ca10     ConEmuPlugin.obj
 0003:00000a18       ?gsbiDetached@@3U_CONSOLE_SCREEN_BUFFER_INFO@@A 000000018003ca18     ConEmuPlugin.obj
 0003:00000a30       ?gszRootKey@@3PA_WA        000000018003ca30     ConEmuPlugin.obj
 0003:00000e40       ?gszDir1@@3PA_WA           000000018003ce40     ConEmuPlugin.obj
 0003:00001640       ?ghPluginModule@@3PEAUHINSTANCE__@@EA 000000018003d640     ConEmuPlugin.obj
 0003:00001648       ?ConEmuHwnd@@3PEAUHWND__@@EA 000000018003d648     ConEmuPlugin.obj
 0003:00001650       ?gdwPreDetachGuiPID@@3KA   000000018003d650     ConEmuPlugin.obj
 0003:00001654       ?gdwServerPID@@3KA         000000018003d654     ConEmuPlugin.obj
 0003:00001658       ?TerminalMode@@3HA         000000018003d658     ConEmuPlugin.obj
 0003:0000165c       ?gnMainThreadId@@3KA       000000018003d65c     ConEmuPlugin.obj
 0003:00001660       ?FarHwnd@@3PEAUHWND__@@EA  000000018003d660     ConEmuPlugin.obj
 0003:00001668       ?gnMainThreadIdInitial@@3KA 000000018003d668     ConEmuPlugin.obj
 0003:0000166c       ?gnMonitorThreadId@@3KA    000000018003d66c     ConEmuPlugin.obj
 0003:00001670       ?ghMonitorThread@@3PEAXEA  000000018003d670     ConEmuPlugin.obj
 0003:00001678       ?ghSetWndSendTabsEvent@@3PEAXEA 000000018003d678     ConEmuPlugin.obj
 0003:00001680       ?gFarVersion@@3UFarVersion@@A 000000018003d680     ConEmuPlugin.obj
 0003:00001688       ?maxTabCount@@3HA          000000018003d688     ConEmuPlugin.obj
 0003:0000168c       ?lastWindowCount@@3HA      000000018003d68c     ConEmuPlugin.obj
 0003:00001690       ?gnCurTabCount@@3HA        000000018003d690     ConEmuPlugin.obj
 0003:00001694       ?gbIgnoreUpdateTabs@@3HA   000000018003d694     ConEmuPlugin.obj
 0003:00001698       ?gpTabs@@3PEAUCESERVER_REQ@@EA 000000018003d698     ConEmuPlugin.obj
 0003:000016a0       ?gbRequestUpdateTabs@@3HA  000000018003d6a0     ConEmuPlugin.obj
 0003:000016a4       ?gbClosingModalViewerEditor@@3HA 000000018003d6a4     ConEmuPlugin.obj
 0003:000016a8       ?gLastMouseReadEvent@@3U_MOUSE_EVENT_RECORD@@A 000000018003d6a8     ConEmuPlugin.obj
 0003:000016b8       ?gbUngetDummyMouseEvent@@3HA 000000018003d6b8     ConEmuPlugin.obj
 0003:000016bc       ?gnAllowDummyMouseEvent@@3JA 000000018003d6bc     ConEmuPlugin.obj
 0003:000016c0       ?gnDummyMouseEventFromMacro@@3JA 000000018003d6c0     ConEmuPlugin.obj
 0003:000016c4       ?gnDataSize@@3KA           000000018003d6c4     ConEmuPlugin.obj
 0003:000016c8       ?csData@@3PEAVMSection@@EA 000000018003d6c8     ConEmuPlugin.obj
 0003:000016d0       ?gpCmdRet@@3PEAUCESERVER_REQ@@EA 000000018003d6d0     ConEmuPlugin.obj
 0003:000016d8       ?gpData@@3PEAEEA           000000018003d6d8     ConEmuPlugin.obj
 0003:000016e0       ?gpCursor@@3PEAEEA         000000018003d6e0     ConEmuPlugin.obj
 0003:000016e8       ?gpReqCommandData@@3PEAXEA 000000018003d6e8     ConEmuPlugin.obj
 0003:000016fc       ?gnMsgTabChanged@@3IA      000000018003d6fc     ConEmuPlugin.obj
 0003:00001700       ?csTabs@@3PEAVMSection@@EA 000000018003d700     ConEmuPlugin.obj
 0003:00001708       ?gbPlugKeyChanged@@3HA     000000018003d708     ConEmuPlugin.obj
 0003:0000170c       ?gbNeedPostTabSend@@3HA    000000018003d70c     ConEmuPlugin.obj
 0003:00001710       ?ghRegMonitorKey@@3PEAUHKEY__@@EA 000000018003d710     ConEmuPlugin.obj
 0003:00001718       ?ghRegMonitorEvt@@3PEAXEA  000000018003d718     ConEmuPlugin.obj
 0003:00001720       ?ghPluginSemaphore@@3PEAXEA 000000018003d720     ConEmuPlugin.obj
 0003:00001728       ?gbNeedPostEditCheck@@3HA  000000018003d728     ConEmuPlugin.obj
 0003:0000172c       ?gbNeedPostReloadFarInfo@@3HA 000000018003d72c     ConEmuPlugin.obj
 0003:00001730       ?gsFarLang@@3PA_WA         000000018003d730     ConEmuPlugin.obj
 0003:000017b0       ?gnNeedPostTabSendTick@@3KA 000000018003d7b0     ConEmuPlugin.obj
 0003:000017b4       ?gbStartedUnderConsole2@@3HA 000000018003d7b4     ConEmuPlugin.obj
 0003:000017b8       ?gpConMapInfo@@3PEBUCESERVER_CONSOLE_MAPPING_HDR@@EB 000000018003d7b8     ConEmuPlugin.obj
 0003:000017c0       ?gnSelfPID@@3KA            000000018003d7c0     ConEmuPlugin.obj
 0003:000017c4       ?gbWaitConsoleInputEmpty@@3HA 000000018003d7c4     ConEmuPlugin.obj
 0003:000017c8       ?ghFarInfoMapping@@3PEAXEA 000000018003d7c8     ConEmuPlugin.obj
 0003:000017d0       ?gpFarInfo@@3PEAUCEFAR_INFO_MAPPING@@EA 000000018003d7d0     ConEmuPlugin.obj
 0003:000017d8       ?gpFarInfoMapping@@3PEAUCEFAR_INFO_MAPPING@@EA 000000018003d7d8     ConEmuPlugin.obj
 0003:000017e0       ?ghFarAliveEvent@@3PEAXEA  000000018003d7e0     ConEmuPlugin.obj
 0003:000017e8       ?gPanelRegLeft@@3Utag_PanelViewRegInfo@@A 000000018003d7e8     ConEmuPlugin.obj
 0003:00001818       ?gPanelRegRight@@3Utag_PanelViewRegInfo@@A 000000018003d818     ConEmuPlugin.obj
 0003:00001848       ?ghConEmuCtrlPressed@@3PEAXEA 000000018003d848     ConEmuPlugin.obj
 0003:00001850       ?ghConEmuShiftPressed@@3PEAXEA 000000018003d850     ConEmuPlugin.obj
 0003:00001858       ?gbWaitConsoleWrite@@3HA   000000018003d858     ConEmuPlugin.obj
 0003:0000185c       ?gnSynchroCount@@3HA       000000018003d85c     ConEmuPlugin.obj
 0003:00001860       ?ghConsoleInputEmpty@@3PEAXEA 000000018003d860     ConEmuPlugin.obj
 0003:00001868       ?ghConsoleWrite@@3PEAXEA   000000018003d868     ConEmuPlugin.obj
 0003:00001870       ?gbSynchroProhibited@@3_NA 000000018003d870     ConEmuPlugin.obj
 0003:00001871       ?gbInputSynchroPending@@3_NA 000000018003d871     ConEmuPlugin.obj
 0003:00001874       ?gbInfoW_OK@@3HA           000000018003d874     ConEmuPlugin.obj
 0003:00001878       ?gnPeekReadCount@@3KA      000000018003d878     ConEmuPlugin.obj
 0003:0000187c       ?gbExitFarCalled@@3HA      000000018003d87c     ConEmuPlugin.obj
 0003:00001888       ?gbWasDetached@@3HA        000000018003d888     ConEmuPlugin.obj
 0003:00001898       ?InfoW995@@3PEAUPluginStartupInfo@@EA 000000018003d898     ConEmuPlugin995.obj
 0003:000018a0       ?FSFW995@@3PEAUFarStandardFunctions@@EA 000000018003d8a0     ConEmuPlugin995.obj
 0003:00001ac8       ?InfoW1900@@3PEAUPluginStartupInfo@@EA 000000018003dac8     ConEmuPlugin1900.obj
 0003:00001ad0       ?FSFW1900@@3PEAUFarStandardFunctions@@EA 000000018003dad0     ConEmuPlugin1900.obj
 0003:00001d28       ?LastIndex@?1??Color2FgIndex@Far3Color@@SAXKAEAG@Z@4HA 000000018003dd28     ConEmuPlugin1900.obj
 0003:00001d2c       ?LastColor@?1??Color2FgIndex@Far3Color@@SAXKAEAG@Z@4KA 000000018003dd2c     ConEmuPlugin1900.obj
 0003:00001d30       ?LastIndex@?1??Color2BgIndex@Far3Color@@SAXKHAEAG@Z@4HA 000000018003dd30     ConEmuPlugin1900.obj
 0003:00001d34       ?LastColor@?1??Color2BgIndex@Far3Color@@SAXKHAEAG@Z@4KA 000000018003dd34     ConEmuPlugin1900.obj
 0003:00001d40       ?InfoW2800@@3PEAUPluginStartupInfo@@EA 000000018003dd40     ConEmuPlugin2800.obj
 0003:00001d48       ?FSFW2800@@3PEAUFarStandardFunctions@@EA 000000018003dd48     ConEmuPlugin2800.obj
 0003:00001fb0       ?InfoA@@3PEAUPluginStartupInfo@@EA 000000018003dfb0     ConEmuPluginA.obj
 0003:00001fb8       ?FSFA@@3PEAUFarStandardFunctions@@EA 000000018003dfb8     ConEmuPluginA.obj
 0003:000020d0       ?gbNeedBgActivate@@3HA     000000018003e0d0     PluginBackground.obj
 0003:000020d4       ?gbBgPluginsAllowed@@3HA   000000018003e0d4     PluginBackground.obj
 0003:000020d8       ?gpBgPlugin@@3PEAVCPluginBackground@@EA 000000018003e0d8     PluginBackground.obj
 0003:000020e0       ?gszPluginServerPipe@@3PA_WA 000000018003e0e0     PluginSrv.obj
 0003:000022e8       ?gpPlugServer@@3PEAU?$PipeServer@UCESERVER_REQ@@@@EA 000000018003e2e8     PluginSrv.obj
 0003:000022f0       ?ghServerTerminateEvent@@3PEAXEA 000000018003e2f0     PluginSrv.obj
 0003:000022f8       ?gbInCommonShutdown@@3HA   000000018003e2f8     Common.obj
 0003:00002300       ?OnShutdownConsole@@3P6AXXZEA 000000018003e300     Common.obj
 0003:00002308       ?gpLocalSecurity@@3PEAU_SECURITY_ATTRIBUTES@@EA 000000018003e308     ConEmuCheck.obj
 0003:00002310       ?ghWorkingModule@@3_KA     000000018003e310     ConEmuCheck.obj
 0003:00002378       ?ghHeap@@3PEAXEA           000000018003e378     Memory.obj
 0003:00002380       ?gNullDesc@@3PEAVMNullDesc@@EA 000000018003e380     MSecurity.obj
 0003:00002388       ?gpConsoleInfoStr@@3PEAU_CONSOLE_INFO@@EA 000000018003e388     WinConsole.obj
 0003:00002390       ?ghConsoleSection@@3PEAXEA 000000018003e390     WinConsole.obj
 0003:000023b8       ?Is_Window@@3P6AHPEAUHWND__@@@ZEA 000000018003e3b8     WinObjects.obj

 entry point at        0001:000022d0

 Static symbols

 0001:00000760       ?StringValidateDestW@@YAJPEB_W_K_K@Z 0000000180001760 f   ConEmuInjects.obj
 0001:000007a0       ?StringCopyWorkerW@@YAJPEA_W_KPEA_KPEB_W1@Z 00000001800017a0 f   ConEmuInjects.obj
 0001:000024e0       ?LoadFarVersion@@YA_NAEAUFarVersion@@AEAY0CAA@_W@Z 00000001800034e0 f   ConEmuPlugin.obj
 0001:00003f20       ?StringValidateDestW@@YAJPEB_W_K_K@Z 0000000180004f20 f   ConEmuPlugin.obj
 0001:00003f60       ?StringValidateDestAndLengthW@@YAJPEB_W_KPEA_K_K@Z 0000000180004f60 f   ConEmuPlugin.obj
 0001:00003fd0       ?StringLengthWorkerW@@YAJPEB_W_KPEA_K@Z 0000000180004fd0 f   ConEmuPlugin.obj
 0001:00004070       ?StringCopyWorkerW@@YAJPEA_W_KPEA_KPEB_W1@Z 0000000180005070 f   ConEmuPlugin.obj
 0001:00004160       ?ActivatePlugin@@YAHKPEAXK@Z 0000000180005160 f   ConEmuPlugin.obj
 0001:00004480       ?WaitPluginActivateion@@YAKKPEAPEAXHK@Z 0000000180005480 f   ConEmuPlugin.obj
 0001:00005440       ?ChangeExports@@YA_NPEBUExportFunc@@PEAUHINSTANCE__@@@Z 0000000180006440 f   ConEmuPlugin.obj
 0001:0000b2e0       ?GetPanelDir@@YAPEA_WPEAX@Z 000000018000c2e0 f   ConEmuPlugin995.obj
 0001:0000d4c0       ?LoadFarSettingsW995@@YAXPEAUCEFarInterfaceSettings@@PEAUCEFarPanelSettings@@@Z 000000018000e4c0 f   ConEmuPlugin995.obj
 0001:0000d9f0       ?CopyPanelInfoW@@YAXPEAUPanelInfo@@PEAUtag_BkPanelInfo@PaintBackgroundArg@@@Z 000000018000e9f0 f   ConEmuPlugin995.obj
 0001:0000dc80       ?CallGuiMacroProc@@YAXXZ   000000018000ec80 f   ConEmuPlugin995.obj
 0001:0000e030       ?CallGuiMacroDlg@@YA_JPEAXHH_J@Z 000000018000f030 f   ConEmuPlugin995.obj
 0001:0000ed90       ?GetPanelDir@@YAPEA_WPEAX@Z 000000018000fd90 f   ConEmuPlugin1900.obj
 0001:000122c0       ?LoadFarSettingsW1900@@YAXPEAUCEFarInterfaceSettings@@PEAUCEFarPanelSettings@@@Z 00000001800132c0 f   ConEmuPlugin1900.obj
 0001:000124d0       ?GetFarSetting@@YAHPEAX_KPEB_W@Z 00000001800134d0 f   ConEmuPlugin1900.obj
 0001:00012a20       ?CopyPanelInfoW@@YAXPEAUPanelInfo@@PEAUtag_BkPanelInfo@PaintBackgroundArg@@@Z 0000000180013a20 f   ConEmuPlugin1900.obj
 0001:00012dc0       ?CallGuiMacroProc@@YAXXZ   0000000180013dc0 f   ConEmuPlugin1900.obj
 0001:000131d0       ?CallGuiMacroDlg@@YA_JPEAXHH0@Z 00000001800141d0 f   ConEmuPlugin1900.obj
 0001:00014110       ?GetPanelDir@@YAPEA_WPEAX@Z 0000000180015110 f   ConEmuPlugin2800.obj
 0001:00016c50       ?LoadFarSettingsW2800@@YAXPEAUCEFarInterfaceSettings@@PEAUCEFarPanelSettings@@@Z 0000000180017c50 f   ConEmuPlugin2800.obj
 0001:00016e60       ?GetFarSetting@@YAHPEAX_KPEB_W@Z 0000000180017e60 f   ConEmuPlugin2800.obj
 0001:000173c0       ?CopyPanelInfoW@@YAXPEAUPanelInfo@@PEAUtag_BkPanelInfo@PaintBackgroundArg@@@Z 00000001800183c0 f   ConEmuPlugin2800.obj
 0001:00017760       ?CallGuiMacroProc@@YAXXZ   0000000180018760 f   ConEmuPlugin2800.obj
 0001:00017b70       ?CallGuiMacroDlg@@YA_JPEAX_J10@Z 0000000180018b70 f   ConEmuPlugin2800.obj
 0001:00018030       ?MAKEFARVERSION@@YA?AUVersionInfo@@KKKKW4VERSION_STAGE@@@Z 0000000180019030 f   ConEmuPlugin2800.obj
 0001:0001aaa0       ?LoadFarSettingsA@@YAXPEAUCEFarInterfaceSettings@@PEAUCEFarPanelSettings@@@Z 000000018001baa0 f   ConEmuPluginA.obj
 0001:0001ae30       ?CopyPanelInfo@@YAXPEAUPanelInfo@@PEAUtag_BkPanelInfo@PaintBackgroundArg@@@Z 000000018001be30 f   ConEmuPluginA.obj
 0001:0001afc0       ?CallGuiMacroProc@@YAXXZ   000000018001bfc0 f   ConEmuPluginA.obj
 0001:0001b3e0       ?CallGuiMacroDlg@@YA_JPEAXHH_J@Z 000000018001c3e0 f   ConEmuPluginA.obj
 0001:0001e410       ?StringValidateDestW@@YAJPEB_W_K_K@Z 000000018001f410 f   PluginBackground.obj
 0001:0001e450       ?StringCopyWorkerW@@YAJPEA_W_KPEA_KPEB_W1@Z 000000018001f450 f   PluginBackground.obj
 0001:000212b0       ?StringValidateDestW@@YAJPEB_W_K_K@Z 00000001800222b0 f   PluginSrv.obj
 0001:000212f0       ?StringCopyWorkerW@@YAJPEA_W_KPEA_KPEB_W1@Z 00000001800222f0 f   PluginSrv.obj
 0001:00023000       ?StringValidateDestW@@YAJPEB_W_K_K@Z 0000000180024000 f   Execute.obj
 0001:00023040       ?StringCopyWorkerW@@YAJPEA_W_KPEA_KPEB_W1@Z 0000000180024040 f   Execute.obj
 0001:00023f60       ?StringValidateDestW@@YAJPEB_W_K_K@Z 0000000180024f60 f   ConEmuCheck.obj
 0001:00023fa0       ?StringCopyWorkerW@@YAJPEA_W_KPEA_KPEB_W1@Z 0000000180024fa0 f   ConEmuCheck.obj
 0001:00025830       ?StringValidateDestW@@YAJPEB_W_K_K@Z 0000000180026830 f   ConEmuCheckEx.obj
 0001:00025870       ?StringCopyWorkerW@@YAJPEA_W_KPEA_KPEB_W1@Z 0000000180026870 f   ConEmuCheckEx.obj
 0001:00025a00       ?StringValidateDestAndLengthW@@YAJPEB_W_KPEA_K_K@Z 0000000180026a00 f   ConEmuCheckEx.obj
 0001:00025a70       ?StringLengthWorkerW@@YAJPEB_W_KPEA_K@Z 0000000180026a70 f   ConEmuCheckEx.obj
 0001:00025e50       ?StringValidateDestA@@YAJPEBD_K_K@Z 0000000180026e50 f   Memory.obj
 0001:00025e90       ?StringCopyWorkerA@@YAJPEAD_KPEA_KPEBD1@Z 0000000180026e90 f   Memory.obj
 0001:00026000       ?StringValidateDestW@@YAJPEB_W_K_K@Z 0000000180027000 f   Memory.obj
 0001:00026040       ?StringCopyWorkerW@@YAJPEA_W_KPEA_KPEB_W1@Z 0000000180027040 f   Memory.obj
 0001:0002bae0       ?StringValidateDestW@@YAJPEB_W_K_K@Z 000000018002cae0 f   WinObjects.obj
 0001:0002bb20       ?StringCopyWorkerW@@YAJPEA_W_KPEA_KPEB_W1@Z 000000018002cb20 f   WinObjects.obj
 0001:0002f590       ?StringValidateDestAndLengthW@@YAJPEB_W_KPEA_K_K@Z 0000000180030590 f   WinObjects.obj
 0001:0002f600       ?StringLengthWorkerW@@YAJPEB_W_KPEA_K@Z 0000000180030600 f   WinObjects.obj
