 ConEmu

 Timestamp is 526c4b66 (Sun Oct 27 03:08:22 2013)

 Preferred load address is 10000000

 Start         Length     Name                   Class
 0001:00000000 0002c8d6H .text                   CODE
 0002:00000000 00000348H .idata$5                DATA
 0002:00000350 00003960H .rdata                  DATA
 0002:00003cb0 0000007aH .rdata$debug            DATA
 0002:00003d30 0000000cH .rdata$sxdata           DATA
 0002:00003d40 0000003cH .xdata$x                DATA
 0002:00003d7c 00000078H .idata$2                DATA
 0002:00003df4 00000014H .idata$3                DATA
 0002:00003e08 00000348H .idata$4                DATA
 0002:00004150 00000ee4H .idata$6                DATA
 0002:00005040 00000337H .edata                  DATA
 0003:00000000 00000198H .data                   DATA
 0003:00000198 000023b0H .bss                    DATA
 0004:00000000 00000004H .CRT$XIC                DATA
 0005:00000000 00000058H .rsrc$01                DATA
 0005:00000060 00000290H .rsrc$02                DATA

  Address         Publics by Value              Rva+Base       Lib:Object

 0000:00000000       __except_list              00000000     <absolute>
 0000:00000003       ___safe_se_handler_count   00000003     <absolute>
 0000:00000000       ___ImageBase               10000000     <linker-defined>
 0001:00000000       ?StartupHooks@@YIHPAUHINSTANCE__@@@Z 10001000 f   ConEmuInjects.obj
 0001:00000360       ?ShutdownHooks@@YIXXZ      10001360 f   ConEmuInjects.obj
 0001:000004f0       ??$wcscpy_c@$0EA@@@YIHAAY0EA@_WPB_W@Z 100014f0 f i ConEmuInjects.obj
 0001:00000520       ?StringCchCopyW@@YGJPA_WIPB_W@Z 10001520 f i ConEmuInjects.obj
 0001:00000650       ?pcc_Selected@@YI_NW4PluginMenuCommands@@@Z 10001650 f   ConEmuPlugin.obj
 0001:000006c0       ?pcc_Disabled@@YI_NW4PluginMenuCommands@@@Z 100016c0 f   ConEmuPlugin.obj
 0001:00000770       ?GetPluginInfoWcmn@@YGXPAX@Z 10001770 f   ConEmuPlugin.obj
 0001:000007b0       ?CheckConEmuDetached@@YIXXZ 100017b0 f   ConEmuPlugin.obj
 0001:00000850       ??BHWND2@@QBEKXZ           10001850 f i ConEmuPlugin.obj
 0001:00000860       ?OpenPluginWcmn@@YIPAXHH_N@Z 10001860 f   ConEmuPlugin.obj
 0001:00000af0       _OpenPluginW@8             10001af0 f   ConEmuPlugin.obj
 0001:00000b30       ?TouchReadPeekConsoleInputs@@YIXH@Z 10001b30 f   ConEmuPlugin.obj
 0001:00000b70       ?OnMainThreadActivated@@YIXXZ 10001b70 f   ConEmuPlugin.obj
 0001:00000df0       ?IsFarLua@FarVersion@@QBE_NXZ 10001df0 f i ConEmuPlugin.obj
 0001:00000e40       ?OnConsolePeekReadInput@@YIXH@Z 10001e40 f   ConEmuPlugin.obj
 0001:00001030       ?OnPanelViewCallbacks@@YIHPAUHookCallbackArg@@P6GHPAXPAU_INPUT_RECORD@@KPAKPAH@Z5@Z 10002030 f   ConEmuPlugin.obj
 0001:00001110       ?OnShellExecuteExW_Except@@YGXPAUHookCallbackArg@@@Z 10002110 f   ConEmuPlugin.obj
 0001:00001150       ?OnGetNumberOfConsoleInputEventsPost@@YGXPAUHookCallbackArg@@@Z 10002150 f   ConEmuPlugin.obj
 0001:00001190       ?UngetDummyMouseEvent@@YIHHPAUHookCallbackArg@@@Z 10002190 f   ConEmuPlugin.obj
 0001:000013c0       ??4HANDLE2@@QAEAAU0@PAX@Z  100023c0 f i ConEmuPlugin.obj
 0001:000013e0       ?OnConsolePeekInput@@YGHPAUHookCallbackArg@@@Z 100023e0 f   ConEmuPlugin.obj
 0001:00001460       ?OnConsolePeekInputPost@@YGXPAUHookCallbackArg@@@Z 10002460 f   ConEmuPlugin.obj
 0001:000014a0       ?OnConsoleReadInputWork@@YIHPAUHookCallbackArg@@@Z 100024a0 f   ConEmuPlugin.obj
 0001:00001530       ?OnConsoleReadInput@@YGHPAUHookCallbackArg@@@Z 10002530 f   ConEmuPlugin.obj
 0001:00001540       ?OnConsoleReadInputPost@@YGXPAUHookCallbackArg@@@Z 10002540 f   ConEmuPlugin.obj
 0001:00001780       ?OnWriteConsoleOutput@@YGHPAUHookCallbackArg@@@Z 10002780 f   ConEmuPlugin.obj
 0001:00001860       _ProcessSynchroEventW@8    10002860 f   ConEmuPlugin.obj
 0001:00001910       ?ShutdownPluginStep@@YIXPB_WHHHH@Z 10002910 f   ConEmuPlugin.obj
 0001:00001930       _DllMain@12                10002930 f   ConEmuPlugin.obj
 0001:00001ba0       ??_GMSection@@QAEPAXI@Z    10002ba0 f i ConEmuPlugin.obj
 0001:00001bd0       ??_GCPluginBackground@@QAEPAXI@Z 10002bd0 f i ConEmuPlugin.obj
 0001:00001c00       __DllMainCRTStartup@12     10002c00 f   ConEmuPlugin.obj
 0001:00001c20       ?IsConsoleActive@@YGHXZ    10002c20 f   ConEmuPlugin.obj
 0001:00001c80       ?GetFarHWND2@@YGPAUHWND__@@H@Z 10002c80 f   ConEmuPlugin.obj
 0001:00001cf0       ?GetFarHWND@@YGPAUHWND__@@XZ 10002cf0 f   ConEmuPlugin.obj
 0001:00001d00       ?IsTerminalMode@@YGHXZ     10002d00 f   ConEmuPlugin.obj
 0001:00001d10       ?GetFarVersion@@YGXPAUFarVersion@@@Z 10002d10 f   ConEmuPlugin.obj
 0001:00001d40       ?LoadFarVersion@@YIHXZ     10002d40 f   ConEmuPlugin.obj
 0001:000020d0       ?RegisterPanelView@@YGHPAUPanelViewInit@@@Z 100030d0 f   ConEmuPlugin.obj
 0001:000022c0       ?RegisterBackground@@YGHPAURegisterBackgroundArg@@@Z 100032c0 f   ConEmuPlugin.obj
 0001:00002350       ?SyncExecute@@YGHPAUHINSTANCE__@@P6GXJ@ZJ@Z 10003350 f   ConEmuPlugin.obj
 0001:000023a0       ?ActivateConsole@@YGHXZ    100033a0 f   ConEmuPlugin.obj
 0001:00002430       ??BHWND2@@QBEPAUHWND__@@XZ 10003430 f i ConEmuPlugin.obj
 0001:00002440       ??4HWND2@@QAEAAU0@PAUHWND__@@@Z 10003440 f i ConEmuPlugin.obj
 0001:00002460       ?ExecuteSynchro@@YIXXZ     10003460 f   ConEmuPlugin.obj
 0001:00002520       ?ProcessCommand@@YIHKHPAXPAPAUCESERVER_REQ@@@Z 10003520 f   ConEmuPlugin.obj
 0001:000032a0       ?StringCchCatW@@YGJPA_WIPB_W@Z 100042a0 f i ConEmuPlugin.obj
 0001:00003870       ?FarSetConsoleSize@@YIHFF@Z 10004870 f   ConEmuPlugin.obj
 0001:00003980       ?OnConsoleDetaching@@YGHPAUHookCallbackArg@@@Z 10004980 f   ConEmuPlugin.obj
 0001:00003aa0       ?OnConsoleWasAttached@@YGXPAUHookCallbackArg@@@Z 10004aa0 f   ConEmuPlugin.obj
 0001:00003b00       ?MonitorThreadProcW@@YGKPAX@Z 10004b00 f   ConEmuPlugin.obj
 0001:00003ea0       ?CommonPluginStartup@@YIXXZ 10004ea0 f   ConEmuPlugin.obj
 0001:00003fc0       _SetStartupInfoW@4         10004fc0 f   ConEmuPlugin.obj
 0001:00004020       ?CloseMapHeader@@YIXXZ     10005020 f   ConEmuPlugin.obj
 0001:00004050       ?OpenMapHeader@@YIHXZ      10005050 f   ConEmuPlugin.obj
 0001:00004110       ?InitRootKey@@YIXXZ        10005110 f   ConEmuPlugin.obj
 0001:000041d0       ?InitHWND@@YIXXZ           100051d0 f   ConEmuPlugin.obj
 0001:000046e0       ?ReloadFarInfo@@YIHH@Z     100056e0 f   ConEmuPlugin.obj
 0001:00004b40       ?UpdateConEmuTabsW@@YI_NH_N0PAX@Z 10005b40 f   ConEmuPlugin.obj
 0001:00004c30       ?UpdateConEmuTabs@@YI_NH_N0PAX@Z 10005c30 f   ConEmuPlugin.obj
 0001:00004e40       ?CreateTabs@@YIHH@Z        10005e40 f   ConEmuPlugin.obj
 0001:00004f20       ?AddTab@@YIHAAH_N1HPB_W2HHHH@Z 10005f20 f   ConEmuPlugin.obj
 0001:00005340       _wmemcmp                   10006340 f i ConEmuPlugin.obj
 0001:000053a0       ?SendTabs@@YIXHH@Z         100063a0 f   ConEmuPlugin.obj
 0001:00005570       _ProcessEditorInputW@4     10006570 f   ConEmuPlugin.obj
 0001:000055b0       _ProcessEditorEventW@8     100065b0 f   ConEmuPlugin.obj
 0001:00005640       _ProcessViewerEventW@8     10006640 f   ConEmuPlugin.obj
 0001:000056c0       ?FillLoadedParm@@YIXPAUConEmuLoadedArg@@PAUHINSTANCE__@@H@Z 100066c0 f   ConEmuPlugin.obj
 0001:000057a0       ?NotifyConEmuUnloaded@@YIXXZ 100067a0 f   ConEmuPlugin.obj
 0001:000058e0       ?StopThread@@YIXXZ         100068e0 f   ConEmuPlugin.obj
 0001:00005c00       ??_G?$MFileMapping@UCESERVER_CONSOLE_MAPPING_HDR@@@@QAEPAXI@Z 10006c00 f i ConEmuPlugin.obj
 0001:00005c30       _ProcessDialogEventW@8     10006c30 f   ConEmuPlugin.obj
 0001:00005c40       ?OpenW@@YGPAXPBX@Z         10006c40 f   ConEmuPlugin.obj
 0001:00005c90       ?ProcessConsoleInputW@@YGHPAX@Z 10006c90 f   ConEmuPlugin.obj
 0001:00005cc0       ?ProcessEditorEventW3@@YGHPAX@Z 10006cc0 f   ConEmuPlugin.obj
 0001:00005cf0       ?ProcessViewerEventW3@@YGHPAX@Z 10006cf0 f   ConEmuPlugin.obj
 0001:00005d20       ?ProcessDialogEventW3@@YGHPAX@Z 10006d20 f   ConEmuPlugin.obj
 0001:00005d50       ?ProcessSynchroEventW3@@YGHPAX@Z 10006d50 f   ConEmuPlugin.obj
 0001:00005d80       ?ExitFarCmn@@YIXXZ         10006d80 f   ConEmuPlugin.obj
 0001:00005dc0       _ExitFARW@0                10006dc0 f   ConEmuPlugin.obj
 0001:00005e30       ?ExitFARW3@@YGXPAX@Z       10006e30 f   ConEmuPlugin.obj
 0001:00005e80       ?CheckResources@@YIXH@Z    10006e80 f   ConEmuPlugin.obj
 0001:00005fe0       ?InitResources@@YIXXZ      10006fe0 f   ConEmuPlugin.obj
 0001:000062b0       ?StringCchCopyNW@@YGJPA_WIPB_WI@Z 100072b0 f i ConEmuPlugin.obj
 0001:00006310       ?CloseTabs@@YIXXZ          10007310 f   ConEmuPlugin.obj
 0001:00006390       ?OutDataAlloc@@YIHK@Z      10007390 f   ConEmuPlugin.obj
 0001:00006400       ?OutDataRealloc@@YIHK@Z    10007400 f   ConEmuPlugin.obj
 0001:000064e0       ?OutDataWrite@@YIHPAXK@Z   100074e0 f   ConEmuPlugin.obj
 0001:000065b0       ?ShowMessage@@YIHHH@Z      100075b0 f   ConEmuPlugin.obj
 0001:00006620       ?ShowMessage@@YIHPB_WH_N@Z 10007620 f   ConEmuPlugin.obj
 0001:00006710       ?ShowMessageGui@@YIHHH@Z   10007710 f   ConEmuPlugin.obj
 0001:000067f0       ?GetMsgW@@YIPB_WH@Z        100077f0 f   ConEmuPlugin.obj
 0001:00006850       ?PostMacro@@YIXPB_WPAU_INPUT_RECORD@@@Z 10007850 f   ConEmuPlugin.obj
 0001:000069b0       ?ShowPluginMenu@@YIXW4PluginCallCommands@@@Z 100079b0 f   ConEmuPlugin.obj
 0001:000073f0       ?FindServerCmd@@YIHKAAK_N@Z 100083f0 f   ConEmuPlugin.obj
 0001:000074f0       ?Attach2Gui@@YIHXZ         100084f0 f   ConEmuPlugin.obj
 0001:00007970       ?StartDebugger@@YIHXZ      10008970 f   ConEmuPlugin.obj
 0001:00007ca0       ?wcsrchr@@YAPA_WPA_W_W@Z   10008ca0 f i ConEmuPlugin.obj
 0001:00007cc0       ?IsMacroActive@@YIHXZ      10008cc0 f   ConEmuPlugin.obj
 0001:00007d30       ?GetMacroArea@@YIHXZ       10008d30 f   ConEmuPlugin.obj
 0001:00007d90       ?RedrawAll@@YIXXZ          10008d90 f   ConEmuPlugin.obj
 0001:00007df0       ?GetEditorModifiedState@@YIKXZ 10008df0 f   ConEmuPlugin.obj
 0001:00007e40       ?GetActiveWindowType@@YIHXZ 10008e40 f   ConEmuPlugin.obj
 0001:00007e90       ?RunExternalProgramW@@YI_NPA_W0_N@Z 10008e90 f   ConEmuPlugin.obj
 0001:000080c0       ?Disable@MWow64Disable@@QAEXXZ 100090c0 f i ConEmuPlugin.obj
 0001:000080f0       ?Restore@MWow64Disable@@QAEXXZ 100090f0 f i ConEmuPlugin.obj
 0001:00008130       ??0MWow64Disable@@QAE@XZ   10009130 f i ConEmuPlugin.obj
 0001:000081b0       ??1MWow64Disable@@QAE@XZ   100091b0 f i ConEmuPlugin.obj
 0001:000081d0       ?ShowConsoleInfo@@YIXXZ    100091d0 f   ConEmuPlugin.obj
 0001:00008340       ?GetMainThreadId@@YIKXZ    10009340 f   ConEmuPlugin.obj
 0001:000083e0       ?OnLibraryLoaded@@YGXPAUHINSTANCE__@@@Z 100093e0 f   ConEmuPlugin.obj
 0001:00008460       ?_calloc@@YIPAXII@Z        10009460 f   ConEmuPlugin.obj
 0001:00008480       ?_malloc@@YIPAXI@Z         10009480 f   ConEmuPlugin.obj
 0001:000084a0       ?_free@@YIXPAX@Z           100094a0 f   ConEmuPlugin.obj
 0001:000084c0       ?Ptr@?$MFileMapping@UCESERVER_CONSOLE_MAPPING_HDR@@@@QAEPAUCESERVER_CONSOLE_MAPPING_HDR@@XZ 100094c0 f i ConEmuPlugin.obj
 0001:000084e0       ?InitName@?$MFileMapping@UCESERVER_CONSOLE_MAPPING_HDR@@@@QAEPB_WPB_WKK@Z 100094e0 f i ConEmuPlugin.obj
 0001:00008530       ?CloseMap@?$MFileMapping@UCESERVER_CONSOLE_MAPPING_HDR@@@@QAEXXZ 10009530 f i ConEmuPlugin.obj
 0001:000085a0       ?Open@?$MFileMapping@UCESERVER_CONSOLE_MAPPING_HDR@@@@QAEPAUCESERVER_CONSOLE_MAPPING_HDR@@HH@Z 100095a0 f i ConEmuPlugin.obj
 0001:000085c0       ??0?$MFileMapping@UCESERVER_CONSOLE_MAPPING_HDR@@@@QAE@XZ 100095c0 f i ConEmuPlugin.obj
 0001:00008620       ??1?$MFileMapping@UCESERVER_CONSOLE_MAPPING_HDR@@@@QAE@XZ 10009620 f i ConEmuPlugin.obj
 0001:00008640       ?ClosePtr@?$MFileMapping@UCESERVER_CONSOLE_MAPPING_HDR@@@@QAEXXZ 10009640 f i ConEmuPlugin.obj
 0001:00008670       ?InternalOpenCreate@?$MFileMapping@UCESERVER_CONSOLE_MAPPING_HDR@@@@IAEPAUCESERVER_CONSOLE_MAPPING_HDR@@HHH@Z 10009670 f i ConEmuPlugin.obj
 0001:00008860       ??$wcscpy_c@$0BBE@@@YIHAAY0BBE@_WPB_W@Z 10009860 f i ConEmuPlugin.obj
 0001:00008890       ??$wcscat_c@$0BBE@@@YIHAAY0BBE@_WPB_W@Z 10009890 f i ConEmuPlugin.obj
 0001:000088c0       ??$wcscat_c@$0CAE@@@YIHAAY0CAE@_WPB_W@Z 100098c0 f i ConEmuPlugin.obj
 0001:000088f0       ??$wcscpy_c@$0CAI@@@YIHAAY0CAI@_WPB_W@Z 100098f0 f i ConEmuPlugin.obj
 0001:00008920       _GetMinFarVersionW@0       10009920 f   ConEmuPlugin995.obj
 0001:00008930       ?GetPluginInfoW995@@YIXPAX@Z 10009930 f   ConEmuPlugin995.obj
 0001:000089c0       ?ProcessDragFromW995@@YIXXZ 100099c0 f   ConEmuPlugin995.obj
 0001:000091c0       ?ProcessDragToW995@@YIXXZ  1000a1c0 f   ConEmuPlugin995.obj
 0001:00009680       ?SetStartupInfoW995@@YIXPAX@Z 1000a680 f   ConEmuPlugin995.obj
 0001:00009880       ?GetEditorModifiedStateW995@@YIKXZ 1000a880 f   ConEmuPlugin995.obj
 0001:000098c0       ?ProcessEditorInputW995@@YIHPBX@Z 1000a8c0 f   ConEmuPlugin995.obj
 0001:00009930       ?UpdateConEmuTabsW995@@YI_NH_N0PAX@Z 1000a930 f   ConEmuPlugin995.obj
 0001:00009d60       ?ExitFARW995@@YIXXZ        1000ad60 f   ConEmuPlugin995.obj
 0001:00009de0       ?ShowMessageW995@@YIHPB_WH_N@Z 1000ade0 f   ConEmuPlugin995.obj
 0001:00009e50       ?ShowMessageW995@@YIHHH@Z  1000ae50 f   ConEmuPlugin995.obj
 0001:00009eb0       ?GetMsgW995@@YIPB_WH@Z     1000aeb0 f   ConEmuPlugin995.obj
 0001:00009ef0       ?SetWindowW995@@YIXH@Z     1000aef0 f   ConEmuPlugin995.obj
 0001:00009f50       ?PostMacroW995@@YIXPB_WPAU_INPUT_RECORD@@@Z 1000af50 f   ConEmuPlugin995.obj
 0001:0000a000       ?ShowPluginMenuW995@@YIHPAUConEmuPluginMenuItem@@H@Z 1000b000 f   ConEmuPlugin995.obj
 0001:0000a190       ?EditOutputW995@@YIHPB_WH@Z 1000b190 f   ConEmuPlugin995.obj
 0001:0000a250       ?ExecuteSynchroW995@@YIHXZ 1000b250 f   ConEmuPlugin995.obj
 0001:0000a2e0       ?WaitEndSynchroW995@@YIXXZ 1000b2e0 f   ConEmuPlugin995.obj
 0001:0000a470       ?StopWaitEndSynchroW995@@YIXXZ 1000b470 f   ConEmuPlugin995.obj
 0001:0000a4a0       ?IsMacroActiveW995@@YIHXZ  1000b4a0 f   ConEmuPlugin995.obj
 0001:0000a500       ?GetMacroAreaW995@@YIHXZ   1000b500 f   ConEmuPlugin995.obj
 0001:0000a540       ?RedrawAllW995@@YIXXZ      1000b540 f   ConEmuPlugin995.obj
 0001:0000a570       ?LoadPluginW995@@YI_NPA_W@Z 1000b570 f   ConEmuPlugin995.obj
 0001:0000a5a0       ?RunExternalProgramW995@@YI_NPA_W@Z 1000b5a0 f   ConEmuPlugin995.obj
 0001:0000a890       ?wcschr@@YAPA_WPA_W_W@Z    1000b890 f i ConEmuPlugin995.obj
 0001:0000a8b0       ?wcsstr@@YAPA_WPA_WPB_W@Z  1000b8b0 f i ConEmuPlugin995.obj
 0001:0000a8d0       ?ProcessCommandLineW995@@YI_NPA_W@Z 1000b8d0 f   ConEmuPlugin995.obj
 0001:0000a920       ?LoadFarColorsW995@@YIXAAY0BAA@E@Z 1000b920 f   ConEmuPlugin995.obj
 0001:0000aa10       ?ReloadFarInfoW995@@YIHXZ  1000ba10 f   ConEmuPlugin995.obj
 0001:0000ac40       ?ExecuteQuitFar995@@YIXXZ  1000bc40 f   ConEmuPlugin995.obj
 0001:0000ac90       ?CheckBufferEnabledW995@@YIHXZ 1000bc90 f   ConEmuPlugin995.obj
 0001:0000ad30       ?FillUpdateBackgroundW995@@YIXPAUPaintBackgroundArg@@@Z 1000bd30 f   ConEmuPlugin995.obj
 0001:0000b100       ?GetActiveWindowTypeW995@@YIHXZ 1000c100 f   ConEmuPlugin995.obj
 0001:0000b1d0       ?GuiMacroDlgW995@@YIXXZ    1000c1d0 f   ConEmuPlugin995.obj
 0001:0000b6e0       ?GetPluginInfoW1900@@YIXPAX@Z 1000c6e0 f   ConEmuPlugin1900.obj
 0001:0000b750       ?ProcessDragFromW1900@@YIXXZ 1000c750 f   ConEmuPlugin1900.obj
 0001:0000c080       ?ProcessDragToW1900@@YIXXZ 1000d080 f   ConEmuPlugin1900.obj
 0001:0000c610       ?SetStartupInfoW1900@@YIXPAX@Z 1000d610 f   ConEmuPlugin1900.obj
 0001:0000c780       ?GetEditorModifiedStateW1900@@YIKXZ 1000d780 f   ConEmuPlugin1900.obj
 0001:0000c7c0       ?ProcessEditorEventW1900@@YGHPAX@Z 1000d7c0 f   ConEmuPlugin1900.obj
 0001:0000c7f0       ?ProcessViewerEventW1900@@YGHPAX@Z 1000d7f0 f   ConEmuPlugin1900.obj
 0001:0000c820       ?ProcessDialogEventW1900@@YGHPAX@Z 1000d820 f   ConEmuPlugin1900.obj
 0001:0000c850       ?ProcessSynchroEventW1900@@YGHPAX@Z 1000d850 f   ConEmuPlugin1900.obj
 0001:0000c880       ?ProcessEditorInputW1900@@YIHPBX@Z 1000d880 f   ConEmuPlugin1900.obj
 0001:0000c900       ?UpdateConEmuTabsW1900@@YI_NH_N0PAX@Z 1000d900 f   ConEmuPlugin1900.obj
 0001:0000d060       ?ExitFARW1900@@YIXXZ       1000e060 f   ConEmuPlugin1900.obj
 0001:0000d0e0       ?ShowMessageW1900@@YIHPB_WH_N@Z 1000e0e0 f   ConEmuPlugin1900.obj
 0001:0000d1a0       ?ShowMessageW1900@@YIHHH@Z 1000e1a0 f   ConEmuPlugin1900.obj
 0001:0000d200       ?GetMsgW1900@@YIPB_WH@Z    1000e200 f   ConEmuPlugin1900.obj
 0001:0000d240       ?SetWindowW1900@@YIXH@Z    1000e240 f   ConEmuPlugin1900.obj
 0001:0000d2a0       ?PostMacroW1900@@YIXPB_WPAU_INPUT_RECORD@@@Z 1000e2a0 f   ConEmuPlugin1900.obj
 0001:0000d990       ?ShowPluginMenuW1900@@YIHPAUConEmuPluginMenuItem@@H@Z 1000e990 f   ConEmuPlugin1900.obj
 0001:0000dbb0       ?EditOutputW1900@@YIHPB_WH@Z 1000ebb0 f   ConEmuPlugin1900.obj
 0001:0000dc70       ?ExecuteSynchroW1900@@YIHXZ 1000ec70 f   ConEmuPlugin1900.obj
 0001:0000dd00       ?WaitEndSynchroW1900@@YIXXZ 1000ed00 f   ConEmuPlugin1900.obj
 0001:0000dd10       ?StopWaitEndSynchroW1900@@YIXXZ 1000ed10 f   ConEmuPlugin1900.obj
 0001:0000dd40       ?IsMacroActiveW1900@@YIHXZ 1000ed40 f   ConEmuPlugin1900.obj
 0001:0000dd80       ?GetMacroAreaW1900@@YIHXZ  1000ed80 f   ConEmuPlugin1900.obj
 0001:0000ddb0       ?RedrawAllW1900@@YIXXZ     1000edb0 f   ConEmuPlugin1900.obj
 0001:0000dde0       ?LoadPluginW1900@@YI_NPA_W@Z 1000ede0 f   ConEmuPlugin1900.obj
 0001:0000de10       ?RunExternalProgramW1900@@YI_NPA_W@Z 1000ee10 f   ConEmuPlugin1900.obj
 0001:0000e0f0       ?ProcessCommandLineW1900@@YI_NPA_W@Z 1000f0f0 f   ConEmuPlugin1900.obj
 0001:0000e140       ?LoadFarColorsW1900@@YIXAAY0BAA@E@Z 1000f140 f   ConEmuPlugin1900.obj
 0001:0000e2d0       ?FarColor_3_2@@YIEABUFarColor@@@Z 1000f2d0 f i ConEmuPlugin1900.obj
 0001:0000e3d0       ?Color2FgIndex@Far3Color@@SIXKAAG@Z 1000f3d0 f i ConEmuPlugin1900.obj
 0001:0000e510       ?Max@Far3Color@@SIHHH@Z    1000f510 f i ConEmuPlugin1900.obj
 0001:0000e540       ?GetStdIndex@Far3Color@@SIHK@Z 1000f540 f i ConEmuPlugin1900.obj
 0001:0000e5f0       ?Color2BgIndex@Far3Color@@SIXKHAAG@Z 1000f5f0 f i ConEmuPlugin1900.obj
 0001:0000e760       ?ReloadFarInfoW1900@@YIHXZ 1000f760 f   ConEmuPlugin1900.obj
 0001:0000eb20       ?ExecuteQuitFarW1900@@YIXXZ 1000fb20 f   ConEmuPlugin1900.obj
 0001:0000eb70       ?CheckBufferEnabledW1900@@YIHXZ 1000fb70 f   ConEmuPlugin1900.obj
 0001:0000ec10       ?FillUpdateBackgroundW1900@@YIXPAUPaintBackgroundArg@@@Z 1000fc10 f   ConEmuPlugin1900.obj
 0001:0000f130       ?GetActiveWindowTypeW1900@@YIHXZ 10010130 f   ConEmuPlugin1900.obj
 0001:0000f1f0       ?GuiMacroDlgW1900@@YIXXZ   100101f0 f   ConEmuPlugin1900.obj
 0001:0000f7b0       ?OpenW1900@@YGPAXPBX@Z     100107b0 f   ConEmuPlugin1900.obj
 0001:0000f8d0       ?ProcessConsoleInputW1900@@YGHPAX@Z 100108d0 f   ConEmuPlugin1900.obj
 0001:0000f8f0       ?GetPluginInfoW2800@@YIXPAX@Z 100108f0 f   ConEmuPlugin2800.obj
 0001:0000f960       ?ProcessDragFromW2800@@YIXXZ 10010960 f   ConEmuPlugin2800.obj
 0001:00010290       ?ProcessDragToW2800@@YIXXZ 10011290 f   ConEmuPlugin2800.obj
 0001:00010820       ?SetStartupInfoW2800@@YIXPAX@Z 10011820 f   ConEmuPlugin2800.obj
 0001:00010990       ?GetEditorModifiedStateW2800@@YIKXZ 10011990 f   ConEmuPlugin2800.obj
 0001:000109d0       ?ProcessEditorEventW2800@@YGHPAX@Z 100119d0 f   ConEmuPlugin2800.obj
 0001:00010a00       ?ProcessViewerEventW2800@@YGHPAX@Z 10011a00 f   ConEmuPlugin2800.obj
 0001:00010a30       ?ProcessDialogEventW2800@@YGHPAX@Z 10011a30 f   ConEmuPlugin2800.obj
 0001:00010a60       ?ProcessSynchroEventW2800@@YGHPAX@Z 10011a60 f   ConEmuPlugin2800.obj
 0001:00010a90       ?ProcessEditorInputW2800@@YIHPBX@Z 10011a90 f   ConEmuPlugin2800.obj
 0001:00010b10       ?UpdateConEmuTabsW2800@@YI_NH_N0PAX@Z 10011b10 f   ConEmuPlugin2800.obj
 0001:00011300       ?ExitFARW2800@@YIXXZ       10012300 f   ConEmuPlugin2800.obj
 0001:00011380       ?ShowMessageW2800@@YIHPB_WH_N@Z 10012380 f   ConEmuPlugin2800.obj
 0001:00011440       ?ShowMessageW2800@@YIHHH@Z 10012440 f   ConEmuPlugin2800.obj
 0001:000114a0       ?GetMsgW2800@@YIPB_WH@Z    100124a0 f   ConEmuPlugin2800.obj
 0001:000114e0       ?SetWindowW2800@@YIXH@Z    100124e0 f   ConEmuPlugin2800.obj
 0001:00011540       ?BackgroundMacroError@@YGKPAX@Z 10012540 f   ConEmuPlugin2800.obj
 0001:00011590       ?PostMacroW2800@@YIXPB_WPAU_INPUT_RECORD@@@Z 10012590 f   ConEmuPlugin2800.obj
 0001:00011900       ?ShowPluginMenuW2800@@YIHPAUConEmuPluginMenuItem@@H@Z 10012900 f   ConEmuPlugin2800.obj
 0001:00011b20       ?EditOutputW2800@@YIHPB_WH@Z 10012b20 f   ConEmuPlugin2800.obj
 0001:00011be0       ?ExecuteSynchroW2800@@YIHXZ 10012be0 f   ConEmuPlugin2800.obj
 0001:00011c70       ?WaitEndSynchroW2800@@YIXXZ 10012c70 f   ConEmuPlugin2800.obj
 0001:00011c80       ?StopWaitEndSynchroW2800@@YIXXZ 10012c80 f   ConEmuPlugin2800.obj
 0001:00011cb0       ?IsMacroActiveW2800@@YIHXZ 10012cb0 f   ConEmuPlugin2800.obj
 0001:00011cf0       ?GetMacroAreaW2800@@YIHXZ  10012cf0 f   ConEmuPlugin2800.obj
 0001:00011d20       ?RedrawAllW2800@@YIXXZ     10012d20 f   ConEmuPlugin2800.obj
 0001:00011d50       ?LoadPluginW2800@@YI_NPA_W@Z 10012d50 f   ConEmuPlugin2800.obj
 0001:00011d90       ?RunExternalProgramW2800@@YI_NPA_W@Z 10012d90 f   ConEmuPlugin2800.obj
 0001:00012070       ?ProcessCommandLineW2800@@YI_NPA_W@Z 10013070 f   ConEmuPlugin2800.obj
 0001:000120c0       ?LoadFarColorsW2800@@YIXAAY0BAA@E@Z 100130c0 f   ConEmuPlugin2800.obj
 0001:00012250       ?ReloadFarInfoW2800@@YIHXZ 10013250 f   ConEmuPlugin2800.obj
 0001:00012610       ?ExecuteQuitFarW2800@@YIXXZ 10013610 f   ConEmuPlugin2800.obj
 0001:00012660       ?CheckBufferEnabledW2800@@YIHXZ 10013660 f   ConEmuPlugin2800.obj
 0001:00012700       ?FillUpdateBackgroundW2800@@YIXPAUPaintBackgroundArg@@@Z 10013700 f   ConEmuPlugin2800.obj
 0001:00012c20       ?GetActiveWindowTypeW2800@@YIHXZ 10013c20 f   ConEmuPlugin2800.obj
 0001:00012ce0       ?GuiMacroDlgW2800@@YIXXZ   10013ce0 f   ConEmuPlugin2800.obj
 0001:00013230       _GetGlobalInfoW@4          10014230 f   ConEmuPlugin2800.obj
 0001:00013410       ?OpenW2800@@YGPAXPBX@Z     10014410 f   ConEmuPlugin2800.obj
 0001:00013550       ?ProcessConsoleInputW2800@@YGHPAX@Z 10014550 f   ConEmuPlugin2800.obj
 0001:00013570       _GetMinFarVersion@0        10014570 f   ConEmuPluginA.obj
 0001:000135c0       _OpenPlugin@8              100145c0 f   ConEmuPluginA.obj
 0001:00013630       ?ProcessDragFromA@@YIXXZ   10014630 f   ConEmuPluginA.obj
 0001:00013d20       ?ProcessDragToA@@YIXXZ     10014d20 f   ConEmuPluginA.obj
 0001:000141d0       _SetStartupInfo@4          100151d0 f   ConEmuPluginA.obj
 0001:00014410       _GetPluginInfo@4           10015410 f   ConEmuPluginA.obj
 0001:000144c0       ?GetEditorModifiedStateA@@YIKXZ 100154c0 f   ConEmuPluginA.obj
 0001:00014500       _ProcessEditorInput@4      10015500 f   ConEmuPluginA.obj
 0001:00014570       _ProcessEditorEvent@8      10015570 f   ConEmuPluginA.obj
 0001:00014600       _ProcessViewerEvent@8      10015600 f   ConEmuPluginA.obj
 0001:00014680       ?UpdateConEmuTabsA@@YI_NH_N0PAX@Z 10015680 f   ConEmuPluginA.obj
 0001:00014a50       _ProcessDialogEvent@8      10015a50 f   ConEmuPluginA.obj
 0001:00014a60       _ExitFAR@0                 10015a60 f   ConEmuPluginA.obj
 0001:00014ae0       ?ShowMessageA@@YIHPBDH_N@Z 10015ae0 f   ConEmuPluginA.obj
 0001:00014b50       ?ShowMessageA@@YIHHH@Z     10015b50 f   ConEmuPluginA.obj
 0001:00014bb0       ?SetWindowA@@YIXH@Z        10015bb0 f   ConEmuPluginA.obj
 0001:00014c20       ?PostMacroA@@YIXPADPAU_INPUT_RECORD@@@Z 10015c20 f   ConEmuPluginA.obj
 0001:00014cc0       ?ShowPluginMenuA@@YIHPAUConEmuPluginMenuItem@@H@Z 10015cc0 f   ConEmuPluginA.obj
 0001:00014eb0       ?EditOutputA@@YIHPB_WH@Z   10015eb0 f   ConEmuPluginA.obj
 0001:00014fd0       ?GetMsgA@@YIXHAAY0BAE@_W@Z 10015fd0 f   ConEmuPluginA.obj
 0001:00015080       ?IsMacroActiveA@@YIHXZ     10016080 f   ConEmuPluginA.obj
 0001:000150e0       ?RedrawAllA@@YIXXZ         100160e0 f   ConEmuPluginA.obj
 0001:00015110       ?RunExternalProgramA@@YI_NPAD@Z 10016110 f   ConEmuPluginA.obj
 0001:000153b0       ?ProcessCommandLineA@@YI_NPAD@Z 100163b0 f   ConEmuPluginA.obj
 0001:00015400       ?LoadFarColorsA@@YIXAAY0BAA@E@Z 10016400 f   ConEmuPluginA.obj
 0001:000154f0       ?ReloadFarInfoA@@YIHXZ     100164f0 f   ConEmuPluginA.obj
 0001:00015660       ?ExecuteQuitFarA@@YIXXZ    10016660 f   ConEmuPluginA.obj
 0001:00015680       ?FillUpdateBackgroundA@@YIXPAUPaintBackgroundArg@@@Z 10016680 f   ConEmuPluginA.obj
 0001:00015990       ?GetActiveWindowTypeA@@YIHXZ 10016990 f   ConEmuPluginA.obj
 0001:00015a10       ?GuiMacroDlgA@@YIXXZ       10016a10 f   ConEmuPluginA.obj
 0001:00016060       ??0CPluginBackground@@QAE@XZ 10017060 f   PluginBackground.obj
 0001:000162a0       ??1CPluginBackground@@QAE@XZ 100172a0 f   PluginBackground.obj
 0001:000164f0       ?RegisterSubplugin@CPluginBackground@@QAEHPAURegisterBackgroundArg@@@Z 100174f0 f   PluginBackground.obj
 0001:000167e0       ?ReallocItems@CPluginBackground@@IAEXH@Z 100177e0 f   PluginBackground.obj
 0001:00016860       ?OnMainThreadActivated@CPluginBackground@@QAEXHH@Z 10017860 f   PluginBackground.obj
 0001:00016980       ?SetForceCheck@CPluginBackground@@QAEXXZ 10017980 f   PluginBackground.obj
 0001:000169b0       ?SetForceUpdate@CPluginBackground@@QAEX_N@Z 100179b0 f   PluginBackground.obj
 0001:000169f0       ?SetForceThLoad@CPluginBackground@@QAEXXZ 100179f0 f   PluginBackground.obj
 0001:00016a30       ?IsParmChanged@CPluginBackground@@IAE_NPAUPaintBackgroundArg@@0@Z 10017a30 f   PluginBackground.obj
 0001:00016d10       ?CheckPanelFolders@CPluginBackground@@IAEXH@Z 10017d10 f   PluginBackground.obj
 0001:00016e70       ?SetDcPanelRect@CPluginBackground@@IAEXPAUtagRECT@@PAUtag_BkPanelInfo@PaintBackgroundArg@@PAU4@@Z 10017e70 f   PluginBackground.obj
 0001:00016fb0       ?UpdateBackground_Exec@CPluginBackground@@KIXPAURegisterBackgroundArg@@PAUPaintBackgroundArg@@@Z 10017fb0 f   PluginBackground.obj
 0001:00016ff0       ?UpdateBackground@CPluginBackground@@IAEXXZ 10017ff0 f   PluginBackground.obj
 0001:00017e50       ?LoadThSet@CPluginBackground@@IAEHH@Z 10018e50 f   PluginBackground.obj
 0001:00018070       ?MonitorBackground@CPluginBackground@@QAEXXZ 10019070 f   PluginBackground.obj
 0001:00018110       ?GetTo@?$MFileMapping@UPanelViewSetMapping@@@@QAE_NPAUPanelViewSetMapping@@H@Z 10019110 f i PluginBackground.obj
 0001:00018160       ?InitName@?$MFileMapping@UPanelViewSetMapping@@@@QAEPB_WPB_WKK@Z 10019160 f i PluginBackground.obj
 0001:000181b0       ?CloseMap@?$MFileMapping@UPanelViewSetMapping@@@@QAEXXZ 100191b0 f i PluginBackground.obj
 0001:00018220       ?Open@?$MFileMapping@UPanelViewSetMapping@@@@QAEPAUPanelViewSetMapping@@HH@Z 10019220 f i PluginBackground.obj
 0001:00018240       ??0?$MFileMapping@UPanelViewSetMapping@@@@QAE@XZ 10019240 f i PluginBackground.obj
 0001:000182a0       ??1?$MFileMapping@UPanelViewSetMapping@@@@QAE@XZ 100192a0 f i PluginBackground.obj
 0001:000182c0       ?IsValid@?$MFileMapping@UPanelViewSetMapping@@@@QAE_NXZ 100192c0 f i PluginBackground.obj
 0001:000182e0       ?ClosePtr@?$MFileMapping@UPanelViewSetMapping@@@@QAEXXZ 100192e0 f i PluginBackground.obj
 0001:00018310       ?InternalOpenCreate@?$MFileMapping@UPanelViewSetMapping@@@@IAEPAUPanelViewSetMapping@@HHH@Z 10019310 f i PluginBackground.obj
 0001:000185e0       ?PlugServerInit@@YIXXZ     100195e0 f   PluginSrv.obj
 0001:000185f0       ?PlugServerStart@@YI_NXZ   100195f0 f   PluginSrv.obj
 0001:000186e0       ?PlugServerStop@@YIX_N@Z   100196e0 f   PluginSrv.obj
 0001:00018730       ?PlugServerCommand@@YGHPAXPAUCESERVER_REQ@@AAPAU1@AAK3J@Z 10019730 f   PluginSrv.obj
 0001:00018cf0       ?PlugServerFree@@YGXPAUCESERVER_REQ@@J@Z 10019cf0 f   PluginSrv.obj
 0001:00018d00       ?SetOverlapped@?$PipeServer@UCESERVER_REQ@@@@QAEX_N@Z 10019d00 f i PluginSrv.obj
 0001:00018d20       ?SetLoopCommands@?$PipeServer@UCESERVER_REQ@@@@QAEX_N@Z 10019d20 f i PluginSrv.obj
 0001:00018d40       ?SetDummyAnswerSize@?$PipeServer@UCESERVER_REQ@@@@QAEXH@Z 10019d40 f i PluginSrv.obj
 0001:00018d60       ?SetMaxCount@?$PipeServer@UCESERVER_REQ@@@@QAEXH@Z 10019d60 f i PluginSrv.obj
 0001:00018da0       ?StartPipeServer@?$PipeServer@UCESERVER_REQ@@@@QAE_NPB_WJPAU_SECURITY_ATTRIBUTES@@P6GHPAXPAUCESERVER_REQ@@AAPAU3@AAK5J@ZP6GX3J@ZP6GH2J@Z88@Z 10019da0 f i PluginSrv.obj
 0001:00018f80       ?StopPipeServer@?$PipeServer@UCESERVER_REQ@@@@QAEX_N@Z 10019f80 f i PluginSrv.obj
 0001:000194a0       ?BreakConnection@?$PipeServer@UCESERVER_REQ@@@@QAEXPAX@Z 1001a4a0 f i PluginSrv.obj
 0001:000194c0       ?DumpError@?$PipeServer@UCESERVER_REQ@@@@IAEXPAUPipeInst@1@PB_WH@Z 1001a4c0 f i PluginSrv.obj
 0001:000195b0       ?_Disconnect@?$PipeServer@UCESERVER_REQ@@@@IAEXPAUPipeInst@1@_N11@Z 1001a5b0 f i PluginSrv.obj
 0001:00019630       ?StartPipeInstance@?$PipeServer@UCESERVER_REQ@@@@IAE_NPAUPipeInst@1@@Z 1001a630 f i PluginSrv.obj
 0001:00019730       ?_PipeServerThread@?$PipeServer@UCESERVER_REQ@@@@KGKPAX@Z 1001a730 f i PluginSrv.obj
 0001:000197b0       ?PipeServerThread@?$PipeServer@UCESERVER_REQ@@@@IAEKPAUPipeInst@1@@Z 1001a7b0 f i PluginSrv.obj
 0001:00019b40       ?PipeServerRead@?$PipeServer@UCESERVER_REQ@@@@IAEHPAUPipeInst@1@@Z 1001ab40 f i PluginSrv.obj
 0001:00019ea0       ?PipeServerWrite@?$PipeServer@UCESERVER_REQ@@@@IAEHPAUPipeInst@1@PBXKPAKH@Z 1001aea0 f i PluginSrv.obj
 0001:0001a040       ?WaitForClient@?$PipeServer@UCESERVER_REQ@@@@IAE_NPAUPipeInst@1@AAH1@Z 1001b040 f i PluginSrv.obj
 0001:0001a420       ?WriteDummyAnswer@?$PipeServer@UCESERVER_REQ@@@@IAEHPAUPipeInst@1@@Z 1001b420 f i PluginSrv.obj
 0001:0001a4a0       ?WaitOverlapped@?$PipeServer@UCESERVER_REQ@@@@IAEHPAUPipeInst@1@PAK@Z 1001b4a0 f i PluginSrv.obj
 0001:0001a6d0       ?AllocRequestBuf@PipeInst@?$PipeServer@UCESERVER_REQ@@@@QAEPAUCESERVER_REQ@@K@Z 1001b6d0 f i PluginSrv.obj
 0001:0001a750       ??$wcscpy_c@$0BAE@@@YIHAAY0BAE@_WPB_W@Z 1001b750 f i PluginSrv.obj
 0001:0001a860       ?PackInputRecord@@YIHPBU_INPUT_RECORD@@PAUMsgStr@MSG64@@@Z 1001b860 f   Common.obj
 0001:0001aa70       ?UnpackInputRecord@@YIHPBUMsgStr@MSG64@@PAU_INPUT_RECORD@@@Z 1001ba70 f   Common.obj
 0001:0001acd0       ?TranslateKeyPress@@YIXGK_WHPAU_INPUT_RECORD@@1@Z 1001bcd0 f   Common.obj
 0001:0001ae40       ?CommonShutdown@@YIXXZ     1001be40 f   Common.obj
 0001:0001ae70       ?GetImageSubsystem@@YI_NPB_WAAK11@Z 1001be70 f   Execute.obj
 0001:0001b1c0       ?GetImageSubsystem@@YI_NAAK0@Z 1001c1c0 f   Execute.obj
 0001:0001b270       ?GetImageSubsystem@@YI_NU_PROCESS_INFORMATION@@AAK1@Z 1001c270 f   Execute.obj
 0001:0001b460       ?GetEnclosingSectionHeader@@YIPAU_IMAGE_SECTION_HEADER@@KPAUIMAGE_MAPPING@@@Z 1001c460 f   Execute.obj
 0001:0001b4f0       ?GetPtrFromRVA@@YIPAXKPAUIMAGE_MAPPING@@@Z 1001c4f0 f   Execute.obj
 0001:0001b550       ?FindImageSubsystem@@YI_NPB_WAAK11@Z 1001c550 f   Execute.obj
 0001:0001be20       ?ModuleName@@YIPB_WPB_W@Z  1001ce20 f   ConEmuCheck.obj
 0001:0001bf00       ?ExecuteOpenPipe@@YIPAXPB_WAAY0CAI@_W0KKHPAX@Z 1001cf00 f   ConEmuCheck.obj
 0001:0001c130       ?ExecutePrepareCmd@@YIXPAUCESERVER_REQ@@KI@Z 1001d130 f   ConEmuCheck.obj
 0001:0001c180       ?ExecutePrepareCmd@@YIXPAUCESERVER_REQ_HDR@@KI@Z 1001d180 f   ConEmuCheck.obj
 0001:0001c220       ?ExecuteNewCmd@@YIPAUCESERVER_REQ@@KI@Z 1001d220 f   ConEmuCheck.obj
 0001:0001c280       ?ExecuteNewCmd@@YIHAAPAUCESERVER_REQ@@AAKKI@Z 1001d280 f   ConEmuCheck.obj
 0001:0001c300       ?LoadSrvMapping@@YIHPAUHWND__@@AAUCESERVER_CONSOLE_MAPPING_HDR@@@Z 1001d300 f   ConEmuCheck.obj
 0001:0001c420       ?LoadGuiMapping@@YIHKAAUConEmuGuiMapping@@@Z 1001d420 f   ConEmuCheck.obj
 0001:0001c540       ?ExecuteNewCmdOnCreate@@YIPAUCESERVER_REQ@@PAUCESERVER_CONSOLE_MAPPING_HDR@@PAUHWND__@@W4CmdOnCreateType@@PB_W33PAK444HHPAX55@Z 1001d540 f   ConEmuCheck.obj
 0001:0001c9b0       ?ExecuteGuiCmd@@YIPAUCESERVER_REQ@@PAUHWND__@@PAU1@0H@Z 1001d9b0 f   ConEmuCheck.obj
 0001:0001ca40       ?ExecuteSrvCmd@@YIPAUCESERVER_REQ@@KPAU1@PAUHWND__@@HK@Z 1001da40 f   ConEmuCheck.obj
 0001:0001cae0       ?ExecuteHkCmd@@YIPAUCESERVER_REQ@@KPAU1@PAUHWND__@@H@Z 1001dae0 f   ConEmuCheck.obj
 0001:0001cb80       ?ExecuteCmd@@YIPAUCESERVER_REQ@@PB_WPAU1@KPAUHWND__@@HK@Z 1001db80 f   ConEmuCheck.obj
 0001:0001ce40       ?ExecuteFreeResult@@YIXAAPAUCESERVER_REQ@@@Z 1001de40 f   ConEmuCheck.obj
 0001:0001ce80       ?myGetConsoleWindow@@YIPAUHWND__@@XZ 1001de80 f   ConEmuCheck.obj
 0001:0001cf00       ?GetConEmuHWND@@YIPAUHWND__@@H@Z 1001df00 f   ConEmuCheck.obj
 0001:0001d0b0       ?ConEmuCheck@@YIHPAPAUHWND__@@@Z 1001e0b0 f   ConEmuCheck.obj
 0001:0001d0f0       ?GuiMessageBox@@YIHPAUHWND__@@PB_W1H@Z 1001e0f0 f   ConEmuCheck.obj
 0001:0001d2b0       ?InitName@?$MFileMapping@UConEmuGuiMapping@@@@QAEPB_WPB_WKK@Z 1001e2b0 f i ConEmuCheck.obj
 0001:0001d300       ?CloseMap@?$MFileMapping@UConEmuGuiMapping@@@@QAEXXZ 1001e300 f i ConEmuCheck.obj
 0001:0001d370       ?Open@?$MFileMapping@UConEmuGuiMapping@@@@QAEPAUConEmuGuiMapping@@HH@Z 1001e370 f i ConEmuCheck.obj
 0001:0001d390       ??0?$MFileMapping@UConEmuGuiMapping@@@@QAE@XZ 1001e390 f i ConEmuCheck.obj
 0001:0001d3f0       ??1?$MFileMapping@UConEmuGuiMapping@@@@QAE@XZ 1001e3f0 f i ConEmuCheck.obj
 0001:0001d410       ?ClosePtr@?$MFileMapping@UConEmuGuiMapping@@@@QAEXXZ 1001e410 f i ConEmuCheck.obj
 0001:0001d440       ?InternalOpenCreate@?$MFileMapping@UConEmuGuiMapping@@@@IAEPAUConEmuGuiMapping@@HHH@Z 1001e440 f i ConEmuCheck.obj
 0001:0001d630       ??$wcscpy_c@$0CA@@@YIHAAY0CA@_WPB_W@Z 1001e630 f i ConEmuCheck.obj
 0001:0001d660       ?LoadGuiMapping@@YIHPAUHWND__@@AAUConEmuGuiMapping@@@Z 1001e660 f   ConEmuCheckEx.obj
 0001:0001d6a0       ?IsConEmuExeExist@@YIHPB_WAAY0BAF@_W@Z 1001e6a0 f   ConEmuCheckEx.obj
 0001:0001d740       ?FindConEmuBaseDir@@YIHAAY0BAF@_W0PAUHINSTANCE__@@@Z 1001e740 f   ConEmuCheckEx.obj
 0001:0001dce0       ??$wcscpy_c@$0BAF@@@YIHAAY0BAF@_WPB_W@Z 1001ece0 f i ConEmuCheckEx.obj
 0001:0001ddf0       ??$wcscpy_add@$0BAF@@@YIHPA_WAAY0BAF@_WPB_W@Z 1001edf0 f i ConEmuCheckEx.obj
 0001:0001de40       ??$wcscat_c@$0BAF@@@YIHAAY0BAF@_WPB_W@Z 1001ee40 f i ConEmuCheckEx.obj
 0001:0001df30       ?HeapInitialize@@YI_NXZ    1001ef30 f   Memory.obj
 0001:0001df60       ?HeapDeinitialize@@YIXXZ   1001ef60 f   Memory.obj
 0001:0001df90       ?xf_malloc@@YAPAXI@Z       1001ef90 f   Memory.obj
 0001:0001dfc0       ?xf_calloc@@YAPAXII@Z      1001efc0 f   Memory.obj
 0001:0001dff0       ?xf_realloc@@YAPAXPAXI@Z   1001eff0 f   Memory.obj
 0001:0001e020       ?xf_free@@YAXPAX@Z         1001f020 f   Memory.obj
 0001:0001e050       ?xf_validate@@YA_NPAX@Z    1001f050 f   Memory.obj
 0001:0001e080       ??2@YAPAXI@Z               1001f080 f   Memory.obj
 0001:0001e0a0       ??_U@YAPAXI@Z              1001f0a0 f   Memory.obj
 0001:0001e0c0       ??3@YAXPAX@Z               1001f0c0 f   Memory.obj
 0001:0001e0e0       ??_V@YAXPAX@Z              1001f0e0 f   Memory.obj
 0001:0001e100       ?lstrdup@@YIPADPBD@Z       1001f100 f   Memory.obj
 0001:0001e170       ?StringCchCopyA@@YGJPADIPBD@Z 1001f170 f i Memory.obj
 0001:0001e290       ?lstrdup@@YIPA_WPB_W@Z     1001f290 f   Memory.obj
 0001:0001e3e0       ?lstrdupW@@YIPA_WPBDI@Z    1001f3e0 f   Memory.obj
 0001:0001e460       ?lstrmerge@@YIPA_WPB_W000@Z 1001f460 f   Memory.obj
 0001:0001e580       ?lstrmerge@@YI_NPAPA_WPB_W11@Z 1001f580 f   Memory.obj
 0001:0001e5e0       ?FindMonitorsWorkspace@@YGHPAUHMONITOR__@@PAUHDC__@@PAUtagRECT@@J@Z 1001f5e0 f   Monitors.obj
 0001:0001e660       ?GetAllMonitorsWorkspace@@YI?AUtagRECT@@XZ 1001f660 f   Monitors.obj
 0001:0001e6e0       ?FindPrimaryMonitor@@YGHPAUHMONITOR__@@PAUHDC__@@PAUtagRECT@@J@Z 1001f6e0 f   Monitors.obj
 0001:0001e760       ?GetMonitorInfoSafe@@YI_NPAUHMONITOR__@@AAUtagMONITORINFO@@@Z 1001f760 f   Monitors.obj
 0001:0001e7b0       ?GetPrimaryMonitorInfo@@YIPAUHMONITOR__@@PAUtagMONITORINFO@@@Z 1001f7b0 f   Monitors.obj
 0001:0001e860       ?GetNearestMonitorInfo@@YIPAUHMONITOR__@@PAUtagMONITORINFO@@PAU1@PBUtagRECT@@PAUHWND__@@@Z 1001f860 f   Monitors.obj
 0001:0001e950       ?EnumAllMonitors@@YGHPAUHMONITOR__@@PAUHDC__@@PAUtagRECT@@J@Z 1001f950 f   Monitors.obj
 0001:0001e9c0       ?MonitorSortCallback@@YIHAAU_FindAllMonitorsItem@@0@Z 1001f9c0 f   Monitors.obj
 0001:0001ea30       ?GetNextMonitorInfo@@YIPAUHMONITOR__@@PAUtagMONITORINFO@@PBUtagRECT@@_N@Z 1001fa30 f   Monitors.obj
 0001:0001ec40       ??0_FindAllMonitors@@QAE@XZ 1001fc40 f i Monitors.obj
 0001:0001ec60       ??1_FindAllMonitors@@QAE@XZ 1001fc60 f i Monitors.obj
 0001:0001ec80       ??0?$MArray@U_FindAllMonitorsItem@@@@QAE@XZ 1001fc80 f i Monitors.obj
 0001:0001ecc0       ??1?$MArray@U_FindAllMonitorsItem@@@@QAE@XZ 1001fcc0 f i Monitors.obj
 0001:0001ece0       ??A?$MArray@U_FindAllMonitorsItem@@@@QAEAAU_FindAllMonitorsItem@@H@Z 1001fce0 f i Monitors.obj
 0001:0001ed00       ?push_back@?$MArray@U_FindAllMonitorsItem@@@@QAEHABU_FindAllMonitorsItem@@@Z 1001fd00 f i Monitors.obj
 0001:0001ed90       ?size@?$MArray@U_FindAllMonitorsItem@@@@QBEHXZ 1001fd90 f i Monitors.obj
 0001:0001edb0       ?sort@?$MArray@U_FindAllMonitorsItem@@@@QAEXP6IHAAU_FindAllMonitorsItem@@0@Z@Z 1001fdb0 f i Monitors.obj
 0001:0001eea0       ?clear@?$MArray@U_FindAllMonitorsItem@@@@QAEXXZ 1001fea0 f i Monitors.obj
 0001:0001eef0       ?addsize@?$MArray@U_FindAllMonitorsItem@@@@QAEXH@Z 1001fef0 f i Monitors.obj
 0001:0001efe0       ?NullSecurity@@YIPAU_SECURITY_ATTRIBUTES@@XZ 1001ffe0 f   MSecurity.obj
 0001:0001f030       ??0MNullDesc@@QAE@XZ       10020030 f i MSecurity.obj
 0001:0001f090       ?NullSecurity@MNullDesc@@QAEPAU_SECURITY_ATTRIBUTES@@XZ 10020090 f i MSecurity.obj
 0001:0001f190       ?LoadAdvApi@MNullDesc@@IAEHXZ 10020190 f i MSecurity.obj
 0001:0001f3b0       ?UnloadAdvApi@MNullDesc@@IAEXXZ 100203b0 f i MSecurity.obj
 0001:0001f3e0       ?LocalSecurity@@YIPAU_SECURITY_ATTRIBUTES@@XZ 100203e0 f   MSecurity.obj
 0001:0001f430       ?LocalSecurity@MNullDesc@@QAEPAU_SECURITY_ATTRIBUTES@@XZ 10020430 f i MSecurity.obj
 0001:0001f650       ?ShutdownSecurity@@YIXXZ   10020650 f   MSecurity.obj
 0001:0001f6a0       ??_GMNullDesc@@QAEPAXI@Z   100206a0 f i MSecurity.obj
 0001:0001f6d0       ??1MNullDesc@@QAE@XZ       100206d0 f i MSecurity.obj
 0001:0001f730       ?msprintf@@YAPB_WPA_WIPB_WZZ 10020730 f   MStrSafe.obj
 0001:0001fc40       ?msprintf@@YAPBDPADIPBDZZ  10020c40 f   MStrSafe.obj
 0001:000200a0       ?lstrcmpni@@YIHPB_W0H@Z    100210a0 f   MStrSafe.obj
 0001:00020140       ?SetConEmuEnvHWND@@YIXPB_WPAUHWND__@@@Z 10021140 f   SetEnvVar.obj
 0001:00020190       ?SetConEmuEnvVar@@YIXPAUHWND__@@@Z 10021190 f   SetEnvVar.obj
 0001:00020200       ?SetConEmuEnvVarChild@@YIXPAUHWND__@@0@Z 10021200 f   SetEnvVar.obj
 0001:00020230       ?ShutdownConsole@@YGXXZ    10021230 f   WinConsole.obj
 0001:00020280       ?SetConsoleInfo@@YIHPAUHWND__@@PAU_CONSOLE_INFO@@@Z 10021280 f   WinConsole.obj
 0001:00020560       ?ChangeScreenBufferSize@@YIXAAU_CONSOLE_SCREEN_BUFFER_INFO@@FFFF@Z 10021560 f   WinConsole.obj
 0001:00020670       ?GetConWindowSize@@YIHABU_CONSOLE_SCREEN_BUFFER_INFO@@HHKPAH1PAK@Z 10021670 f   WinConsole.obj
 0001:000207c0       ?GetConsoleSizeInfo@@YIXPAU_CONSOLE_INFO@@@Z 100217c0 f   WinConsole.obj
 0001:00020870       ?apiGetConsoleScreenBufferInfoEx@@YIHPAXPAUMY_CONSOLE_SCREEN_BUFFER_INFOEX@@@Z 10021870 f   WinConsole.obj
 0001:000208e0       ?apiSetConsoleScreenBufferInfoEx@@YIHPAXPAUMY_CONSOLE_SCREEN_BUFFER_INFOEX@@@Z 100218e0 f   WinConsole.obj
 0001:00020960       ?apiGetConsoleFontSize@@YIHPAXAAH1AAY0CA@_W@Z 10021960 f   WinConsole.obj
 0001:00020a00       ?apiSetConsoleFontSize@@YIHPAXHHPB_W@Z 10021a00 f   WinConsole.obj
 0001:00020ab0       ?apiFixFontSizeForBufferSize@@YIHPAXU_COORD@@@Z 10021ab0 f   WinConsole.obj
 0001:00020fa0       ?SetConsoleFontSizeTo@@YIXPAUHWND__@@HHPB_WGG@Z 10021fa0 f   WinConsole.obj
 0001:000214f0       ?EvaluateDefaultFontWidth@@YIHHPB_W@Z 100224f0 f   WinConsole.obj
 0001:00021630       ?SetUserFriendlyFont@@YIXPAUHWND__@@@Z 10022630 f   WinConsole.obj
 0001:00021ac0       ?CorrectConsolePos@@YIXPAUHWND__@@@Z 10022ac0 f   WinConsole.obj
 0001:00021c00       ?EmergencyShow@@YIXPAUHWND__@@@Z 10022c00 f   WinConsole.obj
 0001:00021cb0       ?getWindowInfo@@YIXPAUHWND__@@AAY0EAA@_W@Z 10022cb0 f   WinObjects.obj
 0001:00021e10       ?apiSetForegroundWindow@@YIHPAUHWND__@@@Z 10022e10 f   WinObjects.obj
 0001:00021e30       ?apiShowWindow@@YIHPAUHWND__@@H@Z 10022e30 f   WinObjects.obj
 0001:00021e60       ?apiShowWindowAsync@@YIHPAUHWND__@@H@Z 10022e60 f   WinObjects.obj
 0001:00021e90       ?isWindow@@YIHPAUHWND__@@@Z 10022e90 f   WinObjects.obj
 0001:00021f00       ?FileCompare@@YIHPB_W0@Z   10022f00 f   WinObjects.obj
 0001:00022120       ?FileExists@@YIHPB_WPAK@Z  10023120 f   WinObjects.obj
 0001:00022300       ?FileExistsSearch@@YIHPA_WI@Z 10023300 f   WinObjects.obj
 0001:00022500       ?DirectoryExists@@YIHPB_W@Z 10023500 f   WinObjects.obj
 0001:000225f0       ?MyCreateDirectory@@YIHPA_W@Z 100235f0 f   WinObjects.obj
 0001:00022700       ?IsFilePath@@YIHPB_W@Z     10023700 f   WinObjects.obj
 0001:000227e0       ?GetShortFileName@@YIHPB_WHPA_WH@Z 100237e0 f   WinObjects.obj
 0001:000229f0       ?GetShortFileNameEx@@YIPA_WPB_WH@Z 100239f0 f   WinObjects.obj
 0001:00022e00       ?IsUserAdmin@@YIHXZ        10023e00 f   WinObjects.obj
 0001:00022ec0       ?GetLogonSID@@YIHPAXPAPA_W@Z 10023ec0 f   WinObjects.obj
 0001:00022fe0       ?IsWine@@YI_NXZ            10023fe0 f   WinObjects.obj
 0001:00023070       ?IsDbcs@@YI_NXZ            10024070 f   WinObjects.obj
 0001:00023090       ?IsWindows64@@YI_NXZ       10024090 f   WinObjects.obj
 0001:00023120       ?GetProcessBits@@YIHKPAX@Z 10024120 f   WinObjects.obj
 0001:00023200       ?GetProcessInfo@@YI_NKPAUtagPROCESSENTRY32W@@@Z 10024200 f   WinObjects.obj
 0001:000232e0       ?isTerminalMode@@YI_NXZ    100242e0 f   WinObjects.obj
 0001:00023600       ?IsModuleValid@@YI_NPAUHINSTANCE__@@@Z 10024600 f   WinObjects.obj
 0001:00023690       ?CheckCallbackPtr@@YIHPAUHINSTANCE__@@IPAP6GHXZHH@Z 10024690 f   WinObjects.obj
 0001:000237e0       ?RemoveOldComSpecC@@YIXXZ  100247e0 f   WinObjects.obj
 0001:00023910       ?PointToName@@YIPB_WPB_W@Z 10024910 f   WinObjects.obj
 0001:00023960       ?PointToName@@YIPBDPBD@Z   10024960 f   WinObjects.obj
 0001:000239a0       ?PointToExt@@YIPB_WPB_W@Z  100249a0 f   WinObjects.obj
 0001:000239e0       ?Unquote@@YIPB_WPA_W@Z     100249e0 f   WinObjects.obj
 0001:00023a50       ?ExpandMacroValues@@YIPA_WPB_WPAPB_WI@Z 10024a50 f   WinObjects.obj
 0001:00023c10       ?ExpandEnvStr@@YIPA_WPB_W@Z 10024c10 f   WinObjects.obj
 0001:00023cb0       ?GetFullPathNameEx@@YIPA_WPB_W@Z 10024cb0 f   WinObjects.obj
 0001:00023d80       ??0MConHandle@@QAE@PB_W@Z  10024d80 f   WinObjects.obj
 0001:00023e00       ?LogHandle@MConHandle@@AAEXIPAX@Z 10024e00 f   WinObjects.obj
 0001:00023e70       ??1MConHandle@@QAE@XZ      10024e70 f   WinObjects.obj
 0001:00023e90       ?SetBufferPtr@MConHandle@@QAEXPAPAX@Z 10024e90 f   WinObjects.obj
 0001:00023eb0       ??BMConHandle@@QAEQAXXZ    10024eb0 f   WinObjects.obj
 0001:000241a0       ?strrchr@@YAPADPADH@Z      100251a0 f i WinObjects.obj
 0001:000241c0       ?Close@MConHandle@@QAEXXZ  100251c0 f   WinObjects.obj
 0001:00024270       ??0MEvent@@QAE@XZ          10025270 f   WinObjects.obj
 0001:000242a0       ??1MEvent@@QAE@XZ          100252a0 f   WinObjects.obj
 0001:000242c0       ?Close@MEvent@@QAEXXZ      100252c0 f   WinObjects.obj
 0001:00024310       ?InitName@MEvent@@QAEXPB_WK@Z 10025310 f   WinObjects.obj
 0001:00024360       ?Open@MEvent@@QAEPAXXZ     10025360 f   WinObjects.obj
 0001:000243e0       ?Wait@MEvent@@QAEKKH@Z     100253e0 f   WinObjects.obj
 0001:00024440       ?GetHandle@MEvent@@QAEPAXXZ 10025440 f   WinObjects.obj
 0001:00024460       ??0MSetter@@QAE@PAH@Z      10025460 f   WinObjects.obj
 0001:000244a0       ??0MSetter@@QAE@PA_N@Z     100254a0 f   WinObjects.obj
 0001:000244e0       ??0MSetter@@QAE@PAKK@Z     100254e0 f   WinObjects.obj
 0001:00024520       ??1MSetter@@QAE@XZ         10025520 f   WinObjects.obj
 0001:00024540       ?Unlock@MSetter@@QAEXXZ    10025540 f   WinObjects.obj
 0001:000245b0       ??0MSection@@QAE@XZ        100255b0 f   WinObjects.obj
 0001:00024650       ??1MSection@@QAE@XZ        10025650 f   WinObjects.obj
 0001:000246d0       ?Process_Lock@MSection@@IAEXXZ 100256d0 f   WinObjects.obj
 0001:000246f0       ?Process_Unlock@MSection@@IAEXXZ 100256f0 f   WinObjects.obj
 0001:00024710       ?ThreadTerminated@MSection@@QAEXK@Z 10025710 f   WinObjects.obj
 0001:00024760       ?AddRef@MSection@@IAEXK@Z  10025760 f   WinObjects.obj
 0001:00024850       ?ReleaseRef@MSection@@IAEHK@Z 10025850 f   WinObjects.obj
 0001:00024920       ?WaitUnlocked@MSection@@IAEXKK@Z 10025920 f   WinObjects.obj
 0001:000249c0       ?MyEnterCriticalSection@MSection@@IAE_NK@Z 100259c0 f   WinObjects.obj
 0001:00024b90       ?Lock@MSection@@IAEHHK@Z   10025b90 f   WinObjects.obj
 0001:00024ce0       ?Unlock@MSection@@IAEXH@Z  10025ce0 f   WinObjects.obj
 0001:00024d50       ?isLockedExclusive@MSection@@QAE_NXZ 10025d50 f   WinObjects.obj
 0001:00024da0       ??0MSectionThread@@QAE@PAVMSection@@@Z 10025da0 f   WinObjects.obj
 0001:00024dd0       ??1MSectionThread@@QAE@XZ  10025dd0 f   WinObjects.obj
 0001:00024e00       ??0MSectionLock@@QAE@XZ    10025e00 f   WinObjects.obj
 0001:00024e30       ??1MSectionLock@@QAE@XZ    10025e30 f   WinObjects.obj
 0001:00024e60       ?Lock@MSectionLock@@QAEHPAVMSection@@HK@Z 10025e60 f   WinObjects.obj
 0001:00024ee0       ?RelockExclusive@MSectionLock@@QAEHK@Z 10025ee0 f   WinObjects.obj
 0001:00024f50       ?Unlock@MSectionLock@@QAEXXZ 10025f50 f   WinObjects.obj
 0001:00024f90       ?isLocked@MSectionLock@@QAEHH@Z 10025f90 f   WinObjects.obj
 0001:00024fe0       ??0MSectionLockSimple@@QAE@XZ 10025fe0 f   WinObjects.obj
 0001:00025000       ??1MSectionLockSimple@@QAE@XZ 10026000 f   WinObjects.obj
 0001:00025020       ?Lock@MSectionLockSimple@@QAEHPAU_RTL_CRITICAL_SECTION@@K@Z 10026020 f   WinObjects.obj
 0001:000250c0       ?Unlock@MSectionLockSimple@@QAEXXZ 100260c0 f   WinObjects.obj
 0001:00025100       ?isLocked@MSectionLockSimple@@QAEHXZ 10026100 f   WinObjects.obj
 0001:00025120       ??0MFileLog@@QAE@PB_W0K@Z  10026120 f   WinObjects.obj
 0001:00025190       ?InitFileName@MFileLog@@IAEJPB_WK@Z 10026190 f   WinObjects.obj
 0001:00025220       ??1MFileLog@@QAE@XZ        10026220 f   WinObjects.obj
 0001:00025270       ?CloseLogFile@MFileLog@@QAEXXZ 10026270 f   WinObjects.obj
 0001:000252f0       ?CreateLogFile@MFileLog@@QAEJPB_WKK@Z 100262f0 f   WinObjects.obj
 0001:00025950       ?GetLogFileName@MFileLog@@QAEPB_WXZ 10026950 f   WinObjects.obj
 0001:00025990       ?LogString@MFileLog@@QAEXPBD_N01I@Z 10026990 f   WinObjects.obj
 0001:00025ae0       ?LogString@MFileLog@@QAEXPB_W_N01@Z 10026ae0 f   WinObjects.obj
 0001:00025de0       ?MonitorEnumProc@MFileLog@@KGHPAUHMONITOR__@@PAUHDC__@@PAUtagRECT@@J@Z 10026de0 f   WinObjects.obj
 0001:00025f10       ?LogStartEnv@MFileLog@@QAEXPAUCEStartupEnv@@@Z 10026f10 f   WinObjects.obj
 0001:000268f0       ??0CToolTip@@QAE@XZ        100278f0 f   WinObjects.obj
 0001:00026960       ??_GCToolTip@@UAEPAXI@Z    10027960 f i WinObjects.obj
 0001:00026960       ??_ECToolTip@@UAEPAXI@Z    10027960 f i WinObjects.obj
 0001:00026990       ??1CToolTip@@UAE@XZ        10027990 f   WinObjects.obj
 0001:00026a30       ?ShowTip@CToolTip@@QAEXPAUHWND__@@0PB_WHUtagPOINT@@PAUHINSTANCE__@@@Z 10027a30 f   WinObjects.obj
 0001:00026d10       ?HideTip@CToolTip@@QAEXXZ  10027d10 f   WinObjects.obj
 0001:00026d80       ??0CTimer@@QAE@XZ          10027d80 f   WinObjects.obj
 0001:00026dc0       ??1CTimer@@QAE@XZ          10027dc0 f   WinObjects.obj
 0001:00026de0       ?IsStarted@CTimer@@QAE_NXZ 10027de0 f   WinObjects.obj
 0001:00026e00       ?Start@CTimer@@QAEXI@Z     10027e00 f   WinObjects.obj
 0001:00026e60       ?Stop@CTimer@@QAEXXZ       10027e60 f   WinObjects.obj
 0001:00026e90       ?Restart@CTimer@@QAEXI@Z   10027e90 f   WinObjects.obj
 0001:00026ec0       ?Init@CTimer@@QAEXPAUHWND__@@II@Z 10027ec0 f   WinObjects.obj
 0001:00026ef0       ?MyGetLargestConsoleWindowSize@@YI?AU_COORD@@PAX@Z 10027ef0 f   WinObjects.obj
 0001:00026f70       ?DuplicateProcessHandle@@YIPAXK@Z 10027f70 f   WinObjects.obj
 0001:00026fe0       ?FindComspec@@YIXPAUConEmuComspec@@@Z 10027fe0 f   WinObjects.obj
 0001:00027910       ?GetEnvVar@@YIPA_WPB_WK@Z  10028910 f   WinObjects.obj
 0001:00027a20       ?UpdateComspec@@YIXPAUConEmuComspec@@_N@Z 10028a20 f   WinObjects.obj
 0001:00027d60       ?SetEnvVarExpanded@@YIXPB_W0@Z 10028d60 f   WinObjects.obj
 0001:00027e70       ?GetComspecFromEnvVar@@YIPB_WPA_WKW4ComSpecBits@@@Z 10028e70 f   WinObjects.obj
 0001:00028030       ?GetComspec@@YIPA_WPBUConEmuComspec@@@Z 10029030 f   WinObjects.obj
 0001:00028270       ?IsExportEnvVarAllowed@@YI_NPB_W@Z 10029270 f   WinObjects.obj
 0001:000282e0       ?ApplyExportEnvVar@@YIXPB_W@Z 100292e0 f   WinObjects.obj
 0001:00028360       ?CopyToClipboard@@YI_NPB_W@Z 10029360 f   WinObjects.obj
 0001:00028410       ??$wcscpy_c@$0EAA@@@YIHAAY0EAA@_WPB_W@Z 10029410 f i WinObjects.obj
 0001:00028440       ??$wcscpy_c@$0BAA@@@YIHAAY0BAA@_WPB_W@Z 10029440 f i WinObjects.obj
 0001:00028470       ??$wcscpy_c@$0EBA@@@YIHAAY0EBA@_WPB_W@Z 10029470 f i WinObjects.obj
 0001:00028498       _GetProcAddress@8          10029498 f   kernel32:KERNEL32.dll
 0001:0002849e       _GetCurrentProcessId@0     1002949e f   kernel32:KERNEL32.dll
 0001:000284a4       _GetLastError@0            100294a4 f   kernel32:KERNEL32.dll
 0001:000284aa       _LoadLibraryW@4            100294aa f   kernel32:KERNEL32.dll
 0001:000284b0       _GetModuleHandleW@4        100294b0 f   kernel32:KERNEL32.dll
 0001:000284b6       _IsDebuggerPresent@0       100294b6 f   kernel32:KERNEL32.dll
 0001:000284bc       _SetEvent@4                100294bc f   kernel32:KERNEL32.dll
 0001:000284c2       _lstrcpyW@8                100294c2 f   kernel32:KERNEL32.dll
 0001:000284c8       _lstrlenW@4                100294c8 f   kernel32:KERNEL32.dll
 0001:000284ce       _SetEnvironmentVariableW@8 100294ce f   kernel32:KERNEL32.dll
 0001:000284d4       _IsBadStringPtrW@8         100294d4 f   kernel32:KERNEL32.dll
 0001:000284da       _GetNumberOfConsoleInputEvents@8 100294da f   kernel32:KERNEL32.dll
 0001:000284e0       _GetStdHandle@4            100294e0 f   kernel32:KERNEL32.dll
 0001:000284e6       _GetTickCount@0            100294e6 f   kernel32:KERNEL32.dll
 0001:000284ec       _SetLastError@4            100294ec f   kernel32:KERNEL32.dll
 0001:000284f2       _GetCurrentThreadId@0      100294f2 f   kernel32:KERNEL32.dll
 0001:000284f8       _ReadConsoleInputW@16      100294f8 f   kernel32:KERNEL32.dll
 0001:000284fe       _PeekConsoleInputW@16      100294fe f   kernel32:KERNEL32.dll
 0001:00028504       _lstrcatW@8                10029504 f   kernel32:KERNEL32.dll
 0001:0002850a       _GetModuleFileNameW@12     1002950a f   kernel32:KERNEL32.dll
 0001:00028510       _WriteConsoleInputW@16     10029510 f   kernel32:KERNEL32.dll
 0001:00028516       _WaitForSingleObject@8     10029516 f   kernel32:KERNEL32.dll
 0001:0002851c       _ReleaseSemaphore@12       1002951c f   kernel32:KERNEL32.dll
 0001:00028522       _WaitForMultipleObjects@16 10029522 f   kernel32:KERNEL32.dll
 0001:00028528       _ResetEvent@4              10029528 f   kernel32:KERNEL32.dll
 0001:0002852e       _InterlockedDecrement@4    1002952e f   kernel32:KERNEL32.dll
 0001:00028534       _InterlockedIncrement@4    10029534 f   kernel32:KERNEL32.dll
 0001:0002853a       _GetConsoleScreenBufferInfo@8 1002953a f   kernel32:KERNEL32.dll
 0001:00028540       _SuspendThread@4           10029540 f   kernel32:KERNEL32.dll
 0001:00028546       _ResumeThread@4            10029546 f   kernel32:KERNEL32.dll
 0001:0002854c       _TerminateProcess@8        1002954c f   kernel32:KERNEL32.dll
 0001:00028552       _GetCurrentProcess@0       10029552 f   kernel32:KERNEL32.dll
 0001:00028558       _CloseHandle@4             10029558 f   kernel32:KERNEL32.dll
 0001:0002855e       _Module32NextW@8           1002955e f   kernel32:KERNEL32.dll
 0001:00028564       _Module32FirstW@8          10029564 f   kernel32:KERNEL32.dll
 0001:0002856a       _CreateToolhelp32Snapshot@8 1002956a f   kernel32:KERNEL32.dll
 0001:00028570       _GetEnvironmentVariableW@12 10029570 f   kernel32:KERNEL32.dll
 0001:00028576       _CreateThread@24           10029576 f   kernel32:KERNEL32.dll
 0001:0002857c       _CreateSemaphoreW@16       1002957c f   kernel32:KERNEL32.dll
 0001:00028582       _CreateEventW@16           10029582 f   kernel32:KERNEL32.dll
 0001:00028588       _OpenFileMappingW@12       10029588 f   kernel32:KERNEL32.dll
 0001:0002858e       _VirtualProtect@16         1002958e f   kernel32:KERNEL32.dll
 0001:00028594       _MapViewOfFile@20          10029594 f   kernel32:KERNEL32.dll
 0001:0002859a       _CreateFileMappingW@24     1002959a f   kernel32:KERNEL32.dll
 0001:000285a0       _lstrcmpW@8                100295a0 f   kernel32:KERNEL32.dll
 0001:000285a6       _lstrcpynW@12              100295a6 f   kernel32:KERNEL32.dll
 0001:000285ac       _lstrcmpiW@8               100295ac f   kernel32:KERNEL32.dll
 0001:000285b2       _UnmapViewOfFile@4         100295b2 f   kernel32:KERNEL32.dll
 0001:000285b8       _TerminateThread@8         100295b8 f   kernel32:KERNEL32.dll
 0001:000285be       _SetConsoleTitleW@4        100295be f   kernel32:KERNEL32.dll
 0001:000285c4       _GetConsoleTitleW@8        100295c4 f   kernel32:KERNEL32.dll
 0001:000285ca       _WideCharToMultiByte@32    100295ca f   kernel32:KERNEL32.dll
 0001:000285d0       _DeleteFileW@4             100295d0 f   kernel32:KERNEL32.dll
 0001:000285d6       _CreateProcessW@40         100295d6 f   kernel32:KERNEL32.dll
 0001:000285dc       _GetExitCodeProcess@8      100295dc f   kernel32:KERNEL32.dll
 0001:000285e2       _SetConsoleMode@8          100295e2 f   kernel32:KERNEL32.dll
 0001:000285e8       _GetConsoleMode@8          100295e8 f   kernel32:KERNEL32.dll
 0001:000285ee       _GetConsoleCursorInfo@8    100295ee f   kernel32:KERNEL32.dll
 0001:000285f4       _Thread32Next@8            100295f4 f   kernel32:KERNEL32.dll
 0001:000285fa       _Thread32First@8           100295fa f   kernel32:KERNEL32.dll
 0001:00028600       _ExpandEnvironmentStringsW@12 10029600 f   kernel32:KERNEL32.dll
 0001:00028606       _lstrcmpA@8                10029606 f   kernel32:KERNEL32.dll
 0001:0002860c       _MultiByteToWideChar@24    1002960c f   kernel32:KERNEL32.dll
 0001:00028612       _lstrlenA@4                10029612 f   kernel32:KERNEL32.dll
 0001:00028618       _lstrcpynA@12              10029618 f   kernel32:KERNEL32.dll
 0001:0002861e       _GetCurrentDirectoryW@8    1002961e f   kernel32:KERNEL32.dll
 0001:00028624       _lstrcpyA@8                10029624 f   kernel32:KERNEL32.dll
 0001:0002862a       _DisconnectNamedPipe@4     1002962a f   kernel32:KERNEL32.dll
 0001:00028630       _SetThreadPriority@8       10029630 f   kernel32:KERNEL32.dll
 0001:00028636       _Sleep@4                   10029636 f   kernel32:KERNEL32.dll
 0001:0002863c       _FlushFileBuffers@4        1002963c f   kernel32:KERNEL32.dll
 0001:00028642       _ReadFile@20               10029642 f   kernel32:KERNEL32.dll
 0001:00028648       _GetOverlappedResult@16    10029648 f   kernel32:KERNEL32.dll
 0001:0002864e       _WriteFile@20              1002964e f   kernel32:KERNEL32.dll
 0001:00028654       _ConnectNamedPipe@8        10029654 f   kernel32:KERNEL32.dll
 0001:0002865a       _CreateNamedPipeW@32       1002965a f   kernel32:KERNEL32.dll
 0001:00028660       _SetFilePointer@16         10029660 f   kernel32:KERNEL32.dll
 0001:00028666       _GetFileInformationByHandle@8 10029666 f   kernel32:KERNEL32.dll
 0001:0002866c       _CreateFileW@28            1002966c f   kernel32:KERNEL32.dll
 0001:00028672       _ReadProcessMemory@20      10029672 f   kernel32:KERNEL32.dll
 0001:00028678       _FreeLibrary@4             10029678 f   kernel32:KERNEL32.dll
 0001:0002867e       _GetVersionExW@4           1002967e f   kernel32:KERNEL32.dll
 0001:00028684       _SearchPathW@24            10029684 f   kernel32:KERNEL32.dll
 0001:0002868a       _DebugBreak@0              1002968a f   kernel32:KERNEL32.dll
 0001:00028690       _SetNamedPipeHandleState@16 10029690 f   kernel32:KERNEL32.dll
 0001:00028696       _WaitNamedPipeW@8          10029696 f   kernel32:KERNEL32.dll
 0001:0002869c       _TransactNamedPipe@28      1002969c f   kernel32:KERNEL32.dll
 0001:000286a2       _GetConsoleWindow@0        100296a2 f   kernel32:KERNEL32.dll
 0001:000286a8       _HeapCreate@12             100296a8 f   kernel32:KERNEL32.dll
 0001:000286ae       _HeapDestroy@4             100296ae f   kernel32:KERNEL32.dll
 0001:000286b4       _HeapAlloc@12              100296b4 f   kernel32:KERNEL32.dll
 0001:000286ba       _HeapReAlloc@16            100296ba f   kernel32:KERNEL32.dll
 0001:000286c0       _HeapFree@12               100296c0 f   kernel32:KERNEL32.dll
 0001:000286c6       _HeapValidate@12           100296c6 f   kernel32:KERNEL32.dll
 0001:000286cc       _LocalFree@4               100296cc f   kernel32:KERNEL32.dll
 0001:000286d2       _LocalAlloc@8              100296d2 f   kernel32:KERNEL32.dll
 0001:000286d8       _SetConsoleWindowInfo@12   100296d8 f   kernel32:KERNEL32.dll
 0001:000286de       _GetConsoleOutputCP@0      100296de f   kernel32:KERNEL32.dll
 0001:000286e4       _GetFileSizeEx@8           100296e4 f   kernel32:KERNEL32.dll
 0001:000286ea       _FindClose@4               100296ea f   kernel32:KERNEL32.dll
 0001:000286f0       _FindNextFileW@8           100296f0 f   kernel32:KERNEL32.dll
 0001:000286f6       _FindFirstFileW@8          100296f6 f   kernel32:KERNEL32.dll
 0001:000286fc       _CreateDirectoryW@8        100296fc f   kernel32:KERNEL32.dll
 0001:00028702       _OpenProcess@12            10029702 f   kernel32:KERNEL32.dll
 0001:00028708       _Process32NextW@8          10029708 f   kernel32:KERNEL32.dll
 0001:0002870e       _Process32FirstW@8         1002970e f   kernel32:KERNEL32.dll
 0001:00028714       _IsBadReadPtr@8            10029714 f   kernel32:KERNEL32.dll
 0001:0002871a       _GetFullPathNameW@16       1002971a f   kernel32:KERNEL32.dll
 0001:00028720       _GetModuleFileNameA@12     10029720 f   kernel32:KERNEL32.dll
 0001:00028726       _OpenEventW@12             10029726 f   kernel32:KERNEL32.dll
 0001:0002872c       _InitializeCriticalSection@4 1002972c f   kernel32:KERNEL32.dll
 0001:00028732       _DeleteCriticalSection@4   10029732 f   kernel32:KERNEL32.dll
 0001:00028738       _EnterCriticalSection@4    10029738 f   kernel32:KERNEL32.dll
 0001:0002873e       _LeaveCriticalSection@4    1002973e f   kernel32:KERNEL32.dll
 0001:00028744       _TryEnterCriticalSection@4 10029744 f   kernel32:KERNEL32.dll
 0001:0002874a       _OpenThread@12             1002974a f   kernel32:KERNEL32.dll
 0001:00028750       _GetLocalTime@4            10029750 f   kernel32:KERNEL32.dll
 0001:00028756       _GetLargestConsoleWindowSize@4 10029756 f   kernel32:KERNEL32.dll
 0001:0002875c       _DuplicateHandle@28        1002975c f   kernel32:KERNEL32.dll
 0001:00028762       _GetWindowsDirectoryW@8    10029762 f   kernel32:KERNEL32.dll
 0001:00028768       _GlobalUnlock@4            10029768 f   kernel32:KERNEL32.dll
 0001:0002876e       _GlobalLock@4              1002976e f   kernel32:KERNEL32.dll
 0001:00028774       _GlobalAlloc@8             10029774 f   kernel32:KERNEL32.dll
 0001:0002877a       _MessageBoxW@16            1002977a f   user32:USER32.dll
 0001:00028780       _wsprintfW                 10029780 f   user32:USER32.dll
 0001:00028786       _IsWindow@4                10029786 f   user32:USER32.dll
 0001:0002878c       _GetWindowLongW@8          1002978c f   user32:USER32.dll
 0001:00028792       _GetParent@4               10029792 f   user32:USER32.dll
 0001:00028798       _PostMessageW@16           10029798 f   user32:USER32.dll
 0001:0002879e       _RegisterWindowMessageW@4  1002979e f   user32:USER32.dll
 0001:000287a4       _GetWindowThreadProcessId@8 100297a4 f   user32:USER32.dll
 0001:000287aa       _IsWindowVisible@4         100297aa f   user32:USER32.dll
 0001:000287b0       _CharUpperBuffW@8          100297b0 f   user32:USER32.dll
 0001:000287b6       _FillRect@12               100297b6 f   user32:USER32.dll
 0001:000287bc       _ReleaseDC@8               100297bc f   user32:USER32.dll
 0001:000287c2       _GetDC@4                   100297c2 f   user32:USER32.dll
 0001:000287c8       _ActivateKeyboardLayout@8  100297c8 f   user32:USER32.dll
 0001:000287ce       _LoadKeyboardLayoutW@8     100297ce f   user32:USER32.dll
 0001:000287d4       _MapVirtualKeyW@8          100297d4 f   user32:USER32.dll
 0001:000287da       _VkKeyScanW@4              100297da f   user32:USER32.dll
 0001:000287e0       _FindWindowW@8             100297e0 f   user32:USER32.dll
 0001:000287e6       _GetSystemMetrics@4        100297e6 f   user32:USER32.dll
 0001:000287ec       _IsRectEmpty@4             100297ec f   user32:USER32.dll
 0001:000287f2       _EnumDisplayMonitors@16    100297f2 f   user32:USER32.dll
 0001:000287f8       _GetMonitorInfoW@8         100297f8 f   user32:USER32.dll
 0001:000287fe       _SystemParametersInfoW@16  100297fe f   user32:USER32.dll
 0001:00028804       _MonitorFromWindow@8       10029804 f   user32:USER32.dll
 0001:0002880a       _MonitorFromRect@8         1002980a f   user32:USER32.dll
 0001:00028810       _SetWindowPos@28           10029810 f   user32:USER32.dll
 0001:00028816       _ShowWindow@8              10029816 f   user32:USER32.dll
 0001:0002881c       _SendMessageW@16           1002981c f   user32:USER32.dll
 0001:00028822       _GetWindowRect@8           10029822 f   user32:USER32.dll
 0001:00028828       _EnableWindow@8            10029828 f   user32:USER32.dll
 0001:0002882e       _IsWindowEnabled@4         1002982e f   user32:USER32.dll
 0001:00028834       _SetForegroundWindow@4     10029834 f   user32:USER32.dll
 0001:0002883a       _ShowWindowAsync@8         1002983a f   user32:USER32.dll
 0001:00028840       _wsprintfA                 10029840 f   user32:USER32.dll
 0001:00028846       _GetCursorPos@4            10029846 f   user32:USER32.dll
 0001:0002884c       _GetWindowTextW@12         1002984c f   user32:USER32.dll
 0001:00028852       _GetClassNameW@12          10029852 f   user32:USER32.dll
 0001:00028858       _GetForegroundWindow@0     10029858 f   user32:USER32.dll
 0001:0002885e       _GetKeyboardLayoutList@8   1002985e f   user32:USER32.dll
 0001:00028864       _GetKeyboardLayout@4       10029864 f   user32:USER32.dll
 0001:0002886a       _DestroyWindow@4           1002986a f   user32:USER32.dll
 0001:00028870       _GetClientRect@8           10029870 f   user32:USER32.dll
 0001:00028876       _CreateWindowExW@48        10029876 f   user32:USER32.dll
 0001:0002887c       _SetTimer@16               1002987c f   user32:USER32.dll
 0001:00028882       _KillTimer@8               10029882 f   user32:USER32.dll
 0001:00028888       _CloseClipboard@0          10029888 f   user32:USER32.dll
 0001:0002888e       _SetClipboardData@8        1002988e f   user32:USER32.dll
 0001:00028894       _EmptyClipboard@0          10029894 f   user32:USER32.dll
 0001:0002889a       _OpenClipboard@4           1002989a f   user32:USER32.dll
 0001:000288a0       _DeleteEnhMetaFile@4       100298a0 f   gdi32:GDI32.dll
 0001:000288a6       _GetEnhMetaFileBits@12     100298a6 f   gdi32:GDI32.dll
 0001:000288ac       _CloseEnhMetaFile@4        100298ac f   gdi32:GDI32.dll
 0001:000288b2       _GdiFlush@0                100298b2 f   gdi32:GDI32.dll
 0001:000288b8       _SelectObject@8            100298b8 f   gdi32:GDI32.dll
 0001:000288be       _DeleteDC@4                100298be f   gdi32:GDI32.dll
 0001:000288c4       _DeleteObject@4            100298c4 f   gdi32:GDI32.dll
 0001:000288ca       _CreateSolidBrush@4        100298ca f   gdi32:GDI32.dll
 0001:000288d0       _CreateDIBSection@24       100298d0 f   gdi32:GDI32.dll
 0001:000288d6       _CreateCompatibleDC@4      100298d6 f   gdi32:GDI32.dll
 0001:000288dc       _CreateEnhMetaFileW@16     100298dc f   gdi32:GDI32.dll
 0001:000288e2       _GetDeviceCaps@8           100298e2 f   gdi32:GDI32.dll
 0001:000288e8       _GetTextMetricsW@8         100298e8 f   gdi32:GDI32.dll
 0001:000288ee       _CreateFontIndirectW@4     100298ee f   gdi32:GDI32.dll
 0001:000288f4       _RegCloseKey@4             100298f4 f   advapi32:ADVAPI32.dll
 0001:000288fa       _RegQueryValueExW@24       100298fa f   advapi32:ADVAPI32.dll
 0001:00028900       _RegOpenKeyExW@20          10029900 f   advapi32:ADVAPI32.dll
 0001:00028906       _RegCreateKeyExW@36        10029906 f   advapi32:ADVAPI32.dll
 0001:0002890c       _FreeSid@4                 1002990c f   advapi32:ADVAPI32.dll
 0001:00028912       _CheckTokenMembership@12   10029912 f   advapi32:ADVAPI32.dll
 0001:00028918       _AllocateAndInitializeSid@44 10029918 f   advapi32:ADVAPI32.dll
 0001:0002891e       _ConvertSidToStringSidW@8  1002991e f   advapi32:ADVAPI32.dll
 0001:00028924       _GetTokenInformation@20    10029924 f   advapi32:ADVAPI32.dll
 0001:0002892a       _OpenProcessToken@12       1002992a f   advapi32:ADVAPI32.dll
 0001:00028930       _RegEnumKeyExW@32          10029930 f   advapi32:ADVAPI32.dll
 0001:00028936       _SHGetFolderPathW@20       10029936 f   shell32:SHELL32.dll
 0001:0002893c       _VerQueryValueW@16         1002993c f   version:VERSION.dll
 0001:00028942       _GetFileVersionInfoW@16    10029942 f   version:VERSION.dll
 0001:00028948       _GetFileVersionInfoSizeW@8 10029948 f   version:VERSION.dll
 0001:00028950       __chkstk                   10029950 f   LIBCMT:chkstk.obj
 0001:00028950       __alloca_probe             10029950     LIBCMT:chkstk.obj
 0001:00028980       _memset                    10029980 f   LIBCMT:memset.obj
 0001:00029f70       _memcmp                    1002af70 f   LIBCMT:memcmp.obj
 0001:0002b5f0       _memcpy                    1002c5f0 f   LIBCMT:memcpy.obj
 0001:0002b955       _wcsrchr                   1002c955 f   LIBCMT:wcsrchr.obj
 0001:0002b990       _memmove                   1002c990 f   LIBCMT:memmove.obj
 0001:0002bcf5       _wcschr                    1002ccf5 f   LIBCMT:wcschr.obj
 0001:0002bd1b       _wcsstr                    1002cd1b f   LIBCMT:wcsstr.obj
 0001:0002bd80       __ftol2_sse                1002cd80 f   LIBCMT:ftol2.obj
 0001:0002bd89       __ftol2_pentium4           1002cd89 f   LIBCMT:ftol2.obj
 0001:0002bd9c       __ftol2_sse_excpt          1002cd9c f   LIBCMT:ftol2.obj
 0001:0002bdb6       __ftol2                    1002cdb6 f   LIBCMT:ftol2.obj
 0001:0002be2b       _wcsncmp                   1002ce2b f   LIBCMT:wcsncmp.obj
 0001:0002be70       _strrchr                   1002ce70 f   LIBCMT:strrchr.obj
 0001:0002bef4       __VEC_memzero              1002cef4 f   LIBCMT:p4_memset.obj
 0001:0002bfd3       __get_sse2_info            1002cfd3 f   LIBCMT:cpu_disp.obj
 0001:0002c035       ___sse2_available_init     1002d035 f   LIBCMT:cpu_disp.obj
 0001:0002c0c9       __VEC_memcpy               1002d0c9 f   LIBCMT:p4_memcpy.obj
 0001:0002c1ac       __SEH_prolog4              1002d1ac f   LIBCMT:sehprolg4.obj
 0001:0002c1f1       __SEH_epilog4              1002d1f1 f   LIBCMT:sehprolg4.obj
 0001:0002c240       __except_handler4          1002d240 f   LIBCMT:chandler4.obj
 0001:0002c3cc       @__security_check_cookie@4 1002d3cc f   LIBCMT:secchk.obj
 0001:0002c3dc       __local_unwind4            1002d3dc f   LIBCMT:exsup4.obj
 0001:0002c4b2       __seh_longjmp_unwind4@4    1002d4b2 f   LIBCMT:exsup4.obj
 0001:0002c4ce       @_EH4_CallFilterFunc@8     1002d4ce f   LIBCMT:exsup4.obj
 0001:0002c4e5       @_EH4_TransferToHandler@8  1002d4e5 f   LIBCMT:exsup4.obj
 0001:0002c4fe       @_EH4_GlobalUnwind@4       1002d4fe f   LIBCMT:exsup4.obj
 0001:0002c518       @_EH4_LocalUnwind@16       1002d518 f   LIBCMT:exsup4.obj
 0001:0002c530       __ValidateImageBase        1002d530 f   LIBCMT:pesect.obj
 0001:0002c570       __FindPESection            1002d570 f   LIBCMT:pesect.obj
 0001:0002c5c0       __IsNonwritableInCurrentImage 1002d5c0 f   LIBCMT:pesect.obj
 0001:0002c67d       ___report_gsfailure        1002d67d f   LIBCMT:gs_report.obj
 0001:0002c784       __global_unwind2           1002d784 f   LIBCMT:exsup.obj
 0001:0002c7e9       __local_unwind2            1002d7e9 f   LIBCMT:exsup.obj
 0001:0002c86d       __abnormal_termination     1002d86d f   LIBCMT:exsup.obj
 0001:0002c890       __NLG_Notify1              1002d890 f   LIBCMT:exsup.obj
 0001:0002c899       __NLG_Notify               1002d899 f   LIBCMT:exsup.obj
 0001:0002c8b0       __NLG_Dispatch             1002d8b0     LIBCMT:exsup.obj
 0001:0002c8b0       __NLG_Dispatch2            1002d8b0     LIBCMT:exsup.obj
 0001:0002c8b8       __NLG_Call                 1002d8b8 f   LIBCMT:exsup.obj
 0001:0002c8ba       __NLG_Return2              1002d8ba     LIBCMT:exsup.obj
 0001:0002c8bb       __crt_debugger_hook        1002d8bb f   LIBCMT:dbghook.obj
 0001:0002c8c4       _RtlUnwind@16              1002d8c4 f   kernel32:KERNEL32.dll
 0001:0002c8ca       _UnhandledExceptionFilter@4 1002d8ca f   kernel32:KERNEL32.dll
 0001:0002c8d0       _SetUnhandledExceptionFilter@4 1002d8d0 f   kernel32:KERNEL32.dll
 0002:00000000       __imp__OpenProcessToken@12 1002e000     advapi32:ADVAPI32.dll
 0002:00000004       __imp__GetTokenInformation@20 1002e004     advapi32:ADVAPI32.dll
 0002:00000008       __imp__ConvertSidToStringSidW@8 1002e008     advapi32:ADVAPI32.dll
 0002:0000000c       __imp__AllocateAndInitializeSid@44 1002e00c     advapi32:ADVAPI32.dll
 0002:00000010       __imp__CheckTokenMembership@12 1002e010     advapi32:ADVAPI32.dll
 0002:00000014       __imp__FreeSid@4           1002e014     advapi32:ADVAPI32.dll
 0002:00000018       __imp__RegCreateKeyExW@36  1002e018     advapi32:ADVAPI32.dll
 0002:0000001c       __imp__RegOpenKeyExW@20    1002e01c     advapi32:ADVAPI32.dll
 0002:00000020       __imp__RegQueryValueExW@24 1002e020     advapi32:ADVAPI32.dll
 0002:00000024       __imp__RegCloseKey@4       1002e024     advapi32:ADVAPI32.dll
 0002:00000028       __imp__RegEnumKeyExW@32    1002e028     advapi32:ADVAPI32.dll
 0002:0000002c       \177ADVAPI32_NULL_THUNK_DATA 1002e02c     advapi32:ADVAPI32.dll
 0002:00000030       __imp__GetTextMetricsW@8   1002e030     gdi32:GDI32.dll
 0002:00000034       __imp__GetDeviceCaps@8     1002e034     gdi32:GDI32.dll
 0002:00000038       __imp__CreateEnhMetaFileW@16 1002e038     gdi32:GDI32.dll
 0002:0000003c       __imp__CreateCompatibleDC@4 1002e03c     gdi32:GDI32.dll
 0002:00000040       __imp__CreateDIBSection@24 1002e040     gdi32:GDI32.dll
 0002:00000044       __imp__CreateSolidBrush@4  1002e044     gdi32:GDI32.dll
 0002:00000048       __imp__DeleteObject@4      1002e048     gdi32:GDI32.dll
 0002:0000004c       __imp__DeleteDC@4          1002e04c     gdi32:GDI32.dll
 0002:00000050       __imp__SelectObject@8      1002e050     gdi32:GDI32.dll
 0002:00000054       __imp__GdiFlush@0          1002e054     gdi32:GDI32.dll
 0002:00000058       __imp__CloseEnhMetaFile@4  1002e058     gdi32:GDI32.dll
 0002:0000005c       __imp__CreateFontIndirectW@4 1002e05c     gdi32:GDI32.dll
 0002:00000060       __imp__DeleteEnhMetaFile@4 1002e060     gdi32:GDI32.dll
 0002:00000064       __imp__GetEnhMetaFileBits@12 1002e064     gdi32:GDI32.dll
 0002:00000068       \177GDI32_NULL_THUNK_DATA  1002e068     gdi32:GDI32.dll
 0002:0000006c       __imp__GetConsoleScreenBufferInfo@8 1002e06c     kernel32:KERNEL32.dll
 0002:00000070       __imp__SuspendThread@4     1002e070     kernel32:KERNEL32.dll
 0002:00000074       __imp__ResumeThread@4      1002e074     kernel32:KERNEL32.dll
 0002:00000078       __imp__TerminateProcess@8  1002e078     kernel32:KERNEL32.dll
 0002:0000007c       __imp__GetCurrentProcess@0 1002e07c     kernel32:KERNEL32.dll
 0002:00000080       __imp__CloseHandle@4       1002e080     kernel32:KERNEL32.dll
 0002:00000084       __imp__Module32NextW@8     1002e084     kernel32:KERNEL32.dll
 0002:00000088       __imp__Module32FirstW@8    1002e088     kernel32:KERNEL32.dll
 0002:0000008c       __imp__CreateToolhelp32Snapshot@8 1002e08c     kernel32:KERNEL32.dll
 0002:00000090       __imp__GetEnvironmentVariableW@12 1002e090     kernel32:KERNEL32.dll
 0002:00000094       __imp__CreateThread@24     1002e094     kernel32:KERNEL32.dll
 0002:00000098       __imp__CreateSemaphoreW@16 1002e098     kernel32:KERNEL32.dll
 0002:0000009c       __imp__CreateEventW@16     1002e09c     kernel32:KERNEL32.dll
 0002:000000a0       __imp__OpenFileMappingW@12 1002e0a0     kernel32:KERNEL32.dll
 0002:000000a4       __imp__VirtualProtect@16   1002e0a4     kernel32:KERNEL32.dll
 0002:000000a8       __imp__MapViewOfFile@20    1002e0a8     kernel32:KERNEL32.dll
 0002:000000ac       __imp__CreateFileMappingW@24 1002e0ac     kernel32:KERNEL32.dll
 0002:000000b0       __imp__lstrcmpW@8          1002e0b0     kernel32:KERNEL32.dll
 0002:000000b4       __imp__lstrcpynW@12        1002e0b4     kernel32:KERNEL32.dll
 0002:000000b8       __imp__lstrcmpiW@8         1002e0b8     kernel32:KERNEL32.dll
 0002:000000bc       __imp__UnmapViewOfFile@4   1002e0bc     kernel32:KERNEL32.dll
 0002:000000c0       __imp__TerminateThread@8   1002e0c0     kernel32:KERNEL32.dll
 0002:000000c4       __imp__SetConsoleTitleW@4  1002e0c4     kernel32:KERNEL32.dll
 0002:000000c8       __imp__GetConsoleTitleW@8  1002e0c8     kernel32:KERNEL32.dll
 0002:000000cc       __imp__WideCharToMultiByte@32 1002e0cc     kernel32:KERNEL32.dll
 0002:000000d0       __imp__DeleteFileW@4       1002e0d0     kernel32:KERNEL32.dll
 0002:000000d4       __imp__CreateProcessW@40   1002e0d4     kernel32:KERNEL32.dll
 0002:000000d8       __imp__GetExitCodeProcess@8 1002e0d8     kernel32:KERNEL32.dll
 0002:000000dc       __imp__SetConsoleMode@8    1002e0dc     kernel32:KERNEL32.dll
 0002:000000e0       __imp__GetConsoleMode@8    1002e0e0     kernel32:KERNEL32.dll
 0002:000000e4       __imp__GetConsoleCursorInfo@8 1002e0e4     kernel32:KERNEL32.dll
 0002:000000e8       __imp__Thread32Next@8      1002e0e8     kernel32:KERNEL32.dll
 0002:000000ec       __imp__Thread32First@8     1002e0ec     kernel32:KERNEL32.dll
 0002:000000f0       __imp__ExpandEnvironmentStringsW@12 1002e0f0     kernel32:KERNEL32.dll
 0002:000000f4       __imp__lstrcmpA@8          1002e0f4     kernel32:KERNEL32.dll
 0002:000000f8       __imp__MultiByteToWideChar@24 1002e0f8     kernel32:KERNEL32.dll
 0002:000000fc       __imp__lstrlenA@4          1002e0fc     kernel32:KERNEL32.dll
 0002:00000100       __imp__lstrcpynA@12        1002e100     kernel32:KERNEL32.dll
 0002:00000104       __imp__GetCurrentDirectoryW@8 1002e104     kernel32:KERNEL32.dll
 0002:00000108       __imp__lstrcpyA@8          1002e108     kernel32:KERNEL32.dll
 0002:0000010c       __imp__DisconnectNamedPipe@4 1002e10c     kernel32:KERNEL32.dll
 0002:00000110       __imp__SetThreadPriority@8 1002e110     kernel32:KERNEL32.dll
 0002:00000114       __imp__Sleep@4             1002e114     kernel32:KERNEL32.dll
 0002:00000118       __imp__FlushFileBuffers@4  1002e118     kernel32:KERNEL32.dll
 0002:0000011c       __imp__ReadFile@20         1002e11c     kernel32:KERNEL32.dll
 0002:00000120       __imp__GetOverlappedResult@16 1002e120     kernel32:KERNEL32.dll
 0002:00000124       __imp__WriteFile@20        1002e124     kernel32:KERNEL32.dll
 0002:00000128       __imp__ConnectNamedPipe@8  1002e128     kernel32:KERNEL32.dll
 0002:0000012c       __imp__CreateNamedPipeW@32 1002e12c     kernel32:KERNEL32.dll
 0002:00000130       __imp__InterlockedIncrement@4 1002e130     kernel32:KERNEL32.dll
 0002:00000134       __imp__GetFileInformationByHandle@8 1002e134     kernel32:KERNEL32.dll
 0002:00000138       __imp__CreateFileW@28      1002e138     kernel32:KERNEL32.dll
 0002:0000013c       __imp__ReadProcessMemory@20 1002e13c     kernel32:KERNEL32.dll
 0002:00000140       __imp__FreeLibrary@4       1002e140     kernel32:KERNEL32.dll
 0002:00000144       __imp__GetVersionExW@4     1002e144     kernel32:KERNEL32.dll
 0002:00000148       __imp__SearchPathW@24      1002e148     kernel32:KERNEL32.dll
 0002:0000014c       __imp__DebugBreak@0        1002e14c     kernel32:KERNEL32.dll
 0002:00000150       __imp__SetNamedPipeHandleState@16 1002e150     kernel32:KERNEL32.dll
 0002:00000154       __imp__WaitNamedPipeW@8    1002e154     kernel32:KERNEL32.dll
 0002:00000158       __imp__TransactNamedPipe@28 1002e158     kernel32:KERNEL32.dll
 0002:0000015c       __imp__GetConsoleWindow@0  1002e15c     kernel32:KERNEL32.dll
 0002:00000160       __imp__HeapCreate@12       1002e160     kernel32:KERNEL32.dll
 0002:00000164       __imp__HeapDestroy@4       1002e164     kernel32:KERNEL32.dll
 0002:00000168       __imp__HeapAlloc@12        1002e168     kernel32:KERNEL32.dll
 0002:0000016c       __imp__HeapReAlloc@16      1002e16c     kernel32:KERNEL32.dll
 0002:00000170       __imp__HeapFree@12         1002e170     kernel32:KERNEL32.dll
 0002:00000174       __imp__HeapValidate@12     1002e174     kernel32:KERNEL32.dll
 0002:00000178       __imp__LocalFree@4         1002e178     kernel32:KERNEL32.dll
 0002:0000017c       __imp__LocalAlloc@8        1002e17c     kernel32:KERNEL32.dll
 0002:00000180       __imp__SetConsoleWindowInfo@12 1002e180     kernel32:KERNEL32.dll
 0002:00000184       __imp__GetConsoleOutputCP@0 1002e184     kernel32:KERNEL32.dll
 0002:00000188       __imp__GetFileSizeEx@8     1002e188     kernel32:KERNEL32.dll
 0002:0000018c       __imp__FindClose@4         1002e18c     kernel32:KERNEL32.dll
 0002:00000190       __imp__FindNextFileW@8     1002e190     kernel32:KERNEL32.dll
 0002:00000194       __imp__FindFirstFileW@8    1002e194     kernel32:KERNEL32.dll
 0002:00000198       __imp__CreateDirectoryW@8  1002e198     kernel32:KERNEL32.dll
 0002:0000019c       __imp__OpenProcess@12      1002e19c     kernel32:KERNEL32.dll
 0002:000001a0       __imp__Process32NextW@8    1002e1a0     kernel32:KERNEL32.dll
 0002:000001a4       __imp__Process32FirstW@8   1002e1a4     kernel32:KERNEL32.dll
 0002:000001a8       __imp__IsBadReadPtr@8      1002e1a8     kernel32:KERNEL32.dll
 0002:000001ac       __imp__GetFullPathNameW@16 1002e1ac     kernel32:KERNEL32.dll
 0002:000001b0       __imp__GetModuleFileNameA@12 1002e1b0     kernel32:KERNEL32.dll
 0002:000001b4       __imp__OpenEventW@12       1002e1b4     kernel32:KERNEL32.dll
 0002:000001b8       __imp__InitializeCriticalSection@4 1002e1b8     kernel32:KERNEL32.dll
 0002:000001bc       __imp__DeleteCriticalSection@4 1002e1bc     kernel32:KERNEL32.dll
 0002:000001c0       __imp__EnterCriticalSection@4 1002e1c0     kernel32:KERNEL32.dll
 0002:000001c4       __imp__LeaveCriticalSection@4 1002e1c4     kernel32:KERNEL32.dll
 0002:000001c8       __imp__TryEnterCriticalSection@4 1002e1c8     kernel32:KERNEL32.dll
 0002:000001cc       __imp__OpenThread@12       1002e1cc     kernel32:KERNEL32.dll
 0002:000001d0       __imp__GetLocalTime@4      1002e1d0     kernel32:KERNEL32.dll
 0002:000001d4       __imp__GetLargestConsoleWindowSize@4 1002e1d4     kernel32:KERNEL32.dll
 0002:000001d8       __imp__DuplicateHandle@28  1002e1d8     kernel32:KERNEL32.dll
 0002:000001dc       __imp__GetWindowsDirectoryW@8 1002e1dc     kernel32:KERNEL32.dll
 0002:000001e0       __imp__GlobalUnlock@4      1002e1e0     kernel32:KERNEL32.dll
 0002:000001e4       __imp__GlobalLock@4        1002e1e4     kernel32:KERNEL32.dll
 0002:000001e8       __imp__GlobalAlloc@8       1002e1e8     kernel32:KERNEL32.dll
 0002:000001ec       __imp__UnhandledExceptionFilter@4 1002e1ec     kernel32:KERNEL32.dll
 0002:000001f0       __imp__RtlUnwind@16        1002e1f0     kernel32:KERNEL32.dll
[...]
 0002:000036b4       ??_C@_0BO@KDJDCIBJ@GetConsoleKeyboardLayoutNameW?$AA@ 100316b4     WinObjects.obj
 0002:000036d8       ??_C@_1CGI@DFIMAEBM@?$AAS?$AAt?$AAa?$AAr?$AAt?$AAu?$AAp?$AA?5?$AAi?$AAn?$AAf?$AAo?$AA?$AN?$AA?6?$AA?7?$AAO?$AAs?$AAV?$AAe?$AAr?$AA?3?$AA?5?$AA?$CF?$AAu?$AA?4?$AA?$CF?$AAu?$AA?4?$AA?$CF?$AAu?$AA?4?$AAx@ 100316d8     WinObjects.obj
 0002:00003940       ??_C@_1EO@MPDKFAPM@?$AAL?$AAo?$AAg?$AAS?$AAt?$AAa?$AAr?$AAt?$AAE?$AAn?$AAv?$AA?5?$AAf?$AAa?$AAi?$AAl?$AAe?$AAd?$AA?0?$AA?5?$AAi?$AAn?$AAv?$AAa?$AAl?$AAi?$AAd?$AA?5?$AAa?$AAp?$AAS?$AAt@ 10031940     WinObjects.obj
 0002:00003990       ??_7CToolTip@@6B@          10031990     WinObjects.obj
 0002:00003994       ??_C@_1CC@KPOKNCMJ@?$AAt?$AAo?$AAo?$AAl?$AAt?$AAi?$AAp?$AAs?$AA_?$AAc?$AAl?$AAa?$AAs?$AAs?$AA3?$AA2?$AA?$AA@ 10031994     WinObjects.obj
 0002:000039b8       ??_C@_1FA@BFJDIMLC@?$AAC?$AA?3?$AA?2?$AAP?$AAr?$AAo?$AAg?$AAr?$AAa?$AAm?$AA?5?$AAF?$AAi?$AAl?$AAe?$AAs?$AA?2?$AAJ?$AAP?$AAS?$AAo?$AAf?$AAt?$AA?2?$AAT?$AAC?$AAC?$AAL?$AAE?$AA1?$AA3?$AA?2@ 100319b8     WinObjects.obj
 0002:00003a08       ??_C@_1EO@GBOKIPHE@?$AAC?$AA?3?$AA?2?$AAP?$AAr?$AAo?$AAg?$AAr?$AAa?$AAm?$AA?5?$AAF?$AAi?$AAl?$AAe?$AAs?$AA?2?$AAJ?$AAP?$AAS?$AAo?$AAf?$AAt?$AA?2?$AAT?$AAC?$AAM?$AAD?$AA1?$AA3?$AA?2?$AAt@ 10031a08     WinObjects.obj
 0002:00003a58       ??_C@_1CA@CBMLAMC@?$AAI?$AAn?$AAs?$AAt?$AAa?$AAl?$AAl?$AAL?$AAo?$AAc?$AAa?$AAt?$AAi?$AAo?$AAn?$AA?$AA@ 10031a58     WinObjects.obj
 0002:00003a78       ??_C@_1BI@NAAHPGNK@?$AAJ?$AAP?$AA?5?$AAS?$AAo?$AAf?$AAt?$AAw?$AAa?$AAr?$AAe?$AA?$AA@ 10031a78     WinObjects.obj
 0002:00003a90       ??_C@_1BE@CCMLAJPM@?$AAP?$AAu?$AAb?$AAl?$AAi?$AAs?$AAh?$AAe?$AAr?$AA?$AA@ 10031a90     WinObjects.obj
 0002:00003aa8       ??_C@_1GI@BAAGFBH@?$AAS?$AAO?$AAF?$AAT?$AAW?$AAA?$AAR?$AAE?$AA?2?$AAM?$AAi?$AAc?$AAr?$AAo?$AAs?$AAo?$AAf?$AAt?$AA?2?$AAW?$AAi?$AAn?$AAd?$AAo?$AAw?$AAs?$AA?2?$AAC?$AAu?$AAr?$AAr?$AAe@ 10031aa8     WinObjects.obj
 0002:00003b10       ??_C@_1BA@JFHFEKBP@?$AAt?$AAc?$AAc?$AA?4?$AAe?$AAx?$AAe?$AA?$AA@ 10031b10     WinObjects.obj
 0002:00003b20       ??_C@_1BE@BGAOJFLF@?$AA?2?$AAt?$AAc?$AAm?$AAd?$AA?4?$AAe?$AAx?$AAe?$AA?$AA@ 10031b20     WinObjects.obj
 0002:00003b34       ??_C@_1CK@HMKJOJBO@?$AAS?$AAO?$AAF?$AAT?$AAW?$AAA?$AAR?$AAE?$AA?2?$AAJ?$AAP?$AA?5?$AAS?$AAo?$AAf?$AAt?$AAw?$AAa?$AAr?$AAe?$AA?$AA@ 10031b34     WinObjects.obj
 0002:00003b60       ??_C@_1DA@EMHAGABM@?$AA?$CF?$AAC?$AAo?$AAn?$AAE?$AAm?$AAu?$AAB?$AAa?$AAs?$AAe?$AAD?$AAi?$AAr?$AA?$CF?$AA?2?$AAt?$AAc?$AAc?$AA?4?$AAe?$AAx?$AAe?$AA?$AA@ 10031b60     WinObjects.obj
 0002:00003b90       ??_C@_13PJJBFPED@?$AA?$DL?$AA?$AA@ 10031b90     WinObjects.obj
 0002:00003b94       ??_C@_1BA@DBKIDAPL@?$AAc?$AAm?$AAd?$AA?4?$AAe?$AAx?$AAe?$AA?$AA@ 10031b94     WinObjects.obj
 0002:00003ba4       ??_C@_1CE@ECCAMEKN@?$AA?2?$AAS?$AAy?$AAs?$AAW?$AAO?$AAW?$AA6?$AA4?$AA?2?$AAc?$AAm?$AAd?$AA?4?$AAe?$AAx?$AAe?$AA?$AA@ 10031ba4     WinObjects.obj
 0002:00003bc8       ??_C@_1CC@PDLBBEEF@?$AAS?$AAy?$AAs?$AAW?$AAO?$AAW?$AA6?$AA4?$AA?2?$AAc?$AAm?$AAd?$AA?4?$AAe?$AAx?$AAe?$AA?$AA@ 10031bc8     WinObjects.obj
 0002:00003bec       ??_C@_1CE@PMNGKNKL@?$AA?2?$AAS?$AAy?$AAs?$AAt?$AAe?$AAm?$AA3?$AA2?$AA?2?$AAc?$AAm?$AAd?$AA?4?$AAe?$AAx?$AAe?$AA?$AA@ 10031bec     WinObjects.obj
 0002:00003c10       ??_C@_1CC@ENEHHNED@?$AAS?$AAy?$AAs?$AAt?$AAe?$AAm?$AA3?$AA2?$AA?2?$AAc?$AAm?$AAd?$AA?4?$AAe?$AAx?$AAe?$AA?$AA@ 10031c10     WinObjects.obj
 0002:00003c34       ??_C@_1CK@OLMGMMDO@?$AAC?$AAo?$AAn?$AAE?$AAm?$AAu?$AAS?$AAl?$AAe?$AAe?$AAp?$AAI?$AAn?$AAd?$AAi?$AAc?$AAa?$AAt?$AAo?$AAr?$AA?$AA@ 10031c34     WinObjects.obj
 0002:00003c68       __load_config_used         10031c68     LIBCMT:loadcfg.obj
 0002:00003d30       ___safe_se_handler_table   10031d30     <linker-defined>
 0002:00003d7c       __IMPORT_DESCRIPTOR_KERNEL32 10031d7c     kernel32:KERNEL32.dll
 0002:00003d90       __IMPORT_DESCRIPTOR_USER32 10031d90     user32:USER32.dll
 0002:00003da4       __IMPORT_DESCRIPTOR_GDI32  10031da4     gdi32:GDI32.dll
 0002:00003db8       __IMPORT_DESCRIPTOR_ADVAPI32 10031db8     advapi32:ADVAPI32.dll
 0002:00003dcc       __IMPORT_DESCRIPTOR_SHELL32 10031dcc     shell32:SHELL32.dll
 0002:00003de0       __IMPORT_DESCRIPTOR_VERSION 10031de0     version:VERSION.dll
 0002:00003df4       __NULL_IMPORT_DESCRIPTOR   10031df4     kernel32:KERNEL32.dll
 0003:00000000       ?gnPluginOpenFrom@@3HA     10034000     ConEmuPlugin.obj
 0003:00000004       ?gnReqCommand@@3KA         10034004     ConEmuPlugin.obj
 0003:00000008       ?lastModifiedStateW@@3HA   10034008     ConEmuPlugin.obj
 0003:0000000c       ?gFarMode@@3UHookModeFar@@A 1003400c     ConEmuPlugin.obj
 0003:00000028       ?gpPluginMenu@@3PAUPluginAndMenuCommands@@A 10034028     ConEmuPlugin.obj
 0003:000000e0       ?Far3Func@@3PAUExportFunc@@A 100340e0     ConEmuPlugin.obj
 0003:00000128       ?guid_ConEmu@@3U_GUID@@A   10034128     ConEmuPlugin2800.obj
 0003:00000138       ?guid_ConEmuPluginItems@@3U_GUID@@A 10034138     ConEmuPlugin2800.obj
 0003:00000148       ?guid_ConEmuPluginMenu@@3U_GUID@@A 10034148     ConEmuPlugin2800.obj
 0003:00000158       ?guid_ConEmuGuiMacroDlg@@3U_GUID@@A 10034158     ConEmuPlugin2800.obj
 0003:00000168       ?guid_ConEmuWaitEndSynchro@@3U_GUID@@A 10034168     ConEmuPlugin2800.obj
 0003:00000180       ___security_cookie         10034180     LIBCMT:gs_cookie.obj
 0003:00000184       ___security_cookie_complement 10034184     LIBCMT:gs_cookie.obj
 0003:00000188       __NLG_Destination          10034188     LIBCMT:exsup.obj
 0003:00000198       ?ghHooksModule@@3PAUHINSTANCE__@@A 10034198     ConEmuInjects.obj
 0003:0000019c       ?gbHooksModuleLoaded@@3HA  1003419c     ConEmuInjects.obj
 0003:000001a0       ?SetHookCallbacks@@3P6G_NPBDPB_WPAUHINSTANCE__@@P6GHPAUHookCallbackArg@@@ZP6GX3@Z5@ZA 100341a0     ConEmuInjects.obj
 0003:000001a4       ?SetLoadLibraryCallback@@3P6GXPAUHINSTANCE__@@P6GX0@Z1@ZA 100341a4     ConEmuInjects.obj
 0003:000001a8       ?SetFarHookMode@@3P6GXPAUHookModeFar@@@ZA 100341a8     ConEmuInjects.obj
 0003:000001b0       ?gszDir2@@3PA_WA           100341b0     ConEmuPlugin.obj
 0003:000009b0       ?gpConMap@@3PAV?$MFileMapping@UCESERVER_CONSOLE_MAPPING_HDR@@@@A 100349b0     ConEmuPlugin.obj
 0003:000009b8       ?gszRootKey@@3PA_WA        100349b8     ConEmuPlugin.obj
 0003:00000dc8       ?gsbiDetached@@3U_CONSOLE_SCREEN_BUFFER_INFO@@A 10034dc8     ConEmuPlugin.obj
 0003:00000de0       ?gszDir1@@3PA_WA           10034de0     ConEmuPlugin.obj
 0003:000015e0       ?ghPluginModule@@3PAUHINSTANCE__@@A 100355e0     ConEmuPlugin.obj
 0003:000015e4       ?ConEmuHwnd@@3PAUHWND__@@A 100355e4     ConEmuPlugin.obj
 0003:000015e8       ?gdwPreDetachGuiPID@@3KA   100355e8     ConEmuPlugin.obj
 0003:000015ec       ?gdwServerPID@@3KA         100355ec     ConEmuPlugin.obj
 0003:000015f0       ?TerminalMode@@3HA         100355f0     ConEmuPlugin.obj
 0003:000015f4       ?FarHwnd@@3PAUHWND__@@A    100355f4     ConEmuPlugin.obj
 0003:000015f8       ?gnMainThreadId@@3KA       100355f8     ConEmuPlugin.obj
 0003:000015fc       ?gnMainThreadIdInitial@@3KA 100355fc     ConEmuPlugin.obj
 0003:00001600       ?ghMonitorThread@@3PAXA    10035600     ConEmuPlugin.obj
 0003:00001604       ?gnMonitorThreadId@@3KA    10035604     ConEmuPlugin.obj
 0003:00001608       ?ghSetWndSendTabsEvent@@3PAXA 10035608     ConEmuPlugin.obj
 0003:0000160c       ?gFarVersion@@3UFarVersion@@A 1003560c     ConEmuPlugin.obj
 0003:00001614       ?maxTabCount@@3HA          10035614     ConEmuPlugin.obj
 0003:00001618       ?lastWindowCount@@3HA      10035618     ConEmuPlugin.obj
 0003:0000161c       ?gnCurTabCount@@3HA        1003561c     ConEmuPlugin.obj
 0003:00001620       ?gpTabs@@3PAUCESERVER_REQ@@A 10035620     ConEmuPlugin.obj
 0003:00001624       ?gbIgnoreUpdateTabs@@3HA   10035624     ConEmuPlugin.obj
 0003:00001628       ?gbRequestUpdateTabs@@3HA  10035628     ConEmuPlugin.obj
 0003:0000162c       ?gbClosingModalViewerEditor@@3HA 1003562c     ConEmuPlugin.obj
 0003:00001630       ?gLastMouseReadEvent@@3U_MOUSE_EVENT_RECORD@@A 10035630     ConEmuPlugin.obj
 0003:00001640       ?gbUngetDummyMouseEvent@@3HA 10035640     ConEmuPlugin.obj
 0003:00001644       ?gnAllowDummyMouseEvent@@3JA 10035644     ConEmuPlugin.obj
 0003:00001648       ?gnDummyMouseEventFromMacro@@3JA 10035648     ConEmuPlugin.obj
 0003:0000164c       ?csData@@3PAVMSection@@A   1003564c     ConEmuPlugin.obj
 0003:00001650       ?gpCmdRet@@3PAUCESERVER_REQ@@A 10035650     ConEmuPlugin.obj
 0003:00001654       ?gpData@@3PAEA             10035654     ConEmuPlugin.obj
 0003:00001658       ?gpCursor@@3PAEA           10035658     ConEmuPlugin.obj
 0003:0000165c       ?gnDataSize@@3KA           1003565c     ConEmuPlugin.obj
 0003:00001660       ?gpReqCommandData@@3PAXA   10035660     ConEmuPlugin.obj
 0003:0000166c       ?gnMsgTabChanged@@3IA      1003566c     ConEmuPlugin.obj
 0003:00001670       ?csTabs@@3PAVMSection@@A   10035670     ConEmuPlugin.obj
 0003:00001674       ?gbPlugKeyChanged@@3HA     10035674     ConEmuPlugin.obj
 0003:00001678       ?ghRegMonitorKey@@3PAUHKEY__@@A 10035678     ConEmuPlugin.obj
 0003:0000167c       ?ghRegMonitorEvt@@3PAXA    1003567c     ConEmuPlugin.obj
 0003:00001680       ?ghPluginSemaphore@@3PAXA  10035680     ConEmuPlugin.obj
 0003:00001684       ?gbNeedPostTabSend@@3HA    10035684     ConEmuPlugin.obj
 0003:00001688       ?gsFarLang@@3PA_WA         10035688     ConEmuPlugin.obj
 0003:00001708       ?gbNeedPostEditCheck@@3HA  10035708     ConEmuPlugin.obj
 0003:0000170c       ?gbNeedPostReloadFarInfo@@3HA 1003570c     ConEmuPlugin.obj
 0003:00001710       ?gnNeedPostTabSendTick@@3KA 10035710     ConEmuPlugin.obj
 0003:00001714       ?gpConMapInfo@@3PBUCESERVER_CONSOLE_MAPPING_HDR@@B 10035714     ConEmuPlugin.obj
 0003:00001718       ?gbStartedUnderConsole2@@3HA 10035718     ConEmuPlugin.obj
 0003:0000171c       ?gnSelfPID@@3KA            1003571c     ConEmuPlugin.obj
 0003:00001720       ?ghFarInfoMapping@@3PAXA   10035720     ConEmuPlugin.obj
 0003:00001724       ?gpFarInfo@@3PAUCEFAR_INFO_MAPPING@@A 10035724     ConEmuPlugin.obj
 0003:00001728       ?gpFarInfoMapping@@3PAUCEFAR_INFO_MAPPING@@A 10035728     ConEmuPlugin.obj
 0003:0000172c       ?ghFarAliveEvent@@3PAXA    1003572c     ConEmuPlugin.obj
 0003:00001730       ?gPanelRegLeft@@3Utag_PanelViewRegInfo@@A 10035730     ConEmuPlugin.obj
 0003:00001748       ?gPanelRegRight@@3Utag_PanelViewRegInfo@@A 10035748     ConEmuPlugin.obj
 0003:00001760       ?ghConEmuCtrlPressed@@3PAXA 10035760     ConEmuPlugin.obj
 0003:00001764       ?ghConEmuShiftPressed@@3PAXA 10035764     ConEmuPlugin.obj
 0003:00001768       ?gbWaitConsoleInputEmpty@@3HA 10035768     ConEmuPlugin.obj
 0003:0000176c       ?gbWaitConsoleWrite@@3HA   1003576c     ConEmuPlugin.obj
 0003:00001770       ?ghConsoleInputEmpty@@3PAXA 10035770     ConEmuPlugin.obj
 0003:00001774       ?ghConsoleWrite@@3PAXA     10035774     ConEmuPlugin.obj
 0003:00001778       ?gnSynchroCount@@3HA       10035778     ConEmuPlugin.obj
 0003:0000177c       ?gbSynchroProhibited@@3_NA 1003577c     ConEmuPlugin.obj
 0003:0000177d       ?gbInputSynchroPending@@3_NA 1003577d     ConEmuPlugin.obj
 0003:00001780       ?gbInfoW_OK@@3HA           10035780     ConEmuPlugin.obj
 0003:00001784       ?gnPeekReadCount@@3KA      10035784     ConEmuPlugin.obj
 0003:00001788       ?gbExitFarCalled@@3HA      10035788     ConEmuPlugin.obj
 0003:00001794       ?gbWasDetached@@3HA        10035794     ConEmuPlugin.obj
 0003:000017a4       ?InfoW995@@3PAUPluginStartupInfo@@A 100357a4     ConEmuPlugin995.obj
 0003:000017a8       ?FSFW995@@3PAUFarStandardFunctions@@A 100357a8     ConEmuPlugin995.obj
 0003:000019b8       ?InfoW1900@@3PAUPluginStartupInfo@@A 100359b8     ConEmuPlugin1900.obj
 0003:000019bc       ?FSFW1900@@3PAUFarStandardFunctions@@A 100359bc     ConEmuPlugin1900.obj
 0003:00001bf8       ?LastIndex@?1??Color2FgIndex@Far3Color@@SIXKAAG@Z@4HA 10035bf8     ConEmuPlugin1900.obj
 0003:00001bfc       ?LastColor@?1??Color2FgIndex@Far3Color@@SIXKAAG@Z@4KA 10035bfc     ConEmuPlugin1900.obj
 0003:00001c00       ?LastIndex@?1??Color2BgIndex@Far3Color@@SIXKHAAG@Z@4HA 10035c00     ConEmuPlugin1900.obj
 0003:00001c04       ?LastColor@?1??Color2BgIndex@Far3Color@@SIXKHAAG@Z@4KA 10035c04     ConEmuPlugin1900.obj
 0003:00001c0c       ?InfoW2800@@3PAUPluginStartupInfo@@A 10035c0c     ConEmuPlugin2800.obj
 0003:00001c10       ?FSFW2800@@3PAUFarStandardFunctions@@A 10035c10     ConEmuPlugin2800.obj
 0003:00001e4c       ?InfoA@@3PAUPluginStartupInfo@@A 10035e4c     ConEmuPluginA.obj
 0003:00001e50       ?FSFA@@3PAUFarStandardFunctions@@A 10035e50     ConEmuPluginA.obj
 0003:00001f5c       ?gbNeedBgActivate@@3HA     10035f5c     PluginBackground.obj
 0003:00001f60       ?gbBgPluginsAllowed@@3HA   10035f60     PluginBackground.obj
 0003:00001f64       ?gpBgPlugin@@3PAVCPluginBackground@@A 10035f64     PluginBackground.obj
 0003:00001f68       ?gszPluginServerPipe@@3PA_WA 10035f68     PluginSrv.obj
 0003:00002170       ?gpPlugServer@@3PAU?$PipeServer@UCESERVER_REQ@@@@A 10036170     PluginSrv.obj
 0003:00002174       ?ghServerTerminateEvent@@3PAXA 10036174     PluginSrv.obj
 0003:00002178       ?gbInCommonShutdown@@3HA   10036178     Common.obj
 0003:0000217c       ?OnShutdownConsole@@3P6GXXZA 1003617c     Common.obj
 0003:00002180       ?gpLocalSecurity@@3PAU_SECURITY_ATTRIBUTES@@A 10036180     ConEmuCheck.obj
 0003:00002188       ?ghWorkingModule@@3_KA     10036188     ConEmuCheck.obj
 0003:000021dc       ?ghHeap@@3PAXA             100361dc     Memory.obj
 0003:000021e0       ?gNullDesc@@3PAVMNullDesc@@A 100361e0     MSecurity.obj
 0003:000021e4       ?gpConsoleInfoStr@@3PAU_CONSOLE_INFO@@A 100361e4     WinConsole.obj
 0003:000021e8       ?ghConsoleSection@@3PAXA   100361e8     WinConsole.obj
 0003:000021fc       ?Is_Window@@3P6GHPAUHWND__@@@ZA 100361fc     WinObjects.obj
 0003:0000253c       __debugger_hook_dummy      1003653c     <common>
 0003:00002540       __pDestructExceptionObject 10036540     <common>
 0003:00002544       ___sse2_available          10036544     <common>

 entry point at        0001:00001c00

 Static symbols

 0001:00000570       ?StringValidateDestW@@YGJPB_WII@Z 10001570 f   ConEmuInjects.obj
 0001:000005a0       ?StringCopyWorkerW@@YGJPA_WIPAIPB_WI@Z 100015a0 f   ConEmuInjects.obj
 0001:00001de0       ?LoadFarVersion@@YI_NAAUFarVersion@@AAY0CAA@_W@Z 10002de0 f   ConEmuPlugin.obj
 0001:00003300       ?StringValidateDestW@@YGJPB_WII@Z 10004300 f   ConEmuPlugin.obj
 0001:00003330       ?StringValidateDestAndLengthW@@YGJPB_WIPAII@Z 10004330 f   ConEmuPlugin.obj
 0001:00003380       ?StringLengthWorkerW@@YGJPB_WIPAI@Z 10004380 f   ConEmuPlugin.obj
 0001:000033f0       ?StringCopyWorkerW@@YGJPA_WIPAIPB_WI@Z 100043f0 f   ConEmuPlugin.obj
 0001:000034a0       ?ActivatePlugin@@YIHKPAXK@Z 100044a0 f   ConEmuPlugin.obj
 0001:00003730       ?WaitPluginActivateion@@YIKKPAPAXHK@Z 10004730 f   ConEmuPlugin.obj
 0001:000044e0       ?ChangeExports@@YI_NPBUExportFunc@@PAUHINSTANCE__@@@Z 100054e0 f   ConEmuPlugin.obj
 0001:00009150       ?GetPanelDir@@YIPA_WPAX@Z  1000a150 f   ConEmuPlugin995.obj
 0001:0000abd0       ?LoadFarSettingsW995@@YIXPAUCEFarInterfaceSettings@@PAUCEFarPanelSettings@@@Z 1000bbd0 f   ConEmuPlugin995.obj
 0001:0000aff0       ?CopyPanelInfoW@@YIXPAUPanelInfo@@PAUtag_BkPanelInfo@PaintBackgroundArg@@@Z 1000bff0 f   ConEmuPlugin995.obj
 0001:0000b1e0       ?CallGuiMacroProc@@YIXXZ   1000c1e0 f   ConEmuPlugin995.obj
 0001:0000b500       ?CallGuiMacroDlg@@YGJPAXHHJ@Z 1000c500 f   ConEmuPlugin995.obj
 0001:0000bfc0       ?GetPanelDir@@YIPA_WPAX@Z  1000cfc0 f   ConEmuPlugin1900.obj
 0001:0000e910       ?LoadFarSettingsW1900@@YIXPAUCEFarInterfaceSettings@@PAUCEFarPanelSettings@@@Z 1000f910 f   ConEmuPlugin1900.obj
 0001:0000eaa0       ?GetFarSetting@@YIHPAXIPB_W@Z 1000faa0 f   ConEmuPlugin1900.obj
 0001:0000ef20       ?CopyPanelInfoW@@YIXPAUPanelInfo@@PAUtag_BkPanelInfo@PaintBackgroundArg@@@Z 1000ff20 f   ConEmuPlugin1900.obj
 0001:0000f200       ?CallGuiMacroProc@@YIXXZ   10010200 f   ConEmuPlugin1900.obj
 0001:0000f5b0       ?CallGuiMacroDlg@@YGHPAXHH0@Z 100105b0 f   ConEmuPlugin1900.obj
 0001:000101d0       ?GetPanelDir@@YIPA_WPAX@Z  100111d0 f   ConEmuPlugin2800.obj
 0001:00012400       ?LoadFarSettingsW2800@@YIXPAUCEFarInterfaceSettings@@PAUCEFarPanelSettings@@@Z 10013400 f   ConEmuPlugin2800.obj
 0001:00012590       ?GetFarSetting@@YIHPAXIPB_W@Z 10013590 f   ConEmuPlugin2800.obj
 0001:00012a10       ?CopyPanelInfoW@@YIXPAUPanelInfo@@PAUtag_BkPanelInfo@PaintBackgroundArg@@@Z 10013a10 f   ConEmuPlugin2800.obj
 0001:00012cf0       ?CallGuiMacroProc@@YIXXZ   10013cf0 f   ConEmuPlugin2800.obj
 0001:00013030       ?CallGuiMacroDlg@@YGHPAXHH0@Z 10014030 f   ConEmuPlugin2800.obj
 0001:000133b0       ?MAKEFARVERSION@@YI?AUVersionInfo@@KKKKW4VERSION_STAGE@@@Z 100143b0 f   ConEmuPlugin2800.obj
 0001:000155f0       ?LoadFarSettingsA@@YIXPAUCEFarInterfaceSettings@@PAUCEFarPanelSettings@@@Z 100165f0 f   ConEmuPluginA.obj
 0001:000158d0       ?CopyPanelInfo@@YIXPAUPanelInfo@@PAUtag_BkPanelInfo@PaintBackgroundArg@@@Z 100168d0 f   ConEmuPluginA.obj
 0001:00015a20       ?CallGuiMacroProc@@YIXXZ   10016a20 f   ConEmuPluginA.obj
 0001:00015dd0       ?CallGuiMacroDlg@@YGJPAXHHJ@Z 10016dd0 f   ConEmuPluginA.obj
 0001:00018500       ?StringValidateDestW@@YGJPB_WII@Z 10019500 f   PluginBackground.obj
 0001:00018530       ?StringCopyWorkerW@@YGJPA_WIPAIPB_WI@Z 10019530 f   PluginBackground.obj
 0001:0001a780       ?StringValidateDestW@@YGJPB_WII@Z 1001b780 f   PluginSrv.obj
 0001:0001a7b0       ?StringCopyWorkerW@@YGJPA_WIPAIPB_WI@Z 1001b7b0 f   PluginSrv.obj
 0001:0001bd40       ?StringValidateDestW@@YGJPB_WII@Z 1001cd40 f   Execute.obj
 0001:0001bd70       ?StringCopyWorkerW@@YGJPA_WIPAIPB_WI@Z 1001cd70 f   Execute.obj
 0001:0001c8d0       ?StringValidateDestW@@YGJPB_WII@Z 1001d8d0 f   ConEmuCheck.obj
 0001:0001c900       ?StringCopyWorkerW@@YGJPA_WIPAIPB_WI@Z 1001d900 f   ConEmuCheck.obj
 0001:0001dd10       ?StringValidateDestW@@YGJPB_WII@Z 1001ed10 f   ConEmuCheckEx.obj
 0001:0001dd40       ?StringCopyWorkerW@@YGJPA_WIPAIPB_WI@Z 1001ed40 f   ConEmuCheckEx.obj
 0001:0001de70       ?StringValidateDestAndLengthW@@YGJPB_WIPAII@Z 1001ee70 f   ConEmuCheckEx.obj
 0001:0001dec0       ?StringLengthWorkerW@@YGJPB_WIPAI@Z 1001eec0 f   ConEmuCheckEx.obj
 0001:0001e1c0       ?StringValidateDestA@@YGJPBDII@Z 1001f1c0 f   Memory.obj
 0001:0001e1f0       ?StringCopyWorkerA@@YGJPADIPAIPBDI@Z 1001f1f0 f   Memory.obj
 0001:0001e300       ?StringValidateDestW@@YGJPB_WII@Z 1001f300 f   Memory.obj
 0001:0001e330       ?StringCopyWorkerW@@YGJPA_WIPAIPB_WI@Z 1001f330 f   Memory.obj
 0001:00022910       ?StringValidateDestW@@YGJPB_WII@Z 10023910 f   WinObjects.obj
 0001:00022940       ?StringCopyWorkerW@@YGJPA_WIPAIPB_WI@Z 10023940 f   WinObjects.obj
 0001:00025890       ?StringValidateDestAndLengthW@@YGJPB_WIPAII@Z 10026890 f   WinObjects.obj
 0001:000258e0       ?StringLengthWorkerW@@YGJPB_WIPAI@Z 100268e0 f   WinObjects.obj
 0001:000289fa       _cmpResult                 100299fa f   LIBCMT:memcmp.obj
 0001:00028a0c       _cmpBYTE                   10029a0c f   LIBCMT:memcmp.obj
 0001:00028a24       _cmpWORD                   10029a24 f   LIBCMT:memcmp.obj
 0001:00028a64       _cmpDWORD                  10029a64 f   LIBCMT:memcmp.obj
 0001:00028adc       _unaligned_memcmp          10029adc f   LIBCMT:memcmp.obj
 0001:0002be9d       _fastzero_I                1002ce9d f   LIBCMT:p4_memset.obj
 0001:0002bf83       _has_osfxsr_set            1002cf83 f   LIBCMT:cpu_disp.obj
 0001:0002c042       _fastcopy_I                1002d042 f   LIBCMT:p4_memcpy.obj
 0001:0002c210       _ValidateLocalCookies      1002d210 f   LIBCMT:chandler4.obj
 0001:0002c46c       __unwind_handler4          1002d46c f   LIBCMT:exsup4.obj
 0001:0002c7a4       __unwind_handler           1002d7a4 f   LIBCMT:exsup.obj
